
> @ test C:\Users\user\Desktop\GitHub2026\geoselect-Telluride-hybrid\saas-starter
> vitest "--run" "--reporter=verbose"


[1m[46m RUN [49m[22m [36mv4.0.16 [39m[90mC:/Users/user/Desktop/GitHub2026/geoselect-Telluride-hybrid/saas-starter[39m

 [31m├ù[39m node_modules/maplibre-gl/src/tile/tile_manager.test.ts[2m > [22mTileManager.addTile[2m > [22mloads tile when uncached[32m 30[2mms[22m[39m
[31m   ΓåÆ window is not defined[39m
 [31m├ù[39m node_modules/maplibre-gl/src/tile/tile_manager.test.ts[2m > [22mTileManager.addTile[2m > [22madds tile when uncached[32m 2[2mms[22m[39m
[31m   ΓåÆ window is not defined[39m
 [31m├ù[39m node_modules/maplibre-gl/src/tile/tile_manager.test.ts[2m > [22mTileManager.addTile[2m > [22mupdates feature state on added uncached tile[32m 1[2mms[22m[39m
[31m   ΓåÆ window is not defined[39m
 [31m├ù[39m node_modules/maplibre-gl/src/tile/tile_manager.test.ts[2m > [22mTileManager.addTile[2m > [22muses cached tile[32m 1[2mms[22m[39m
[31m   ΓåÆ window is not defined[39m
 [31m├ù[39m node_modules/maplibre-gl/src/tile/tile_manager.test.ts[2m > [22mTileManager.addTile[2m > [22mupdates feature state on cached tile[32m 1[2mms[22m[39m
[31m   ΓåÆ window is not defined[39m
 [31m├ù[39m node_modules/maplibre-gl/src/tile/tile_manager.test.ts[2m > [22mTileManager.addTile[2m > [22mmoves timers when adding tile from cache[32m 1[2mms[22m[39m
[31m   ΓåÆ window is not defined[39m
 [31m├ù[39m node_modules/maplibre-gl/src/tile/tile_manager.test.ts[2m > [22mTileManager.addTile[2m > [22mdoes not reuse wrapped tile[32m 1[2mms[22m[39m
[31m   ΓåÆ window is not defined[39m
 [31m├ù[39m node_modules/maplibre-gl/src/tile/tile_manager.test.ts[2m > [22mTileManager.addTile[2m > [22mshould load tiles with identical overscaled Z but different canonical Z[32m 1[2mms[22m[39m
[31m   ΓåÆ window is not defined[39m
 [31m├ù[39m node_modules/maplibre-gl/src/tile/tile_manager.test.ts[2m > [22mTileManager.removeTile[2m > [22mremoves tile[32m 1[2mms[22m[39m
[31m   ΓåÆ window is not defined[39m
 [31m├ù[39m node_modules/maplibre-gl/src/tile/tile_manager.test.ts[2m > [22mTileManager.removeTile[2m > [22mcaches (does not unload) loaded tile[32m 1[2mms[22m[39m
[31m   ΓåÆ window is not defined[39m
 [31m├ù[39m node_modules/maplibre-gl/src/tile/tile_manager.test.ts[2m > [22mTileManager.removeTile[2m > [22maborts and unloads unfinished tile[32m 1[2mms[22m[39m
[31m   ΓåÆ window is not defined[39m
 [31m├ù[39m node_modules/maplibre-gl/src/tile/tile_manager.test.ts[2m > [22mTileManager.removeTile[2m > [22m_tileLoaded after _removeTile skips tile.added[32m 1[2mms[22m[39m
[31m   ΓåÆ window is not defined[39m
 [31m├ù[39m node_modules/maplibre-gl/src/tile/tile_manager.test.ts[2m > [22mTileManager.removeTile[2m > [22mfires dataabort event[32m 3[2mms[22m[39m
[31m   ΓåÆ window is not defined[39m
 [31m├ù[39m node_modules/maplibre-gl/src/tile/tile_manager.test.ts[2m > [22mTileManager.removeTile[2m > [22mdoes not fire dataabort event when the tile has already been loaded[32m 1[2mms[22m[39m
[31m   ΓåÆ window is not defined[39m
 [31m├ù[39m node_modules/maplibre-gl/src/tile/tile_manager.test.ts[2m > [22mTileManager.removeTile[2m > [22mdoes not fire data event when the tile has already been aborted[32m 1[2mms[22m[39m
[31m   ΓåÆ window is not defined[39m
 [31m├ù[39m node_modules/maplibre-gl/src/tile/tile_manager.test.ts[2m > [22mTileManager.removeTile[2m > [22mresets raster fade timer upon load of unloaded edge tiles[32m 1[2mms[22m[39m
[31m   ΓåÆ window is not defined[39m
 [31m├ù[39m node_modules/maplibre-gl/src/tile/tile_manager.test.ts[2m > [22mTileManager / Source lifecycle[2m > [22mdoes not fire load or change before source load event[32m 1[2mms[22m[39m
[31m   ΓåÆ window is not defined[39m
 [31m├ù[39m node_modules/maplibre-gl/src/tile/tile_manager.test.ts[2m > [22mTileManager / Source lifecycle[2m > [22mforward load event[32m 14[2mms[22m[39m
[31m   ΓåÆ window is not defined[39m
 [31m├ù[39m node_modules/maplibre-gl/src/tile/tile_manager.test.ts[2m > [22mTileManager / Source lifecycle[2m > [22mforward change event[32m 1[2mms[22m[39m
[31m   ΓåÆ window is not defined[39m
 [31m├ù[39m node_modules/maplibre-gl/src/tile/tile_manager.test.ts[2m > [22mTileManager / Source lifecycle[2m > [22mforward error event[32m 1[2mms[22m[39m
[31m   ΓåÆ window is not defined[39m
 [31m├ù[39m node_modules/maplibre-gl/src/tile/tile_manager.test.ts[2m > [22mTileManager / Source lifecycle[2m > [22msuppress 404 errors[32m 1[2mms[22m[39m
[31m   ΓåÆ window is not defined[39m
 [31m├ù[39m node_modules/maplibre-gl/src/tile/tile_manager.test.ts[2m > [22mTileManager / Source lifecycle[2m > [22mloaded() true after source error[32m 1[2mms[22m[39m
[31m   ΓåÆ window is not defined[39m
 [31m├ù[39m node_modules/maplibre-gl/src/tile/tile_manager.test.ts[2m > [22mTileManager / Source lifecycle[2m > [22mloaded() true after tile error[32m 1[2mms[22m[39m
[31m   ΓåÆ window is not defined[39m
 [31m├ù[39m node_modules/maplibre-gl/src/tile/tile_manager.test.ts[2m > [22mTileManager / Source lifecycle[2m > [22mloaded() false after source begins loading following error[32m 1[2mms[22m[39m
[31m   ΓåÆ window is not defined[39m
 [31m├ù[39m node_modules/maplibre-gl/src/tile/tile_manager.test.ts[2m > [22mTileManager / Source lifecycle[2m > [22mloaded() false when error occurs while source is not loaded[32m 1[2mms[22m[39m
[31m   ΓåÆ window is not defined[39m
 [31m├ù[39m node_modules/maplibre-gl/src/tile/tile_manager.test.ts[2m > [22mTileManager / Source lifecycle[2m > [22mreloads tiles after a data event where source is updated[32m 1[2mms[22m[39m
[31m   ΓåÆ window is not defined[39m
 [31m├ù[39m node_modules/maplibre-gl/src/tile/tile_manager.test.ts[2m > [22mTileManager / Source lifecycle[2m > [22mdoes not reload errored tiles[32m 1[2mms[22m[39m
[31m   ΓåÆ window is not defined[39m
 [31m├ù[39m node_modules/maplibre-gl/src/tile/tile_manager.test.ts[2m > [22mTileManager / Source lifecycle[2m > [22mdoes reload errored tiles, if event is source data change[32m 1[2mms[22m[39m
[31m   ΓåÆ window is not defined[39m
 [31m├ù[39m node_modules/maplibre-gl/src/tile/tile_manager.test.ts[2m > [22mTileManager.update[2m > [22mloads no tiles if used is false[32m 1[2mms[22m[39m
[31m   ΓåÆ window is not defined[39m
 [31m├ù[39m node_modules/maplibre-gl/src/tile/tile_manager.test.ts[2m > [22mTileManager.update[2m > [22mloads covering tiles[32m 1[2mms[22m[39m
[31m   ΓåÆ window is not defined[39m
 [31m├ù[39m node_modules/maplibre-gl/src/tile/tile_manager.test.ts[2m > [22mTileManager.update[2m > [22madds ideal (covering) tiles only once for zoom level on raster maps[32m 1[2mms[22m[39m
[31m   ΓåÆ window is not defined[39m
 [31m├ù[39m node_modules/maplibre-gl/src/tile/tile_manager.test.ts[2m > [22mTileManager.update[2m > [22mbypasses fading logic when raster fading is disabled[32m 1[2mms[22m[39m
[31m   ΓåÆ window is not defined[39m
 [31m├ù[39m node_modules/maplibre-gl/src/tile/tile_manager.test.ts[2m > [22mTileManager.update[2m > [22mrespects Source.hasTile method if it is present[32m 1[2mms[22m[39m
[31m   ΓåÆ window is not defined[39m
 [31m├ù[39m node_modules/maplibre-gl/src/tile/tile_manager.test.ts[2m > [22mTileManager.update[2m > [22mremoves unused tiles[32m 1[2mms[22m[39m
[31m   ΓåÆ window is not defined[39m
 [31m├ù[39m node_modules/maplibre-gl/src/tile/tile_manager.test.ts[2m > [22mTileManager.update[2m > [22mretains parent tiles for pending children[32m 1[2mms[22m[39m
[31m   ΓåÆ window is not defined[39m
 [31m├ù[39m node_modules/maplibre-gl/src/tile/tile_manager.test.ts[2m > [22mTileManager.update[2m > [22mretains parent tiles for pending children (wrapped)[32m 3[2mms[22m[39m
[31m   ΓåÆ window is not defined[39m
 [31m├ù[39m node_modules/maplibre-gl/src/tile/tile_manager.test.ts[2m > [22mTileManager.update[2m > [22mretains children tiles for pending parents[32m 1[2mms[22m[39m
[31m   ΓåÆ window is not defined[39m
 [31m├ù[39m node_modules/maplibre-gl/src/tile/tile_manager.test.ts[2m > [22mTileManager.update[2m > [22mretains overscaled loaded children[32m 1[2mms[22m[39m
[31m   ΓåÆ window is not defined[39m
 [31m├ù[39m node_modules/maplibre-gl/src/tile/tile_manager.test.ts[2m > [22mTileManager.update[2m > [22mreassigns tiles for large jumps in longitude[32m 1[2mms[22m[39m
[31m   ΓåÆ window is not defined[39m
 [31m├ù[39m node_modules/maplibre-gl/src/tile/tile_manager.test.ts[2m > [22mTileManager.update[2m > [22mretains fading children and applies fading logic when zooming out[32m 1[2mms[22m[39m
[31m   ΓåÆ window is not defined[39m
 [31m├ù[39m node_modules/maplibre-gl/src/tile/tile_manager.test.ts[2m > [22mTileManager.update[2m > [22mretains fading grandchildren and applies fading logic when zooming out[32m 1[2mms[22m[39m
[31m   ΓåÆ window is not defined[39m
 [31m├ù[39m node_modules/maplibre-gl/src/tile/tile_manager.test.ts[2m > [22mTileManager.update[2m > [22mretains fading parent and applies fading logic when zooming in[32m 1[2mms[22m[39m
[31m   ΓåÆ window is not defined[39m
 [31m├ù[39m node_modules/maplibre-gl/src/tile/tile_manager.test.ts[2m > [22mTileManager.update[2m > [22mretains fading grandparent and applies fading logic when zooming in[32m 1[2mms[22m[39m
[31m   ΓåÆ window is not defined[39m
 [31m├ù[39m node_modules/maplibre-gl/src/tile/tile_manager.test.ts[2m > [22mTileManager._updateRetainedTiles[2m > [22mloads ideal tiles if they exist[32m 1[2mms[22m[39m
[31m   ΓåÆ window is not defined[39m
 [31m├ù[39m node_modules/maplibre-gl/src/tile/tile_manager.test.ts[2m > [22mTileManager._updateRetainedTiles[2m > [22m_updateRetainedTiles retains all loaded children (and parent when coverage is incomplete)[32m 1[2mms[22m[39m
[31m   ΓåÆ window is not defined[39m
 [31m├ù[39m node_modules/maplibre-gl/src/tile/tile_manager.test.ts[2m > [22mTileManager._updateRetainedTiles[2m > [22m_updateRetainedTiles does not retain parents when 2nd generation children are loaded[32m 1[2mms[22m[39m
[31m   ΓåÆ window is not defined[39m
 [31m├ù[39m node_modules/maplibre-gl/src/tile/tile_manager.test.ts[2m > [22mTileManager._updateRetainedTiles[2m > [22mretains loaded children for pitch: 0[32m 1[2mms[22m[39m
[31m   ΓåÆ window is not defined[39m
 [31m├ù[39m node_modules/maplibre-gl/src/tile/tile_manager.test.ts[2m > [22mTileManager._updateRetainedTiles[2m > [22mretains loaded children for pitch: 20[32m 1[2mms[22m[39m
[31m   ΓåÆ window is not defined[39m
 [31m├ù[39m node_modules/maplibre-gl/src/tile/tile_manager.test.ts[2m > [22mTileManager._updateRetainedTiles[2m > [22mretains loaded children for pitch: 40[32m 1[2mms[22m[39m
[31m   ΓåÆ window is not defined[39m
 [31m├ù[39m node_modules/maplibre-gl/src/tile/tile_manager.test.ts[2m > [22mTileManager._updateRetainedTiles[2m > [22mretains loaded children for pitch: 65[32m 1[2mms[22m[39m
[31m   ΓåÆ window is not defined[39m
 [31m├ù[39m node_modules/maplibre-gl/src/tile/tile_manager.test.ts[2m > [22mTileManager._updateRetainedTiles[2m > [22mretains loaded children for pitch: 75[32m 1[2mms[22m[39m
[31m   ΓåÆ window is not defined[39m
 [31m├ù[39m node_modules/maplibre-gl/src/tile/tile_manager.test.ts[2m > [22mTileManager._updateRetainedTiles[2m > [22mretains loaded children for pitch: 85[32m 1[2mms[22m[39m
[31m   ΓåÆ window is not defined[39m
 [31m├ù[39m node_modules/maplibre-gl/src/tile/tile_manager.test.ts[2m > [22mTileManager._updateRetainedTiles[2m > [22mretains only uppermost zoom children when multiple zoom levels are loaded[32m 3[2mms[22m[39m
[31m   ΓåÆ window is not defined[39m
 [31m├ù[39m node_modules/maplibre-gl/src/tile/tile_manager.test.ts[2m > [22mTileManager._updateRetainedTiles[2m > [22mretains overscaled loaded children with coveringZoom < maxzoom[32m 1[2mms[22m[39m
[31m   ΓåÆ window is not defined[39m
 [31m├ù[39m node_modules/maplibre-gl/src/tile/tile_manager.test.ts[2m > [22mTileManager._updateRetainedTiles[2m > [22m_areDescendentsComplete returns true when descendents fully cover a generation[32m 1[2mms[22m[39m
[31m   ΓåÆ window is not defined[39m
 [31m├ù[39m node_modules/.pnpm/maplibre-gl@5.15.0/node_modules/maplibre-gl/src/tile/tile_manager.test.ts[2m > [22mTileManager.addTile[2m > [22mloads tile when uncached[32m 34[2mms[22m[39m
[31m   ΓåÆ window is not defined[39m
 [31m├ù[39m node_modules/.pnpm/maplibre-gl@5.15.0/node_modules/maplibre-gl/src/tile/tile_manager.test.ts[2m > [22mTileManager.addTile[2m > [22madds tile when uncached[32m 1[2mms[22m[39m
[31m   ΓåÆ window is not defined[39m
 [31m├ù[39m node_modules/.pnpm/maplibre-gl@5.15.0/node_modules/maplibre-gl/src/tile/tile_manager.test.ts[2m > [22mTileManager.addTile[2m > [22mupdates feature state on added uncached tile[32m 1[2mms[22m[39m
[31m   ΓåÆ window is not defined[39m
 [31m├ù[39m node_modules/.pnpm/maplibre-gl@5.15.0/node_modules/maplibre-gl/src/tile/tile_manager.test.ts[2m > [22mTileManager.addTile[2m > [22muses cached tile[32m 1[2mms[22m[39m
[31m   ΓåÆ window is not defined[39m
 [31m├ù[39m node_modules/.pnpm/maplibre-gl@5.15.0/node_modules/maplibre-gl/src/tile/tile_manager.test.ts[2m > [22mTileManager.addTile[2m > [22mupdates feature state on cached tile[32m 1[2mms[22m[39m
[31m   ΓåÆ window is not defined[39m
 [31m├ù[39m node_modules/.pnpm/maplibre-gl@5.15.0/node_modules/maplibre-gl/src/tile/tile_manager.test.ts[2m > [22mTileManager.addTile[2m > [22mmoves timers when adding tile from cache[32m 1[2mms[22m[39m
[31m   ΓåÆ window is not defined[39m
 [31m├ù[39m node_modules/.pnpm/maplibre-gl@5.15.0/node_modules/maplibre-gl/src/tile/tile_manager.test.ts[2m > [22mTileManager.addTile[2m > [22mdoes not reuse wrapped tile[32m 1[2mms[22m[39m
[31m   ΓåÆ window is not defined[39m
 [31m├ù[39m node_modules/.pnpm/maplibre-gl@5.15.0/node_modules/maplibre-gl/src/tile/tile_manager.test.ts[2m > [22mTileManager.addTile[2m > [22mshould load tiles with identical overscaled Z but different canonical Z[32m 1[2mms[22m[39m
[31m   ΓåÆ window is not defined[39m
 [31m├ù[39m node_modules/.pnpm/maplibre-gl@5.15.0/node_modules/maplibre-gl/src/tile/tile_manager.test.ts[2m > [22mTileManager.removeTile[2m > [22mremoves tile[32m 1[2mms[22m[39m
[31m   ΓåÆ window is not defined[39m
 [31m├ù[39m node_modules/.pnpm/maplibre-gl@5.15.0/node_modules/maplibre-gl/src/tile/tile_manager.test.ts[2m > [22mTileManager.removeTile[2m > [22mcaches (does not unload) loaded tile[32m 1[2mms[22m[39m
[31m   ΓåÆ window is not defined[39m
 [31m├ù[39m node_modules/.pnpm/maplibre-gl@5.15.0/node_modules/maplibre-gl/src/tile/tile_manager.test.ts[2m > [22mTileManager.removeTile[2m > [22maborts and unloads unfinished tile[32m 1[2mms[22m[39m
[31m   ΓåÆ window is not defined[39m
 [31m├ù[39m node_modules/.pnpm/maplibre-gl@5.15.0/node_modules/maplibre-gl/src/tile/tile_manager.test.ts[2m > [22mTileManager.removeTile[2m > [22m_tileLoaded after _removeTile skips tile.added[32m 1[2mms[22m[39m
[31m   ΓåÆ window is not defined[39m
 [31m├ù[39m node_modules/.pnpm/maplibre-gl@5.15.0/node_modules/maplibre-gl/src/tile/tile_manager.test.ts[2m > [22mTileManager.removeTile[2m > [22mfires dataabort event[32m 1[2mms[22m[39m
[31m   ΓåÆ window is not defined[39m
 [31m├ù[39m node_modules/.pnpm/maplibre-gl@5.15.0/node_modules/maplibre-gl/src/tile/tile_manager.test.ts[2m > [22mTileManager.removeTile[2m > [22mdoes not fire dataabort event when the tile has already been loaded[32m 1[2mms[22m[39m
[31m   ΓåÆ window is not defined[39m
 [31m├ù[39m node_modules/.pnpm/maplibre-gl@5.15.0/node_modules/maplibre-gl/src/tile/tile_manager.test.ts[2m > [22mTileManager.removeTile[2m > [22mdoes not fire data event when the tile has already been aborted[32m 1[2mms[22m[39m
[31m   ΓåÆ window is not defined[39m
 [31m├ù[39m node_modules/.pnpm/maplibre-gl@5.15.0/node_modules/maplibre-gl/src/tile/tile_manager.test.ts[2m > [22mTileManager.removeTile[2m > [22mresets raster fade timer upon load of unloaded edge tiles[32m 1[2mms[22m[39m
[31m   ΓåÆ window is not defined[39m
 [31m├ù[39m node_modules/.pnpm/maplibre-gl@5.15.0/node_modules/maplibre-gl/src/tile/tile_manager.test.ts[2m > [22mTileManager / Source lifecycle[2m > [22mdoes not fire load or change before source load event[32m 1[2mms[22m[39m
[31m   ΓåÆ window is not defined[39m
 [31m├ù[39m node_modules/.pnpm/maplibre-gl@5.15.0/node_modules/maplibre-gl/src/tile/tile_manager.test.ts[2m > [22mTileManager / Source lifecycle[2m > [22mforward load event[32m 1[2mms[22m[39m
[31m   ΓåÆ window is not defined[39m
 [31m├ù[39m node_modules/.pnpm/maplibre-gl@5.15.0/node_modules/maplibre-gl/src/tile/tile_manager.test.ts[2m > [22mTileManager / Source lifecycle[2m > [22mforward change event[32m 1[2mms[22m[39m
[31m   ΓåÆ window is not defined[39m
 [31m├ù[39m node_modules/.pnpm/maplibre-gl@5.15.0/node_modules/maplibre-gl/src/tile/tile_manager.test.ts[2m > [22mTileManager / Source lifecycle[2m > [22mforward error event[32m 0[2mms[22m[39m
[31m   ΓåÆ window is not defined[39m
 [31m├ù[39m node_modules/.pnpm/maplibre-gl@5.15.0/node_modules/maplibre-gl/src/tile/tile_manager.test.ts[2m > [22mTileManager / Source lifecycle[2m > [22msuppress 404 errors[32m 0[2mms[22m[39m
[31m   ΓåÆ window is not defined[39m
 [31m├ù[39m node_modules/.pnpm/maplibre-gl@5.15.0/node_modules/maplibre-gl/src/tile/tile_manager.test.ts[2m > [22mTileManager / Source lifecycle[2m > [22mloaded() true after source error[32m 0[2mms[22m[39m
[31m   ΓåÆ window is not defined[39m
 [31m├ù[39m node_modules/.pnpm/maplibre-gl@5.15.0/node_modules/maplibre-gl/src/tile/tile_manager.test.ts[2m > [22mTileManager / Source lifecycle[2m > [22mloaded() true after tile error[32m 0[2mms[22m[39m
[31m   ΓåÆ window is not defined[39m
 [31m├ù[39m node_modules/.pnpm/maplibre-gl@5.15.0/node_modules/maplibre-gl/src/tile/tile_manager.test.ts[2m > [22mTileManager / Source lifecycle[2m > [22mloaded() false after source begins loading following error[32m 0[2mms[22m[39m
[31m   ΓåÆ window is not defined[39m
 [31m├ù[39m node_modules/.pnpm/maplibre-gl@5.15.0/node_modules/maplibre-gl/src/tile/tile_manager.test.ts[2m > [22mTileManager / Source lifecycle[2m > [22mloaded() false when error occurs while source is not loaded[32m 0[2mms[22m[39m
[31m   ΓåÆ window is not defined[39m
 [31m├ù[39m node_modules/.pnpm/maplibre-gl@5.15.0/node_modules/maplibre-gl/src/tile/tile_manager.test.ts[2m > [22mTileManager / Source lifecycle[2m > [22mreloads tiles after a data event where source is updated[32m 0[2mms[22m[39m
[31m   ΓåÆ window is not defined[39m
 [31m├ù[39m node_modules/.pnpm/maplibre-gl@5.15.0/node_modules/maplibre-gl/src/tile/tile_manager.test.ts[2m > [22mTileManager / Source lifecycle[2m > [22mdoes not reload errored tiles[32m 1[2mms[22m[39m
[31m   ΓåÆ window is not defined[39m
 [31m├ù[39m node_modules/.pnpm/maplibre-gl@5.15.0/node_modules/maplibre-gl/src/tile/tile_manager.test.ts[2m > [22mTileManager / Source lifecycle[2m > [22mdoes reload errored tiles, if event is source data change[32m 1[2mms[22m[39m
[31m   ΓåÆ window is not defined[39m
 [31m├ù[39m node_modules/.pnpm/maplibre-gl@5.15.0/node_modules/maplibre-gl/src/tile/tile_manager.test.ts[2m > [22mTileManager.update[2m > [22mloads no tiles if used is false[32m 1[2mms[22m[39m
[31m   ΓåÆ window is not defined[39m
 [31m├ù[39m node_modules/.pnpm/maplibre-gl@5.15.0/node_modules/maplibre-gl/src/tile/tile_manager.test.ts[2m > [22mTileManager.update[2m > [22mloads covering tiles[32m 0[2mms[22m[39m
[31m   ΓåÆ window is not defined[39m
 [31m├ù[39m node_modules/.pnpm/maplibre-gl@5.15.0/node_modules/maplibre-gl/src/tile/tile_manager.test.ts[2m > [22mTileManager.update[2m > [22madds ideal (covering) tiles only once for zoom level on raster maps[32m 1[2mms[22m[39m
[31m   ΓåÆ window is not defined[39m
 [31m├ù[39m node_modules/.pnpm/maplibre-gl@5.15.0/node_modules/maplibre-gl/src/tile/tile_manager.test.ts[2m > [22mTileManager.update[2m > [22mbypasses fading logic when raster fading is disabled[32m 0[2mms[22m[39m
[31m   ΓåÆ window is not defined[39m
 [31m├ù[39m node_modules/.pnpm/maplibre-gl@5.15.0/node_modules/maplibre-gl/src/tile/tile_manager.test.ts[2m > [22mTileManager.update[2m > [22mrespects Source.hasTile method if it is present[32m 5[2mms[22m[39m
[31m   ΓåÆ window is not defined[39m
 [31m├ù[39m node_modules/.pnpm/maplibre-gl@5.15.0/node_modules/maplibre-gl/src/tile/tile_manager.test.ts[2m > [22mTileManager.update[2m > [22mremoves unused tiles[32m 1[2mms[22m[39m
[31m   ΓåÆ window is not defined[39m
 [31m├ù[39m node_modules/.pnpm/maplibre-gl@5.15.0/node_modules/maplibre-gl/src/tile/tile_manager.test.ts[2m > [22mTileManager.update[2m > [22mretains parent tiles for pending children[32m 1[2mms[22m[39m
[31m   ΓåÆ window is not defined[39m
 [31m├ù[39m node_modules/.pnpm/maplibre-gl@5.15.0/node_modules/maplibre-gl/src/tile/tile_manager.test.ts[2m > [22mTileManager.update[2m > [22mretains parent tiles for pending children (wrapped)[32m 1[2mms[22m[39m
[31m   ΓåÆ window is not defined[39m
 [31m├ù[39m node_modules/.pnpm/maplibre-gl@5.15.0/node_modules/maplibre-gl/src/tile/tile_manager.test.ts[2m > [22mTileManager.update[2m > [22mretains children tiles for pending parents[32m 1[2mms[22m[39m
[31m   ΓåÆ window is not defined[39m
 [31m├ù[39m node_modules/.pnpm/maplibre-gl@5.15.0/node_modules/maplibre-gl/src/tile/tile_manager.test.ts[2m > [22mTileManager.update[2m > [22mretains overscaled loaded children[32m 1[2mms[22m[39m
[31m   ΓåÆ window is not defined[39m
 [31m├ù[39m node_modules/.pnpm/maplibre-gl@5.15.0/node_modules/maplibre-gl/src/tile/tile_manager.test.ts[2m > [22mTileManager.update[2m > [22mreassigns tiles for large jumps in longitude[32m 1[2mms[22m[39m
[31m   ΓåÆ window is not defined[39m
 [31m├ù[39m node_modules/.pnpm/maplibre-gl@5.15.0/node_modules/maplibre-gl/src/tile/tile_manager.test.ts[2m > [22mTileManager.update[2m > [22mretains fading children and applies fading logic when zooming out[32m 1[2mms[22m[39m
[31m   ΓåÆ window is not defined[39m
 [31m├ù[39m node_modules/.pnpm/maplibre-gl@5.15.0/node_modules/maplibre-gl/src/tile/tile_manager.test.ts[2m > [22mTileManager.update[2m > [22mretains fading grandchildren and applies fading logic when zooming out[32m 1[2mms[22m[39m
[31m   ΓåÆ window is not defined[39m
 [31m├ù[39m node_modules/.pnpm/maplibre-gl@5.15.0/node_modules/maplibre-gl/src/tile/tile_manager.test.ts[2m > [22mTileManager.update[2m > [22mretains fading parent and applies fading logic when zooming in[32m 1[2mms[22m[39m
[31m   ΓåÆ window is not defined[39m
 [31m├ù[39m node_modules/.pnpm/maplibre-gl@5.15.0/node_modules/maplibre-gl/src/tile/tile_manager.test.ts[2m > [22mTileManager.update[2m > [22mretains fading grandparent and applies fading logic when zooming in[32m 1[2mms[22m[39m
[31m   ΓåÆ window is not defined[39m
 [31m├ù[39m node_modules/.pnpm/maplibre-gl@5.15.0/node_modules/maplibre-gl/src/tile/tile_manager.test.ts[2m > [22mTileManager._updateRetainedTiles[2m > [22mloads ideal tiles if they exist[32m 1[2mms[22m[39m
[31m   ΓåÆ window is not defined[39m
 [31m├ù[39m node_modules/.pnpm/maplibre-gl@5.15.0/node_modules/maplibre-gl/src/tile/tile_manager.test.ts[2m > [22mTileManager._updateRetainedTiles[2m > [22m_updateRetainedTiles retains all loaded children (and parent when coverage is incomplete)[32m 1[2mms[22m[39m
[31m   ΓåÆ window is not defined[39m
 [31m├ù[39m node_modules/.pnpm/maplibre-gl@5.15.0/node_modules/maplibre-gl/src/tile/tile_manager.test.ts[2m > [22mTileManager._updateRetainedTiles[2m > [22m_updateRetainedTiles does not retain parents when 2nd generation children are loaded[32m 0[2mms[22m[39m
[31m   ΓåÆ window is not defined[39m
 [31m├ù[39m node_modules/.pnpm/maplibre-gl@5.15.0/node_modules/maplibre-gl/src/tile/tile_manager.test.ts[2m > [22mTileManager._updateRetainedTiles[2m > [22mretains loaded children for pitch: 0[32m 1[2mms[22m[39m
[31m   ΓåÆ window is not defined[39m
 [31m├ù[39m node_modules/.pnpm/maplibre-gl@5.15.0/node_modules/maplibre-gl/src/tile/tile_manager.test.ts[2m > [22mTileManager._updateRetainedTiles[2m > [22mretains loaded children for pitch: 20[32m 1[2mms[22m[39m
[31m   ΓåÆ window is not defined[39m
 [31m├ù[39m node_modules/.pnpm/maplibre-gl@5.15.0/node_modules/maplibre-gl/src/tile/tile_manager.test.ts[2m > [22mTileManager._updateRetainedTiles[2m > [22mretains loaded children for pitch: 40[32m 1[2mms[22m[39m
[31m   ΓåÆ window is not defined[39m
 [31m├ù[39m node_modules/.pnpm/maplibre-gl@5.15.0/node_modules/maplibre-gl/src/tile/tile_manager.test.ts[2m > [22mTileManager._updateRetainedTiles[2m > [22mretains loaded children for pitch: 65[32m 1[2mms[22m[39m
[31m   ΓåÆ window is not defined[39m
 [31m├ù[39m node_modules/.pnpm/maplibre-gl@5.15.0/node_modules/maplibre-gl/src/tile/tile_manager.test.ts[2m > [22mTileManager._updateRetainedTiles[2m > [22mretains loaded children for pitch: 75[32m 0[2mms[22m[39m
[31m   ΓåÆ window is not defined[39m
 [31m├ù[39m node_modules/.pnpm/maplibre-gl@5.15.0/node_modules/maplibre-gl/src/tile/tile_manager.test.ts[2m > [22mTileManager._updateRetainedTiles[2m > [22mretains loaded children for pitch: 85[32m 0[2mms[22m[39m
[31m   ΓåÆ window is not defined[39m
 [31m├ù[39m node_modules/.pnpm/maplibre-gl@5.15.0/node_modules/maplibre-gl/src/tile/tile_manager.test.ts[2m > [22mTileManager._updateRetainedTiles[2m > [22mretains only uppermost zoom children when multiple zoom levels are loaded[32m 2[2mms[22m[39m
[31m   ΓåÆ window is not defined[39m
 [31m├ù[39m node_modules/.pnpm/maplibre-gl@5.15.0/node_modules/maplibre-gl/src/tile/tile_manager.test.ts[2m > [22mTileManager._updateRetainedTiles[2m > [22mretains overscaled loaded children with coveringZoom < maxzoom[32m 1[2mms[22m[39m
[31m   ΓåÆ window is not defined[39m
 [31m├ù[39m node_modules/.pnpm/maplibre-gl@5.15.0/node_modules/maplibre-gl/src/tile/tile_manager.test.ts[2m > [22mTileManager._updateRetainedTiles[2m > [22m_areDescendentsComplete returns true when descendents fully cover a generation[32m 1[2mms[22m[39m
[31m   ΓåÆ window is not defined[39m
 [31m├ù[39m node_modules/.pnpm/maplibre-gl@5.15.0/node_modules/maplibre-gl/src/tile/tile_manager.test.ts[2m > [22mTileManager._updateRetainedTiles[2m > [22m_areDescendentsComplete returns false when descendents are incomplete[32m 1[2mms[22m[39m
[31m   ΓåÆ window is not defined[39m
 [31m├ù[39m node_modules/.pnpm/maplibre-gl@5.15.0/node_modules/maplibre-gl/src/tile/tile_manager.test.ts[2m > [22mTileManager._updateRetainedTiles[2m > [22m_areDescendentsComplete properly handles overscaled tiles[32m 1[2mms[22m[39m
[31m   ΓåÆ window is not defined[39m
 [31m├ù[39m node_modules/.pnpm/maplibre-gl@5.15.0/node_modules/maplibre-gl/src/tile/tile_manager.test.ts[2m > [22mTileManager._updateRetainedTiles[2m > [22madds parent tile if ideal tile errors and no child tiles are loaded[32m 1[2mms[22m[39m
[31m   ΓåÆ window is not defined[39m
 [31m├ù[39m node_modules/.pnpm/maplibre-gl@5.15.0/node_modules/maplibre-gl/src/tile/tile_manager.test.ts[2m > [22mTileManager._updateRetainedTiles[2m > [22mdon't use wrong parent tile[32m 1[2mms[22m[39m
[31m   ΓåÆ window is not defined[39m
 [31m├ù[39m node_modules/.pnpm/maplibre-gl@5.15.0/node_modules/maplibre-gl/src/tile/tile_manager.test.ts[2m > [22mTileManager._updateRetainedTiles[2m > [22muse parent tile when ideal tile is not loaded[32m 1[2mms[22m[39m
[31m   ΓåÆ window is not defined[39m
 [31m├ù[39m node_modules/.pnpm/maplibre-gl@5.15.0/node_modules/maplibre-gl/src/tile/tile_manager.test.ts[2m > [22mTileManager._updateRetainedTiles[2m > [22mdon't load parent if all immediate children are loaded[32m 1[2mms[22m[39m
[31m   ΓåÆ window is not defined[39m
 [31m├ù[39m node_modules/.pnpm/maplibre-gl@5.15.0/node_modules/maplibre-gl/src/tile/tile_manager.test.ts[2m > [22mTileManager._updateRetainedTiles[2m > [22mprefer loaded child tiles to parent tiles[32m 1[2mms[22m[39m
[31m   ΓåÆ window is not defined[39m
 [31m├ù[39m node_modules/.pnpm/maplibre-gl@5.15.0/node_modules/maplibre-gl/src/tile/tile_manager.test.ts[2m > [22mTileManager._updateRetainedTiles[2m > [22mdon't use tiles below minzoom[32m 1[2mms[22m[39m
[31m   ΓåÆ window is not defined[39m
 [31m├ù[39m node_modules/.pnpm/maplibre-gl@5.15.0/node_modules/maplibre-gl/src/tile/tile_manager.test.ts[2m > [22mTileManager._updateRetainedTiles[2m > [22muse overzoomed tile above maxzoom[32m 1[2mms[22m[39m
[31m   ΓåÆ window is not defined[39m
 [31m├ù[39m node_modules/.pnpm/maplibre-gl@5.15.0/node_modules/maplibre-gl/src/tile/tile_manager.test.ts[2m > [22mTileManager._updateRetainedTiles[2m > [22mdon't ascend multiple times if a tile is not found[32m 1[2mms[22m[39m
[31m   ΓåÆ window is not defined[39m
 [31m├ù[39m node_modules/.pnpm/maplibre-gl@5.15.0/node_modules/maplibre-gl/src/tile/tile_manager.test.ts[2m > [22mTileManager._updateRetainedTiles[2m > [22mRetain, then cancel loading tiles when zooming in[32m 1[2mms[22m[39m
[31m   ΓåÆ window is not defined[39m
 [31m├ù[39m node_modules/.pnpm/maplibre-gl@5.15.0/node_modules/maplibre-gl/src/tile/tile_manager.test.ts[2m > [22mTileManager._updateRetainedTiles[2m > [22mCancel, then retain, then cancel loading tiles when zooming in[32m 1[2mms[22m[39m
[31m   ΓåÆ window is not defined[39m
 [31m├ù[39m node_modules/.pnpm/maplibre-gl@5.15.0/node_modules/maplibre-gl/src/tile/tile_manager.test.ts[2m > [22mTileManager._updateRetainedTiles[2m > [22mOnly retain loaded child tile when zooming out[32m 1[2mms[22m[39m
[31m   ΓåÆ window is not defined[39m
 [31m├ù[39m node_modules/.pnpm/maplibre-gl@5.15.0/node_modules/maplibre-gl/src/tile/tile_manager.test.ts[2m > [22mTileManager._updateRetainedTiles[2m > [22madds correct loaded parent tiles for overzoomed tiles[32m 1[2mms[22m[39m
[31m   ΓåÆ window is not defined[39m
 [31m├ù[39m node_modules/.pnpm/maplibre-gl@5.15.0/node_modules/maplibre-gl/src/tile/tile_manager.test.ts[2m > [22mTileManager.clearTiles[2m > [22munloads tiles[32m 1[2mms[22m[39m
[31m   ΓåÆ window is not defined[39m
 [31m├ù[39m node_modules/.pnpm/maplibre-gl@5.15.0/node_modules/maplibre-gl/src/tile/tile_manager.test.ts[2m > [22mTileManager.tilesIn[2m > [22mgraceful response before source loaded[32m 1[2mms[22m[39m
[31m   ΓåÆ window is not defined[39m
 [31m├ù[39m node_modules/.pnpm/maplibre-gl@5.15.0/node_modules/maplibre-gl/src/tile/tile_manager.test.ts[2m > [22mTileManager.tilesIn[2m > [22mregular tiles[32m 2[2mms[22m[39m
[31m   ΓåÆ window is not defined[39m
 [31m├ù[39m node_modules/.pnpm/maplibre-gl@5.15.0/node_modules/maplibre-gl/src/tile/tile_manager.test.ts[2m > [22mTileManager.tilesIn[2m > [22mreparsed overscaled tiles[32m 1[2mms[22m[39m
[31m   ΓåÆ window is not defined[39m
 [31m├ù[39m node_modules/.pnpm/maplibre-gl@5.15.0/node_modules/maplibre-gl/src/tile/tile_manager.test.ts[2m > [22mTileManager.tilesIn[2m > [22moverscaled tiles[32m 1[2mms[22m[39m
[31m   ΓåÆ window is not defined[39m
 [31m├ù[39m node_modules/.pnpm/maplibre-gl@5.15.0/node_modules/maplibre-gl/src/tile/tile_manager.test.ts[2m > [22mTileManager.tilesIn[2m > [22mglobe wrap[32m 2[2mms[22m[39m
[31m   ΓåÆ window is not defined[39m
 [31m├ù[39m node_modules/.pnpm/maplibre-gl@5.15.0/node_modules/maplibre-gl/src/tile/tile_manager.test.ts[2m > [22mTileManager.tilesIn[2m > [22mglobe wrap bounding box spanning antimeridian from 179.9┬░E[32m 1[2mms[22m[39m
[31m   ΓåÆ window is not defined[39m
 [31m├ù[39m node_modules/.pnpm/maplibre-gl@5.15.0/node_modules/maplibre-gl/src/tile/tile_manager.test.ts[2m > [22mTileManager.tilesIn[2m > [22mglobe wrap bounding box spanning antimeridian from 179.9┬░W[32m 1[2mms[22m[39m
[31m   ΓåÆ window is not defined[39m
 [31m├ù[39m node_modules/.pnpm/maplibre-gl@5.15.0/node_modules/maplibre-gl/src/tile/tile_manager.test.ts[2m > [22mTileManager.tilesIn[2m > [22mmercator wrap[32m 1[2mms[22m[39m
[31m   ΓåÆ window is not defined[39m
 [31m├ù[39m node_modules/.pnpm/maplibre-gl@5.15.0/node_modules/maplibre-gl/src/tile/tile_manager.test.ts[2m > [22mTileManager.tilesIn[2m > [22mmercator wrap bounding box spanning antimeridian from 179.9┬░E[32m 1[2mms[22m[39m
[31m   ΓåÆ window is not defined[39m
 [31m├ù[39m node_modules/.pnpm/maplibre-gl@5.15.0/node_modules/maplibre-gl/src/tile/tile_manager.test.ts[2m > [22mTileManager.tilesIn[2m > [22mmercator wrap bounding box spanning antimeridian from 179.9┬░W[32m 1[2mms[22m[39m
[31m   ΓåÆ window is not defined[39m
 [31m├ù[39m node_modules/.pnpm/maplibre-gl@5.15.0/node_modules/maplibre-gl/src/tile/tile_manager.test.ts[2m > [22mtile manager loaded[2m > [22mTileManager.loaded (no errors)[32m 1[2mms[22m[39m
[31m   ΓåÆ window is not defined[39m
 [31m├ù[39m node_modules/.pnpm/maplibre-gl@5.15.0/node_modules/maplibre-gl/src/tile/tile_manager.test.ts[2m > [22mtile manager loaded[2m > [22mTileManager.loaded (with errors)[32m 1[2mms[22m[39m
[31m   ΓåÆ window is not defined[39m
 [31m├ù[39m node_modules/.pnpm/maplibre-gl@5.15.0/node_modules/maplibre-gl/src/tile/tile_manager.test.ts[2m > [22mtile manager loaded[2m > [22mTileManager.loaded (unused)[32m 1[2mms[22m[39m
[31m   ΓåÆ window is not defined[39m
 [31m├ù[39m node_modules/.pnpm/maplibre-gl@5.15.0/node_modules/maplibre-gl/src/tile/tile_manager.test.ts[2m > [22mtile manager loaded[2m > [22mTileManager.loaded (unusedForTerrain)[32m 1[2mms[22m[39m
[31m   ΓåÆ window is not defined[39m
 [31m├ù[39m node_modules/.pnpm/maplibre-gl@5.15.0/node_modules/maplibre-gl/src/tile/tile_manager.test.ts[2m > [22mtile manager loaded[2m > [22mTileManager.loaded (not loaded when no update)[32m 1[2mms[22m[39m
[31m   ΓåÆ window is not defined[39m
 [31m├ù[39m node_modules/.pnpm/maplibre-gl@5.15.0/node_modules/maplibre-gl/src/tile/tile_manager.test.ts[2m > [22mtile manager loaded[2m > [22mTileManager.loaded (on last tile load)[32m 1[2mms[22m[39m
[31m   ΓåÆ window is not defined[39m
 [31m├ù[39m node_modules/.pnpm/maplibre-gl@5.15.0/node_modules/maplibre-gl/src/tile/tile_manager.test.ts[2m > [22mtile manager loaded[2m > [22mTileManager.loaded (tiles outside bounds, idle)[32m 1[2mms[22m[39m
[31m   ΓåÆ window is not defined[39m
 [31m├ù[39m node_modules/.pnpm/maplibre-gl@5.15.0/node_modules/maplibre-gl/src/tile/tile_manager.test.ts[2m > [22mtile manager get ids[2m > [22mTileManager.getIds (ascending order by zoom level)[32m 1[2mms[22m[39m
[31m   ΓåÆ window is not defined[39m
 [31m├ù[39m node_modules/.pnpm/maplibre-gl@5.15.0/node_modules/maplibre-gl/src/tile/tile_manager.test.ts[2m > [22mTileManager.reload[2m > [22mbefore loaded[32m 1[2mms[22m[39m
[31m   ΓåÆ window is not defined[39m
 [31m├ù[39m node_modules/.pnpm/maplibre-gl@5.15.0/node_modules/maplibre-gl/src/tile/tile_manager.test.ts[2m > [22mTileManager reloads expiring tiles[2m > [22mcalls reloadTile when tile expires[32m 2[2mms[22m[39m
[31m   ΓåÆ window is not defined[39m
 [31m├ù[39m node_modules/.pnpm/maplibre-gl@5.15.0/node_modules/maplibre-gl/src/tile/tile_manager.test.ts[2m > [22mTileManager sets max cache size correctly[2m > [22msets cache size based on 512 tiles[32m 4[2mms[22m[39m
[31m   ΓåÆ window is not defined[39m
 [31m├ù[39m node_modules/.pnpm/maplibre-gl@5.15.0/node_modules/maplibre-gl/src/tile/tile_manager.test.ts[2m > [22mTileManager sets max cache size correctly[2m > [22msets cache size based on 256 tiles[32m 2[2mms[22m[39m
[31m   ΓåÆ window is not defined[39m
 [31m├ù[39m node_modules/.pnpm/maplibre-gl@5.15.0/node_modules/maplibre-gl/src/tile/tile_manager.test.ts[2m > [22mTileManager.onRemove[2m > [22mclears tiles[32m 2[2mms[22m[39m
[31m   ΓåÆ window is not defined[39m
 [31m├ù[39m node_modules/.pnpm/maplibre-gl@5.15.0/node_modules/maplibre-gl/src/tile/tile_manager.test.ts[2m > [22mTileManager.onRemove[2m > [22mcalls onRemove on source[32m 1[2mms[22m[39m
[31m   ΓåÆ window is not defined[39m
 [31m├ù[39m node_modules/.pnpm/maplibre-gl@5.15.0/node_modules/maplibre-gl/src/tile/tile_manager.test.ts[2m > [22mTileManager.usedForTerrain[2m > [22mloads covering tiles with usedForTerrain with source zoom 0-14[32m 2[2mms[22m[39m
[31m   ΓåÆ window is not defined[39m
 [31m├ù[39m node_modules/.pnpm/maplibre-gl@5.15.0/node_modules/maplibre-gl/src/tile/tile_manager.test.ts[2m > [22mTileManager.usedForTerrain[2m > [22mloads covering tiles with usedForTerrain with source zoom 8-14[32m 3[2mms[22m[39m
[31m   ΓåÆ window is not defined[39m
 [31m├ù[39m node_modules/.pnpm/maplibre-gl@5.15.0/node_modules/maplibre-gl/src/tile/tile_manager.test.ts[2m > [22mTileManager.usedForTerrain[2m > [22mloads covering tiles with usedForTerrain with source zoom 0-4[32m 19[2mms[22m[39m
[31m   ΓåÆ window is not defined[39m
 [31m├ù[39m node_modules/.pnpm/maplibre-gl@5.15.0/node_modules/maplibre-gl/src/tile/tile_manager.test.ts[2m > [22mTileManager.usedForTerrain[2m > [22mloads covering tiles with usedForTerrain with source zoom 4-4[32m 1[2mms[22m[39m
[31m   ΓåÆ window is not defined[39m
 [31m├ù[39m node_modules/.pnpm/maplibre-gl@5.15.0/node_modules/maplibre-gl/src/tile/tile_manager.test.ts[2m > [22mTileManager::refreshTiles[2m > [22mcalls reloadTile when tile exists[32m 2[2mms[22m[39m
[31m   ΓåÆ window is not defined[39m
 [31m├ù[39m node_modules/.pnpm/maplibre-gl@5.15.0/node_modules/maplibre-gl/src/tile/tile_manager.test.ts[2m > [22mTileManager::refreshTiles[2m > [22mdoes not call reloadTile when tile does not exist[32m 1[2mms[22m[39m
[31m   ΓåÆ window is not defined[39m
 [31m├ù[39m node_modules/.pnpm/maplibre-gl@5.15.0/node_modules/maplibre-gl/src/tile/tile_manager.test.ts[2m > [22mTileManager::refreshTiles[2m > [22mcalls reloadTile when wrapped tile exists[32m 1[2mms[22m[39m
[31m   ΓåÆ window is not defined[39m
 [31m├ù[39m node_modules/.pnpm/maplibre-gl@5.15.0/node_modules/maplibre-gl/src/tile/tile_manager.test.ts[2m > [22mTileManager::refreshTiles[2m > [22mcalls reloadTile when overscaled tile exists[32m 1[2mms[22m[39m
[31m   ΓåÆ window is not defined[39m
 [31m├ù[39m node_modules/.pnpm/maplibre-gl@5.15.0/node_modules/maplibre-gl/src/tile/tile_manager.test.ts[2m > [22mTileManager::refreshTiles[2m > [22mcalls reloadTile for standard, wrapped, and overscaled tiles[32m 1[2mms[22m[39m
[31m   ΓåÆ window is not defined[39m
 [31m├ù[39m node_modules/maplibre-gl/src/tile/tile_manager.test.ts[2m > [22mTileManager._updateRetainedTiles[2m > [22m_areDescendentsComplete returns false when descendents are incomplete[32m 2[2mms[22m[39m
[31m   ΓåÆ window is not defined[39m
 [31m├ù[39m node_modules/maplibre-gl/src/tile/tile_manager.test.ts[2m > [22mTileManager._updateRetainedTiles[2m > [22m_areDescendentsComplete properly handles overscaled tiles[32m 1[2mms[22m[39m
[31m   ΓåÆ window is not defined[39m
 [31m├ù[39m node_modules/maplibre-gl/src/tile/tile_manager.test.ts[2m > [22mTileManager._updateRetainedTiles[2m > [22madds parent tile if ideal tile errors and no child tiles are loaded[32m 1[2mms[22m[39m
[31m   ΓåÆ window is not defined[39m
 [31m├ù[39m node_modules/maplibre-gl/src/tile/tile_manager.test.ts[2m > [22mTileManager._updateRetainedTiles[2m > [22mdon't use wrong parent tile[32m 1[2mms[22m[39m
[31m   ΓåÆ window is not defined[39m
 [31m├ù[39m node_modules/maplibre-gl/src/tile/tile_manager.test.ts[2m > [22mTileManager._updateRetainedTiles[2m > [22muse parent tile when ideal tile is not loaded[32m 1[2mms[22m[39m
[31m   ΓåÆ window is not defined[39m
 [31m├ù[39m node_modules/maplibre-gl/src/tile/tile_manager.test.ts[2m > [22mTileManager._updateRetainedTiles[2m > [22mdon't load parent if all immediate children are loaded[32m 1[2mms[22m[39m
[31m   ΓåÆ window is not defined[39m
 [31m├ù[39m node_modules/maplibre-gl/src/tile/tile_manager.test.ts[2m > [22mTileManager._updateRetainedTiles[2m > [22mprefer loaded child tiles to parent tiles[32m 1[2mms[22m[39m
[31m   ΓåÆ window is not defined[39m
 [31m├ù[39m node_modules/maplibre-gl/src/tile/tile_manager.test.ts[2m > [22mTileManager._updateRetainedTiles[2m > [22mdon't use tiles below minzoom[32m 1[2mms[22m[39m
[31m   ΓåÆ window is not defined[39m
 [31m├ù[39m node_modules/maplibre-gl/src/tile/tile_manager.test.ts[2m > [22mTileManager._updateRetainedTiles[2m > [22muse overzoomed tile above maxzoom[32m 1[2mms[22m[39m
[31m   ΓåÆ window is not defined[39m
 [31m├ù[39m node_modules/maplibre-gl/src/tile/tile_manager.test.ts[2m > [22mTileManager._updateRetainedTiles[2m > [22mdon't ascend multiple times if a tile is not found[32m 1[2mms[22m[39m
[31m   ΓåÆ window is not defined[39m
 [31m├ù[39m node_modules/maplibre-gl/src/tile/tile_manager.test.ts[2m > [22mTileManager._updateRetainedTiles[2m > [22mRetain, then cancel loading tiles when zooming in[32m 1[2mms[22m[39m
[31m   ΓåÆ window is not defined[39m
 [31m├ù[39m node_modules/maplibre-gl/src/tile/tile_manager.test.ts[2m > [22mTileManager._updateRetainedTiles[2m > [22mCancel, then retain, then cancel loading tiles when zooming in[32m 0[2mms[22m[39m
[31m   ΓåÆ window is not defined[39m
 [31m├ù[39m node_modules/maplibre-gl/src/tile/tile_manager.test.ts[2m > [22mTileManager._updateRetainedTiles[2m > [22mOnly retain loaded child tile when zooming out[32m 0[2mms[22m[39m
[31m   ΓåÆ window is not defined[39m
 [31m├ù[39m node_modules/maplibre-gl/src/tile/tile_manager.test.ts[2m > [22mTileManager._updateRetainedTiles[2m > [22madds correct loaded parent tiles for overzoomed tiles[32m 0[2mms[22m[39m
[31m   ΓåÆ window is not defined[39m
 [31m├ù[39m node_modules/maplibre-gl/src/tile/tile_manager.test.ts[2m > [22mTileManager.clearTiles[2m > [22munloads tiles[32m 0[2mms[22m[39m
[31m   ΓåÆ window is not defined[39m
 [31m├ù[39m node_modules/maplibre-gl/src/tile/tile_manager.test.ts[2m > [22mTileManager.tilesIn[2m > [22mgraceful response before source loaded[32m 1[2mms[22m[39m
[31m   ΓåÆ window is not defined[39m
 [31m├ù[39m node_modules/maplibre-gl/src/tile/tile_manager.test.ts[2m > [22mTileManager.tilesIn[2m > [22mregular tiles[32m 1[2mms[22m[39m
[31m   ΓåÆ window is not defined[39m
 [31m├ù[39m node_modules/maplibre-gl/src/tile/tile_manager.test.ts[2m > [22mTileManager.tilesIn[2m > [22mreparsed overscaled tiles[32m 2[2mms[22m[39m
[31m   ΓåÆ window is not defined[39m
 [31m├ù[39m node_modules/maplibre-gl/src/tile/tile_manager.test.ts[2m > [22mTileManager.tilesIn[2m > [22moverscaled tiles[32m 1[2mms[22m[39m
[31m   ΓåÆ window is not defined[39m
 [31m├ù[39m node_modules/maplibre-gl/src/tile/tile_manager.test.ts[2m > [22mTileManager.tilesIn[2m > [22mglobe wrap[32m 1[2mms[22m[39m
[31m   ΓåÆ window is not defined[39m
 [31m├ù[39m node_modules/maplibre-gl/src/tile/tile_manager.test.ts[2m > [22mTileManager.tilesIn[2m > [22mglobe wrap bounding box spanning antimeridian from 179.9┬░E[32m 3[2mms[22m[39m
[31m   ΓåÆ window is not defined[39m
 [31m├ù[39m node_modules/maplibre-gl/src/tile/tile_manager.test.ts[2m > [22mTileManager.tilesIn[2m > [22mglobe wrap bounding box spanning antimeridian from 179.9┬░W[32m 1[2mms[22m[39m
[31m   ΓåÆ window is not defined[39m
 [31m├ù[39m node_modules/maplibre-gl/src/tile/tile_manager.test.ts[2m > [22mTileManager.tilesIn[2m > [22mmercator wrap[32m 1[2mms[22m[39m
[31m   ΓåÆ window is not defined[39m
 [31m├ù[39m node_modules/maplibre-gl/src/tile/tile_manager.test.ts[2m > [22mTileManager.tilesIn[2m > [22mmercator wrap bounding box spanning antimeridian from 179.9┬░E[32m 1[2mms[22m[39m
[31m   ΓåÆ window is not defined[39m
 [31m├ù[39m node_modules/maplibre-gl/src/tile/tile_manager.test.ts[2m > [22mTileManager.tilesIn[2m > [22mmercator wrap bounding box spanning antimeridian from 179.9┬░W[32m 1[2mms[22m[39m
[31m   ΓåÆ window is not defined[39m
 [31m├ù[39m node_modules/maplibre-gl/src/tile/tile_manager.test.ts[2m > [22mtile manager loaded[2m > [22mTileManager.loaded (no errors)[32m 1[2mms[22m[39m
[31m   ΓåÆ window is not defined[39m
 [31m├ù[39m node_modules/maplibre-gl/src/tile/tile_manager.test.ts[2m > [22mtile manager loaded[2m > [22mTileManager.loaded (with errors)[32m 1[2mms[22m[39m
[31m   ΓåÆ window is not defined[39m
 [31m├ù[39m node_modules/maplibre-gl/src/tile/tile_manager.test.ts[2m > [22mtile manager loaded[2m > [22mTileManager.loaded (unused)[32m 1[2mms[22m[39m
[31m   ΓåÆ window is not defined[39m
 [31m├ù[39m node_modules/maplibre-gl/src/tile/tile_manager.test.ts[2m > [22mtile manager loaded[2m > [22mTileManager.loaded (unusedForTerrain)[32m 1[2mms[22m[39m
[31m   ΓåÆ window is not defined[39m
 [31m├ù[39m node_modules/maplibre-gl/src/tile/tile_manager.test.ts[2m > [22mtile manager loaded[2m > [22mTileManager.loaded (not loaded when no update)[32m 1[2mms[22m[39m
[31m   ΓåÆ window is not defined[39m
 [31m├ù[39m node_modules/maplibre-gl/src/tile/tile_manager.test.ts[2m > [22mtile manager loaded[2m > [22mTileManager.loaded (on last tile load)[32m 1[2mms[22m[39m
[31m   ΓåÆ window is not defined[39m
 [31m├ù[39m node_modules/maplibre-gl/src/tile/tile_manager.test.ts[2m > [22mtile manager loaded[2m > [22mTileManager.loaded (tiles outside bounds, idle)[32m 3[2mms[22m[39m
[31m   ΓåÆ window is not defined[39m
 [31m├ù[39m node_modules/maplibre-gl/src/tile/tile_manager.test.ts[2m > [22mtile manager get ids[2m > [22mTileManager.getIds (ascending order by zoom level)[32m 1[2mms[22m[39m
[31m   ΓåÆ window is not defined[39m
 [31m├ù[39m node_modules/maplibre-gl/src/tile/tile_manager.test.ts[2m > [22mTileManager.reload[2m > [22mbefore loaded[32m 1[2mms[22m[39m
[31m   ΓåÆ window is not defined[39m
 [31m├ù[39m node_modules/maplibre-gl/src/tile/tile_manager.test.ts[2m > [22mTileManager reloads expiring tiles[2m > [22mcalls reloadTile when tile expires[32m 1[2mms[22m[39m
[31m   ΓåÆ window is not defined[39m
 [31m├ù[39m node_modules/maplibre-gl/src/tile/tile_manager.test.ts[2m > [22mTileManager sets max cache size correctly[2m > [22msets cache size based on 512 tiles[32m 1[2mms[22m[39m
[31m   ΓåÆ window is not defined[39m
 [31m├ù[39m node_modules/maplibre-gl/src/tile/tile_manager.test.ts[2m > [22mTileManager sets max cache size correctly[2m > [22msets cache size based on 256 tiles[32m 1[2mms[22m[39m
[31m   ΓåÆ window is not defined[39m
 [31m├ù[39m node_modules/maplibre-gl/src/tile/tile_manager.test.ts[2m > [22mTileManager.onRemove[2m > [22mclears tiles[32m 1[2mms[22m[39m
[31m   ΓåÆ window is not defined[39m
 [31m├ù[39m node_modules/maplibre-gl/src/tile/tile_manager.test.ts[2m > [22mTileManager.onRemove[2m > [22mcalls onRemove on source[32m 1[2mms[22m[39m
[31m   ΓåÆ window is not defined[39m
 [31m├ù[39m node_modules/maplibre-gl/src/tile/tile_manager.test.ts[2m > [22mTileManager.usedForTerrain[2m > [22mloads covering tiles with usedForTerrain with source zoom 0-14[32m 1[2mms[22m[39m
[31m   ΓåÆ window is not defined[39m
 [31m├ù[39m node_modules/maplibre-gl/src/tile/tile_manager.test.ts[2m > [22mTileManager.usedForTerrain[2m > [22mloads covering tiles with usedForTerrain with source zoom 8-14[32m 13[2mms[22m[39m
[31m   ΓåÆ window is not defined[39m
 [31m├ù[39m node_modules/maplibre-gl/src/tile/tile_manager.test.ts[2m > [22mTileManager.usedForTerrain[2m > [22mloads covering tiles with usedForTerrain with source zoom 0-4[32m 1[2mms[22m[39m
[31m   ΓåÆ window is not defined[39m
 [31m├ù[39m node_modules/maplibre-gl/src/tile/tile_manager.test.ts[2m > [22mTileManager.usedForTerrain[2m > [22mloads covering tiles with usedForTerrain with source zoom 4-4[32m 2[2mms[22m[39m
[31m   ΓåÆ window is not defined[39m
 [31m├ù[39m node_modules/maplibre-gl/src/tile/tile_manager.test.ts[2m > [22mTileManager::refreshTiles[2m > [22mcalls reloadTile when tile exists[32m 2[2mms[22m[39m
[31m   ΓåÆ window is not defined[39m
 [31m├ù[39m node_modules/maplibre-gl/src/tile/tile_manager.test.ts[2m > [22mTileManager::refreshTiles[2m > [22mdoes not call reloadTile when tile does not exist[32m 1[2mms[22m[39m
[31m   ΓåÆ window is not defined[39m
 [31m├ù[39m node_modules/maplibre-gl/src/tile/tile_manager.test.ts[2m > [22mTileManager::refreshTiles[2m > [22mcalls reloadTile when wrapped tile exists[32m 1[2mms[22m[39m
[31m   ΓåÆ window is not defined[39m
 [31m├ù[39m node_modules/maplibre-gl/src/tile/tile_manager.test.ts[2m > [22mTileManager::refreshTiles[2m > [22mcalls reloadTile when overscaled tile exists[32m 1[2mms[22m[39m
[31m   ΓåÆ window is not defined[39m
 [31m├ù[39m node_modules/maplibre-gl/src/tile/tile_manager.test.ts[2m > [22mTileManager::refreshTiles[2m > [22mcalls reloadTile for standard, wrapped, and overscaled tiles[32m 6[2mms[22m[39m
[31m   ΓåÆ window is not defined[39m
 [31m├ù[39m node_modules/.pnpm/@vis.gl+react-maplibre@8.1._02dd8e1c741d0f23c6f18bb60b165618/node_modules/maplibre-gl/src/tile/tile_manager.test.ts[2m > [22mTileManager.addTile[2m > [22mloads tile when uncached[32m 22[2mms[22m[39m
[31m   ΓåÆ window is not defined[39m
 [31m├ù[39m node_modules/.pnpm/@vis.gl+react-maplibre@8.1._02dd8e1c741d0f23c6f18bb60b165618/node_modules/maplibre-gl/src/tile/tile_manager.test.ts[2m > [22mTileManager.addTile[2m > [22madds tile when uncached[32m 2[2mms[22m[39m
[31m   ΓåÆ window is not defined[39m
 [31m├ù[39m node_modules/.pnpm/@vis.gl+react-maplibre@8.1._02dd8e1c741d0f23c6f18bb60b165618/node_modules/maplibre-gl/src/tile/tile_manager.test.ts[2m > [22mTileManager.addTile[2m > [22mupdates feature state on added uncached tile[32m 1[2mms[22m[39m
[31m   ΓåÆ window is not defined[39m
 [31m├ù[39m node_modules/.pnpm/@vis.gl+react-maplibre@8.1._02dd8e1c741d0f23c6f18bb60b165618/node_modules/maplibre-gl/src/tile/tile_manager.test.ts[2m > [22mTileManager.addTile[2m > [22muses cached tile[32m 1[2mms[22m[39m
[31m   ΓåÆ window is not defined[39m
 [31m├ù[39m node_modules/.pnpm/@vis.gl+react-maplibre@8.1._02dd8e1c741d0f23c6f18bb60b165618/node_modules/maplibre-gl/src/tile/tile_manager.test.ts[2m > [22mTileManager.addTile[2m > [22mupdates feature state on cached tile[32m 1[2mms[22m[39m
[31m   ΓåÆ window is not defined[39m
 [31m├ù[39m node_modules/.pnpm/@vis.gl+react-maplibre@8.1._02dd8e1c741d0f23c6f18bb60b165618/node_modules/maplibre-gl/src/tile/tile_manager.test.ts[2m > [22mTileManager.addTile[2m > [22mmoves timers when adding tile from cache[32m 1[2mms[22m[39m
[31m   ΓåÆ window is not defined[39m
 [31m├ù[39m node_modules/.pnpm/@vis.gl+react-maplibre@8.1._02dd8e1c741d0f23c6f18bb60b165618/node_modules/maplibre-gl/src/tile/tile_manager.test.ts[2m > [22mTileManager.addTile[2m > [22mdoes not reuse wrapped tile[32m 1[2mms[22m[39m
[31m   ΓåÆ window is not defined[39m
 [31m├ù[39m node_modules/.pnpm/@vis.gl+react-maplibre@8.1._02dd8e1c741d0f23c6f18bb60b165618/node_modules/maplibre-gl/src/tile/tile_manager.test.ts[2m > [22mTileManager.addTile[2m > [22mshould load tiles with identical overscaled Z but different canonical Z[32m 1[2mms[22m[39m
[31m   ΓåÆ window is not defined[39m
 [31m├ù[39m node_modules/.pnpm/@vis.gl+react-maplibre@8.1._02dd8e1c741d0f23c6f18bb60b165618/node_modules/maplibre-gl/src/tile/tile_manager.test.ts[2m > [22mTileManager.removeTile[2m > [22mremoves tile[32m 2[2mms[22m[39m
[31m   ΓåÆ window is not defined[39m
 [31m├ù[39m node_modules/.pnpm/@vis.gl+react-maplibre@8.1._02dd8e1c741d0f23c6f18bb60b165618/node_modules/maplibre-gl/src/tile/tile_manager.test.ts[2m > [22mTileManager.removeTile[2m > [22mcaches (does not unload) loaded tile[32m 2[2mms[22m[39m
[31m   ΓåÆ window is not defined[39m
 [31m├ù[39m node_modules/.pnpm/@vis.gl+react-maplibre@8.1._02dd8e1c741d0f23c6f18bb60b165618/node_modules/maplibre-gl/src/tile/tile_manager.test.ts[2m > [22mTileManager.removeTile[2m > [22maborts and unloads unfinished tile[32m 1[2mms[22m[39m
[31m   ΓåÆ window is not defined[39m
 [31m├ù[39m node_modules/.pnpm/@vis.gl+react-maplibre@8.1._02dd8e1c741d0f23c6f18bb60b165618/node_modules/maplibre-gl/src/tile/tile_manager.test.ts[2m > [22mTileManager.removeTile[2m > [22m_tileLoaded after _removeTile skips tile.added[32m 3[2mms[22m[39m
[31m   ΓåÆ window is not defined[39m
 [31m├ù[39m node_modules/.pnpm/@vis.gl+react-maplibre@8.1._02dd8e1c741d0f23c6f18bb60b165618/node_modules/maplibre-gl/src/tile/tile_manager.test.ts[2m > [22mTileManager.removeTile[2m > [22mfires dataabort event[32m 1[2mms[22m[39m
[31m   ΓåÆ window is not defined[39m
 [31m├ù[39m node_modules/.pnpm/@vis.gl+react-maplibre@8.1._02dd8e1c741d0f23c6f18bb60b165618/node_modules/maplibre-gl/src/tile/tile_manager.test.ts[2m > [22mTileManager.removeTile[2m > [22mdoes not fire dataabort event when the tile has already been loaded[32m 1[2mms[22m[39m
[31m   ΓåÆ window is not defined[39m
 [31m├ù[39m node_modules/.pnpm/@vis.gl+react-maplibre@8.1._02dd8e1c741d0f23c6f18bb60b165618/node_modules/maplibre-gl/src/tile/tile_manager.test.ts[2m > [22mTileManager.removeTile[2m > [22mdoes not fire data event when the tile has already been aborted[32m 1[2mms[22m[39m
[31m   ΓåÆ window is not defined[39m
 [31m├ù[39m node_modules/.pnpm/@vis.gl+react-maplibre@8.1._02dd8e1c741d0f23c6f18bb60b165618/node_modules/maplibre-gl/src/tile/tile_manager.test.ts[2m > [22mTileManager.removeTile[2m > [22mresets raster fade timer upon load of unloaded edge tiles[32m 1[2mms[22m[39m
[31m   ΓåÆ window is not defined[39m
 [31m├ù[39m node_modules/.pnpm/@vis.gl+react-maplibre@8.1._02dd8e1c741d0f23c6f18bb60b165618/node_modules/maplibre-gl/src/tile/tile_manager.test.ts[2m > [22mTileManager / Source lifecycle[2m > [22mdoes not fire load or change before source load event[32m 1[2mms[22m[39m
[31m   ΓåÆ window is not defined[39m
 [31m├ù[39m node_modules/.pnpm/@vis.gl+react-maplibre@8.1._02dd8e1c741d0f23c6f18bb60b165618/node_modules/maplibre-gl/src/tile/tile_manager.test.ts[2m > [22mTileManager / Source lifecycle[2m > [22mforward load event[32m 1[2mms[22m[39m
[31m   ΓåÆ window is not defined[39m
 [31m├ù[39m node_modules/.pnpm/@vis.gl+react-maplibre@8.1._02dd8e1c741d0f23c6f18bb60b165618/node_modules/maplibre-gl/src/tile/tile_manager.test.ts[2m > [22mTileManager / Source lifecycle[2m > [22mforward change event[32m 2[2mms[22m[39m
[31m   ΓåÆ window is not defined[39m
 [31m├ù[39m node_modules/.pnpm/@vis.gl+react-maplibre@8.1._02dd8e1c741d0f23c6f18bb60b165618/node_modules/maplibre-gl/src/tile/tile_manager.test.ts[2m > [22mTileManager / Source lifecycle[2m > [22mforward error event[32m 1[2mms[22m[39m
[31m   ΓåÆ window is not defined[39m
 [31m├ù[39m node_modules/.pnpm/@vis.gl+react-maplibre@8.1._02dd8e1c741d0f23c6f18bb60b165618/node_modules/maplibre-gl/src/tile/tile_manager.test.ts[2m > [22mTileManager / Source lifecycle[2m > [22msuppress 404 errors[32m 1[2mms[22m[39m
[31m   ΓåÆ window is not defined[39m
 [31m├ù[39m node_modules/.pnpm/@vis.gl+react-maplibre@8.1._02dd8e1c741d0f23c6f18bb60b165618/node_modules/maplibre-gl/src/tile/tile_manager.test.ts[2m > [22mTileManager / Source lifecycle[2m > [22mloaded() true after source error[32m 0[2mms[22m[39m
[31m   ΓåÆ window is not defined[39m
 [31m├ù[39m node_modules/.pnpm/@vis.gl+react-maplibre@8.1._02dd8e1c741d0f23c6f18bb60b165618/node_modules/maplibre-gl/src/tile/tile_manager.test.ts[2m > [22mTileManager / Source lifecycle[2m > [22mloaded() true after tile error[32m 12[2mms[22m[39m
[31m   ΓåÆ window is not defined[39m
 [31m├ù[39m node_modules/.pnpm/@vis.gl+react-maplibre@8.1._02dd8e1c741d0f23c6f18bb60b165618/node_modules/maplibre-gl/src/tile/tile_manager.test.ts[2m > [22mTileManager / Source lifecycle[2m > [22mloaded() false after source begins loading following error[32m 1[2mms[22m[39m
[31m   ΓåÆ window is not defined[39m
 [31m├ù[39m node_modules/.pnpm/@vis.gl+react-maplibre@8.1._02dd8e1c741d0f23c6f18bb60b165618/node_modules/maplibre-gl/src/tile/tile_manager.test.ts[2m > [22mTileManager / Source lifecycle[2m > [22mloaded() false when error occurs while source is not loaded[32m 1[2mms[22m[39m
[31m   ΓåÆ window is not defined[39m
 [31m├ù[39m node_modules/.pnpm/@vis.gl+react-maplibre@8.1._02dd8e1c741d0f23c6f18bb60b165618/node_modules/maplibre-gl/src/tile/tile_manager.test.ts[2m > [22mTileManager / Source lifecycle[2m > [22mreloads tiles after a data event where source is updated[32m 1[2mms[22m[39m
[31m   ΓåÆ window is not defined[39m
 [31m├ù[39m node_modules/.pnpm/@vis.gl+react-maplibre@8.1._02dd8e1c741d0f23c6f18bb60b165618/node_modules/maplibre-gl/src/tile/tile_manager.test.ts[2m > [22mTileManager / Source lifecycle[2m > [22mdoes not reload errored tiles[32m 1[2mms[22m[39m
[31m   ΓåÆ window is not defined[39m
 [31m├ù[39m node_modules/.pnpm/@vis.gl+react-maplibre@8.1._02dd8e1c741d0f23c6f18bb60b165618/node_modules/maplibre-gl/src/tile/tile_manager.test.ts[2m > [22mTileManager / Source lifecycle[2m > [22mdoes reload errored tiles, if event is source data change[32m 1[2mms[22m[39m
[31m   ΓåÆ window is not defined[39m
 [31m├ù[39m node_modules/.pnpm/@vis.gl+react-maplibre@8.1._02dd8e1c741d0f23c6f18bb60b165618/node_modules/maplibre-gl/src/tile/tile_manager.test.ts[2m > [22mTileManager.update[2m > [22mloads no tiles if used is false[32m 1[2mms[22m[39m
[31m   ΓåÆ window is not defined[39m
 [31m├ù[39m node_modules/.pnpm/@vis.gl+react-maplibre@8.1._02dd8e1c741d0f23c6f18bb60b165618/node_modules/maplibre-gl/src/tile/tile_manager.test.ts[2m > [22mTileManager.update[2m > [22mloads covering tiles[32m 1[2mms[22m[39m
[31m   ΓåÆ window is not defined[39m
 [31m├ù[39m node_modules/.pnpm/@vis.gl+react-maplibre@8.1._02dd8e1c741d0f23c6f18bb60b165618/node_modules/maplibre-gl/src/tile/tile_manager.test.ts[2m > [22mTileManager.update[2m > [22madds ideal (covering) tiles only once for zoom level on raster maps[32m 1[2mms[22m[39m
[31m   ΓåÆ window is not defined[39m
 [31m├ù[39m node_modules/.pnpm/@vis.gl+react-maplibre@8.1._02dd8e1c741d0f23c6f18bb60b165618/node_modules/maplibre-gl/src/tile/tile_manager.test.ts[2m > [22mTileManager.update[2m > [22mbypasses fading logic when raster fading is disabled[32m 1[2mms[22m[39m
[31m   ΓåÆ window is not defined[39m
 [31m├ù[39m node_modules/.pnpm/@vis.gl+react-maplibre@8.1._02dd8e1c741d0f23c6f18bb60b165618/node_modules/maplibre-gl/src/tile/tile_manager.test.ts[2m > [22mTileManager.update[2m > [22mrespects Source.hasTile method if it is present[32m 1[2mms[22m[39m
[31m   ΓåÆ window is not defined[39m
 [31m├ù[39m node_modules/.pnpm/@vis.gl+react-maplibre@8.1._02dd8e1c741d0f23c6f18bb60b165618/node_modules/maplibre-gl/src/tile/tile_manager.test.ts[2m > [22mTileManager.update[2m > [22mremoves unused tiles[32m 3[2mms[22m[39m
[31m   ΓåÆ window is not defined[39m
 [31m├ù[39m node_modules/.pnpm/@vis.gl+react-maplibre@8.1._02dd8e1c741d0f23c6f18bb60b165618/node_modules/maplibre-gl/src/tile/tile_manager.test.ts[2m > [22mTileManager.update[2m > [22mretains parent tiles for pending children[32m 1[2mms[22m[39m
[31m   ΓåÆ window is not defined[39m
 [31m├ù[39m node_modules/.pnpm/@vis.gl+react-maplibre@8.1._02dd8e1c741d0f23c6f18bb60b165618/node_modules/maplibre-gl/src/tile/tile_manager.test.ts[2m > [22mTileManager.update[2m > [22mretains parent tiles for pending children (wrapped)[32m 1[2mms[22m[39m
[31m   ΓåÆ window is not defined[39m
 [31m├ù[39m node_modules/.pnpm/@vis.gl+react-maplibre@8.1._02dd8e1c741d0f23c6f18bb60b165618/node_modules/maplibre-gl/src/tile/tile_manager.test.ts[2m > [22mTileManager.update[2m > [22mretains children tiles for pending parents[32m 1[2mms[22m[39m
[31m   ΓåÆ window is not defined[39m
 [31m├ù[39m node_modules/.pnpm/@vis.gl+react-maplibre@8.1._02dd8e1c741d0f23c6f18bb60b165618/node_modules/maplibre-gl/src/tile/tile_manager.test.ts[2m > [22mTileManager.update[2m > [22mretains overscaled loaded children[32m 1[2mms[22m[39m
[31m   ΓåÆ window is not defined[39m
 [31m├ù[39m node_modules/.pnpm/@vis.gl+react-maplibre@8.1._02dd8e1c741d0f23c6f18bb60b165618/node_modules/maplibre-gl/src/tile/tile_manager.test.ts[2m > [22mTileManager.update[2m > [22mreassigns tiles for large jumps in longitude[32m 1[2mms[22m[39m
[31m   ΓåÆ window is not defined[39m
 [31m├ù[39m node_modules/.pnpm/@vis.gl+react-maplibre@8.1._02dd8e1c741d0f23c6f18bb60b165618/node_modules/maplibre-gl/src/tile/tile_manager.test.ts[2m > [22mTileManager.update[2m > [22mretains fading children and applies fading logic when zooming out[32m 1[2mms[22m[39m
[31m   ΓåÆ window is not defined[39m
 [31m├ù[39m node_modules/.pnpm/@vis.gl+react-maplibre@8.1._02dd8e1c741d0f23c6f18bb60b165618/node_modules/maplibre-gl/src/tile/tile_manager.test.ts[2m > [22mTileManager.update[2m > [22mretains fading grandchildren and applies fading logic when zooming out[32m 1[2mms[22m[39m
[31m   ΓåÆ window is not defined[39m
 [31m├ù[39m node_modules/.pnpm/@vis.gl+react-maplibre@8.1._02dd8e1c741d0f23c6f18bb60b165618/node_modules/maplibre-gl/src/tile/tile_manager.test.ts[2m > [22mTileManager.update[2m > [22mretains fading parent and applies fading logic when zooming in[32m 1[2mms[22m[39m
[31m   ΓåÆ window is not defined[39m
 [31m├ù[39m node_modules/.pnpm/@vis.gl+react-maplibre@8.1._02dd8e1c741d0f23c6f18bb60b165618/node_modules/maplibre-gl/src/tile/tile_manager.test.ts[2m > [22mTileManager.update[2m > [22mretains fading grandparent and applies fading logic when zooming in[32m 1[2mms[22m[39m
[31m   ΓåÆ window is not defined[39m
 [31m├ù[39m node_modules/.pnpm/@vis.gl+react-maplibre@8.1._02dd8e1c741d0f23c6f18bb60b165618/node_modules/maplibre-gl/src/tile/tile_manager.test.ts[2m > [22mTileManager._updateRetainedTiles[2m > [22mloads ideal tiles if they exist[32m 1[2mms[22m[39m
[31m   ΓåÆ window is not defined[39m
 [31m├ù[39m node_modules/.pnpm/@vis.gl+react-maplibre@8.1._02dd8e1c741d0f23c6f18bb60b165618/node_modules/maplibre-gl/src/tile/tile_manager.test.ts[2m > [22mTileManager._updateRetainedTiles[2m > [22m_updateRetainedTiles retains all loaded children (and parent when coverage is incomplete)[32m 1[2mms[22m[39m
[31m   ΓåÆ window is not defined[39m
 [31m├ù[39m node_modules/.pnpm/@vis.gl+react-maplibre@8.1._02dd8e1c741d0f23c6f18bb60b165618/node_modules/maplibre-gl/src/tile/tile_manager.test.ts[2m > [22mTileManager._updateRetainedTiles[2m > [22m_updateRetainedTiles does not retain parents when 2nd generation children are loaded[32m 1[2mms[22m[39m
[31m   ΓåÆ window is not defined[39m
 [31m├ù[39m node_modules/.pnpm/@vis.gl+react-maplibre@8.1._02dd8e1c741d0f23c6f18bb60b165618/node_modules/maplibre-gl/src/tile/tile_manager.test.ts[2m > [22mTileManager._updateRetainedTiles[2m > [22mretains loaded children for pitch: 0[32m 1[2mms[22m[39m
[31m   ΓåÆ window is not defined[39m
 [31m├ù[39m node_modules/.pnpm/@vis.gl+react-maplibre@8.1._02dd8e1c741d0f23c6f18bb60b165618/node_modules/maplibre-gl/src/tile/tile_manager.test.ts[2m > [22mTileManager._updateRetainedTiles[2m > [22mretains loaded children for pitch: 20[32m 1[2mms[22m[39m
[31m   ΓåÆ window is not defined[39m
 [31m├ù[39m node_modules/.pnpm/@vis.gl+react-maplibre@8.1._02dd8e1c741d0f23c6f18bb60b165618/node_modules/maplibre-gl/src/tile/tile_manager.test.ts[2m > [22mTileManager._updateRetainedTiles[2m > [22mretains loaded children for pitch: 40[32m 1[2mms[22m[39m
[31m   ΓåÆ window is not defined[39m
 [31m├ù[39m node_modules/.pnpm/@vis.gl+react-maplibre@8.1._02dd8e1c741d0f23c6f18bb60b165618/node_modules/maplibre-gl/src/tile/tile_manager.test.ts[2m > [22mTileManager._updateRetainedTiles[2m > [22mretains loaded children for pitch: 65[32m 1[2mms[22m[39m
[31m   ΓåÆ window is not defined[39m
 [31m├ù[39m node_modules/.pnpm/@vis.gl+react-maplibre@8.1._02dd8e1c741d0f23c6f18bb60b165618/node_modules/maplibre-gl/src/tile/tile_manager.test.ts[2m > [22mTileManager._updateRetainedTiles[2m > [22mretains loaded children for pitch: 75[32m 1[2mms[22m[39m
[31m   ΓåÆ window is not defined[39m
 [31m├ù[39m node_modules/.pnpm/@vis.gl+react-maplibre@8.1._02dd8e1c741d0f23c6f18bb60b165618/node_modules/maplibre-gl/src/tile/tile_manager.test.ts[2m > [22mTileManager._updateRetainedTiles[2m > [22mretains loaded children for pitch: 85[32m 3[2mms[22m[39m
[31m   ΓåÆ window is not defined[39m
 [31m├ù[39m node_modules/.pnpm/@vis.gl+react-maplibre@8.1._02dd8e1c741d0f23c6f18bb60b165618/node_modules/maplibre-gl/src/tile/tile_manager.test.ts[2m > [22mTileManager._updateRetainedTiles[2m > [22mretains only uppermost zoom children when multiple zoom levels are loaded[32m 1[2mms[22m[39m
[31m   ΓåÆ window is not defined[39m
 [31m├ù[39m node_modules/.pnpm/@vis.gl+react-maplibre@8.1._02dd8e1c741d0f23c6f18bb60b165618/node_modules/maplibre-gl/src/tile/tile_manager.test.ts[2m > [22mTileManager._updateRetainedTiles[2m > [22mretains overscaled loaded children with coveringZoom < maxzoom[32m 1[2mms[22m[39m
[31m   ΓåÆ window is not defined[39m
 [31m├ù[39m node_modules/.pnpm/@vis.gl+react-maplibre@8.1._02dd8e1c741d0f23c6f18bb60b165618/node_modules/maplibre-gl/src/tile/tile_manager.test.ts[2m > [22mTileManager._updateRetainedTiles[2m > [22m_areDescendentsComplete returns true when descendents fully cover a generation[32m 2[2mms[22m[39m
[31m   ΓåÆ window is not defined[39m
 [31m├ù[39m node_modules/.pnpm/@vis.gl+react-maplibre@8.1._02dd8e1c741d0f23c6f18bb60b165618/node_modules/maplibre-gl/src/tile/tile_manager.test.ts[2m > [22mTileManager._updateRetainedTiles[2m > [22m_areDescendentsComplete returns false when descendents are incomplete[32m 1[2mms[22m[39m
[31m   ΓåÆ window is not defined[39m
 [31m├ù[39m node_modules/.pnpm/@vis.gl+react-maplibre@8.1._02dd8e1c741d0f23c6f18bb60b165618/node_modules/maplibre-gl/src/tile/tile_manager.test.ts[2m > [22mTileManager._updateRetainedTiles[2m > [22m_areDescendentsComplete properly handles overscaled tiles[32m 1[2mms[22m[39m
[31m   ΓåÆ window is not defined[39m
 [31m├ù[39m node_modules/.pnpm/@vis.gl+react-maplibre@8.1._02dd8e1c741d0f23c6f18bb60b165618/node_modules/maplibre-gl/src/tile/tile_manager.test.ts[2m > [22mTileManager._updateRetainedTiles[2m > [22madds parent tile if ideal tile errors and no child tiles are loaded[32m 1[2mms[22m[39m
[31m   ΓåÆ window is not defined[39m
 [31m├ù[39m node_modules/.pnpm/@vis.gl+react-maplibre@8.1._02dd8e1c741d0f23c6f18bb60b165618/node_modules/maplibre-gl/src/tile/tile_manager.test.ts[2m > [22mTileManager._updateRetainedTiles[2m > [22mdon't use wrong parent tile[32m 1[2mms[22m[39m
[31m   ΓåÆ window is not defined[39m
 [31m├ù[39m node_modules/.pnpm/@vis.gl+react-maplibre@8.1._02dd8e1c741d0f23c6f18bb60b165618/node_modules/maplibre-gl/src/tile/tile_manager.test.ts[2m > [22mTileManager._updateRetainedTiles[2m > [22muse parent tile when ideal tile is not loaded[32m 2[2mms[22m[39m
[31m   ΓåÆ window is not defined[39m
 [31m├ù[39m node_modules/.pnpm/@vis.gl+react-maplibre@8.1._02dd8e1c741d0f23c6f18bb60b165618/node_modules/maplibre-gl/src/tile/tile_manager.test.ts[2m > [22mTileManager._updateRetainedTiles[2m > [22mdon't load parent if all immediate children are loaded[32m 1[2mms[22m[39m
[31m   ΓåÆ window is not defined[39m
 [31m├ù[39m node_modules/.pnpm/@vis.gl+react-maplibre@8.1._02dd8e1c741d0f23c6f18bb60b165618/node_modules/maplibre-gl/src/tile/tile_manager.test.ts[2m > [22mTileManager._updateRetainedTiles[2m > [22mprefer loaded child tiles to parent tiles[32m 1[2mms[22m[39m
[31m   ΓåÆ window is not defined[39m
 [31m├ù[39m node_modules/.pnpm/@vis.gl+react-maplibre@8.1._02dd8e1c741d0f23c6f18bb60b165618/node_modules/maplibre-gl/src/tile/tile_manager.test.ts[2m > [22mTileManager._updateRetainedTiles[2m > [22mdon't use tiles below minzoom[32m 1[2mms[22m[39m
[31m   ΓåÆ window is not defined[39m
 [31m├ù[39m node_modules/.pnpm/@vis.gl+react-maplibre@8.1._02dd8e1c741d0f23c6f18bb60b165618/node_modules/maplibre-gl/src/tile/tile_manager.test.ts[2m > [22mTileManager._updateRetainedTiles[2m > [22muse overzoomed tile above maxzoom[32m 1[2mms[22m[39m
[31m   ΓåÆ window is not defined[39m
 [31m├ù[39m node_modules/.pnpm/@vis.gl+react-maplibre@8.1._02dd8e1c741d0f23c6f18bb60b165618/node_modules/maplibre-gl/src/tile/tile_manager.test.ts[2m > [22mTileManager._updateRetainedTiles[2m > [22mdon't ascend multiple times if a tile is not found[32m 5[2mms[22m[39m
[31m   ΓåÆ window is not defined[39m
 [31m├ù[39m node_modules/.pnpm/@vis.gl+react-maplibre@8.1._02dd8e1c741d0f23c6f18bb60b165618/node_modules/maplibre-gl/src/tile/tile_manager.test.ts[2m > [22mTileManager._updateRetainedTiles[2m > [22mRetain, then cancel loading tiles when zooming in[32m 1[2mms[22m[39m
[31m   ΓåÆ window is not defined[39m
 [31m├ù[39m node_modules/.pnpm/@vis.gl+react-maplibre@8.1._02dd8e1c741d0f23c6f18bb60b165618/node_modules/maplibre-gl/src/tile/tile_manager.test.ts[2m > [22mTileManager._updateRetainedTiles[2m > [22mCancel, then retain, then cancel loading tiles when zooming in[32m 1[2mms[22m[39m
[31m   ΓåÆ window is not defined[39m
 [31m├ù[39m node_modules/.pnpm/@vis.gl+react-maplibre@8.1._02dd8e1c741d0f23c6f18bb60b165618/node_modules/maplibre-gl/src/tile/tile_manager.test.ts[2m > [22mTileManager._updateRetainedTiles[2m > [22mOnly retain loaded child tile when zooming out[32m 1[2mms[22m[39m
[31m   ΓåÆ window is not defined[39m
 [31m├ù[39m node_modules/.pnpm/@vis.gl+react-maplibre@8.1._02dd8e1c741d0f23c6f18bb60b165618/node_modules/maplibre-gl/src/tile/tile_manager.test.ts[2m > [22mTileManager._updateRetainedTiles[2m > [22madds correct loaded parent tiles for overzoomed tiles[32m 2[2mms[22m[39m
[31m   ΓåÆ window is not defined[39m
 [31m├ù[39m node_modules/.pnpm/@vis.gl+react-maplibre@8.1._02dd8e1c741d0f23c6f18bb60b165618/node_modules/maplibre-gl/src/tile/tile_manager.test.ts[2m > [22mTileManager.clearTiles[2m > [22munloads tiles[32m 1[2mms[22m[39m
[31m   ΓåÆ window is not defined[39m
 [31m├ù[39m node_modules/.pnpm/@vis.gl+react-maplibre@8.1._02dd8e1c741d0f23c6f18bb60b165618/node_modules/maplibre-gl/src/tile/tile_manager.test.ts[2m > [22mTileManager.tilesIn[2m > [22mgraceful response before source loaded[32m 1[2mms[22m[39m
[31m   ΓåÆ window is not defined[39m
 [31m├ù[39m node_modules/.pnpm/@vis.gl+react-maplibre@8.1._02dd8e1c741d0f23c6f18bb60b165618/node_modules/maplibre-gl/src/tile/tile_manager.test.ts[2m > [22mTileManager.tilesIn[2m > [22mregular tiles[32m 1[2mms[22m[39m
[31m   ΓåÆ window is not defined[39m
 [31m├ù[39m node_modules/.pnpm/@vis.gl+react-maplibre@8.1._02dd8e1c741d0f23c6f18bb60b165618/node_modules/maplibre-gl/src/tile/tile_manager.test.ts[2m > [22mTileManager.tilesIn[2m > [22mreparsed overscaled tiles[32m 1[2mms[22m[39m
[31m   ΓåÆ window is not defined[39m
 [31m├ù[39m node_modules/.pnpm/@vis.gl+react-maplibre@8.1._02dd8e1c741d0f23c6f18bb60b165618/node_modules/maplibre-gl/src/tile/tile_manager.test.ts[2m > [22mTileManager.tilesIn[2m > [22moverscaled tiles[32m 2[2mms[22m[39m
[31m   ΓåÆ window is not defined[39m
 [31m├ù[39m node_modules/.pnpm/@vis.gl+react-maplibre@8.1._02dd8e1c741d0f23c6f18bb60b165618/node_modules/maplibre-gl/src/tile/tile_manager.test.ts[2m > [22mTileManager.tilesIn[2m > [22mglobe wrap[32m 2[2mms[22m[39m
[31m   ΓåÆ window is not defined[39m
 [31m├ù[39m node_modules/.pnpm/@vis.gl+react-maplibre@8.1._02dd8e1c741d0f23c6f18bb60b165618/node_modules/maplibre-gl/src/tile/tile_manager.test.ts[2m > [22mTileManager.tilesIn[2m > [22mglobe wrap bounding box spanning antimeridian from 179.9┬░E[32m 6[2mms[22m[39m
[31m   ΓåÆ window is not defined[39m
 [31m├ù[39m node_modules/.pnpm/@vis.gl+react-maplibre@8.1._02dd8e1c741d0f23c6f18bb60b165618/node_modules/maplibre-gl/src/tile/tile_manager.test.ts[2m > [22mTileManager.tilesIn[2m > [22mglobe wrap bounding box spanning antimeridian from 179.9┬░W[32m 1[2mms[22m[39m
[31m   ΓåÆ window is not defined[39m
 [31m├ù[39m node_modules/.pnpm/@vis.gl+react-maplibre@8.1._02dd8e1c741d0f23c6f18bb60b165618/node_modules/maplibre-gl/src/tile/tile_manager.test.ts[2m > [22mTileManager.tilesIn[2m > [22mmercator wrap[32m 1[2mms[22m[39m
[31m   ΓåÆ window is not defined[39m
 [31m├ù[39m node_modules/.pnpm/@vis.gl+react-maplibre@8.1._02dd8e1c741d0f23c6f18bb60b165618/node_modules/maplibre-gl/src/tile/tile_manager.test.ts[2m > [22mTileManager.tilesIn[2m > [22mmercator wrap bounding box spanning antimeridian from 179.9┬░E[32m 1[2mms[22m[39m
[31m   ΓåÆ window is not defined[39m
 [31m├ù[39m node_modules/.pnpm/@vis.gl+react-maplibre@8.1._02dd8e1c741d0f23c6f18bb60b165618/node_modules/maplibre-gl/src/tile/tile_manager.test.ts[2m > [22mTileManager.tilesIn[2m > [22mmercator wrap bounding box spanning antimeridian from 179.9┬░W[32m 1[2mms[22m[39m
[31m   ΓåÆ window is not defined[39m
 [31m├ù[39m node_modules/.pnpm/@vis.gl+react-maplibre@8.1._02dd8e1c741d0f23c6f18bb60b165618/node_modules/maplibre-gl/src/tile/tile_manager.test.ts[2m > [22mtile manager loaded[2m > [22mTileManager.loaded (no errors)[32m 1[2mms[22m[39m
[31m   ΓåÆ window is not defined[39m
 [31m├ù[39m node_modules/.pnpm/@vis.gl+react-maplibre@8.1._02dd8e1c741d0f23c6f18bb60b165618/node_modules/maplibre-gl/src/tile/tile_manager.test.ts[2m > [22mtile manager loaded[2m > [22mTileManager.loaded (with errors)[32m 1[2mms[22m[39m
[31m   ΓåÆ window is not defined[39m
 [31m├ù[39m node_modules/.pnpm/@vis.gl+react-maplibre@8.1._02dd8e1c741d0f23c6f18bb60b165618/node_modules/maplibre-gl/src/tile/tile_manager.test.ts[2m > [22mtile manager loaded[2m > [22mTileManager.loaded (unused)[32m 1[2mms[22m[39m
[31m   ΓåÆ window is not defined[39m
 [31m├ù[39m node_modules/.pnpm/@vis.gl+react-maplibre@8.1._02dd8e1c741d0f23c6f18bb60b165618/node_modules/maplibre-gl/src/tile/tile_manager.test.ts[2m > [22mtile manager loaded[2m > [22mTileManager.loaded (unusedForTerrain)[32m 1[2mms[22m[39m
[31m   ΓåÆ window is not defined[39m
 [31m├ù[39m node_modules/.pnpm/@vis.gl+react-maplibre@8.1._02dd8e1c741d0f23c6f18bb60b165618/node_modules/maplibre-gl/src/tile/tile_manager.test.ts[2m > [22mtile manager loaded[2m > [22mTileManager.loaded (not loaded when no update)[32m 1[2mms[22m[39m
[31m   ΓåÆ window is not defined[39m
 [31m├ù[39m node_modules/.pnpm/@vis.gl+react-maplibre@8.1._02dd8e1c741d0f23c6f18bb60b165618/node_modules/maplibre-gl/src/tile/tile_manager.test.ts[2m > [22mtile manager loaded[2m > [22mTileManager.loaded (on last tile load)[32m 1[2mms[22m[39m
[31m   ΓåÆ window is not defined[39m
 [31m├ù[39m node_modules/.pnpm/@vis.gl+react-maplibre@8.1._02dd8e1c741d0f23c6f18bb60b165618/node_modules/maplibre-gl/src/tile/tile_manager.test.ts[2m > [22mtile manager loaded[2m > [22mTileManager.loaded (tiles outside bounds, idle)[32m 1[2mms[22m[39m
[31m   ΓåÆ window is not defined[39m
 [31m├ù[39m node_modules/.pnpm/@vis.gl+react-maplibre@8.1._02dd8e1c741d0f23c6f18bb60b165618/node_modules/maplibre-gl/src/tile/tile_manager.test.ts[2m > [22mtile manager get ids[2m > [22mTileManager.getIds (ascending order by zoom level)[32m 1[2mms[22m[39m
[31m   ΓåÆ window is not defined[39m
 [31m├ù[39m node_modules/.pnpm/@vis.gl+react-maplibre@8.1._02dd8e1c741d0f23c6f18bb60b165618/node_modules/maplibre-gl/src/tile/tile_manager.test.ts[2m > [22mTileManager.reload[2m > [22mbefore loaded[32m 2[2mms[22m[39m
[31m   ΓåÆ window is not defined[39m
 [31m├ù[39m node_modules/.pnpm/@vis.gl+react-maplibre@8.1._02dd8e1c741d0f23c6f18bb60b165618/node_modules/maplibre-gl/src/tile/tile_manager.test.ts[2m > [22mTileManager reloads expiring tiles[2m > [22mcalls reloadTile when tile expires[32m 1[2mms[22m[39m
[31m   ΓåÆ window is not defined[39m
 [31m├ù[39m node_modules/.pnpm/@vis.gl+react-maplibre@8.1._02dd8e1c741d0f23c6f18bb60b165618/node_modules/maplibre-gl/src/tile/tile_manager.test.ts[2m > [22mTileManager sets max cache size correctly[2m > [22msets cache size based on 512 tiles[32m 3[2mms[22m[39m
[31m   ΓåÆ window is not defined[39m
 [31m├ù[39m node_modules/.pnpm/@vis.gl+react-maplibre@8.1._02dd8e1c741d0f23c6f18bb60b165618/node_modules/maplibre-gl/src/tile/tile_manager.test.ts[2m > [22mTileManager sets max cache size correctly[2m > [22msets cache size based on 256 tiles[32m 1[2mms[22m[39m
[31m   ΓåÆ window is not defined[39m
 [31m├ù[39m node_modules/.pnpm/@vis.gl+react-maplibre@8.1._02dd8e1c741d0f23c6f18bb60b165618/node_modules/maplibre-gl/src/tile/tile_manager.test.ts[2m > [22mTileManager.onRemove[2m > [22mclears tiles[32m 1[2mms[22m[39m
[31m   ΓåÆ window is not defined[39m
 [31m├ù[39m node_modules/.pnpm/@vis.gl+react-maplibre@8.1._02dd8e1c741d0f23c6f18bb60b165618/node_modules/maplibre-gl/src/tile/tile_manager.test.ts[2m > [22mTileManager.onRemove[2m > [22mcalls onRemove on source[32m 1[2mms[22m[39m
[31m   ΓåÆ window is not defined[39m
 [31m├ù[39m node_modules/.pnpm/@vis.gl+react-maplibre@8.1._02dd8e1c741d0f23c6f18bb60b165618/node_modules/maplibre-gl/src/tile/tile_manager.test.ts[2m > [22mTileManager.usedForTerrain[2m > [22mloads covering tiles with usedForTerrain with source zoom 0-14[32m 1[2mms[22m[39m
[31m   ΓåÆ window is not defined[39m
 [31m├ù[39m node_modules/.pnpm/@vis.gl+react-maplibre@8.1._02dd8e1c741d0f23c6f18bb60b165618/node_modules/maplibre-gl/src/tile/tile_manager.test.ts[2m > [22mTileManager.usedForTerrain[2m > [22mloads covering tiles with usedForTerrain with source zoom 8-14[32m 1[2mms[22m[39m
[31m   ΓåÆ window is not defined[39m
 [31m├ù[39m node_modules/.pnpm/@vis.gl+react-maplibre@8.1._02dd8e1c741d0f23c6f18bb60b165618/node_modules/maplibre-gl/src/tile/tile_manager.test.ts[2m > [22mTileManager.usedForTerrain[2m > [22mloads covering tiles with usedForTerrain with source zoom 0-4[32m 2[2mms[22m[39m
[31m   ΓåÆ window is not defined[39m
 [31m├ù[39m node_modules/.pnpm/@vis.gl+react-maplibre@8.1._02dd8e1c741d0f23c6f18bb60b165618/node_modules/maplibre-gl/src/tile/tile_manager.test.ts[2m > [22mTileManager.usedForTerrain[2m > [22mloads covering tiles with usedForTerrain with source zoom 4-4[32m 10[2mms[22m[39m
[31m   ΓåÆ window is not defined[39m
 [31m├ù[39m node_modules/.pnpm/@vis.gl+react-maplibre@8.1._02dd8e1c741d0f23c6f18bb60b165618/node_modules/maplibre-gl/src/tile/tile_manager.test.ts[2m > [22mTileManager::refreshTiles[2m > [22mcalls reloadTile when tile exists[32m 12[2mms[22m[39m
[31m   ΓåÆ window is not defined[39m
 [31m├ù[39m node_modules/.pnpm/@vis.gl+react-maplibre@8.1._02dd8e1c741d0f23c6f18bb60b165618/node_modules/maplibre-gl/src/tile/tile_manager.test.ts[2m > [22mTileManager::refreshTiles[2m > [22mdoes not call reloadTile when tile does not exist[32m 1[2mms[22m[39m
[31m   ΓåÆ window is not defined[39m
 [31m├ù[39m node_modules/.pnpm/@vis.gl+react-maplibre@8.1._02dd8e1c741d0f23c6f18bb60b165618/node_modules/maplibre-gl/src/tile/tile_manager.test.ts[2m > [22mTileManager::refreshTiles[2m > [22mcalls reloadTile when wrapped tile exists[32m 1[2mms[22m[39m
[31m   ΓåÆ window is not defined[39m
 [31m├ù[39m node_modules/.pnpm/@vis.gl+react-maplibre@8.1._02dd8e1c741d0f23c6f18bb60b165618/node_modules/maplibre-gl/src/tile/tile_manager.test.ts[2m > [22mTileManager::refreshTiles[2m > [22mcalls reloadTile when overscaled tile exists[32m 1[2mms[22m[39m
[31m   ΓåÆ window is not defined[39m
 [31m├ù[39m node_modules/.pnpm/@vis.gl+react-maplibre@8.1._02dd8e1c741d0f23c6f18bb60b165618/node_modules/maplibre-gl/src/tile/tile_manager.test.ts[2m > [22mTileManager::refreshTiles[2m > [22mcalls reloadTile for standard, wrapped, and overscaled tiles[32m 1[2mms[22m[39m
[31m   ΓåÆ window is not defined[39m
 [31m├ù[39m node_modules/.pnpm/react-map-gl@8.1.0_maplibre_f5b73890850d036840af8db7ab51d30f/node_modules/maplibre-gl/src/tile/tile_manager.test.ts[2m > [22mTileManager.addTile[2m > [22mloads tile when uncached[32m 22[2mms[22m[39m
[31m   ΓåÆ window is not defined[39m
 [31m├ù[39m node_modules/.pnpm/react-map-gl@8.1.0_maplibre_f5b73890850d036840af8db7ab51d30f/node_modules/maplibre-gl/src/tile/tile_manager.test.ts[2m > [22mTileManager.addTile[2m > [22madds tile when uncached[32m 1[2mms[22m[39m
[31m   ΓåÆ window is not defined[39m
 [31m├ù[39m node_modules/.pnpm/react-map-gl@8.1.0_maplibre_f5b73890850d036840af8db7ab51d30f/node_modules/maplibre-gl/src/tile/tile_manager.test.ts[2m > [22mTileManager.addTile[2m > [22mupdates feature state on added uncached tile[32m 2[2mms[22m[39m
[31m   ΓåÆ window is not defined[39m
 [31m├ù[39m node_modules/.pnpm/react-map-gl@8.1.0_maplibre_f5b73890850d036840af8db7ab51d30f/node_modules/maplibre-gl/src/tile/tile_manager.test.ts[2m > [22mTileManager.addTile[2m > [22muses cached tile[32m 1[2mms[22m[39m
[31m   ΓåÆ window is not defined[39m
 [31m├ù[39m node_modules/.pnpm/react-map-gl@8.1.0_maplibre_f5b73890850d036840af8db7ab51d30f/node_modules/maplibre-gl/src/tile/tile_manager.test.ts[2m > [22mTileManager.addTile[2m > [22mupdates feature state on cached tile[32m 1[2mms[22m[39m
[31m   ΓåÆ window is not defined[39m
 [31m├ù[39m node_modules/.pnpm/react-map-gl@8.1.0_maplibre_f5b73890850d036840af8db7ab51d30f/node_modules/maplibre-gl/src/tile/tile_manager.test.ts[2m > [22mTileManager.addTile[2m > [22mmoves timers when adding tile from cache[32m 1[2mms[22m[39m
[31m   ΓåÆ window is not defined[39m
 [31m├ù[39m node_modules/.pnpm/react-map-gl@8.1.0_maplibre_f5b73890850d036840af8db7ab51d30f/node_modules/maplibre-gl/src/tile/tile_manager.test.ts[2m > [22mTileManager.addTile[2m > [22mdoes not reuse wrapped tile[32m 1[2mms[22m[39m
[31m   ΓåÆ window is not defined[39m
 [31m├ù[39m node_modules/.pnpm/react-map-gl@8.1.0_maplibre_f5b73890850d036840af8db7ab51d30f/node_modules/maplibre-gl/src/tile/tile_manager.test.ts[2m > [22mTileManager.addTile[2m > [22mshould load tiles with identical overscaled Z but different canonical Z[32m 1[2mms[22m[39m
[31m   ΓåÆ window is not defined[39m
 [31m├ù[39m node_modules/.pnpm/react-map-gl@8.1.0_maplibre_f5b73890850d036840af8db7ab51d30f/node_modules/maplibre-gl/src/tile/tile_manager.test.ts[2m > [22mTileManager.removeTile[2m > [22mremoves tile[32m 1[2mms[22m[39m
[31m   ΓåÆ window is not defined[39m
 [31m├ù[39m node_modules/.pnpm/react-map-gl@8.1.0_maplibre_f5b73890850d036840af8db7ab51d30f/node_modules/maplibre-gl/src/tile/tile_manager.test.ts[2m > [22mTileManager.removeTile[2m > [22mcaches (does not unload) loaded tile[32m 1[2mms[22m[39m
[31m   ΓåÆ window is not defined[39m
 [31m├ù[39m node_modules/.pnpm/react-map-gl@8.1.0_maplibre_f5b73890850d036840af8db7ab51d30f/node_modules/maplibre-gl/src/tile/tile_manager.test.ts[2m > [22mTileManager.removeTile[2m > [22maborts and unloads unfinished tile[32m 1[2mms[22m[39m
[31m   ΓåÆ window is not defined[39m
 [31m├ù[39m node_modules/.pnpm/react-map-gl@8.1.0_maplibre_f5b73890850d036840af8db7ab51d30f/node_modules/maplibre-gl/src/tile/tile_manager.test.ts[2m > [22mTileManager.removeTile[2m > [22m_tileLoaded after _removeTile skips tile.added[32m 1[2mms[22m[39m
[31m   ΓåÆ window is not defined[39m
 [31m├ù[39m node_modules/.pnpm/react-map-gl@8.1.0_maplibre_f5b73890850d036840af8db7ab51d30f/node_modules/maplibre-gl/src/tile/tile_manager.test.ts[2m > [22mTileManager.removeTile[2m > [22mfires dataabort event[32m 1[2mms[22m[39m
[31m   ΓåÆ window is not defined[39m
 [31m├ù[39m node_modules/.pnpm/react-map-gl@8.1.0_maplibre_f5b73890850d036840af8db7ab51d30f/node_modules/maplibre-gl/src/tile/tile_manager.test.ts[2m > [22mTileManager.removeTile[2m > [22mdoes not fire dataabort event when the tile has already been loaded[32m 1[2mms[22m[39m
[31m   ΓåÆ window is not defined[39m
 [31m├ù[39m node_modules/.pnpm/react-map-gl@8.1.0_maplibre_f5b73890850d036840af8db7ab51d30f/node_modules/maplibre-gl/src/tile/tile_manager.test.ts[2m > [22mTileManager.removeTile[2m > [22mdoes not fire data event when the tile has already been aborted[32m 1[2mms[22m[39m
[31m   ΓåÆ window is not defined[39m
 [31m├ù[39m node_modules/.pnpm/react-map-gl@8.1.0_maplibre_f5b73890850d036840af8db7ab51d30f/node_modules/maplibre-gl/src/tile/tile_manager.test.ts[2m > [22mTileManager.removeTile[2m > [22mresets raster fade timer upon load of unloaded edge tiles[32m 1[2mms[22m[39m
[31m   ΓåÆ window is not defined[39m
 [31m├ù[39m node_modules/.pnpm/react-map-gl@8.1.0_maplibre_f5b73890850d036840af8db7ab51d30f/node_modules/maplibre-gl/src/tile/tile_manager.test.ts[2m > [22mTileManager / Source lifecycle[2m > [22mdoes not fire load or change before source load event[32m 1[2mms[22m[39m
[31m   ΓåÆ window is not defined[39m
 [31m├ù[39m node_modules/.pnpm/react-map-gl@8.1.0_maplibre_f5b73890850d036840af8db7ab51d30f/node_modules/maplibre-gl/src/tile/tile_manager.test.ts[2m > [22mTileManager / Source lifecycle[2m > [22mforward load event[32m 1[2mms[22m[39m
[31m   ΓåÆ window is not defined[39m
 [31m├ù[39m node_modules/.pnpm/react-map-gl@8.1.0_maplibre_f5b73890850d036840af8db7ab51d30f/node_modules/maplibre-gl/src/tile/tile_manager.test.ts[2m > [22mTileManager / Source lifecycle[2m > [22mforward change event[32m 1[2mms[22m[39m
[31m   ΓåÆ window is not defined[39m
 [31m├ù[39m node_modules/.pnpm/react-map-gl@8.1.0_maplibre_f5b73890850d036840af8db7ab51d30f/node_modules/maplibre-gl/src/tile/tile_manager.test.ts[2m > [22mTileManager / Source lifecycle[2m > [22mforward error event[32m 1[2mms[22m[39m
[31m   ΓåÆ window is not defined[39m
 [31m├ù[39m node_modules/.pnpm/react-map-gl@8.1.0_maplibre_f5b73890850d036840af8db7ab51d30f/node_modules/maplibre-gl/src/tile/tile_manager.test.ts[2m > [22mTileManager / Source lifecycle[2m > [22msuppress 404 errors[32m 1[2mms[22m[39m
[31m   ΓåÆ window is not defined[39m
 [31m├ù[39m node_modules/.pnpm/react-map-gl@8.1.0_maplibre_f5b73890850d036840af8db7ab51d30f/node_modules/maplibre-gl/src/tile/tile_manager.test.ts[2m > [22mTileManager / Source lifecycle[2m > [22mloaded() true after source error[32m 1[2mms[22m[39m
[31m   ΓåÆ window is not defined[39m
 [31m├ù[39m node_modules/.pnpm/react-map-gl@8.1.0_maplibre_f5b73890850d036840af8db7ab51d30f/node_modules/maplibre-gl/src/tile/tile_manager.test.ts[2m > [22mTileManager / Source lifecycle[2m > [22mloaded() true after tile error[32m 1[2mms[22m[39m
[31m   ΓåÆ window is not defined[39m
 [31m├ù[39m node_modules/.pnpm/react-map-gl@8.1.0_maplibre_f5b73890850d036840af8db7ab51d30f/node_modules/maplibre-gl/src/tile/tile_manager.test.ts[2m > [22mTileManager / Source lifecycle[2m > [22mloaded() false after source begins loading following error[32m 1[2mms[22m[39m
[31m   ΓåÆ window is not defined[39m
 [31m├ù[39m node_modules/.pnpm/react-map-gl@8.1.0_maplibre_f5b73890850d036840af8db7ab51d30f/node_modules/maplibre-gl/src/tile/tile_manager.test.ts[2m > [22mTileManager / Source lifecycle[2m > [22mloaded() false when error occurs while source is not loaded[32m 2[2mms[22m[39m
[31m   ΓåÆ window is not defined[39m
 [31m├ù[39m node_modules/.pnpm/react-map-gl@8.1.0_maplibre_f5b73890850d036840af8db7ab51d30f/node_modules/maplibre-gl/src/tile/tile_manager.test.ts[2m > [22mTileManager / Source lifecycle[2m > [22mreloads tiles after a data event where source is updated[32m 1[2mms[22m[39m
[31m   ΓåÆ window is not defined[39m
 [31m├ù[39m node_modules/.pnpm/react-map-gl@8.1.0_maplibre_f5b73890850d036840af8db7ab51d30f/node_modules/maplibre-gl/src/tile/tile_manager.test.ts[2m > [22mTileManager / Source lifecycle[2m > [22mdoes not reload errored tiles[32m 1[2mms[22m[39m
[31m   ΓåÆ window is not defined[39m
 [31m├ù[39m node_modules/.pnpm/react-map-gl@8.1.0_maplibre_f5b73890850d036840af8db7ab51d30f/node_modules/maplibre-gl/src/tile/tile_manager.test.ts[2m > [22mTileManager / Source lifecycle[2m > [22mdoes reload errored tiles, if event is source data change[32m 1[2mms[22m[39m
[31m   ΓåÆ window is not defined[39m
 [31m├ù[39m node_modules/.pnpm/react-map-gl@8.1.0_maplibre_f5b73890850d036840af8db7ab51d30f/node_modules/maplibre-gl/src/tile/tile_manager.test.ts[2m > [22mTileManager.update[2m > [22mloads no tiles if used is false[32m 1[2mms[22m[39m
[31m   ΓåÆ window is not defined[39m
 [31m├ù[39m node_modules/.pnpm/react-map-gl@8.1.0_maplibre_f5b73890850d036840af8db7ab51d30f/node_modules/maplibre-gl/src/tile/tile_manager.test.ts[2m > [22mTileManager.update[2m > [22mloads covering tiles[32m 1[2mms[22m[39m
[31m   ΓåÆ window is not defined[39m
 [31m├ù[39m node_modules/.pnpm/react-map-gl@8.1.0_maplibre_f5b73890850d036840af8db7ab51d30f/node_modules/maplibre-gl/src/tile/tile_manager.test.ts[2m > [22mTileManager.update[2m > [22madds ideal (covering) tiles only once for zoom level on raster maps[32m 8[2mms[22m[39m
[31m   ΓåÆ window is not defined[39m
 [31m├ù[39m node_modules/.pnpm/react-map-gl@8.1.0_maplibre_f5b73890850d036840af8db7ab51d30f/node_modules/maplibre-gl/src/tile/tile_manager.test.ts[2m > [22mTileManager.update[2m > [22mbypasses fading logic when raster fading is disabled[32m 1[2mms[22m[39m
[31m   ΓåÆ window is not defined[39m
 [31m├ù[39m node_modules/.pnpm/react-map-gl@8.1.0_maplibre_f5b73890850d036840af8db7ab51d30f/node_modules/maplibre-gl/src/tile/tile_manager.test.ts[2m > [22mTileManager.update[2m > [22mrespects Source.hasTile method if it is present[32m 1[2mms[22m[39m
[31m   ΓåÆ window is not defined[39m
 [31m├ù[39m node_modules/.pnpm/react-map-gl@8.1.0_maplibre_f5b73890850d036840af8db7ab51d30f/node_modules/maplibre-gl/src/tile/tile_manager.test.ts[2m > [22mTileManager.update[2m > [22mremoves unused tiles[32m 1[2mms[22m[39m
[31m   ΓåÆ window is not defined[39m
 [31m├ù[39m node_modules/.pnpm/react-map-gl@8.1.0_maplibre_f5b73890850d036840af8db7ab51d30f/node_modules/maplibre-gl/src/tile/tile_manager.test.ts[2m > [22mTileManager.update[2m > [22mretains parent tiles for pending children[32m 1[2mms[22m[39m
[31m   ΓåÆ window is not defined[39m
 [31m├ù[39m node_modules/.pnpm/react-map-gl@8.1.0_maplibre_f5b73890850d036840af8db7ab51d30f/node_modules/maplibre-gl/src/tile/tile_manager.test.ts[2m > [22mTileManager.update[2m > [22mretains parent tiles for pending children (wrapped)[32m 1[2mms[22m[39m
[31m   ΓåÆ window is not defined[39m
 [31m├ù[39m node_modules/.pnpm/react-map-gl@8.1.0_maplibre_f5b73890850d036840af8db7ab51d30f/node_modules/maplibre-gl/src/tile/tile_manager.test.ts[2m > [22mTileManager.update[2m > [22mretains children tiles for pending parents[32m 1[2mms[22m[39m
[31m   ΓåÆ window is not defined[39m
 [31m├ù[39m node_modules/.pnpm/react-map-gl@8.1.0_maplibre_f5b73890850d036840af8db7ab51d30f/node_modules/maplibre-gl/src/tile/tile_manager.test.ts[2m > [22mTileManager.update[2m > [22mretains overscaled loaded children[32m 1[2mms[22m[39m
[31m   ΓåÆ window is not defined[39m
 [31m├ù[39m node_modules/.pnpm/react-map-gl@8.1.0_maplibre_f5b73890850d036840af8db7ab51d30f/node_modules/maplibre-gl/src/tile/tile_manager.test.ts[2m > [22mTileManager.update[2m > [22mreassigns tiles for large jumps in longitude[32m 1[2mms[22m[39m
[31m   ΓåÆ window is not defined[39m
 [31m├ù[39m node_modules/.pnpm/react-map-gl@8.1.0_maplibre_f5b73890850d036840af8db7ab51d30f/node_modules/maplibre-gl/src/tile/tile_manager.test.ts[2m > [22mTileManager.update[2m > [22mretains fading children and applies fading logic when zooming out[32m 1[2mms[22m[39m
[31m   ΓåÆ window is not defined[39m
 [31m├ù[39m node_modules/.pnpm/react-map-gl@8.1.0_maplibre_f5b73890850d036840af8db7ab51d30f/node_modules/maplibre-gl/src/tile/tile_manager.test.ts[2m > [22mTileManager.update[2m > [22mretains fading grandchildren and applies fading logic when zooming out[32m 1[2mms[22m[39m
[31m   ΓåÆ window is not defined[39m
 [31m├ù[39m node_modules/.pnpm/react-map-gl@8.1.0_maplibre_f5b73890850d036840af8db7ab51d30f/node_modules/maplibre-gl/src/tile/tile_manager.test.ts[2m > [22mTileManager.update[2m > [22mretains fading parent and applies fading logic when zooming in[32m 1[2mms[22m[39m
[31m   ΓåÆ window is not defined[39m
 [31m├ù[39m node_modules/.pnpm/react-map-gl@8.1.0_maplibre_f5b73890850d036840af8db7ab51d30f/node_modules/maplibre-gl/src/tile/tile_manager.test.ts[2m > [22mTileManager.update[2m > [22mretains fading grandparent and applies fading logic when zooming in[32m 1[2mms[22m[39m
[31m   ΓåÆ window is not defined[39m
 [31m├ù[39m node_modules/.pnpm/react-map-gl@8.1.0_maplibre_f5b73890850d036840af8db7ab51d30f/node_modules/maplibre-gl/src/tile/tile_manager.test.ts[2m > [22mTileManager._updateRetainedTiles[2m > [22mloads ideal tiles if they exist[32m 1[2mms[22m[39m
[31m   ΓåÆ window is not defined[39m
 [31m├ù[39m node_modules/.pnpm/react-map-gl@8.1.0_maplibre_f5b73890850d036840af8db7ab51d30f/node_modules/maplibre-gl/src/tile/tile_manager.test.ts[2m > [22mTileManager._updateRetainedTiles[2m > [22m_updateRetainedTiles retains all loaded children (and parent when coverage is incomplete)[32m 1[2mms[22m[39m
[31m   ΓåÆ window is not defined[39m
 [31m├ù[39m node_modules/.pnpm/react-map-gl@8.1.0_maplibre_f5b73890850d036840af8db7ab51d30f/node_modules/maplibre-gl/src/tile/tile_manager.test.ts[2m > [22mTileManager._updateRetainedTiles[2m > [22m_updateRetainedTiles does not retain parents when 2nd generation children are loaded[32m 1[2mms[22m[39m
[31m   ΓåÆ window is not defined[39m
 [31m├ù[39m node_modules/.pnpm/react-map-gl@8.1.0_maplibre_f5b73890850d036840af8db7ab51d30f/node_modules/maplibre-gl/src/tile/tile_manager.test.ts[2m > [22mTileManager._updateRetainedTiles[2m > [22mretains loaded children for pitch: 0[32m 1[2mms[22m[39m
[31m   ΓåÆ window is not defined[39m
 [31m├ù[39m node_modules/.pnpm/react-map-gl@8.1.0_maplibre_f5b73890850d036840af8db7ab51d30f/node_modules/maplibre-gl/src/tile/tile_manager.test.ts[2m > [22mTileManager._updateRetainedTiles[2m > [22mretains loaded children for pitch: 20[32m 2[2mms[22m[39m
[31m   ΓåÆ window is not defined[39m
 [31m├ù[39m node_modules/.pnpm/react-map-gl@8.1.0_maplibre_f5b73890850d036840af8db7ab51d30f/node_modules/maplibre-gl/src/tile/tile_manager.test.ts[2m > [22mTileManager._updateRetainedTiles[2m > [22mretains loaded children for pitch: 40[32m 1[2mms[22m[39m
[31m   ΓåÆ window is not defined[39m
 [31m├ù[39m node_modules/.pnpm/react-map-gl@8.1.0_maplibre_f5b73890850d036840af8db7ab51d30f/node_modules/maplibre-gl/src/tile/tile_manager.test.ts[2m > [22mTileManager._updateRetainedTiles[2m > [22mretains loaded children for pitch: 65[32m 1[2mms[22m[39m
[31m   ΓåÆ window is not defined[39m
 [31m├ù[39m node_modules/.pnpm/react-map-gl@8.1.0_maplibre_f5b73890850d036840af8db7ab51d30f/node_modules/maplibre-gl/src/tile/tile_manager.test.ts[2m > [22mTileManager._updateRetainedTiles[2m > [22mretains loaded children for pitch: 75[32m 1[2mms[22m[39m
[31m   ΓåÆ window is not defined[39m
 [31m├ù[39m node_modules/.pnpm/react-map-gl@8.1.0_maplibre_f5b73890850d036840af8db7ab51d30f/node_modules/maplibre-gl/src/tile/tile_manager.test.ts[2m > [22mTileManager._updateRetainedTiles[2m > [22mretains loaded children for pitch: 85[32m 1[2mms[22m[39m
[31m   ΓåÆ window is not defined[39m
 [31m├ù[39m node_modules/.pnpm/react-map-gl@8.1.0_maplibre_f5b73890850d036840af8db7ab51d30f/node_modules/maplibre-gl/src/tile/tile_manager.test.ts[2m > [22mTileManager._updateRetainedTiles[2m > [22mretains only uppermost zoom children when multiple zoom levels are loaded[32m 1[2mms[22m[39m
[31m   ΓåÆ window is not defined[39m
 [31m├ù[39m node_modules/.pnpm/react-map-gl@8.1.0_maplibre_f5b73890850d036840af8db7ab51d30f/node_modules/maplibre-gl/src/tile/tile_manager.test.ts[2m > [22mTileManager._updateRetainedTiles[2m > [22mretains overscaled loaded children with coveringZoom < maxzoom[32m 1[2mms[22m[39m
[31m   ΓåÆ window is not defined[39m
 [31m├ù[39m node_modules/.pnpm/react-map-gl@8.1.0_maplibre_f5b73890850d036840af8db7ab51d30f/node_modules/maplibre-gl/src/tile/tile_manager.test.ts[2m > [22mTileManager._updateRetainedTiles[2m > [22m_areDescendentsComplete returns true when descendents fully cover a generation[32m 1[2mms[22m[39m
[31m   ΓåÆ window is not defined[39m
 [31m├ù[39m node_modules/.pnpm/react-map-gl@8.1.0_maplibre_f5b73890850d036840af8db7ab51d30f/node_modules/maplibre-gl/src/tile/tile_manager.test.ts[2m > [22mTileManager._updateRetainedTiles[2m > [22m_areDescendentsComplete returns false when descendents are incomplete[32m 1[2mms[22m[39m
[31m   ΓåÆ window is not defined[39m
 [31m├ù[39m node_modules/.pnpm/react-map-gl@8.1.0_maplibre_f5b73890850d036840af8db7ab51d30f/node_modules/maplibre-gl/src/tile/tile_manager.test.ts[2m > [22mTileManager._updateRetainedTiles[2m > [22m_areDescendentsComplete properly handles overscaled tiles[32m 1[2mms[22m[39m
[31m   ΓåÆ window is not defined[39m
 [31m├ù[39m node_modules/.pnpm/react-map-gl@8.1.0_maplibre_f5b73890850d036840af8db7ab51d30f/node_modules/maplibre-gl/src/tile/tile_manager.test.ts[2m > [22mTileManager._updateRetainedTiles[2m > [22madds parent tile if ideal tile errors and no child tiles are loaded[32m 1[2mms[22m[39m
[31m   ΓåÆ window is not defined[39m
 [31m├ù[39m node_modules/.pnpm/react-map-gl@8.1.0_maplibre_f5b73890850d036840af8db7ab51d30f/node_modules/maplibre-gl/src/tile/tile_manager.test.ts[2m > [22mTileManager._updateRetainedTiles[2m > [22mdon't use wrong parent tile[32m 1[2mms[22m[39m
[31m   ΓåÆ window is not defined[39m
 [31m├ù[39m node_modules/.pnpm/react-map-gl@8.1.0_maplibre_f5b73890850d036840af8db7ab51d30f/node_modules/maplibre-gl/src/tile/tile_manager.test.ts[2m > [22mTileManager._updateRetainedTiles[2m > [22muse parent tile when ideal tile is not loaded[32m 1[2mms[22m[39m
[31m   ΓåÆ window is not defined[39m
 [31m├ù[39m node_modules/.pnpm/react-map-gl@8.1.0_maplibre_f5b73890850d036840af8db7ab51d30f/node_modules/maplibre-gl/src/tile/tile_manager.test.ts[2m > [22mTileManager._updateRetainedTiles[2m > [22mdon't load parent if all immediate children are loaded[32m 1[2mms[22m[39m
[31m   ΓåÆ window is not defined[39m
 [31m├ù[39m node_modules/.pnpm/react-map-gl@8.1.0_maplibre_f5b73890850d036840af8db7ab51d30f/node_modules/maplibre-gl/src/tile/tile_manager.test.ts[2m > [22mTileManager._updateRetainedTiles[2m > [22mprefer loaded child tiles to parent tiles[32m 1[2mms[22m[39m
[31m   ΓåÆ window is not defined[39m
 [31m├ù[39m node_modules/.pnpm/react-map-gl@8.1.0_maplibre_f5b73890850d036840af8db7ab51d30f/node_modules/maplibre-gl/src/tile/tile_manager.test.ts[2m > [22mTileManager._updateRetainedTiles[2m > [22mdon't use tiles below minzoom[32m 1[2mms[22m[39m
[31m   ΓåÆ window is not defined[39m
 [31m├ù[39m node_modules/.pnpm/react-map-gl@8.1.0_maplibre_f5b73890850d036840af8db7ab51d30f/node_modules/maplibre-gl/src/tile/tile_manager.test.ts[2m > [22mTileManager._updateRetainedTiles[2m > [22muse overzoomed tile above maxzoom[32m 1[2mms[22m[39m
[31m   ΓåÆ window is not defined[39m
 [31m├ù[39m node_modules/.pnpm/react-map-gl@8.1.0_maplibre_f5b73890850d036840af8db7ab51d30f/node_modules/maplibre-gl/src/tile/tile_manager.test.ts[2m > [22mTileManager._updateRetainedTiles[2m > [22mdon't ascend multiple times if a tile is not found[32m 1[2mms[22m[39m
[31m   ΓåÆ window is not defined[39m
 [31m├ù[39m node_modules/.pnpm/react-map-gl@8.1.0_maplibre_f5b73890850d036840af8db7ab51d30f/node_modules/maplibre-gl/src/tile/tile_manager.test.ts[2m > [22mTileManager._updateRetainedTiles[2m > [22mRetain, then cancel loading tiles when zooming in[32m 1[2mms[22m[39m
[31m   ΓåÆ window is not defined[39m
 [31m├ù[39m node_modules/.pnpm/react-map-gl@8.1.0_maplibre_f5b73890850d036840af8db7ab51d30f/node_modules/maplibre-gl/src/tile/tile_manager.test.ts[2m > [22mTileManager._updateRetainedTiles[2m > [22mCancel, then retain, then cancel loading tiles when zooming in[32m 1[2mms[22m[39m
[31m   ΓåÆ window is not defined[39m
 [31m├ù[39m node_modules/.pnpm/react-map-gl@8.1.0_maplibre_f5b73890850d036840af8db7ab51d30f/node_modules/maplibre-gl/src/tile/tile_manager.test.ts[2m > [22mTileManager._updateRetainedTiles[2m > [22mOnly retain loaded child tile when zooming out[32m 1[2mms[22m[39m
[31m   ΓåÆ window is not defined[39m
 [31m├ù[39m node_modules/.pnpm/react-map-gl@8.1.0_maplibre_f5b73890850d036840af8db7ab51d30f/node_modules/maplibre-gl/src/tile/tile_manager.test.ts[2m > [22mTileManager._updateRetainedTiles[2m > [22madds correct loaded parent tiles for overzoomed tiles[32m 1[2mms[22m[39m
[31m   ΓåÆ window is not defined[39m
 [31m├ù[39m node_modules/.pnpm/react-map-gl@8.1.0_maplibre_f5b73890850d036840af8db7ab51d30f/node_modules/maplibre-gl/src/tile/tile_manager.test.ts[2m > [22mTileManager.clearTiles[2m > [22munloads tiles[32m 1[2mms[22m[39m
[31m   ΓåÆ window is not defined[39m
 [31m├ù[39m node_modules/.pnpm/react-map-gl@8.1.0_maplibre_f5b73890850d036840af8db7ab51d30f/node_modules/maplibre-gl/src/tile/tile_manager.test.ts[2m > [22mTileManager.tilesIn[2m > [22mgraceful response before source loaded[32m 1[2mms[22m[39m
[31m   ΓåÆ window is not defined[39m
 [31m├ù[39m node_modules/.pnpm/react-map-gl@8.1.0_maplibre_f5b73890850d036840af8db7ab51d30f/node_modules/maplibre-gl/src/tile/tile_manager.test.ts[2m > [22mTileManager.tilesIn[2m > [22mregular tiles[32m 3[2mms[22m[39m
[31m   ΓåÆ window is not defined[39m
 [31m├ù[39m node_modules/.pnpm/react-map-gl@8.1.0_maplibre_f5b73890850d036840af8db7ab51d30f/node_modules/maplibre-gl/src/tile/tile_manager.test.ts[2m > [22mTileManager.tilesIn[2m > [22mreparsed overscaled tiles[32m 1[2mms[22m[39m
[31m   ΓåÆ window is not defined[39m
 [31m├ù[39m node_modules/.pnpm/react-map-gl@8.1.0_maplibre_f5b73890850d036840af8db7ab51d30f/node_modules/maplibre-gl/src/tile/tile_manager.test.ts[2m > [22mTileManager.tilesIn[2m > [22moverscaled tiles[32m 1[2mms[22m[39m
[31m   ΓåÆ window is not defined[39m
 [31m├ù[39m node_modules/.pnpm/react-map-gl@8.1.0_maplibre_f5b73890850d036840af8db7ab51d30f/node_modules/maplibre-gl/src/tile/tile_manager.test.ts[2m > [22mTileManager.tilesIn[2m > [22mglobe wrap[32m 28[2mms[22m[39m
[31m   ΓåÆ window is not defined[39m
 [31m├ù[39m node_modules/.pnpm/react-map-gl@8.1.0_maplibre_f5b73890850d036840af8db7ab51d30f/node_modules/maplibre-gl/src/tile/tile_manager.test.ts[2m > [22mTileManager.tilesIn[2m > [22mglobe wrap bounding box spanning antimeridian from 179.9┬░E[32m 1[2mms[22m[39m
[31m   ΓåÆ window is not defined[39m
 [31m├ù[39m node_modules/.pnpm/react-map-gl@8.1.0_maplibre_f5b73890850d036840af8db7ab51d30f/node_modules/maplibre-gl/src/tile/tile_manager.test.ts[2m > [22mTileManager.tilesIn[2m > [22mglobe wrap bounding box spanning antimeridian from 179.9┬░W[32m 1[2mms[22m[39m
[31m   ΓåÆ window is not defined[39m
 [31m├ù[39m node_modules/.pnpm/react-map-gl@8.1.0_maplibre_f5b73890850d036840af8db7ab51d30f/node_modules/maplibre-gl/src/tile/tile_manager.test.ts[2m > [22mTileManager.tilesIn[2m > [22mmercator wrap[32m 1[2mms[22m[39m
[31m   ΓåÆ window is not defined[39m
 [31m├ù[39m node_modules/.pnpm/react-map-gl@8.1.0_maplibre_f5b73890850d036840af8db7ab51d30f/node_modules/maplibre-gl/src/tile/tile_manager.test.ts[2m > [22mTileManager.tilesIn[2m > [22mmercator wrap bounding box spanning antimeridian from 179.9┬░E[32m 1[2mms[22m[39m
[31m   ΓåÆ window is not defined[39m
 [31m├ù[39m node_modules/.pnpm/react-map-gl@8.1.0_maplibre_f5b73890850d036840af8db7ab51d30f/node_modules/maplibre-gl/src/tile/tile_manager.test.ts[2m > [22mTileManager.tilesIn[2m > [22mmercator wrap bounding box spanning antimeridian from 179.9┬░W[32m 1[2mms[22m[39m
[31m   ΓåÆ window is not defined[39m
 [31m├ù[39m node_modules/.pnpm/react-map-gl@8.1.0_maplibre_f5b73890850d036840af8db7ab51d30f/node_modules/maplibre-gl/src/tile/tile_manager.test.ts[2m > [22mtile manager loaded[2m > [22mTileManager.loaded (no errors)[32m 1[2mms[22m[39m
[31m   ΓåÆ window is not defined[39m
 [31m├ù[39m node_modules/.pnpm/react-map-gl@8.1.0_maplibre_f5b73890850d036840af8db7ab51d30f/node_modules/maplibre-gl/src/tile/tile_manager.test.ts[2m > [22mtile manager loaded[2m > [22mTileManager.loaded (with errors)[32m 1[2mms[22m[39m
[31m   ΓåÆ window is not defined[39m
 [31m├ù[39m node_modules/.pnpm/react-map-gl@8.1.0_maplibre_f5b73890850d036840af8db7ab51d30f/node_modules/maplibre-gl/src/tile/tile_manager.test.ts[2m > [22mtile manager loaded[2m > [22mTileManager.loaded (unused)[32m 1[2mms[22m[39m
[31m   ΓåÆ window is not defined[39m
 [31m├ù[39m node_modules/.pnpm/react-map-gl@8.1.0_maplibre_f5b73890850d036840af8db7ab51d30f/node_modules/maplibre-gl/src/tile/tile_manager.test.ts[2m > [22mtile manager loaded[2m > [22mTileManager.loaded (unusedForTerrain)[32m 2[2mms[22m[39m
[31m   ΓåÆ window is not defined[39m
 [31m├ù[39m node_modules/.pnpm/react-map-gl@8.1.0_maplibre_f5b73890850d036840af8db7ab51d30f/node_modules/maplibre-gl/src/tile/tile_manager.test.ts[2m > [22mtile manager loaded[2m > [22mTileManager.loaded (not loaded when no update)[32m 1[2mms[22m[39m
[31m   ΓåÆ window is not defined[39m
 [31m├ù[39m node_modules/.pnpm/react-map-gl@8.1.0_maplibre_f5b73890850d036840af8db7ab51d30f/node_modules/maplibre-gl/src/tile/tile_manager.test.ts[2m > [22mtile manager loaded[2m > [22mTileManager.loaded (on last tile load)[32m 1[2mms[22m[39m
[31m   ΓåÆ window is not defined[39m
 [31m├ù[39m node_modules/.pnpm/react-map-gl@8.1.0_maplibre_f5b73890850d036840af8db7ab51d30f/node_modules/maplibre-gl/src/tile/tile_manager.test.ts[2m > [22mtile manager loaded[2m > [22mTileManager.loaded (tiles outside bounds, idle)[32m 1[2mms[22m[39m
[31m   ΓåÆ window is not defined[39m
 [31m├ù[39m node_modules/.pnpm/react-map-gl@8.1.0_maplibre_f5b73890850d036840af8db7ab51d30f/node_modules/maplibre-gl/src/tile/tile_manager.test.ts[2m > [22mtile manager get ids[2m > [22mTileManager.getIds (ascending order by zoom level)[32m 1[2mms[22m[39m
[31m   ΓåÆ window is not defined[39m
 [31m├ù[39m node_modules/.pnpm/react-map-gl@8.1.0_maplibre_f5b73890850d036840af8db7ab51d30f/node_modules/maplibre-gl/src/tile/tile_manager.test.ts[2m > [22mTileManager.reload[2m > [22mbefore loaded[32m 1[2mms[22m[39m
[31m   ΓåÆ window is not defined[39m
 [31m├ù[39m node_modules/.pnpm/react-map-gl@8.1.0_maplibre_f5b73890850d036840af8db7ab51d30f/node_modules/maplibre-gl/src/tile/tile_manager.test.ts[2m > [22mTileManager reloads expiring tiles[2m > [22mcalls reloadTile when tile expires[32m 1[2mms[22m[39m
[31m   ΓåÆ window is not defined[39m
 [31m├ù[39m node_modules/.pnpm/react-map-gl@8.1.0_maplibre_f5b73890850d036840af8db7ab51d30f/node_modules/maplibre-gl/src/tile/tile_manager.test.ts[2m > [22mTileManager sets max cache size correctly[2m > [22msets cache size based on 512 tiles[32m 1[2mms[22m[39m
[31m   ΓåÆ window is not defined[39m
 [31m├ù[39m node_modules/.pnpm/react-map-gl@8.1.0_maplibre_f5b73890850d036840af8db7ab51d30f/node_modules/maplibre-gl/src/tile/tile_manager.test.ts[2m > [22mTileManager sets max cache size correctly[2m > [22msets cache size based on 256 tiles[32m 1[2mms[22m[39m
[31m   ΓåÆ window is not defined[39m
 [31m├ù[39m node_modules/.pnpm/react-map-gl@8.1.0_maplibre_f5b73890850d036840af8db7ab51d30f/node_modules/maplibre-gl/src/tile/tile_manager.test.ts[2m > [22mTileManager.onRemove[2m > [22mclears tiles[32m 1[2mms[22m[39m
[31m   ΓåÆ window is not defined[39m
 [31m├ù[39m node_modules/.pnpm/react-map-gl@8.1.0_maplibre_f5b73890850d036840af8db7ab51d30f/node_modules/maplibre-gl/src/tile/tile_manager.test.ts[2m > [22mTileManager.onRemove[2m > [22mcalls onRemove on source[32m 1[2mms[22m[39m
[31m   ΓåÆ window is not defined[39m
 [31m├ù[39m node_modules/.pnpm/react-map-gl@8.1.0_maplibre_f5b73890850d036840af8db7ab51d30f/node_modules/maplibre-gl/src/tile/tile_manager.test.ts[2m > [22mTileManager.usedForTerrain[2m > [22mloads covering tiles with usedForTerrain with source zoom 0-14[32m 2[2mms[22m[39m
[31m   ΓåÆ window is not defined[39m
 [31m├ù[39m node_modules/.pnpm/react-map-gl@8.1.0_maplibre_f5b73890850d036840af8db7ab51d30f/node_modules/maplibre-gl/src/tile/tile_manager.test.ts[2m > [22mTileManager.usedForTerrain[2m > [22mloads covering tiles with usedForTerrain with source zoom 8-14[32m 1[2mms[22m[39m
[31m   ΓåÆ window is not defined[39m
 [31m├ù[39m node_modules/.pnpm/react-map-gl@8.1.0_maplibre_f5b73890850d036840af8db7ab51d30f/node_modules/maplibre-gl/src/tile/tile_manager.test.ts[2m > [22mTileManager.usedForTerrain[2m > [22mloads covering tiles with usedForTerrain with source zoom 0-4[32m 1[2mms[22m[39m
[31m   ΓåÆ window is not defined[39m
 [31m├ù[39m node_modules/.pnpm/react-map-gl@8.1.0_maplibre_f5b73890850d036840af8db7ab51d30f/node_modules/maplibre-gl/src/tile/tile_manager.test.ts[2m > [22mTileManager.usedForTerrain[2m > [22mloads covering tiles with usedForTerrain with source zoom 4-4[32m 1[2mms[22m[39m
[31m   ΓåÆ window is not defined[39m
 [31m├ù[39m node_modules/.pnpm/react-map-gl@8.1.0_maplibre_f5b73890850d036840af8db7ab51d30f/node_modules/maplibre-gl/src/tile/tile_manager.test.ts[2m > [22mTileManager::refreshTiles[2m > [22mcalls reloadTile when tile exists[32m 1[2mms[22m[39m
[31m   ΓåÆ window is not defined[39m
 [31m├ù[39m node_modules/.pnpm/react-map-gl@8.1.0_maplibre_f5b73890850d036840af8db7ab51d30f/node_modules/maplibre-gl/src/tile/tile_manager.test.ts[2m > [22mTileManager::refreshTiles[2m > [22mdoes not call reloadTile when tile does not exist[32m 3[2mms[22m[39m
[31m   ΓåÆ window is not defined[39m
 [31m├ù[39m node_modules/.pnpm/react-map-gl@8.1.0_maplibre_f5b73890850d036840af8db7ab51d30f/node_modules/maplibre-gl/src/tile/tile_manager.test.ts[2m > [22mTileManager::refreshTiles[2m > [22mcalls reloadTile when wrapped tile exists[32m 1[2mms[22m[39m
[31m   ΓåÆ window is not defined[39m
 [31m├ù[39m node_modules/.pnpm/react-map-gl@8.1.0_maplibre_f5b73890850d036840af8db7ab51d30f/node_modules/maplibre-gl/src/tile/tile_manager.test.ts[2m > [22mTileManager::refreshTiles[2m > [22mcalls reloadTile when overscaled tile exists[32m 2[2mms[22m[39m
[31m   ΓåÆ window is not defined[39m
 [31m├ù[39m node_modules/.pnpm/react-map-gl@8.1.0_maplibre_f5b73890850d036840af8db7ab51d30f/node_modules/maplibre-gl/src/tile/tile_manager.test.ts[2m > [22mTileManager::refreshTiles[2m > [22mcalls reloadTile for standard, wrapped, and overscaled tiles[32m 3[2mms[22m[39m
[31m   ΓåÆ window is not defined[39m
 [32mΓ£ô[39m node_modules/.pnpm/maplibre-gl@5.15.0/node_modules/maplibre-gl/src/source/geojson_source.test.ts[2m > [22mGeoJSONSource.constructor[2m > [22mwarn if maxzoom <= clusterMaxZoom[32m 13[2mms[22m[39m
 [32mΓ£ô[39m node_modules/.pnpm/maplibre-gl@5.15.0/node_modules/maplibre-gl/src/source/geojson_source.test.ts[2m > [22mGeoJSONSource.constructor[2m > [22mwarn if clusterMaxZoom non-integer[32m 2[2mms[22m[39m
 [32mΓ£ô[39m node_modules/.pnpm/maplibre-gl@5.15.0/node_modules/maplibre-gl/src/source/geojson_source.test.ts[2m > [22mGeoJSONSource.setData[2m > [22mreturns self[32m 2[2mms[22m[39m
 [32mΓ£ô[39m node_modules/.pnpm/maplibre-gl@5.15.0/node_modules/maplibre-gl/src/source/geojson_source.test.ts[2m > [22mGeoJSONSource.setData[2m > [22mfires "data" event[32m 13[2mms[22m[39m
 [32mΓ£ô[39m node_modules/.pnpm/maplibre-gl@5.15.0/node_modules/maplibre-gl/src/source/geojson_source.test.ts[2m > [22mGeoJSONSource.setData[2m > [22mfires "dataloading" event[32m 3[2mms[22m[39m
 [32mΓ£ô[39m node_modules/.pnpm/maplibre-gl@5.15.0/node_modules/maplibre-gl/src/source/geojson_source.test.ts[2m > [22mGeoJSONSource.setData[2m > [22mfires "dataabort" event[32m 17[2mms[22m[39m
 [31m├ù[39m node_modules/.pnpm/maplibre-gl@5.15.0/node_modules/maplibre-gl/src/source/geojson_source.test.ts[2m > [22mGeoJSONSource.setData[2m > [22mrespects collectResourceTiming parameter on source[32m 23[2mms[22m[39m
[31m   ΓåÆ expected "vi.fn()" to be called at least once[39m
 [32mΓ£ô[39m node_modules/.pnpm/maplibre-gl@5.15.0/node_modules/maplibre-gl/src/source/geojson_source.test.ts[2m > [22mGeoJSONSource.setData[2m > [22monly marks source as loaded when there are no pending loads[32m 14[2mms[22m[39m
 [32mΓ£ô[39m node_modules/.pnpm/maplibre-gl@5.15.0/node_modules/maplibre-gl/src/source/geojson_source.test.ts[2m > [22mGeoJSONSource.setData[2m > [22mmarks source as not loaded before firing "dataloading" event[32m 2[2mms[22m[39m
 [32mΓ£ô[39m node_modules/.pnpm/maplibre-gl@5.15.0/node_modules/maplibre-gl/src/source/geojson_source.test.ts[2m > [22mGeoJSONSource.setData[2m > [22mmarks source as loaded before firing "data" event[32m 12[2mms[22m[39m
 [32mΓ£ô[39m node_modules/.pnpm/maplibre-gl@5.15.0/node_modules/maplibre-gl/src/source/geojson_source.test.ts[2m > [22mGeoJSONSource.setData[2m > [22mmarks source as loaded before firing "dataabort" event[32m 2[2mms[22m[39m
 [32mΓ£ô[39m node_modules/.pnpm/maplibre-gl@5.15.0/node_modules/maplibre-gl/src/source/geojson_source.test.ts[2m > [22mGeoJSONSource.setData[2m > [22msetData with waitForCompletion=true returns promise that resolves to this[32m 1[2mms[22m[39m
 [32mΓ£ô[39m node_modules/.pnpm/maplibre-gl@5.15.0/node_modules/maplibre-gl/src/source/geojson_source.test.ts[2m > [22mGeoJSONSource.onRemove[2m > [22mbroadcasts "removeSource" event[32m 1[2mms[22m[39m
 [32mΓ£ô[39m node_modules/.pnpm/maplibre-gl@5.15.0/node_modules/maplibre-gl/src/source/geojson_source.test.ts[2m > [22mGeoJSONSource.update[2m > [22msends initial loadData request to dispatcher[32m 1[2mms[22m[39m
 [32mΓ£ô[39m node_modules/.pnpm/maplibre-gl@5.15.0/node_modules/maplibre-gl/src/source/geojson_source.test.ts[2m > [22mGeoJSONSource.update[2m > [22mforwards geojson-vt options with worker request[32m 4[2mms[22m[39m
 [32mΓ£ô[39m node_modules/.pnpm/maplibre-gl@5.15.0/node_modules/maplibre-gl/src/source/geojson_source.test.ts[2m > [22mGeoJSONSource.update[2m > [22mforwards Supercluster options with worker request[32m 1[2mms[22m[39m
 [32mΓ£ô[39m node_modules/.pnpm/maplibre-gl@5.15.0/node_modules/maplibre-gl/src/source/geojson_source.test.ts[2m > [22mGeoJSONSource.update[2m > [22mmodifying cluster properties after adding a source[32m 2[2mms[22m[39m
 [32mΓ£ô[39m node_modules/.pnpm/maplibre-gl@5.15.0/node_modules/maplibre-gl/src/source/geojson_source.test.ts[2m > [22mGeoJSONSource.update[2m > [22mmodifying cluster properties with pending data[32m 3[2mms[22m[39m
 [32mΓ£ô[39m node_modules/.pnpm/maplibre-gl@5.15.0/node_modules/maplibre-gl/src/source/geojson_source.test.ts[2m > [22mGeoJSONSource.update[2m > [22mmodifying cluster properties after sending a diff[32m 4[2mms[22m[39m
 [32mΓ£ô[39m node_modules/.pnpm/maplibre-gl@5.15.0/node_modules/maplibre-gl/src/source/geojson_source.test.ts[2m > [22mGeoJSONSource.update[2m > [22mforwards Supercluster options with worker request, ignore max zoom of source[32m 1[2mms[22m[39m
 [31m├ù[39m node_modules/.pnpm/maplibre-gl@5.15.0/node_modules/maplibre-gl/src/source/geojson_source.test.ts[2m > [22mGeoJSONSource.update[2m > [22mtransforms url before making request[32m 5[2mms[22m[39m
[31m   ΓåÆ expected "transformRequest" to be called 1 times, but got 0 times[39m
 [32mΓ£ô[39m node_modules/maplibre-gl/src/source/geojson_source.test.ts[2m > [22mGeoJSONSource.constructor[2m > [22mwarn if maxzoom <= clusterMaxZoom[32m 8[2mms[22m[39m
 [32mΓ£ô[39m node_modules/maplibre-gl/src/source/geojson_source.test.ts[2m > [22mGeoJSONSource.constructor[2m > [22mwarn if clusterMaxZoom non-integer[32m 1[2mms[22m[39m
 [32mΓ£ô[39m node_modules/maplibre-gl/src/source/geojson_source.test.ts[2m > [22mGeoJSONSource.setData[2m > [22mreturns self[32m 1[2mms[22m[39m
 [32mΓ£ô[39m node_modules/maplibre-gl/src/source/geojson_source.test.ts[2m > [22mGeoJSONSource.setData[2m > [22mfires "data" event[32m 4[2mms[22m[39m
 [32mΓ£ô[39m node_modules/maplibre-gl/src/source/geojson_source.test.ts[2m > [22mGeoJSONSource.setData[2m > [22mfires "dataloading" event[32m 1[2mms[22m[39m
 [32mΓ£ô[39m node_modules/maplibre-gl/src/source/geojson_source.test.ts[2m > [22mGeoJSONSource.setData[2m > [22mfires "dataabort" event[32m 14[2mms[22m[39m
 [31m├ù[39m node_modules/maplibre-gl/src/source/geojson_source.test.ts[2m > [22mGeoJSONSource.setData[2m > [22mrespects collectResourceTiming parameter on source[32m 15[2mms[22m[39m
[31m   ΓåÆ expected "vi.fn()" to be called at least once[39m
 [32mΓ£ô[39m node_modules/maplibre-gl/src/source/geojson_source.test.ts[2m > [22mGeoJSONSource.setData[2m > [22monly marks source as loaded when there are no pending loads[32m 15[2mms[22m[39m
 [32mΓ£ô[39m node_modules/maplibre-gl/src/source/geojson_source.test.ts[2m > [22mGeoJSONSource.setData[2m > [22mmarks source as not loaded before firing "dataloading" event[32m 1[2mms[22m[39m
 [32mΓ£ô[39m node_modules/maplibre-gl/src/source/geojson_source.test.ts[2m > [22mGeoJSONSource.setData[2m > [22mmarks source as loaded before firing "data" event[32m 14[2mms[22m[39m
 [32mΓ£ô[39m node_modules/maplibre-gl/src/source/geojson_source.test.ts[2m > [22mGeoJSONSource.setData[2m > [22mmarks source as loaded before firing "dataabort" event[32m 16[2mms[22m[39m
 [32mΓ£ô[39m node_modules/maplibre-gl/src/source/geojson_source.test.ts[2m > [22mGeoJSONSource.setData[2m > [22msetData with waitForCompletion=true returns promise that resolves to this[32m 1[2mms[22m[39m
 [32mΓ£ô[39m node_modules/maplibre-gl/src/source/geojson_source.test.ts[2m > [22mGeoJSONSource.onRemove[2m > [22mbroadcasts "removeSource" event[32m 1[2mms[22m[39m
 [32mΓ£ô[39m node_modules/maplibre-gl/src/source/geojson_source.test.ts[2m > [22mGeoJSONSource.update[2m > [22msends initial loadData request to dispatcher[32m 0[2mms[22m[39m
 [32mΓ£ô[39m node_modules/maplibre-gl/src/source/geojson_source.test.ts[2m > [22mGeoJSONSource.update[2m > [22mforwards geojson-vt options with worker request[32m 1[2mms[22m[39m
 [32mΓ£ô[39m node_modules/maplibre-gl/src/source/geojson_source.test.ts[2m > [22mGeoJSONSource.update[2m > [22mforwards Supercluster options with worker request[32m 1[2mms[22m[39m
 [32mΓ£ô[39m node_modules/maplibre-gl/src/source/geojson_source.test.ts[2m > [22mGeoJSONSource.update[2m > [22mmodifying cluster properties after adding a source[32m 1[2mms[22m[39m
 [32mΓ£ô[39m node_modules/maplibre-gl/src/source/geojson_source.test.ts[2m > [22mGeoJSONSource.update[2m > [22mmodifying cluster properties with pending data[32m 3[2mms[22m[39m
 [32mΓ£ô[39m node_modules/maplibre-gl/src/source/geojson_source.test.ts[2m > [22mGeoJSONSource.update[2m > [22mmodifying cluster properties after sending a diff[32m 4[2mms[22m[39m
 [32mΓ£ô[39m node_modules/maplibre-gl/src/source/geojson_source.test.ts[2m > [22mGeoJSONSource.update[2m > [22mforwards Supercluster options with worker request, ignore max zoom of source[32m 1[2mms[22m[39m
 [31m├ù[39m node_modules/maplibre-gl/src/source/geojson_source.test.ts[2m > [22mGeoJSONSource.update[2m > [22mtransforms url before making request[32m 16[2mms[22m[39m
[31m   ΓåÆ expected "transformRequest" to be called 1 times, but got 0 times[39m
 [32mΓ£ô[39m node_modules/.pnpm/@vis.gl+react-maplibre@8.1._02dd8e1c741d0f23c6f18bb60b165618/node_modules/maplibre-gl/src/source/geojson_source.test.ts[2m > [22mGeoJSONSource.constructor[2m > [22mwarn if maxzoom <= clusterMaxZoom[32m 5[2mms[22m[39m
 [32mΓ£ô[39m node_modules/.pnpm/@vis.gl+react-maplibre@8.1._02dd8e1c741d0f23c6f18bb60b165618/node_modules/maplibre-gl/src/source/geojson_source.test.ts[2m > [22mGeoJSONSource.constructor[2m > [22mwarn if clusterMaxZoom non-integer[32m 1[2mms[22m[39m
 [32mΓ£ô[39m node_modules/.pnpm/@vis.gl+react-maplibre@8.1._02dd8e1c741d0f23c6f18bb60b165618/node_modules/maplibre-gl/src/source/geojson_source.test.ts[2m > [22mGeoJSONSource.setData[2m > [22mreturns self[32m 1[2mms[22m[39m
 [32mΓ£ô[39m node_modules/.pnpm/@vis.gl+react-maplibre@8.1._02dd8e1c741d0f23c6f18bb60b165618/node_modules/maplibre-gl/src/source/geojson_source.test.ts[2m > [22mGeoJSONSource.setData[2m > [22mfires "data" event[32m 22[2mms[22m[39m
 [32mΓ£ô[39m node_modules/.pnpm/@vis.gl+react-maplibre@8.1._02dd8e1c741d0f23c6f18bb60b165618/node_modules/maplibre-gl/src/source/geojson_source.test.ts[2m > [22mGeoJSONSource.setData[2m > [22mfires "dataloading" event[32m 6[2mms[22m[39m
 [32mΓ£ô[39m node_modules/.pnpm/@vis.gl+react-maplibre@8.1._02dd8e1c741d0f23c6f18bb60b165618/node_modules/maplibre-gl/src/source/geojson_source.test.ts[2m > [22mGeoJSONSource.setData[2m > [22mfires "dataabort" event[32m 9[2mms[22m[39m
 [31m├ù[39m node_modules/.pnpm/@vis.gl+react-maplibre@8.1._02dd8e1c741d0f23c6f18bb60b165618/node_modules/maplibre-gl/src/source/geojson_source.test.ts[2m > [22mGeoJSONSource.setData[2m > [22mrespects collectResourceTiming parameter on source[32m 20[2mms[22m[39m
[31m   ΓåÆ expected "vi.fn()" to be called at least once[39m
 [32mΓ£ô[39m node_modules/.pnpm/@vis.gl+react-maplibre@8.1._02dd8e1c741d0f23c6f18bb60b165618/node_modules/maplibre-gl/src/source/geojson_source.test.ts[2m > [22mGeoJSONSource.setData[2m > [22monly marks source as loaded when there are no pending loads[32m 5[2mms[22m[39m
 [32mΓ£ô[39m node_modules/.pnpm/@vis.gl+react-maplibre@8.1._02dd8e1c741d0f23c6f18bb60b165618/node_modules/maplibre-gl/src/source/geojson_source.test.ts[2m > [22mGeoJSONSource.setData[2m > [22mmarks source as not loaded before firing "dataloading" event[32m 1[2mms[22m[39m
 [32mΓ£ô[39m node_modules/.pnpm/@vis.gl+react-maplibre@8.1._02dd8e1c741d0f23c6f18bb60b165618/node_modules/maplibre-gl/src/source/geojson_source.test.ts[2m > [22mGeoJSONSource.setData[2m > [22mmarks source as loaded before firing "data" event[32m 5[2mms[22m[39m
 [32mΓ£ô[39m node_modules/.pnpm/@vis.gl+react-maplibre@8.1._02dd8e1c741d0f23c6f18bb60b165618/node_modules/maplibre-gl/src/source/geojson_source.test.ts[2m > [22mGeoJSONSource.setData[2m > [22mmarks source as loaded before firing "dataabort" event[32m 16[2mms[22m[39m
 [32mΓ£ô[39m node_modules/.pnpm/@vis.gl+react-maplibre@8.1._02dd8e1c741d0f23c6f18bb60b165618/node_modules/maplibre-gl/src/source/geojson_source.test.ts[2m > [22mGeoJSONSource.setData[2m > [22msetData with waitForCompletion=true returns promise that resolves to this[32m 0[2mms[22m[39m
 [32mΓ£ô[39m node_modules/.pnpm/@vis.gl+react-maplibre@8.1._02dd8e1c741d0f23c6f18bb60b165618/node_modules/maplibre-gl/src/source/geojson_source.test.ts[2m > [22mGeoJSONSource.onRemove[2m > [22mbroadcasts "removeSource" event[32m 1[2mms[22m[39m
 [32mΓ£ô[39m node_modules/.pnpm/@vis.gl+react-maplibre@8.1._02dd8e1c741d0f23c6f18bb60b165618/node_modules/maplibre-gl/src/source/geojson_source.test.ts[2m > [22mGeoJSONSource.update[2m > [22msends initial loadData request to dispatcher[32m 0[2mms[22m[39m
 [32mΓ£ô[39m node_modules/.pnpm/@vis.gl+react-maplibre@8.1._02dd8e1c741d0f23c6f18bb60b165618/node_modules/maplibre-gl/src/source/geojson_source.test.ts[2m > [22mGeoJSONSource.update[2m > [22mforwards geojson-vt options with worker request[32m 0[2mms[22m[39m
 [32mΓ£ô[39m node_modules/.pnpm/@vis.gl+react-maplibre@8.1._02dd8e1c741d0f23c6f18bb60b165618/node_modules/maplibre-gl/src/source/geojson_source.test.ts[2m > [22mGeoJSONSource.update[2m > [22mforwards Supercluster options with worker request[32m 0[2mms[22m[39m
 [32mΓ£ô[39m node_modules/.pnpm/@vis.gl+react-maplibre@8.1._02dd8e1c741d0f23c6f18bb60b165618/node_modules/maplibre-gl/src/source/geojson_source.test.ts[2m > [22mGeoJSONSource.update[2m > [22mmodifying cluster properties after adding a source[32m 1[2mms[22m[39m
 [32mΓ£ô[39m node_modules/.pnpm/@vis.gl+react-maplibre@8.1._02dd8e1c741d0f23c6f18bb60b165618/node_modules/maplibre-gl/src/source/geojson_source.test.ts[2m > [22mGeoJSONSource.update[2m > [22mmodifying cluster properties with pending data[32m 1[2mms[22m[39m
 [32mΓ£ô[39m node_modules/.pnpm/@vis.gl+react-maplibre@8.1._02dd8e1c741d0f23c6f18bb60b165618/node_modules/maplibre-gl/src/source/geojson_source.test.ts[2m > [22mGeoJSONSource.update[2m > [22mmodifying cluster properties after sending a diff[32m 3[2mms[22m[39m
 [32mΓ£ô[39m node_modules/.pnpm/@vis.gl+react-maplibre@8.1._02dd8e1c741d0f23c6f18bb60b165618/node_modules/maplibre-gl/src/source/geojson_source.test.ts[2m > [22mGeoJSONSource.update[2m > [22mforwards Supercluster options with worker request, ignore max zoom of source[32m 1[2mms[22m[39m
 [31m├ù[39m node_modules/.pnpm/@vis.gl+react-maplibre@8.1._02dd8e1c741d0f23c6f18bb60b165618/node_modules/maplibre-gl/src/source/geojson_source.test.ts[2m > [22mGeoJSONSource.update[2m > [22mtransforms url before making request[32m 3[2mms[22m[39m
[31m   ΓåÆ expected "transformRequest" to be called 1 times, but got 0 times[39m
 [31m├ù[39m node_modules/.pnpm/maplibre-gl@5.15.0/node_modules/maplibre-gl/src/source/geojson_source.test.ts[2m > [22mGeoJSONSource.update[2m > [22mupdates _data.geojson when worker returns data from URL load[33m 5021[2mms[22m[39m
[31m   ΓåÆ Test timed out in 5000ms.
If this is a long-running test, pass a timeout value as the last argument or configure it globally with "testTimeout".[39m
 [32mΓ£ô[39m node_modules/.pnpm/maplibre-gl@5.15.0/node_modules/maplibre-gl/src/source/geojson_source.test.ts[2m > [22mGeoJSONSource.update[2m > [22mfires event when metadata loads[32m 4[2mms[22m[39m
 [32mΓ£ô[39m node_modules/.pnpm/maplibre-gl@5.15.0/node_modules/maplibre-gl/src/source/geojson_source.test.ts[2m > [22mGeoJSONSource.update[2m > [22mfires metadata data event even when initial request is aborted[32m 24[2mms[22m[39m
 [32mΓ£ô[39m node_modules/.pnpm/maplibre-gl@5.15.0/node_modules/maplibre-gl/src/source/geojson_source.test.ts[2m > [22mGeoJSONSource.update[2m > [22mfires "error"[32m 4[2mms[22m[39m
 [32mΓ£ô[39m node_modules/.pnpm/maplibre-gl@5.15.0/node_modules/maplibre-gl/src/source/geojson_source.test.ts[2m > [22mGeoJSONSource.update[2m > [22msends loadData request to dispatcher after data update[32m 113[2mms[22m[39m
 [32mΓ£ô[39m node_modules/.pnpm/maplibre-gl@5.15.0/node_modules/maplibre-gl/src/source/geojson_source.test.ts[2m > [22mGeoJSONSource.getData[2m > [22msends a message with a correct type to the worker and forwards the data provided returned by it[32m 3[2mms[22m[39m
 [32mΓ£ô[39m node_modules/.pnpm/maplibre-gl@5.15.0/node_modules/maplibre-gl/src/source/geojson_source.test.ts[2m > [22mGeoJSONSource.updateData[2m > [22mqueues a second call to updateData[32m 28[2mms[22m[39m
 [32mΓ£ô[39m node_modules/.pnpm/maplibre-gl@5.15.0/node_modules/maplibre-gl/src/source/geojson_source.test.ts[2m > [22mGeoJSONSource.updateData[2m > [22mcombines multiple diffs when data is loading[32m 37[2mms[22m[39m
 [32mΓ£ô[39m node_modules/.pnpm/maplibre-gl@5.15.0/node_modules/maplibre-gl/src/source/geojson_source.test.ts[2m > [22mGeoJSONSource.updateData[2m > [22mis overwritten by a subsequent call to setData when data is loading[32m 17[2mms[22m[39m
 [32mΓ£ô[39m node_modules/.pnpm/maplibre-gl@5.15.0/node_modules/maplibre-gl/src/source/geojson_source.test.ts[2m > [22mGeoJSONSource.updateData[2m > [22mis queued after setData when data is loading[32m 25[2mms[22m[39m
 [32mΓ£ô[39m node_modules/.pnpm/maplibre-gl@5.15.0/node_modules/maplibre-gl/src/source/geojson_source.test.ts[2m > [22mGeoJSONSource.updateData[2m > [22mthrows error when updating data that is not compatible with updateData[32m 2[2mms[22m[39m
 [32mΓ£ô[39m node_modules/.pnpm/maplibre-gl@5.15.0/node_modules/maplibre-gl/src/source/geojson_source.test.ts[2m > [22mGeoJSONSource.getBounds[2m > [22mget bounds returns result from getGeoJSONBounds util[32m 1[2mms[22m[39m
 [32mΓ£ô[39m node_modules/.pnpm/maplibre-gl@5.15.0/node_modules/maplibre-gl/src/source/geojson_source.test.ts[2m > [22mGeoJSONSource.serialize[2m > [22mserialize source with inline data[32m 1[2mms[22m[39m
 [32mΓ£ô[39m node_modules/.pnpm/maplibre-gl@5.15.0/node_modules/maplibre-gl/src/source/geojson_source.test.ts[2m > [22mGeoJSONSource.serialize[2m > [22mserialize source with url[32m 1[2mms[22m[39m
 [32mΓ£ô[39m node_modules/.pnpm/maplibre-gl@5.15.0/node_modules/maplibre-gl/src/source/geojson_source.test.ts[2m > [22mGeoJSONSource.serialize[2m > [22mserialize source with updated data[32m 0[2mms[22m[39m
 [32mΓ£ô[39m node_modules/.pnpm/maplibre-gl@5.15.0/node_modules/maplibre-gl/src/source/geojson_source.test.ts[2m > [22mGeoJSONSource.serialize[2m > [22mserialize source with additional options[32m 0[2mms[22m[39m
 [32mΓ£ô[39m node_modules/.pnpm/maplibre-gl@5.15.0/node_modules/maplibre-gl/src/source/geojson_source.test.ts[2m > [22mGeoJSONSource.load[2m > [22mis noop when all data is already loaded[32m 8[2mms[22m[39m
 [32mΓ£ô[39m node_modules/.pnpm/maplibre-gl@5.15.0/node_modules/maplibre-gl/src/source/geojson_source.test.ts[2m > [22mGeoJSONSource.applyDiff[2m > [22mapplies diff[32m 2[2mms[22m[39m
 [32mΓ£ô[39m node_modules/.pnpm/maplibre-gl@5.15.0/node_modules/maplibre-gl/src/source/geojson_source.test.ts[2m > [22mGeoJSONSource.shoudReloadTile[2m > [22mreturns true when tile is still loading[32m 3[2mms[22m[39m
 [32mΓ£ô[39m node_modules/.pnpm/maplibre-gl@5.15.0/node_modules/maplibre-gl/src/source/geojson_source.test.ts[2m > [22mGeoJSONSource.shoudReloadTile[2m > [22mreturns false when tile has been unloaded[32m 1[2mms[22m[39m
 [32mΓ£ô[39m node_modules/.pnpm/maplibre-gl@5.15.0/node_modules/maplibre-gl/src/source/geojson_source.test.ts[2m > [22mGeoJSONSource.shoudReloadTile[2m > [22mfires undefined when diff.removeAll is true[32m 1[2mms[22m[39m
 [32mΓ£ô[39m node_modules/.pnpm/maplibre-gl@5.15.0/node_modules/maplibre-gl/src/source/geojson_source.test.ts[2m > [22mGeoJSONSource.shoudReloadTile[2m > [22mreturns true when tile contains a feature that is being updated[32m 2[2mms[22m[39m
 [32mΓ£ô[39m node_modules/.pnpm/maplibre-gl@5.15.0/node_modules/maplibre-gl/src/source/geojson_source.test.ts[2m > [22mGeoJSONSource.shoudReloadTile[2m > [22mreturns false when tile contains a feature that is being removed but was never added[32m 0[2mms[22m[39m
 [32mΓ£ô[39m node_modules/.pnpm/maplibre-gl@5.15.0/node_modules/maplibre-gl/src/source/geojson_source.test.ts[2m > [22mGeoJSONSource.shoudReloadTile[2m > [22mreturns false when diff has no changes affecting the tile[32m 0[2mms[22m[39m
 [32mΓ£ô[39m node_modules/.pnpm/maplibre-gl@5.15.0/node_modules/maplibre-gl/src/source/geojson_source.test.ts[2m > [22mGeoJSONSource.shoudReloadTile[2m > [22mreturns false when diff is empty[32m 0[2mms[22m[39m
 [32mΓ£ô[39m node_modules/.pnpm/maplibre-gl@5.15.0/node_modules/maplibre-gl/src/source/geojson_source.test.ts[2m > [22mGeoJSONSource.shoudReloadTile[2m > [22mhandles string feature ids and returns no bounds since feature does not exist[32m 1[2mms[22m[39m
 [32mΓ£ô[39m node_modules/.pnpm/maplibre-gl@5.15.0/node_modules/maplibre-gl/src/source/geojson_source.test.ts[2m > [22mGeoJSONSource.shoudReloadTile[2m > [22mhandles cluster[32m 0[2mms[22m[39m
 [31m├ù[39m node_modules/maplibre-gl/src/source/geojson_source.test.ts[2m > [22mGeoJSONSource.update[2m > [22mupdates _data.geojson when worker returns data from URL load[33m 5007[2mms[22m[39m
[31m   ΓåÆ Test timed out in 5000ms.
If this is a long-running test, pass a timeout value as the last argument or configure it globally with "testTimeout".[39m
 [32mΓ£ô[39m node_modules/maplibre-gl/src/source/geojson_source.test.ts[2m > [22mGeoJSONSource.update[2m > [22mfires event when metadata loads[32m 1[2mms[22m[39m
 [32mΓ£ô[39m node_modules/maplibre-gl/src/source/geojson_source.test.ts[2m > [22mGeoJSONSource.update[2m > [22mfires metadata data event even when initial request is aborted[32m 28[2mms[22m[39m
 [32mΓ£ô[39m node_modules/maplibre-gl/src/source/geojson_source.test.ts[2m > [22mGeoJSONSource.update[2m > [22mfires "error"[32m 1[2mms[22m[39m
 [32mΓ£ô[39m node_modules/maplibre-gl/src/source/geojson_source.test.ts[2m > [22mGeoJSONSource.update[2m > [22msends loadData request to dispatcher after data update[32m 108[2mms[22m[39m
 [32mΓ£ô[39m node_modules/maplibre-gl/src/source/geojson_source.test.ts[2m > [22mGeoJSONSource.getData[2m > [22msends a message with a correct type to the worker and forwards the data provided returned by it[32m 1[2mms[22m[39m
 [32mΓ£ô[39m node_modules/maplibre-gl/src/source/geojson_source.test.ts[2m > [22mGeoJSONSource.updateData[2m > [22mqueues a second call to updateData[32m 32[2mms[22m[39m
 [32mΓ£ô[39m node_modules/maplibre-gl/src/source/geojson_source.test.ts[2m > [22mGeoJSONSource.updateData[2m > [22mcombines multiple diffs when data is loading[32m 29[2mms[22m[39m
 [32mΓ£ô[39m node_modules/maplibre-gl/src/source/geojson_source.test.ts[2m > [22mGeoJSONSource.updateData[2m > [22mis overwritten by a subsequent call to setData when data is loading[32m 31[2mms[22m[39m
 [32mΓ£ô[39m node_modules/maplibre-gl/src/source/geojson_source.test.ts[2m > [22mGeoJSONSource.updateData[2m > [22mis queued after setData when data is loading[32m 39[2mms[22m[39m
 [32mΓ£ô[39m node_modules/maplibre-gl/src/source/geojson_source.test.ts[2m > [22mGeoJSONSource.updateData[2m > [22mthrows error when updating data that is not compatible with updateData[32m 4[2mms[22m[39m
 [32mΓ£ô[39m node_modules/maplibre-gl/src/source/geojson_source.test.ts[2m > [22mGeoJSONSource.getBounds[2m > [22mget bounds returns result from getGeoJSONBounds util[32m 1[2mms[22m[39m
 [32mΓ£ô[39m node_modules/maplibre-gl/src/source/geojson_source.test.ts[2m > [22mGeoJSONSource.serialize[2m > [22mserialize source with inline data[32m 1[2mms[22m[39m
 [32mΓ£ô[39m node_modules/maplibre-gl/src/source/geojson_source.test.ts[2m > [22mGeoJSONSource.serialize[2m > [22mserialize source with url[32m 1[2mms[22m[39m
 [32mΓ£ô[39m node_modules/maplibre-gl/src/source/geojson_source.test.ts[2m > [22mGeoJSONSource.serialize[2m > [22mserialize source with updated data[32m 0[2mms[22m[39m
 [32mΓ£ô[39m node_modules/maplibre-gl/src/source/geojson_source.test.ts[2m > [22mGeoJSONSource.serialize[2m > [22mserialize source with additional options[32m 0[2mms[22m[39m
 [32mΓ£ô[39m node_modules/maplibre-gl/src/source/geojson_source.test.ts[2m > [22mGeoJSONSource.load[2m > [22mis noop when all data is already loaded[32m 2[2mms[22m[39m
 [32mΓ£ô[39m node_modules/maplibre-gl/src/source/geojson_source.test.ts[2m > [22mGeoJSONSource.applyDiff[2m > [22mapplies diff[32m 1[2mms[22m[39m
 [32mΓ£ô[39m node_modules/maplibre-gl/src/source/geojson_source.test.ts[2m > [22mGeoJSONSource.shoudReloadTile[2m > [22mreturns true when tile is still loading[32m 1[2mms[22m[39m
 [32mΓ£ô[39m node_modules/maplibre-gl/src/source/geojson_source.test.ts[2m > [22mGeoJSONSource.shoudReloadTile[2m > [22mreturns false when tile has been unloaded[32m 0[2mms[22m[39m
 [32mΓ£ô[39m node_modules/maplibre-gl/src/source/geojson_source.test.ts[2m > [22mGeoJSONSource.shoudReloadTile[2m > [22mfires undefined when diff.removeAll is true[32m 0[2mms[22m[39m
 [32mΓ£ô[39m node_modules/maplibre-gl/src/source/geojson_source.test.ts[2m > [22mGeoJSONSource.shoudReloadTile[2m > [22mreturns true when tile contains a feature that is being updated[32m 1[2mms[22m[39m
 [32mΓ£ô[39m node_modules/maplibre-gl/src/source/geojson_source.test.ts[2m > [22mGeoJSONSource.shoudReloadTile[2m > [22mreturns false when tile contains a feature that is being removed but was never added[32m 0[2mms[22m[39m
 [32mΓ£ô[39m node_modules/maplibre-gl/src/source/geojson_source.test.ts[2m > [22mGeoJSONSource.shoudReloadTile[2m > [22mreturns false when diff has no changes affecting the tile[32m 1[2mms[22m[39m
 [32mΓ£ô[39m node_modules/maplibre-gl/src/source/geojson_source.test.ts[2m > [22mGeoJSONSource.shoudReloadTile[2m > [22mreturns false when diff is empty[32m 1[2mms[22m[39m
 [32mΓ£ô[39m node_modules/maplibre-gl/src/source/geojson_source.test.ts[2m > [22mGeoJSONSource.shoudReloadTile[2m > [22mhandles string feature ids and returns no bounds since feature does not exist[32m 2[2mms[22m[39m
 [32mΓ£ô[39m node_modules/maplibre-gl/src/source/geojson_source.test.ts[2m > [22mGeoJSONSource.shoudReloadTile[2m > [22mhandles cluster[32m 3[2mms[22m[39m
 [31m├ù[39m node_modules/.pnpm/@vis.gl+react-maplibre@8.1._02dd8e1c741d0f23c6f18bb60b165618/node_modules/maplibre-gl/src/source/geojson_source.test.ts[2m > [22mGeoJSONSource.update[2m > [22mupdates _data.geojson when worker returns data from URL load[33m 5014[2mms[22m[39m
[31m   ΓåÆ Test timed out in 5000ms.
If this is a long-running test, pass a timeout value as the last argument or configure it globally with "testTimeout".[39m
 [32mΓ£ô[39m node_modules/.pnpm/@vis.gl+react-maplibre@8.1._02dd8e1c741d0f23c6f18bb60b165618/node_modules/maplibre-gl/src/source/geojson_source.test.ts[2m > [22mGeoJSONSource.update[2m > [22mfires event when metadata loads[32m 13[2mms[22m[39m
 [32mΓ£ô[39m node_modules/.pnpm/@vis.gl+react-maplibre@8.1._02dd8e1c741d0f23c6f18bb60b165618/node_modules/maplibre-gl/src/source/geojson_source.test.ts[2m > [22mGeoJSONSource.update[2m > [22mfires metadata data event even when initial request is aborted[32m 14[2mms[22m[39m
 [32mΓ£ô[39m node_modules/.pnpm/@vis.gl+react-maplibre@8.1._02dd8e1c741d0f23c6f18bb60b165618/node_modules/maplibre-gl/src/source/geojson_source.test.ts[2m > [22mGeoJSONSource.update[2m > [22mfires "error"[32m 3[2mms[22m[39m
 [32mΓ£ô[39m node_modules/.pnpm/@vis.gl+react-maplibre@8.1._02dd8e1c741d0f23c6f18bb60b165618/node_modules/maplibre-gl/src/source/geojson_source.test.ts[2m > [22mGeoJSONSource.update[2m > [22msends loadData request to dispatcher after data update[32m 106[2mms[22m[39m
 [32mΓ£ô[39m node_modules/.pnpm/@vis.gl+react-maplibre@8.1._02dd8e1c741d0f23c6f18bb60b165618/node_modules/maplibre-gl/src/source/geojson_source.test.ts[2m > [22mGeoJSONSource.getData[2m > [22msends a message with a correct type to the worker and forwards the data provided returned by it[32m 1[2mms[22m[39m
 [32mΓ£ô[39m node_modules/.pnpm/@vis.gl+react-maplibre@8.1._02dd8e1c741d0f23c6f18bb60b165618/node_modules/maplibre-gl/src/source/geojson_source.test.ts[2m > [22mGeoJSONSource.updateData[2m > [22mqueues a second call to updateData[32m 46[2mms[22m[39m
 [32mΓ£ô[39m node_modules/.pnpm/@vis.gl+react-maplibre@8.1._02dd8e1c741d0f23c6f18bb60b165618/node_modules/maplibre-gl/src/source/geojson_source.test.ts[2m > [22mGeoJSONSource.updateData[2m > [22mcombines multiple diffs when data is loading[32m 34[2mms[22m[39m
 [32mΓ£ô[39m node_modules/.pnpm/@vis.gl+react-maplibre@8.1._02dd8e1c741d0f23c6f18bb60b165618/node_modules/maplibre-gl/src/source/geojson_source.test.ts[2m > [22mGeoJSONSource.updateData[2m > [22mis overwritten by a subsequent call to setData when data is loading[32m 30[2mms[22m[39m
 [32mΓ£ô[39m node_modules/.pnpm/@vis.gl+react-maplibre@8.1._02dd8e1c741d0f23c6f18bb60b165618/node_modules/maplibre-gl/src/source/geojson_source.test.ts[2m > [22mGeoJSONSource.updateData[2m > [22mis queued after setData when data is loading[32m 47[2mms[22m[39m
 [32mΓ£ô[39m node_modules/.pnpm/@vis.gl+react-maplibre@8.1._02dd8e1c741d0f23c6f18bb60b165618/node_modules/maplibre-gl/src/source/geojson_source.test.ts[2m > [22mGeoJSONSource.updateData[2m > [22mthrows error when updating data that is not compatible with updateData[32m 1[2mms[22m[39m
 [32mΓ£ô[39m node_modules/.pnpm/@vis.gl+react-maplibre@8.1._02dd8e1c741d0f23c6f18bb60b165618/node_modules/maplibre-gl/src/source/geojson_source.test.ts[2m > [22mGeoJSONSource.getBounds[2m > [22mget bounds returns result from getGeoJSONBounds util[32m 1[2mms[22m[39m
 [32mΓ£ô[39m node_modules/.pnpm/@vis.gl+react-maplibre@8.1._02dd8e1c741d0f23c6f18bb60b165618/node_modules/maplibre-gl/src/source/geojson_source.test.ts[2m > [22mGeoJSONSource.serialize[2m > [22mserialize source with inline data[32m 1[2mms[22m[39m
 [32mΓ£ô[39m node_modules/.pnpm/@vis.gl+react-maplibre@8.1._02dd8e1c741d0f23c6f18bb60b165618/node_modules/maplibre-gl/src/source/geojson_source.test.ts[2m > [22mGeoJSONSource.serialize[2m > [22mserialize source with url[32m 1[2mms[22m[39m
 [32mΓ£ô[39m node_modules/.pnpm/@vis.gl+react-maplibre@8.1._02dd8e1c741d0f23c6f18bb60b165618/node_modules/maplibre-gl/src/source/geojson_source.test.ts[2m > [22mGeoJSONSource.serialize[2m > [22mserialize source with updated data[32m 1[2mms[22m[39m
 [32mΓ£ô[39m node_modules/.pnpm/@vis.gl+react-maplibre@8.1._02dd8e1c741d0f23c6f18bb60b165618/node_modules/maplibre-gl/src/source/geojson_source.test.ts[2m > [22mGeoJSONSource.serialize[2m > [22mserialize source with additional options[32m 0[2mms[22m[39m
 [32mΓ£ô[39m node_modules/.pnpm/@vis.gl+react-maplibre@8.1._02dd8e1c741d0f23c6f18bb60b165618/node_modules/maplibre-gl/src/source/geojson_source.test.ts[2m > [22mGeoJSONSource.load[2m > [22mis noop when all data is already loaded[32m 12[2mms[22m[39m
 [32mΓ£ô[39m node_modules/.pnpm/@vis.gl+react-maplibre@8.1._02dd8e1c741d0f23c6f18bb60b165618/node_modules/maplibre-gl/src/source/geojson_source.test.ts[2m > [22mGeoJSONSource.applyDiff[2m > [22mapplies diff[32m 1[2mms[22m[39m
 [32mΓ£ô[39m node_modules/.pnpm/@vis.gl+react-maplibre@8.1._02dd8e1c741d0f23c6f18bb60b165618/node_modules/maplibre-gl/src/source/geojson_source.test.ts[2m > [22mGeoJSONSource.shoudReloadTile[2m > [22mreturns true when tile is still loading[32m 1[2mms[22m[39m
 [32mΓ£ô[39m node_modules/.pnpm/@vis.gl+react-maplibre@8.1._02dd8e1c741d0f23c6f18bb60b165618/node_modules/maplibre-gl/src/source/geojson_source.test.ts[2m > [22mGeoJSONSource.shoudReloadTile[2m > [22mreturns false when tile has been unloaded[32m 0[2mms[22m[39m
 [32mΓ£ô[39m node_modules/.pnpm/@vis.gl+react-maplibre@8.1._02dd8e1c741d0f23c6f18bb60b165618/node_modules/maplibre-gl/src/source/geojson_source.test.ts[2m > [22mGeoJSONSource.shoudReloadTile[2m > [22mfires undefined when diff.removeAll is true[32m 1[2mms[22m[39m
 [32mΓ£ô[39m node_modules/.pnpm/@vis.gl+react-maplibre@8.1._02dd8e1c741d0f23c6f18bb60b165618/node_modules/maplibre-gl/src/source/geojson_source.test.ts[2m > [22mGeoJSONSource.shoudReloadTile[2m > [22mreturns true when tile contains a feature that is being updated[32m 1[2mms[22m[39m
 [32mΓ£ô[39m node_modules/.pnpm/@vis.gl+react-maplibre@8.1._02dd8e1c741d0f23c6f18bb60b165618/node_modules/maplibre-gl/src/source/geojson_source.test.ts[2m > [22mGeoJSONSource.shoudReloadTile[2m > [22mreturns false when tile contains a feature that is being removed but was never added[32m 1[2mms[22m[39m
 [32mΓ£ô[39m node_modules/.pnpm/@vis.gl+react-maplibre@8.1._02dd8e1c741d0f23c6f18bb60b165618/node_modules/maplibre-gl/src/source/geojson_source.test.ts[2m > [22mGeoJSONSource.shoudReloadTile[2m > [22mreturns false when diff has no changes affecting the tile[32m 1[2mms[22m[39m
 [32mΓ£ô[39m node_modules/.pnpm/@vis.gl+react-maplibre@8.1._02dd8e1c741d0f23c6f18bb60b165618/node_modules/maplibre-gl/src/source/geojson_source.test.ts[2m > [22mGeoJSONSource.shoudReloadTile[2m > [22mreturns false when diff is empty[32m 1[2mms[22m[39m
 [32mΓ£ô[39m node_modules/.pnpm/@vis.gl+react-maplibre@8.1._02dd8e1c741d0f23c6f18bb60b165618/node_modules/maplibre-gl/src/source/geojson_source.test.ts[2m > [22mGeoJSONSource.shoudReloadTile[2m > [22mhandles string feature ids and returns no bounds since feature does not exist[32m 1[2mms[22m[39m
 [32mΓ£ô[39m node_modules/.pnpm/@vis.gl+react-maplibre@8.1._02dd8e1c741d0f23c6f18bb60b165618/node_modules/maplibre-gl/src/source/geojson_source.test.ts[2m > [22mGeoJSONSource.shoudReloadTile[2m > [22mhandles cluster[32m 1[2mms[22m[39m
 [32mΓ£ô[39m node_modules/.pnpm/react-map-gl@8.1.0_maplibre_f5b73890850d036840af8db7ab51d30f/node_modules/maplibre-gl/src/source/geojson_source.test.ts[2m > [22mGeoJSONSource.constructor[2m > [22mwarn if maxzoom <= clusterMaxZoom[32m 10[2mms[22m[39m
 [32mΓ£ô[39m node_modules/.pnpm/react-map-gl@8.1.0_maplibre_f5b73890850d036840af8db7ab51d30f/node_modules/maplibre-gl/src/source/geojson_source.test.ts[2m > [22mGeoJSONSource.constructor[2m > [22mwarn if clusterMaxZoom non-integer[32m 2[2mms[22m[39m
 [32mΓ£ô[39m node_modules/.pnpm/react-map-gl@8.1.0_maplibre_f5b73890850d036840af8db7ab51d30f/node_modules/maplibre-gl/src/source/geojson_source.test.ts[2m > [22mGeoJSONSource.setData[2m > [22mreturns self[32m 1[2mms[22m[39m
 [32mΓ£ô[39m node_modules/.pnpm/react-map-gl@8.1.0_maplibre_f5b73890850d036840af8db7ab51d30f/node_modules/maplibre-gl/src/source/geojson_source.test.ts[2m > [22mGeoJSONSource.setData[2m > [22mfires "data" event[32m 2[2mms[22m[39m
 [32mΓ£ô[39m node_modules/.pnpm/react-map-gl@8.1.0_maplibre_f5b73890850d036840af8db7ab51d30f/node_modules/maplibre-gl/src/source/geojson_source.test.ts[2m > [22mGeoJSONSource.setData[2m > [22mfires "dataloading" event[32m 3[2mms[22m[39m
 [32mΓ£ô[39m node_modules/.pnpm/react-map-gl@8.1.0_maplibre_f5b73890850d036840af8db7ab51d30f/node_modules/maplibre-gl/src/source/geojson_source.test.ts[2m > [22mGeoJSONSource.setData[2m > [22mfires "dataabort" event[32m 1[2mms[22m[39m
 [31m├ù[39m node_modules/.pnpm/react-map-gl@8.1.0_maplibre_f5b73890850d036840af8db7ab51d30f/node_modules/maplibre-gl/src/source/geojson_source.test.ts[2m > [22mGeoJSONSource.setData[2m > [22mrespects collectResourceTiming parameter on source[32m 17[2mms[22m[39m
[31m   ΓåÆ expected "vi.fn()" to be called at least once[39m
 [32mΓ£ô[39m node_modules/.pnpm/react-map-gl@8.1.0_maplibre_f5b73890850d036840af8db7ab51d30f/node_modules/maplibre-gl/src/source/geojson_source.test.ts[2m > [22mGeoJSONSource.setData[2m > [22monly marks source as loaded when there are no pending loads[32m 7[2mms[22m[39m
 [32mΓ£ô[39m node_modules/.pnpm/react-map-gl@8.1.0_maplibre_f5b73890850d036840af8db7ab51d30f/node_modules/maplibre-gl/src/source/geojson_source.test.ts[2m > [22mGeoJSONSource.setData[2m > [22mmarks source as not loaded before firing "dataloading" event[32m 1[2mms[22m[39m
 [32mΓ£ô[39m node_modules/.pnpm/react-map-gl@8.1.0_maplibre_f5b73890850d036840af8db7ab51d30f/node_modules/maplibre-gl/src/source/geojson_source.test.ts[2m > [22mGeoJSONSource.setData[2m > [22mmarks source as loaded before firing "data" event[32m 20[2mms[22m[39m
 [32mΓ£ô[39m node_modules/.pnpm/react-map-gl@8.1.0_maplibre_f5b73890850d036840af8db7ab51d30f/node_modules/maplibre-gl/src/source/geojson_source.test.ts[2m > [22mGeoJSONSource.setData[2m > [22mmarks source as loaded before firing "dataabort" event[32m 12[2mms[22m[39m
 [32mΓ£ô[39m node_modules/.pnpm/react-map-gl@8.1.0_maplibre_f5b73890850d036840af8db7ab51d30f/node_modules/maplibre-gl/src/source/geojson_source.test.ts[2m > [22mGeoJSONSource.setData[2m > [22msetData with waitForCompletion=true returns promise that resolves to this[32m 1[2mms[22m[39m
 [32mΓ£ô[39m node_modules/.pnpm/react-map-gl@8.1.0_maplibre_f5b73890850d036840af8db7ab51d30f/node_modules/maplibre-gl/src/source/geojson_source.test.ts[2m > [22mGeoJSONSource.onRemove[2m > [22mbroadcasts "removeSource" event[32m 2[2mms[22m[39m
 [32mΓ£ô[39m node_modules/.pnpm/react-map-gl@8.1.0_maplibre_f5b73890850d036840af8db7ab51d30f/node_modules/maplibre-gl/src/source/geojson_source.test.ts[2m > [22mGeoJSONSource.update[2m > [22msends initial loadData request to dispatcher[32m 1[2mms[22m[39m
 [32mΓ£ô[39m node_modules/.pnpm/react-map-gl@8.1.0_maplibre_f5b73890850d036840af8db7ab51d30f/node_modules/maplibre-gl/src/source/geojson_source.test.ts[2m > [22mGeoJSONSource.update[2m > [22mforwards geojson-vt options with worker request[32m 1[2mms[22m[39m
 [32mΓ£ô[39m node_modules/.pnpm/react-map-gl@8.1.0_maplibre_f5b73890850d036840af8db7ab51d30f/node_modules/maplibre-gl/src/source/geojson_source.test.ts[2m > [22mGeoJSONSource.update[2m > [22mforwards Supercluster options with worker request[32m 1[2mms[22m[39m
 [32mΓ£ô[39m node_modules/.pnpm/react-map-gl@8.1.0_maplibre_f5b73890850d036840af8db7ab51d30f/node_modules/maplibre-gl/src/source/geojson_source.test.ts[2m > [22mGeoJSONSource.update[2m > [22mmodifying cluster properties after adding a source[32m 2[2mms[22m[39m
 [32mΓ£ô[39m node_modules/.pnpm/react-map-gl@8.1.0_maplibre_f5b73890850d036840af8db7ab51d30f/node_modules/maplibre-gl/src/source/geojson_source.test.ts[2m > [22mGeoJSONSource.update[2m > [22mmodifying cluster properties with pending data[32m 2[2mms[22m[39m
 [32mΓ£ô[39m node_modules/.pnpm/react-map-gl@8.1.0_maplibre_f5b73890850d036840af8db7ab51d30f/node_modules/maplibre-gl/src/source/geojson_source.test.ts[2m > [22mGeoJSONSource.update[2m > [22mmodifying cluster properties after sending a diff[32m 7[2mms[22m[39m
 [32mΓ£ô[39m node_modules/.pnpm/react-map-gl@8.1.0_maplibre_f5b73890850d036840af8db7ab51d30f/node_modules/maplibre-gl/src/source/geojson_source.test.ts[2m > [22mGeoJSONSource.update[2m > [22mforwards Supercluster options with worker request, ignore max zoom of source[32m 1[2mms[22m[39m
 [31m├ù[39m node_modules/.pnpm/react-map-gl@8.1.0_maplibre_f5b73890850d036840af8db7ab51d30f/node_modules/maplibre-gl/src/source/geojson_source.test.ts[2m > [22mGeoJSONSource.update[2m > [22mtransforms url before making request[32m 7[2mms[22m[39m
[31m   ΓåÆ expected "transformRequest" to be called 1 times, but got 0 times[39m
 [32mΓ£ô[39m node_modules/.pnpm/maplibre-gl@5.15.0/node_modules/maplibre-gl/src/render/subdivision.test.ts[2m > [22mLine geometry subdivision[2m > [22mLine inside cell remains unchanged[32m 5[2mms[22m[39m
 [32mΓ£ô[39m node_modules/.pnpm/maplibre-gl@5.15.0/node_modules/maplibre-gl/src/render/subdivision.test.ts[2m > [22mLine geometry subdivision[2m > [22mSimple line[32m 1[2mms[22m[39m
 [32mΓ£ô[39m node_modules/.pnpm/maplibre-gl@5.15.0/node_modules/maplibre-gl/src/render/subdivision.test.ts[2m > [22mLine geometry subdivision[2m > [22mSimple ring[32m 1[2mms[22m[39m
 [32mΓ£ô[39m node_modules/.pnpm/maplibre-gl@5.15.0/node_modules/maplibre-gl/src/render/subdivision.test.ts[2m > [22mLine geometry subdivision[2m > [22mSimple ring inside cell[32m 1[2mms[22m[39m
 [32mΓ£ô[39m node_modules/.pnpm/maplibre-gl@5.15.0/node_modules/maplibre-gl/src/render/subdivision.test.ts[2m > [22mLine geometry subdivision[2m > [22mSimple ring is unchanged when granularity=0[32m 2[2mms[22m[39m
 [32mΓ£ô[39m node_modules/.pnpm/maplibre-gl@5.15.0/node_modules/maplibre-gl/src/render/subdivision.test.ts[2m > [22mLine geometry subdivision[2m > [22mLine lies on subdivision axis[32m 0[2mms[22m[39m
 [32mΓ£ô[39m node_modules/.pnpm/maplibre-gl@5.15.0/node_modules/maplibre-gl/src/render/subdivision.test.ts[2m > [22mLine geometry subdivision[2m > [22mLine circles a subdivision cell[32m 1[2mms[22m[39m
 [32mΓ£ô[39m node_modules/.pnpm/maplibre-gl@5.15.0/node_modules/maplibre-gl/src/render/subdivision.test.ts[2m > [22mLine geometry subdivision[2m > [22mLine goes through cell vertices[32m 0[2mms[22m[39m
 [32mΓ£ô[39m node_modules/.pnpm/maplibre-gl@5.15.0/node_modules/maplibre-gl/src/render/subdivision.test.ts[2m > [22mLine geometry subdivision[2m > [22mLine crosses several cells[32m 1[2mms[22m[39m
 [32mΓ£ô[39m node_modules/.pnpm/maplibre-gl@5.15.0/node_modules/maplibre-gl/src/render/subdivision.test.ts[2m > [22mLine geometry subdivision[2m > [22mLine crosses several cells in negative coordinates[32m 0[2mms[22m[39m
 [32mΓ£ô[39m node_modules/.pnpm/maplibre-gl@5.15.0/node_modules/maplibre-gl/src/render/subdivision.test.ts[2m > [22mLine geometry subdivision[2m > [22mLine is unmodified at granularity 1[32m 0[2mms[22m[39m
 [32mΓ£ô[39m node_modules/.pnpm/maplibre-gl@5.15.0/node_modules/maplibre-gl/src/render/subdivision.test.ts[2m > [22mLine geometry subdivision[2m > [22mLine is unmodified at granularity 0[32m 1[2mms[22m[39m
 [32mΓ£ô[39m node_modules/.pnpm/maplibre-gl@5.15.0/node_modules/maplibre-gl/src/render/subdivision.test.ts[2m > [22mLine geometry subdivision[2m > [22mLine is unmodified at granularity -2[32m 0[2mms[22m[39m
 [32mΓ£ô[39m node_modules/.pnpm/maplibre-gl@5.15.0/node_modules/maplibre-gl/src/render/subdivision.test.ts[2m > [22mFill subdivision[2m > [22mPolygon is unchanged when granularity=1[32m 2[2mms[22m[39m
 [32mΓ£ô[39m node_modules/.pnpm/maplibre-gl@5.15.0/node_modules/maplibre-gl/src/render/subdivision.test.ts[2m > [22mFill subdivision[2m > [22mPolygon is unchanged when granularity=1, but winding order is corrected.[32m 1[2mms[22m[39m
 [32mΓ£ô[39m node_modules/.pnpm/maplibre-gl@5.15.0/node_modules/maplibre-gl/src/render/subdivision.test.ts[2m > [22mFill subdivision[2m > [22mPolygon inside cell is unchanged[32m 1[2mms[22m[39m
 [32mΓ£ô[39m node_modules/.pnpm/maplibre-gl@5.15.0/node_modules/maplibre-gl/src/render/subdivision.test.ts[2m > [22mFill subdivision[2m > [22mSubdivide a polygon[32m 2[2mms[22m[39m
 [32mΓ£ô[39m node_modules/.pnpm/maplibre-gl@5.15.0/node_modules/maplibre-gl/src/render/subdivision.test.ts[2m > [22mFill subdivision[2m > [22mPolygon outline line list is correct[2m > [22mSubcell polygon[32m 1[2mms[22m[39m
 [32mΓ£ô[39m node_modules/.pnpm/maplibre-gl@5.15.0/node_modules/maplibre-gl/src/render/subdivision.test.ts[2m > [22mFill subdivision[2m > [22mPolygon outline line list is correct[2m > [22mSmall polygon[32m 1[2mms[22m[39m
 [32mΓ£ô[39m node_modules/.pnpm/maplibre-gl@5.15.0/node_modules/maplibre-gl/src/render/subdivision.test.ts[2m > [22mFill subdivision[2m > [22mPolygon outline line list is correct[2m > [22mMedium polygon[32m 1[2mms[22m[39m
 [32mΓ£ô[39m node_modules/.pnpm/maplibre-gl@5.15.0/node_modules/maplibre-gl/src/render/subdivision.test.ts[2m > [22mFill subdivision[2m > [22mPolygon outline line list is correct[2m > [22mLarge polygon[32m 33[2mms[22m[39m
 [32mΓ£ô[39m node_modules/.pnpm/maplibre-gl@5.15.0/node_modules/maplibre-gl/src/render/subdivision.test.ts[2m > [22mFill subdivision[2m > [22mPolygon outline line list is correct[2m > [22mLarge polygon with hole[32m 19[2mms[22m[39m
 [32mΓ£ô[39m node_modules/.pnpm/maplibre-gl@5.15.0/node_modules/maplibre-gl/src/render/subdivision.test.ts[2m > [22mFill subdivision[2m > [22mPolygon outline line list is correct[2m > [22mLarge polygon with hole, granularity=0[32m 3[2mms[22m[39m
 [32mΓ£ô[39m node_modules/.pnpm/maplibre-gl@5.15.0/node_modules/maplibre-gl/src/render/subdivision.test.ts[2m > [22mFill subdivision[2m > [22mPolygon outline line list is correct[2m > [22mLarge polygon with hole, finer granularity[32m 4[2mms[22m[39m
 [32mΓ£ô[39m node_modules/.pnpm/maplibre-gl@5.15.0/node_modules/maplibre-gl/src/render/subdivision.test.ts[2m > [22mFill subdivision[2m > [22mPolygon outline line list is correct[2m > [22mPolygon with hole inside cell[32m 1[2mms[22m[39m
 [32mΓ£ô[39m node_modules/.pnpm/maplibre-gl@5.15.0/node_modules/maplibre-gl/src/render/subdivision.test.ts[2m > [22mFill subdivision[2m > [22mPolygon outline line list is correct[2m > [22mPolygon with duplicate vertex with hole inside cell[32m 1[2mms[22m[39m
 [32mΓ£ô[39m node_modules/.pnpm/maplibre-gl@5.15.0/node_modules/maplibre-gl/src/render/subdivision.test.ts[2m > [22mFill subdivision[2m > [22mPolygon outline line list is correct[2m > [22mPolygon with duplicate edge inside cell[32m 1[2mms[22m[39m
 [32mΓ£ô[39m node_modules/.pnpm/maplibre-gl@5.15.0/node_modules/maplibre-gl/src/render/subdivision.test.ts[2m > [22mFill subdivision[2m > [22mGenerates pole geometry for both poles[32m 1[2mms[22m[39m
 [32mΓ£ô[39m node_modules/.pnpm/maplibre-gl@5.15.0/node_modules/maplibre-gl/src/render/subdivision.test.ts[2m > [22mFill subdivision[2m > [22mGenerates pole geometry for north pole only (geometry not bordering other pole)[32m 0[2mms[22m[39m
 [32mΓ£ô[39m node_modules/.pnpm/maplibre-gl@5.15.0/node_modules/maplibre-gl/src/render/subdivision.test.ts[2m > [22mFill subdivision[2m > [22mGenerates pole geometry for south pole only (geometry not bordering other pole)[32m 1[2mms[22m[39m
 [32mΓ£ô[39m node_modules/.pnpm/maplibre-gl@5.15.0/node_modules/maplibre-gl/src/render/subdivision.test.ts[2m > [22mFill subdivision[2m > [22mGenerates pole geometry for north pole only (tile not bordering other pole)[32m 1[2mms[22m[39m
 [32mΓ£ô[39m node_modules/.pnpm/maplibre-gl@5.15.0/node_modules/maplibre-gl/src/render/subdivision.test.ts[2m > [22mFill subdivision[2m > [22mGenerates pole geometry for south pole only (tile not bordering other pole)[32m 1[2mms[22m[39m
 [32mΓ£ô[39m node_modules/.pnpm/maplibre-gl@5.15.0/node_modules/maplibre-gl/src/render/subdivision.test.ts[2m > [22mFill subdivision[2m > [22mScanline subdivision ring generation case 1[32m 0[2mms[22m[39m
 [32mΓ£ô[39m node_modules/.pnpm/maplibre-gl@5.15.0/node_modules/maplibre-gl/src/render/subdivision.test.ts[2m > [22mFill subdivision[2m > [22mScanline subdivision ring generation case 2[32m 1[2mms[22m[39m
 [32mΓ£ô[39m node_modules/maplibre-gl/src/render/subdivision.test.ts[2m > [22mLine geometry subdivision[2m > [22mLine inside cell remains unchanged[32m 5[2mms[22m[39m
 [32mΓ£ô[39m node_modules/maplibre-gl/src/render/subdivision.test.ts[2m > [22mLine geometry subdivision[2m > [22mSimple line[32m 1[2mms[22m[39m
 [32mΓ£ô[39m node_modules/maplibre-gl/src/render/subdivision.test.ts[2m > [22mLine geometry subdivision[2m > [22mSimple ring[32m 1[2mms[22m[39m
 [32mΓ£ô[39m node_modules/maplibre-gl/src/render/subdivision.test.ts[2m > [22mLine geometry subdivision[2m > [22mSimple ring inside cell[32m 1[2mms[22m[39m
 [32mΓ£ô[39m node_modules/maplibre-gl/src/render/subdivision.test.ts[2m > [22mLine geometry subdivision[2m > [22mSimple ring is unchanged when granularity=0[32m 0[2mms[22m[39m
 [32mΓ£ô[39m node_modules/maplibre-gl/src/render/subdivision.test.ts[2m > [22mLine geometry subdivision[2m > [22mLine lies on subdivision axis[32m 0[2mms[22m[39m
 [32mΓ£ô[39m node_modules/maplibre-gl/src/render/subdivision.test.ts[2m > [22mLine geometry subdivision[2m > [22mLine circles a subdivision cell[32m 1[2mms[22m[39m
 [32mΓ£ô[39m node_modules/maplibre-gl/src/render/subdivision.test.ts[2m > [22mLine geometry subdivision[2m > [22mLine goes through cell vertices[32m 0[2mms[22m[39m
 [32mΓ£ô[39m node_modules/maplibre-gl/src/render/subdivision.test.ts[2m > [22mLine geometry subdivision[2m > [22mLine crosses several cells[32m 1[2mms[22m[39m
 [32mΓ£ô[39m node_modules/maplibre-gl/src/render/subdivision.test.ts[2m > [22mLine geometry subdivision[2m > [22mLine crosses several cells in negative coordinates[32m 0[2mms[22m[39m
 [32mΓ£ô[39m node_modules/maplibre-gl/src/render/subdivision.test.ts[2m > [22mLine geometry subdivision[2m > [22mLine is unmodified at granularity 1[32m 0[2mms[22m[39m
 [32mΓ£ô[39m node_modules/maplibre-gl/src/render/subdivision.test.ts[2m > [22mLine geometry subdivision[2m > [22mLine is unmodified at granularity 0[32m 0[2mms[22m[39m
 [32mΓ£ô[39m node_modules/maplibre-gl/src/render/subdivision.test.ts[2m > [22mLine geometry subdivision[2m > [22mLine is unmodified at granularity -2[32m 0[2mms[22m[39m
 [32mΓ£ô[39m node_modules/maplibre-gl/src/render/subdivision.test.ts[2m > [22mFill subdivision[2m > [22mPolygon is unchanged when granularity=1[32m 4[2mms[22m[39m
 [32mΓ£ô[39m node_modules/maplibre-gl/src/render/subdivision.test.ts[2m > [22mFill subdivision[2m > [22mPolygon is unchanged when granularity=1, but winding order is corrected.[32m 1[2mms[22m[39m
 [32mΓ£ô[39m node_modules/maplibre-gl/src/render/subdivision.test.ts[2m > [22mFill subdivision[2m > [22mPolygon inside cell is unchanged[32m 2[2mms[22m[39m
 [32mΓ£ô[39m node_modules/maplibre-gl/src/render/subdivision.test.ts[2m > [22mFill subdivision[2m > [22mSubdivide a polygon[32m 3[2mms[22m[39m
 [32mΓ£ô[39m node_modules/maplibre-gl/src/render/subdivision.test.ts[2m > [22mFill subdivision[2m > [22mPolygon outline line list is correct[2m > [22mSubcell polygon[32m 1[2mms[22m[39m
 [32mΓ£ô[39m node_modules/maplibre-gl/src/render/subdivision.test.ts[2m > [22mFill subdivision[2m > [22mPolygon outline line list is correct[2m > [22mSmall polygon[32m 1[2mms[22m[39m
 [32mΓ£ô[39m node_modules/maplibre-gl/src/render/subdivision.test.ts[2m > [22mFill subdivision[2m > [22mPolygon outline line list is correct[2m > [22mMedium polygon[32m 2[2mms[22m[39m
 [32mΓ£ô[39m node_modules/maplibre-gl/src/render/subdivision.test.ts[2m > [22mFill subdivision[2m > [22mPolygon outline line list is correct[2m > [22mLarge polygon[32m 33[2mms[22m[39m
 [32mΓ£ô[39m node_modules/maplibre-gl/src/render/subdivision.test.ts[2m > [22mFill subdivision[2m > [22mPolygon outline line list is correct[2m > [22mLarge polygon with hole[32m 17[2mms[22m[39m
 [32mΓ£ô[39m node_modules/maplibre-gl/src/render/subdivision.test.ts[2m > [22mFill subdivision[2m > [22mPolygon outline line list is correct[2m > [22mLarge polygon with hole, granularity=0[32m 1[2mms[22m[39m
 [32mΓ£ô[39m node_modules/maplibre-gl/src/render/subdivision.test.ts[2m > [22mFill subdivision[2m > [22mPolygon outline line list is correct[2m > [22mLarge polygon with hole, finer granularity[32m 4[2mms[22m[39m
 [32mΓ£ô[39m node_modules/maplibre-gl/src/render/subdivision.test.ts[2m > [22mFill subdivision[2m > [22mPolygon outline line list is correct[2m > [22mPolygon with hole inside cell[32m 1[2mms[22m[39m
 [32mΓ£ô[39m node_modules/maplibre-gl/src/render/subdivision.test.ts[2m > [22mFill subdivision[2m > [22mPolygon outline line list is correct[2m > [22mPolygon with duplicate vertex with hole inside cell[32m 1[2mms[22m[39m
 [32mΓ£ô[39m node_modules/maplibre-gl/src/render/subdivision.test.ts[2m > [22mFill subdivision[2m > [22mPolygon outline line list is correct[2m > [22mPolygon with duplicate edge inside cell[32m 0[2mms[22m[39m
 [32mΓ£ô[39m node_modules/maplibre-gl/src/render/subdivision.test.ts[2m > [22mFill subdivision[2m > [22mGenerates pole geometry for both poles[32m 1[2mms[22m[39m
 [32mΓ£ô[39m node_modules/maplibre-gl/src/render/subdivision.test.ts[2m > [22mFill subdivision[2m > [22mGenerates pole geometry for north pole only (geometry not bordering other pole)[32m 1[2mms[22m[39m
 [32mΓ£ô[39m node_modules/maplibre-gl/src/render/subdivision.test.ts[2m > [22mFill subdivision[2m > [22mGenerates pole geometry for south pole only (geometry not bordering other pole)[32m 0[2mms[22m[39m
 [32mΓ£ô[39m node_modules/maplibre-gl/src/render/subdivision.test.ts[2m > [22mFill subdivision[2m > [22mGenerates pole geometry for north pole only (tile not bordering other pole)[32m 2[2mms[22m[39m
 [32mΓ£ô[39m node_modules/maplibre-gl/src/render/subdivision.test.ts[2m > [22mFill subdivision[2m > [22mGenerates pole geometry for south pole only (tile not bordering other pole)[32m 1[2mms[22m[39m
 [32mΓ£ô[39m node_modules/maplibre-gl/src/render/subdivision.test.ts[2m > [22mFill subdivision[2m > [22mScanline subdivision ring generation case 1[32m 0[2mms[22m[39m
 [32mΓ£ô[39m node_modules/maplibre-gl/src/render/subdivision.test.ts[2m > [22mFill subdivision[2m > [22mScanline subdivision ring generation case 2[32m 0[2mms[22m[39m
 [32mΓ£ô[39m node_modules/.pnpm/@vis.gl+react-maplibre@8.1._02dd8e1c741d0f23c6f18bb60b165618/node_modules/maplibre-gl/src/render/subdivision.test.ts[2m > [22mLine geometry subdivision[2m > [22mLine inside cell remains unchanged[32m 4[2mms[22m[39m
 [32mΓ£ô[39m node_modules/.pnpm/@vis.gl+react-maplibre@8.1._02dd8e1c741d0f23c6f18bb60b165618/node_modules/maplibre-gl/src/render/subdivision.test.ts[2m > [22mLine geometry subdivision[2m > [22mSimple line[32m 1[2mms[22m[39m
 [32mΓ£ô[39m node_modules/.pnpm/@vis.gl+react-maplibre@8.1._02dd8e1c741d0f23c6f18bb60b165618/node_modules/maplibre-gl/src/render/subdivision.test.ts[2m > [22mLine geometry subdivision[2m > [22mSimple ring[32m 1[2mms[22m[39m
 [32mΓ£ô[39m node_modules/.pnpm/@vis.gl+react-maplibre@8.1._02dd8e1c741d0f23c6f18bb60b165618/node_modules/maplibre-gl/src/render/subdivision.test.ts[2m > [22mLine geometry subdivision[2m > [22mSimple ring inside cell[32m 1[2mms[22m[39m
 [32mΓ£ô[39m node_modules/.pnpm/@vis.gl+react-maplibre@8.1._02dd8e1c741d0f23c6f18bb60b165618/node_modules/maplibre-gl/src/render/subdivision.test.ts[2m > [22mLine geometry subdivision[2m > [22mSimple ring is unchanged when granularity=0[32m 0[2mms[22m[39m
 [32mΓ£ô[39m node_modules/.pnpm/@vis.gl+react-maplibre@8.1._02dd8e1c741d0f23c6f18bb60b165618/node_modules/maplibre-gl/src/render/subdivision.test.ts[2m > [22mLine geometry subdivision[2m > [22mLine lies on subdivision axis[32m 0[2mms[22m[39m
 [32mΓ£ô[39m node_modules/.pnpm/@vis.gl+react-maplibre@8.1._02dd8e1c741d0f23c6f18bb60b165618/node_modules/maplibre-gl/src/render/subdivision.test.ts[2m > [22mLine geometry subdivision[2m > [22mLine circles a subdivision cell[32m 1[2mms[22m[39m
 [32mΓ£ô[39m node_modules/.pnpm/@vis.gl+react-maplibre@8.1._02dd8e1c741d0f23c6f18bb60b165618/node_modules/maplibre-gl/src/render/subdivision.test.ts[2m > [22mLine geometry subdivision[2m > [22mLine goes through cell vertices[32m 0[2mms[22m[39m
 [32mΓ£ô[39m node_modules/.pnpm/@vis.gl+react-maplibre@8.1._02dd8e1c741d0f23c6f18bb60b165618/node_modules/maplibre-gl/src/render/subdivision.test.ts[2m > [22mLine geometry subdivision[2m > [22mLine crosses several cells[32m 1[2mms[22m[39m
 [32mΓ£ô[39m node_modules/.pnpm/@vis.gl+react-maplibre@8.1._02dd8e1c741d0f23c6f18bb60b165618/node_modules/maplibre-gl/src/render/subdivision.test.ts[2m > [22mLine geometry subdivision[2m > [22mLine crosses several cells in negative coordinates[32m 0[2mms[22m[39m
 [32mΓ£ô[39m node_modules/.pnpm/@vis.gl+react-maplibre@8.1._02dd8e1c741d0f23c6f18bb60b165618/node_modules/maplibre-gl/src/render/subdivision.test.ts[2m > [22mLine geometry subdivision[2m > [22mLine is unmodified at granularity 1[32m 0[2mms[22m[39m
 [32mΓ£ô[39m node_modules/.pnpm/@vis.gl+react-maplibre@8.1._02dd8e1c741d0f23c6f18bb60b165618/node_modules/maplibre-gl/src/render/subdivision.test.ts[2m > [22mLine geometry subdivision[2m > [22mLine is unmodified at granularity 0[32m 0[2mms[22m[39m
 [32mΓ£ô[39m node_modules/.pnpm/@vis.gl+react-maplibre@8.1._02dd8e1c741d0f23c6f18bb60b165618/node_modules/maplibre-gl/src/render/subdivision.test.ts[2m > [22mLine geometry subdivision[2m > [22mLine is unmodified at granularity -2[32m 0[2mms[22m[39m
 [32mΓ£ô[39m node_modules/.pnpm/@vis.gl+react-maplibre@8.1._02dd8e1c741d0f23c6f18bb60b165618/node_modules/maplibre-gl/src/render/subdivision.test.ts[2m > [22mFill subdivision[2m > [22mPolygon is unchanged when granularity=1[32m 2[2mms[22m[39m
 [32mΓ£ô[39m node_modules/.pnpm/@vis.gl+react-maplibre@8.1._02dd8e1c741d0f23c6f18bb60b165618/node_modules/maplibre-gl/src/render/subdivision.test.ts[2m > [22mFill subdivision[2m > [22mPolygon is unchanged when granularity=1, but winding order is corrected.[32m 2[2mms[22m[39m
 [32mΓ£ô[39m node_modules/.pnpm/@vis.gl+react-maplibre@8.1._02dd8e1c741d0f23c6f18bb60b165618/node_modules/maplibre-gl/src/render/subdivision.test.ts[2m > [22mFill subdivision[2m > [22mPolygon inside cell is unchanged[32m 2[2mms[22m[39m
 [32mΓ£ô[39m node_modules/.pnpm/@vis.gl+react-maplibre@8.1._02dd8e1c741d0f23c6f18bb60b165618/node_modules/maplibre-gl/src/render/subdivision.test.ts[2m > [22mFill subdivision[2m > [22mSubdivide a polygon[32m 2[2mms[22m[39m
 [32mΓ£ô[39m node_modules/.pnpm/@vis.gl+react-maplibre@8.1._02dd8e1c741d0f23c6f18bb60b165618/node_modules/maplibre-gl/src/render/subdivision.test.ts[2m > [22mFill subdivision[2m > [22mPolygon outline line list is correct[2m > [22mSubcell polygon[32m 1[2mms[22m[39m
 [32mΓ£ô[39m node_modules/.pnpm/@vis.gl+react-maplibre@8.1._02dd8e1c741d0f23c6f18bb60b165618/node_modules/maplibre-gl/src/render/subdivision.test.ts[2m > [22mFill subdivision[2m > [22mPolygon outline line list is correct[2m > [22mSmall polygon[32m 1[2mms[22m[39m
 [32mΓ£ô[39m node_modules/.pnpm/@vis.gl+react-maplibre@8.1._02dd8e1c741d0f23c6f18bb60b165618/node_modules/maplibre-gl/src/render/subdivision.test.ts[2m > [22mFill subdivision[2m > [22mPolygon outline line list is correct[2m > [22mMedium polygon[32m 2[2mms[22m[39m
 [32mΓ£ô[39m node_modules/.pnpm/@vis.gl+react-maplibre@8.1._02dd8e1c741d0f23c6f18bb60b165618/node_modules/maplibre-gl/src/render/subdivision.test.ts[2m > [22mFill subdivision[2m > [22mPolygon outline line list is correct[2m > [22mLarge polygon[32m 40[2mms[22m[39m
 [32mΓ£ô[39m node_modules/.pnpm/@vis.gl+react-maplibre@8.1._02dd8e1c741d0f23c6f18bb60b165618/node_modules/maplibre-gl/src/render/subdivision.test.ts[2m > [22mFill subdivision[2m > [22mPolygon outline line list is correct[2m > [22mLarge polygon with hole[32m 25[2mms[22m[39m
 [32mΓ£ô[39m node_modules/.pnpm/@vis.gl+react-maplibre@8.1._02dd8e1c741d0f23c6f18bb60b165618/node_modules/maplibre-gl/src/render/subdivision.test.ts[2m > [22mFill subdivision[2m > [22mPolygon outline line list is correct[2m > [22mLarge polygon with hole, granularity=0[32m 1[2mms[22m[39m
 [32mΓ£ô[39m node_modules/.pnpm/@vis.gl+react-maplibre@8.1._02dd8e1c741d0f23c6f18bb60b165618/node_modules/maplibre-gl/src/render/subdivision.test.ts[2m > [22mFill subdivision[2m > [22mPolygon outline line list is correct[2m > [22mLarge polygon with hole, finer granularity[32m 7[2mms[22m[39m
 [32mΓ£ô[39m node_modules/.pnpm/@vis.gl+react-maplibre@8.1._02dd8e1c741d0f23c6f18bb60b165618/node_modules/maplibre-gl/src/render/subdivision.test.ts[2m > [22mFill subdivision[2m > [22mPolygon outline line list is correct[2m > [22mPolygon with hole inside cell[32m 1[2mms[22m[39m
 [32mΓ£ô[39m node_modules/.pnpm/@vis.gl+react-maplibre@8.1._02dd8e1c741d0f23c6f18bb60b165618/node_modules/maplibre-gl/src/render/subdivision.test.ts[2m > [22mFill subdivision[2m > [22mPolygon outline line list is correct[2m > [22mPolygon with duplicate vertex with hole inside cell[32m 1[2mms[22m[39m
 [32mΓ£ô[39m node_modules/.pnpm/@vis.gl+react-maplibre@8.1._02dd8e1c741d0f23c6f18bb60b165618/node_modules/maplibre-gl/src/render/subdivision.test.ts[2m > [22mFill subdivision[2m > [22mPolygon outline line list is correct[2m > [22mPolygon with duplicate edge inside cell[32m 2[2mms[22m[39m
 [32mΓ£ô[39m node_modules/.pnpm/@vis.gl+react-maplibre@8.1._02dd8e1c741d0f23c6f18bb60b165618/node_modules/maplibre-gl/src/render/subdivision.test.ts[2m > [22mFill subdivision[2m > [22mGenerates pole geometry for both poles[32m 1[2mms[22m[39m
 [32mΓ£ô[39m node_modules/.pnpm/@vis.gl+react-maplibre@8.1._02dd8e1c741d0f23c6f18bb60b165618/node_modules/maplibre-gl/src/render/subdivision.test.ts[2m > [22mFill subdivision[2m > [22mGenerates pole geometry for north pole only (geometry not bordering other pole)[32m 1[2mms[22m[39m
 [32mΓ£ô[39m node_modules/.pnpm/@vis.gl+react-maplibre@8.1._02dd8e1c741d0f23c6f18bb60b165618/node_modules/maplibre-gl/src/render/subdivision.test.ts[2m > [22mFill subdivision[2m > [22mGenerates pole geometry for south pole only (geometry not bordering other pole)[32m 1[2mms[22m[39m
 [32mΓ£ô[39m node_modules/.pnpm/@vis.gl+react-maplibre@8.1._02dd8e1c741d0f23c6f18bb60b165618/node_modules/maplibre-gl/src/render/subdivision.test.ts[2m > [22mFill subdivision[2m > [22mGenerates pole geometry for north pole only (tile not bordering other pole)[32m 1[2mms[22m[39m
 [32mΓ£ô[39m node_modules/.pnpm/@vis.gl+react-maplibre@8.1._02dd8e1c741d0f23c6f18bb60b165618/node_modules/maplibre-gl/src/render/subdivision.test.ts[2m > [22mFill subdivision[2m > [22mGenerates pole geometry for south pole only (tile not bordering other pole)[32m 1[2mms[22m[39m
 [32mΓ£ô[39m node_modules/.pnpm/@vis.gl+react-maplibre@8.1._02dd8e1c741d0f23c6f18bb60b165618/node_modules/maplibre-gl/src/render/subdivision.test.ts[2m > [22mFill subdivision[2m > [22mScanline subdivision ring generation case 1[32m 0[2mms[22m[39m
 [32mΓ£ô[39m node_modules/.pnpm/@vis.gl+react-maplibre@8.1._02dd8e1c741d0f23c6f18bb60b165618/node_modules/maplibre-gl/src/render/subdivision.test.ts[2m > [22mFill subdivision[2m > [22mScanline subdivision ring generation case 2[32m 0[2mms[22m[39m
 [32mΓ£ô[39m node_modules/.pnpm/react-map-gl@8.1.0_maplibre_f5b73890850d036840af8db7ab51d30f/node_modules/maplibre-gl/src/render/subdivision.test.ts[2m > [22mLine geometry subdivision[2m > [22mLine inside cell remains unchanged[32m 6[2mms[22m[39m
 [32mΓ£ô[39m node_modules/.pnpm/react-map-gl@8.1.0_maplibre_f5b73890850d036840af8db7ab51d30f/node_modules/maplibre-gl/src/render/subdivision.test.ts[2m > [22mLine geometry subdivision[2m > [22mSimple line[32m 1[2mms[22m[39m
 [32mΓ£ô[39m node_modules/.pnpm/react-map-gl@8.1.0_maplibre_f5b73890850d036840af8db7ab51d30f/node_modules/maplibre-gl/src/render/subdivision.test.ts[2m > [22mLine geometry subdivision[2m > [22mSimple ring[32m 1[2mms[22m[39m
 [32mΓ£ô[39m node_modules/.pnpm/react-map-gl@8.1.0_maplibre_f5b73890850d036840af8db7ab51d30f/node_modules/maplibre-gl/src/render/subdivision.test.ts[2m > [22mLine geometry subdivision[2m > [22mSimple ring inside cell[32m 2[2mms[22m[39m
 [32mΓ£ô[39m node_modules/.pnpm/react-map-gl@8.1.0_maplibre_f5b73890850d036840af8db7ab51d30f/node_modules/maplibre-gl/src/render/subdivision.test.ts[2m > [22mLine geometry subdivision[2m > [22mSimple ring is unchanged when granularity=0[32m 0[2mms[22m[39m
 [32mΓ£ô[39m node_modules/.pnpm/react-map-gl@8.1.0_maplibre_f5b73890850d036840af8db7ab51d30f/node_modules/maplibre-gl/src/render/subdivision.test.ts[2m > [22mLine geometry subdivision[2m > [22mLine lies on subdivision axis[32m 0[2mms[22m[39m
 [32mΓ£ô[39m node_modules/.pnpm/react-map-gl@8.1.0_maplibre_f5b73890850d036840af8db7ab51d30f/node_modules/maplibre-gl/src/render/subdivision.test.ts[2m > [22mLine geometry subdivision[2m > [22mLine circles a subdivision cell[32m 1[2mms[22m[39m
 [32mΓ£ô[39m node_modules/.pnpm/react-map-gl@8.1.0_maplibre_f5b73890850d036840af8db7ab51d30f/node_modules/maplibre-gl/src/render/subdivision.test.ts[2m > [22mLine geometry subdivision[2m > [22mLine goes through cell vertices[32m 0[2mms[22m[39m
 [32mΓ£ô[39m node_modules/.pnpm/react-map-gl@8.1.0_maplibre_f5b73890850d036840af8db7ab51d30f/node_modules/maplibre-gl/src/render/subdivision.test.ts[2m > [22mLine geometry subdivision[2m > [22mLine crosses several cells[32m 1[2mms[22m[39m
 [32mΓ£ô[39m node_modules/.pnpm/react-map-gl@8.1.0_maplibre_f5b73890850d036840af8db7ab51d30f/node_modules/maplibre-gl/src/render/subdivision.test.ts[2m > [22mLine geometry subdivision[2m > [22mLine crosses several cells in negative coordinates[32m 1[2mms[22m[39m
 [32mΓ£ô[39m node_modules/.pnpm/react-map-gl@8.1.0_maplibre_f5b73890850d036840af8db7ab51d30f/node_modules/maplibre-gl/src/render/subdivision.test.ts[2m > [22mLine geometry subdivision[2m > [22mLine is unmodified at granularity 1[32m 0[2mms[22m[39m
 [32mΓ£ô[39m node_modules/.pnpm/react-map-gl@8.1.0_maplibre_f5b73890850d036840af8db7ab51d30f/node_modules/maplibre-gl/src/render/subdivision.test.ts[2m > [22mLine geometry subdivision[2m > [22mLine is unmodified at granularity 0[32m 1[2mms[22m[39m
 [32mΓ£ô[39m node_modules/.pnpm/react-map-gl@8.1.0_maplibre_f5b73890850d036840af8db7ab51d30f/node_modules/maplibre-gl/src/render/subdivision.test.ts[2m > [22mLine geometry subdivision[2m > [22mLine is unmodified at granularity -2[32m 1[2mms[22m[39m
 [32mΓ£ô[39m node_modules/.pnpm/react-map-gl@8.1.0_maplibre_f5b73890850d036840af8db7ab51d30f/node_modules/maplibre-gl/src/render/subdivision.test.ts[2m > [22mFill subdivision[2m > [22mPolygon is unchanged when granularity=1[32m 2[2mms[22m[39m
 [32mΓ£ô[39m node_modules/.pnpm/react-map-gl@8.1.0_maplibre_f5b73890850d036840af8db7ab51d30f/node_modules/maplibre-gl/src/render/subdivision.test.ts[2m > [22mFill subdivision[2m > [22mPolygon is unchanged when granularity=1, but winding order is corrected.[32m 1[2mms[22m[39m
 [32mΓ£ô[39m node_modules/.pnpm/react-map-gl@8.1.0_maplibre_f5b73890850d036840af8db7ab51d30f/node_modules/maplibre-gl/src/render/subdivision.test.ts[2m > [22mFill subdivision[2m > [22mPolygon inside cell is unchanged[32m 1[2mms[22m[39m
 [32mΓ£ô[39m node_modules/.pnpm/react-map-gl@8.1.0_maplibre_f5b73890850d036840af8db7ab51d30f/node_modules/maplibre-gl/src/render/subdivision.test.ts[2m > [22mFill subdivision[2m > [22mSubdivide a polygon[32m 2[2mms[22m[39m
 [32mΓ£ô[39m node_modules/.pnpm/react-map-gl@8.1.0_maplibre_f5b73890850d036840af8db7ab51d30f/node_modules/maplibre-gl/src/render/subdivision.test.ts[2m > [22mFill subdivision[2m > [22mPolygon outline line list is correct[2m > [22mSubcell polygon[32m 1[2mms[22m[39m
 [32mΓ£ô[39m node_modules/.pnpm/react-map-gl@8.1.0_maplibre_f5b73890850d036840af8db7ab51d30f/node_modules/maplibre-gl/src/render/subdivision.test.ts[2m > [22mFill subdivision[2m > [22mPolygon outline line list is correct[2m > [22mSmall polygon[32m 1[2mms[22m[39m
 [32mΓ£ô[39m node_modules/.pnpm/react-map-gl@8.1.0_maplibre_f5b73890850d036840af8db7ab51d30f/node_modules/maplibre-gl/src/render/subdivision.test.ts[2m > [22mFill subdivision[2m > [22mPolygon outline line list is correct[2m > [22mMedium polygon[32m 1[2mms[22m[39m
 [32mΓ£ô[39m node_modules/.pnpm/react-map-gl@8.1.0_maplibre_f5b73890850d036840af8db7ab51d30f/node_modules/maplibre-gl/src/render/subdivision.test.ts[2m > [22mFill subdivision[2m > [22mPolygon outline line list is correct[2m > [22mLarge polygon[32m 33[2mms[22m[39m
 [32mΓ£ô[39m node_modules/.pnpm/react-map-gl@8.1.0_maplibre_f5b73890850d036840af8db7ab51d30f/node_modules/maplibre-gl/src/render/subdivision.test.ts[2m > [22mFill subdivision[2m > [22mPolygon outline line list is correct[2m > [22mLarge polygon with hole[32m 21[2mms[22m[39m
 [32mΓ£ô[39m node_modules/.pnpm/react-map-gl@8.1.0_maplibre_f5b73890850d036840af8db7ab51d30f/node_modules/maplibre-gl/src/render/subdivision.test.ts[2m > [22mFill subdivision[2m > [22mPolygon outline line list is correct[2m > [22mLarge polygon with hole, granularity=0[32m 1[2mms[22m[39m
 [32mΓ£ô[39m node_modules/.pnpm/react-map-gl@8.1.0_maplibre_f5b73890850d036840af8db7ab51d30f/node_modules/maplibre-gl/src/render/subdivision.test.ts[2m > [22mFill subdivision[2m > [22mPolygon outline line list is correct[2m > [22mLarge polygon with hole, finer granularity[32m 7[2mms[22m[39m
 [32mΓ£ô[39m node_modules/.pnpm/react-map-gl@8.1.0_maplibre_f5b73890850d036840af8db7ab51d30f/node_modules/maplibre-gl/src/render/subdivision.test.ts[2m > [22mFill subdivision[2m > [22mPolygon outline line list is correct[2m > [22mPolygon with hole inside cell[32m 1[2mms[22m[39m
 [32mΓ£ô[39m node_modules/.pnpm/react-map-gl@8.1.0_maplibre_f5b73890850d036840af8db7ab51d30f/node_modules/maplibre-gl/src/render/subdivision.test.ts[2m > [22mFill subdivision[2m > [22mPolygon outline line list is correct[2m > [22mPolygon with duplicate vertex with hole inside cell[32m 1[2mms[22m[39m
 [32mΓ£ô[39m node_modules/.pnpm/react-map-gl@8.1.0_maplibre_f5b73890850d036840af8db7ab51d30f/node_modules/maplibre-gl/src/render/subdivision.test.ts[2m > [22mFill subdivision[2m > [22mPolygon outline line list is correct[2m > [22mPolygon with duplicate edge inside cell[32m 1[2mms[22m[39m
 [32mΓ£ô[39m node_modules/.pnpm/react-map-gl@8.1.0_maplibre_f5b73890850d036840af8db7ab51d30f/node_modules/maplibre-gl/src/render/subdivision.test.ts[2m > [22mFill subdivision[2m > [22mGenerates pole geometry for both poles[32m 1[2mms[22m[39m
 [32mΓ£ô[39m node_modules/.pnpm/react-map-gl@8.1.0_maplibre_f5b73890850d036840af8db7ab51d30f/node_modules/maplibre-gl/src/render/subdivision.test.ts[2m > [22mFill subdivision[2m > [22mGenerates pole geometry for north pole only (geometry not bordering other pole)[32m 1[2mms[22m[39m
 [32mΓ£ô[39m node_modules/.pnpm/react-map-gl@8.1.0_maplibre_f5b73890850d036840af8db7ab51d30f/node_modules/maplibre-gl/src/render/subdivision.test.ts[2m > [22mFill subdivision[2m > [22mGenerates pole geometry for south pole only (geometry not bordering other pole)[32m 1[2mms[22m[39m
 [32mΓ£ô[39m node_modules/.pnpm/react-map-gl@8.1.0_maplibre_f5b73890850d036840af8db7ab51d30f/node_modules/maplibre-gl/src/render/subdivision.test.ts[2m > [22mFill subdivision[2m > [22mGenerates pole geometry for north pole only (tile not bordering other pole)[32m 1[2mms[22m[39m
 [32mΓ£ô[39m node_modules/.pnpm/react-map-gl@8.1.0_maplibre_f5b73890850d036840af8db7ab51d30f/node_modules/maplibre-gl/src/render/subdivision.test.ts[2m > [22mFill subdivision[2m > [22mGenerates pole geometry for south pole only (tile not bordering other pole)[32m 1[2mms[22m[39m
 [32mΓ£ô[39m node_modules/.pnpm/react-map-gl@8.1.0_maplibre_f5b73890850d036840af8db7ab51d30f/node_modules/maplibre-gl/src/render/subdivision.test.ts[2m > [22mFill subdivision[2m > [22mScanline subdivision ring generation case 1[32m 0[2mms[22m[39m
 [32mΓ£ô[39m node_modules/.pnpm/react-map-gl@8.1.0_maplibre_f5b73890850d036840af8db7ab51d30f/node_modules/maplibre-gl/src/render/subdivision.test.ts[2m > [22mFill subdivision[2m > [22mScanline subdivision ring generation case 2[32m 0[2mms[22m[39m
 [32mΓ£ô[39m node_modules/.pnpm/@vis.gl+react-maplibre@8.1._02dd8e1c741d0f23c6f18bb60b165618/node_modules/@maplibre/maplibre-gl-style-spec/src/feature_filter/feature_filter.test.ts[2m > [22mfilter[2m > [22mexpressions transpilation test[32m 5[2mms[22m[39m
 [32mΓ£ô[39m node_modules/.pnpm/@vis.gl+react-maplibre@8.1._02dd8e1c741d0f23c6f18bb60b165618/node_modules/@maplibre/maplibre-gl-style-spec/src/feature_filter/feature_filter.test.ts[2m > [22mfilter[2m > [22mexpression, zoom[32m 3[2mms[22m[39m
 [31m├ù[39m node_modules/.pnpm/@vis.gl+react-maplibre@8.1._02dd8e1c741d0f23c6f18bb60b165618/node_modules/@maplibre/maplibre-gl-style-spec/src/feature_filter/feature_filter.test.ts[2m > [22mfilter[2m > [22mexpression, compare two properties[32m 19[2mms[22m[39m
[31m   ΓåÆ jest is not defined[39m
 [32mΓ£ô[39m node_modules/.pnpm/@vis.gl+react-maplibre@8.1._02dd8e1c741d0f23c6f18bb60b165618/node_modules/@maplibre/maplibre-gl-style-spec/src/feature_filter/feature_filter.test.ts[2m > [22mfilter[2m > [22mexpression, collator comparison[32m 34[2mms[22m[39m
 [32mΓ£ô[39m node_modules/.pnpm/@vis.gl+react-maplibre@8.1._02dd8e1c741d0f23c6f18bb60b165618/node_modules/@maplibre/maplibre-gl-style-spec/src/feature_filter/feature_filter.test.ts[2m > [22mfilter[2m > [22mexpression, any/all[32m 4[2mms[22m[39m
 [32mΓ£ô[39m node_modules/.pnpm/@vis.gl+react-maplibre@8.1._02dd8e1c741d0f23c6f18bb60b165618/node_modules/@maplibre/maplibre-gl-style-spec/src/feature_filter/feature_filter.test.ts[2m > [22mfilter[2m > [22mexpression, literal[32m 0[2mms[22m[39m
 [32mΓ£ô[39m node_modules/.pnpm/@vis.gl+react-maplibre@8.1._02dd8e1c741d0f23c6f18bb60b165618/node_modules/@maplibre/maplibre-gl-style-spec/src/feature_filter/feature_filter.test.ts[2m > [22mfilter[2m > [22mexpression, match[32m 1[2mms[22m[39m
 [32mΓ£ô[39m node_modules/.pnpm/@vis.gl+react-maplibre@8.1._02dd8e1c741d0f23c6f18bb60b165618/node_modules/@maplibre/maplibre-gl-style-spec/src/feature_filter/feature_filter.test.ts[2m > [22mfilter[2m > [22mexpression, type error[32m 2[2mms[22m[39m
 [32mΓ£ô[39m node_modules/.pnpm/@vis.gl+react-maplibre@8.1._02dd8e1c741d0f23c6f18bb60b165618/node_modules/@maplibre/maplibre-gl-style-spec/src/feature_filter/feature_filter.test.ts[2m > [22mfilter[2m > [22mexpression, within[32m 3[2mms[22m[39m
 [32mΓ£ô[39m node_modules/.pnpm/@vis.gl+react-maplibre@8.1._02dd8e1c741d0f23c6f18bb60b165618/node_modules/@maplibre/maplibre-gl-style-spec/src/feature_filter/feature_filter.test.ts[2m > [22mfilter[2m > [22mdegenerate[32m 0[2mms[22m[39m
 [32mΓ£ô[39m node_modules/.pnpm/@vis.gl+react-maplibre@8.1._02dd8e1c741d0f23c6f18bb60b165618/node_modules/@maplibre/maplibre-gl-style-spec/src/feature_filter/feature_filter.test.ts[2m > [22mfilter[2m > [22m==, string[32m 0[2mms[22m[39m
 [32mΓ£ô[39m node_modules/.pnpm/@vis.gl+react-maplibre@8.1._02dd8e1c741d0f23c6f18bb60b165618/node_modules/@maplibre/maplibre-gl-style-spec/src/feature_filter/feature_filter.test.ts[2m > [22mfilter[2m > [22m==, number[32m 0[2mms[22m[39m
 [32mΓ£ô[39m node_modules/.pnpm/@vis.gl+react-maplibre@8.1._02dd8e1c741d0f23c6f18bb60b165618/node_modules/@maplibre/maplibre-gl-style-spec/src/feature_filter/feature_filter.test.ts[2m > [22mfilter[2m > [22m==, null[32m 0[2mms[22m[39m
 [32mΓ£ô[39m node_modules/.pnpm/@vis.gl+react-maplibre@8.1._02dd8e1c741d0f23c6f18bb60b165618/node_modules/@maplibre/maplibre-gl-style-spec/src/feature_filter/feature_filter.test.ts[2m > [22mfilter[2m > [22m==, $type[32m 0[2mms[22m[39m
 [32mΓ£ô[39m node_modules/.pnpm/@vis.gl+react-maplibre@8.1._02dd8e1c741d0f23c6f18bb60b165618/node_modules/@maplibre/maplibre-gl-style-spec/src/feature_filter/feature_filter.test.ts[2m > [22mfilter[2m > [22m==, $id[32m 1[2mms[22m[39m
 [32mΓ£ô[39m node_modules/.pnpm/@vis.gl+react-maplibre@8.1._02dd8e1c741d0f23c6f18bb60b165618/node_modules/@maplibre/maplibre-gl-style-spec/src/feature_filter/feature_filter.test.ts[2m > [22mfilter[2m > [22m!=, string[32m 1[2mms[22m[39m
 [32mΓ£ô[39m node_modules/.pnpm/@vis.gl+react-maplibre@8.1._02dd8e1c741d0f23c6f18bb60b165618/node_modules/@maplibre/maplibre-gl-style-spec/src/feature_filter/feature_filter.test.ts[2m > [22mfilter[2m > [22m!=, number[32m 1[2mms[22m[39m
 [32mΓ£ô[39m node_modules/.pnpm/@vis.gl+react-maplibre@8.1._02dd8e1c741d0f23c6f18bb60b165618/node_modules/@maplibre/maplibre-gl-style-spec/src/feature_filter/feature_filter.test.ts[2m > [22mfilter[2m > [22m!=, null[32m 1[2mms[22m[39m
 [32mΓ£ô[39m node_modules/.pnpm/@vis.gl+react-maplibre@8.1._02dd8e1c741d0f23c6f18bb60b165618/node_modules/@maplibre/maplibre-gl-style-spec/src/feature_filter/feature_filter.test.ts[2m > [22mfilter[2m > [22m!=, $type[32m 0[2mms[22m[39m
 [32mΓ£ô[39m node_modules/.pnpm/@vis.gl+react-maplibre@8.1._02dd8e1c741d0f23c6f18bb60b165618/node_modules/@maplibre/maplibre-gl-style-spec/src/feature_filter/feature_filter.test.ts[2m > [22mfilter[2m > [22m<, number[32m 1[2mms[22m[39m
 [32mΓ£ô[39m node_modules/.pnpm/@vis.gl+react-maplibre@8.1._02dd8e1c741d0f23c6f18bb60b165618/node_modules/@maplibre/maplibre-gl-style-spec/src/feature_filter/feature_filter.test.ts[2m > [22mfilter[2m > [22m<, string[32m 3[2mms[22m[39m
 [32mΓ£ô[39m node_modules/.pnpm/@vis.gl+react-maplibre@8.1._02dd8e1c741d0f23c6f18bb60b165618/node_modules/@maplibre/maplibre-gl-style-spec/src/feature_filter/feature_filter.test.ts[2m > [22mfilter[2m > [22m<=, number[32m 1[2mms[22m[39m
 [32mΓ£ô[39m node_modules/.pnpm/@vis.gl+react-maplibre@8.1._02dd8e1c741d0f23c6f18bb60b165618/node_modules/@maplibre/maplibre-gl-style-spec/src/feature_filter/feature_filter.test.ts[2m > [22mfilter[2m > [22m<=, string[32m 1[2mms[22m[39m
 [32mΓ£ô[39m node_modules/.pnpm/@vis.gl+react-maplibre@8.1._02dd8e1c741d0f23c6f18bb60b165618/node_modules/@maplibre/maplibre-gl-style-spec/src/feature_filter/feature_filter.test.ts[2m > [22mfilter[2m > [22m>, number[32m 2[2mms[22m[39m
 [32mΓ£ô[39m node_modules/.pnpm/@vis.gl+react-maplibre@8.1._02dd8e1c741d0f23c6f18bb60b165618/node_modules/@maplibre/maplibre-gl-style-spec/src/feature_filter/feature_filter.test.ts[2m > [22mfilter[2m > [22m>, string[32m 1[2mms[22m[39m
 [32mΓ£ô[39m node_modules/.pnpm/@vis.gl+react-maplibre@8.1._02dd8e1c741d0f23c6f18bb60b165618/node_modules/@maplibre/maplibre-gl-style-spec/src/feature_filter/feature_filter.test.ts[2m > [22mfilter[2m > [22m>=, number[32m 1[2mms[22m[39m
 [32mΓ£ô[39m node_modules/.pnpm/@vis.gl+react-maplibre@8.1._02dd8e1c741d0f23c6f18bb60b165618/node_modules/@maplibre/maplibre-gl-style-spec/src/feature_filter/feature_filter.test.ts[2m > [22mfilter[2m > [22m>=, string[32m 1[2mms[22m[39m
 [32mΓ£ô[39m node_modules/.pnpm/@vis.gl+react-maplibre@8.1._02dd8e1c741d0f23c6f18bb60b165618/node_modules/@maplibre/maplibre-gl-style-spec/src/feature_filter/feature_filter.test.ts[2m > [22mfilter[2m > [22min, degenerate[32m 0[2mms[22m[39m
 [32mΓ£ô[39m node_modules/.pnpm/@vis.gl+react-maplibre@8.1._02dd8e1c741d0f23c6f18bb60b165618/node_modules/@maplibre/maplibre-gl-style-spec/src/feature_filter/feature_filter.test.ts[2m > [22mfilter[2m > [22min, string[32m 1[2mms[22m[39m
 [32mΓ£ô[39m node_modules/.pnpm/@vis.gl+react-maplibre@8.1._02dd8e1c741d0f23c6f18bb60b165618/node_modules/@maplibre/maplibre-gl-style-spec/src/feature_filter/feature_filter.test.ts[2m > [22mfilter[2m > [22min, number[32m 0[2mms[22m[39m
 [32mΓ£ô[39m node_modules/.pnpm/@vis.gl+react-maplibre@8.1._02dd8e1c741d0f23c6f18bb60b165618/node_modules/@maplibre/maplibre-gl-style-spec/src/feature_filter/feature_filter.test.ts[2m > [22mfilter[2m > [22min, null[32m 0[2mms[22m[39m
 [32mΓ£ô[39m node_modules/.pnpm/@vis.gl+react-maplibre@8.1._02dd8e1c741d0f23c6f18bb60b165618/node_modules/@maplibre/maplibre-gl-style-spec/src/feature_filter/feature_filter.test.ts[2m > [22mfilter[2m > [22min, multiple[32m 0[2mms[22m[39m
 [32mΓ£ô[39m node_modules/.pnpm/@vis.gl+react-maplibre@8.1._02dd8e1c741d0f23c6f18bb60b165618/node_modules/@maplibre/maplibre-gl-style-spec/src/feature_filter/feature_filter.test.ts[2m > [22mfilter[2m > [22min, large_multiple[32m 3[2mms[22m[39m
 [32mΓ£ô[39m node_modules/.pnpm/@vis.gl+react-maplibre@8.1._02dd8e1c741d0f23c6f18bb60b165618/node_modules/@maplibre/maplibre-gl-style-spec/src/feature_filter/feature_filter.test.ts[2m > [22mfilter[2m > [22min, large_multiple, heterogeneous[32m 2[2mms[22m[39m
 [32mΓ£ô[39m node_modules/.pnpm/@vis.gl+react-maplibre@8.1._02dd8e1c741d0f23c6f18bb60b165618/node_modules/@maplibre/maplibre-gl-style-spec/src/feature_filter/feature_filter.test.ts[2m > [22mfilter[2m > [22min, $type[32m 2[2mms[22m[39m
 [32mΓ£ô[39m node_modules/.pnpm/@vis.gl+react-maplibre@8.1._02dd8e1c741d0f23c6f18bb60b165618/node_modules/@maplibre/maplibre-gl-style-spec/src/feature_filter/feature_filter.test.ts[2m > [22mfilter[2m > [22m!in, degenerate[32m 0[2mms[22m[39m
 [32mΓ£ô[39m node_modules/.pnpm/@vis.gl+react-maplibre@8.1._02dd8e1c741d0f23c6f18bb60b165618/node_modules/@maplibre/maplibre-gl-style-spec/src/feature_filter/feature_filter.test.ts[2m > [22mfilter[2m > [22m!in, string[32m 1[2mms[22m[39m
 [32mΓ£ô[39m node_modules/.pnpm/@maplibre+maplibre-gl-style-spec@19.3.3/node_modules/@maplibre/maplibre-gl-style-spec/src/feature_filter/feature_filter.test.ts[2m > [22mfilter[2m > [22mexpressions transpilation test[32m 5[2mms[22m[39m
 [32mΓ£ô[39m node_modules/.pnpm/@maplibre+maplibre-gl-style-spec@19.3.3/node_modules/@maplibre/maplibre-gl-style-spec/src/feature_filter/feature_filter.test.ts[2m > [22mfilter[2m > [22mexpression, zoom[32m 4[2mms[22m[39m
 [31m├ù[39m node_modules/.pnpm/@maplibre+maplibre-gl-style-spec@19.3.3/node_modules/@maplibre/maplibre-gl-style-spec/src/feature_filter/feature_filter.test.ts[2m > [22mfilter[2m > [22mexpression, compare two properties[32m 17[2mms[22m[39m
[31m   ΓåÆ jest is not defined[39m
 [32mΓ£ô[39m node_modules/.pnpm/@maplibre+maplibre-gl-style-spec@19.3.3/node_modules/@maplibre/maplibre-gl-style-spec/src/feature_filter/feature_filter.test.ts[2m > [22mfilter[2m > [22mexpression, collator comparison[32m 31[2mms[22m[39m
 [32mΓ£ô[39m node_modules/.pnpm/@maplibre+maplibre-gl-style-spec@19.3.3/node_modules/@maplibre/maplibre-gl-style-spec/src/feature_filter/feature_filter.test.ts[2m > [22mfilter[2m > [22mexpression, any/all[32m 1[2mms[22m[39m
 [32mΓ£ô[39m node_modules/.pnpm/@maplibre+maplibre-gl-style-spec@19.3.3/node_modules/@maplibre/maplibre-gl-style-spec/src/feature_filter/feature_filter.test.ts[2m > [22mfilter[2m > [22mexpression, literal[32m 0[2mms[22m[39m
 [32mΓ£ô[39m node_modules/.pnpm/@maplibre+maplibre-gl-style-spec@19.3.3/node_modules/@maplibre/maplibre-gl-style-spec/src/feature_filter/feature_filter.test.ts[2m > [22mfilter[2m > [22mexpression, match[32m 1[2mms[22m[39m
 [32mΓ£ô[39m node_modules/.pnpm/@maplibre+maplibre-gl-style-spec@19.3.3/node_modules/@maplibre/maplibre-gl-style-spec/src/feature_filter/feature_filter.test.ts[2m > [22mfilter[2m > [22mexpression, type error[32m 4[2mms[22m[39m
 [32mΓ£ô[39m node_modules/.pnpm/@maplibre+maplibre-gl-style-spec@19.3.3/node_modules/@maplibre/maplibre-gl-style-spec/src/feature_filter/feature_filter.test.ts[2m > [22mfilter[2m > [22mexpression, within[32m 5[2mms[22m[39m
 [32mΓ£ô[39m node_modules/.pnpm/@maplibre+maplibre-gl-style-spec@19.3.3/node_modules/@maplibre/maplibre-gl-style-spec/src/feature_filter/feature_filter.test.ts[2m > [22mfilter[2m > [22mdegenerate[32m 0[2mms[22m[39m
 [32mΓ£ô[39m node_modules/.pnpm/@maplibre+maplibre-gl-style-spec@19.3.3/node_modules/@maplibre/maplibre-gl-style-spec/src/feature_filter/feature_filter.test.ts[2m > [22mfilter[2m > [22m==, string[32m 0[2mms[22m[39m
 [32mΓ£ô[39m node_modules/.pnpm/@maplibre+maplibre-gl-style-spec@19.3.3/node_modules/@maplibre/maplibre-gl-style-spec/src/feature_filter/feature_filter.test.ts[2m > [22mfilter[2m > [22m==, number[32m 0[2mms[22m[39m
 [32mΓ£ô[39m node_modules/.pnpm/@maplibre+maplibre-gl-style-spec@19.3.3/node_modules/@maplibre/maplibre-gl-style-spec/src/feature_filter/feature_filter.test.ts[2m > [22mfilter[2m > [22m==, null[32m 0[2mms[22m[39m
 [32mΓ£ô[39m node_modules/.pnpm/@maplibre+maplibre-gl-style-spec@19.3.3/node_modules/@maplibre/maplibre-gl-style-spec/src/feature_filter/feature_filter.test.ts[2m > [22mfilter[2m > [22m==, $type[32m 0[2mms[22m[39m
 [32mΓ£ô[39m node_modules/.pnpm/@maplibre+maplibre-gl-style-spec@19.3.3/node_modules/@maplibre/maplibre-gl-style-spec/src/feature_filter/feature_filter.test.ts[2m > [22mfilter[2m > [22m==, $id[32m 0[2mms[22m[39m
 [32mΓ£ô[39m node_modules/.pnpm/@maplibre+maplibre-gl-style-spec@19.3.3/node_modules/@maplibre/maplibre-gl-style-spec/src/feature_filter/feature_filter.test.ts[2m > [22mfilter[2m > [22m!=, string[32m 0[2mms[22m[39m
 [32mΓ£ô[39m node_modules/.pnpm/@maplibre+maplibre-gl-style-spec@19.3.3/node_modules/@maplibre/maplibre-gl-style-spec/src/feature_filter/feature_filter.test.ts[2m > [22mfilter[2m > [22m!=, number[32m 1[2mms[22m[39m
 [32mΓ£ô[39m node_modules/.pnpm/@maplibre+maplibre-gl-style-spec@19.3.3/node_modules/@maplibre/maplibre-gl-style-spec/src/feature_filter/feature_filter.test.ts[2m > [22mfilter[2m > [22m!=, null[32m 0[2mms[22m[39m
 [32mΓ£ô[39m node_modules/.pnpm/@maplibre+maplibre-gl-style-spec@19.3.3/node_modules/@maplibre/maplibre-gl-style-spec/src/feature_filter/feature_filter.test.ts[2m > [22mfilter[2m > [22m!=, $type[32m 0[2mms[22m[39m
 [32mΓ£ô[39m node_modules/.pnpm/@maplibre+maplibre-gl-style-spec@19.3.3/node_modules/@maplibre/maplibre-gl-style-spec/src/feature_filter/feature_filter.test.ts[2m > [22mfilter[2m > [22m<, number[32m 1[2mms[22m[39m
 [32mΓ£ô[39m node_modules/.pnpm/@maplibre+maplibre-gl-style-spec@19.3.3/node_modules/@maplibre/maplibre-gl-style-spec/src/feature_filter/feature_filter.test.ts[2m > [22mfilter[2m > [22m<, string[32m 1[2mms[22m[39m
 [32mΓ£ô[39m node_modules/.pnpm/@maplibre+maplibre-gl-style-spec@19.3.3/node_modules/@maplibre/maplibre-gl-style-spec/src/feature_filter/feature_filter.test.ts[2m > [22mfilter[2m > [22m<=, number[32m 1[2mms[22m[39m
 [32mΓ£ô[39m node_modules/.pnpm/@maplibre+maplibre-gl-style-spec@19.3.3/node_modules/@maplibre/maplibre-gl-style-spec/src/feature_filter/feature_filter.test.ts[2m > [22mfilter[2m > [22m<=, string[32m 1[2mms[22m[39m
 [32mΓ£ô[39m node_modules/.pnpm/@maplibre+maplibre-gl-style-spec@19.3.3/node_modules/@maplibre/maplibre-gl-style-spec/src/feature_filter/feature_filter.test.ts[2m > [22mfilter[2m > [22m>, number[32m 1[2mms[22m[39m
 [32mΓ£ô[39m node_modules/.pnpm/@maplibre+maplibre-gl-style-spec@19.3.3/node_modules/@maplibre/maplibre-gl-style-spec/src/feature_filter/feature_filter.test.ts[2m > [22mfilter[2m > [22m>, string[32m 2[2mms[22m[39m
 [32mΓ£ô[39m node_modules/.pnpm/@maplibre+maplibre-gl-style-spec@19.3.3/node_modules/@maplibre/maplibre-gl-style-spec/src/feature_filter/feature_filter.test.ts[2m > [22mfilter[2m > [22m>=, number[32m 1[2mms[22m[39m
 [32mΓ£ô[39m node_modules/.pnpm/@maplibre+maplibre-gl-style-spec@19.3.3/node_modules/@maplibre/maplibre-gl-style-spec/src/feature_filter/feature_filter.test.ts[2m > [22mfilter[2m > [22m>=, string[32m 1[2mms[22m[39m
 [32mΓ£ô[39m node_modules/.pnpm/@maplibre+maplibre-gl-style-spec@19.3.3/node_modules/@maplibre/maplibre-gl-style-spec/src/feature_filter/feature_filter.test.ts[2m > [22mfilter[2m > [22min, degenerate[32m 0[2mms[22m[39m
 [32mΓ£ô[39m node_modules/.pnpm/@maplibre+maplibre-gl-style-spec@19.3.3/node_modules/@maplibre/maplibre-gl-style-spec/src/feature_filter/feature_filter.test.ts[2m > [22mfilter[2m > [22min, string[32m 2[2mms[22m[39m
 [32mΓ£ô[39m node_modules/.pnpm/@maplibre+maplibre-gl-style-spec@19.3.3/node_modules/@maplibre/maplibre-gl-style-spec/src/feature_filter/feature_filter.test.ts[2m > [22mfilter[2m > [22min, number[32m 1[2mms[22m[39m
 [32mΓ£ô[39m node_modules/.pnpm/@maplibre+maplibre-gl-style-spec@19.3.3/node_modules/@maplibre/maplibre-gl-style-spec/src/feature_filter/feature_filter.test.ts[2m > [22mfilter[2m > [22min, null[32m 1[2mms[22m[39m
 [32mΓ£ô[39m node_modules/.pnpm/@maplibre+maplibre-gl-style-spec@19.3.3/node_modules/@maplibre/maplibre-gl-style-spec/src/feature_filter/feature_filter.test.ts[2m > [22mfilter[2m > [22min, multiple[32m 1[2mms[22m[39m
 [32mΓ£ô[39m node_modules/.pnpm/@maplibre+maplibre-gl-style-spec@19.3.3/node_modules/@maplibre/maplibre-gl-style-spec/src/feature_filter/feature_filter.test.ts[2m > [22mfilter[2m > [22min, large_multiple[32m 2[2mms[22m[39m
 [32mΓ£ô[39m node_modules/.pnpm/@maplibre+maplibre-gl-style-spec@19.3.3/node_modules/@maplibre/maplibre-gl-style-spec/src/feature_filter/feature_filter.test.ts[2m > [22mfilter[2m > [22min, large_multiple, heterogeneous[32m 2[2mms[22m[39m
 [32mΓ£ô[39m node_modules/.pnpm/@maplibre+maplibre-gl-style-spec@19.3.3/node_modules/@maplibre/maplibre-gl-style-spec/src/feature_filter/feature_filter.test.ts[2m > [22mfilter[2m > [22min, $type[32m 1[2mms[22m[39m
 [32mΓ£ô[39m node_modules/.pnpm/@maplibre+maplibre-gl-style-spec@19.3.3/node_modules/@maplibre/maplibre-gl-style-spec/src/feature_filter/feature_filter.test.ts[2m > [22mfilter[2m > [22m!in, degenerate[32m 0[2mms[22m[39m
 [32mΓ£ô[39m node_modules/.pnpm/@maplibre+maplibre-gl-style-spec@19.3.3/node_modules/@maplibre/maplibre-gl-style-spec/src/feature_filter/feature_filter.test.ts[2m > [22mfilter[2m > [22m!in, string[32m 1[2mms[22m[39m
 [32mΓ£ô[39m node_modules/.pnpm/@maplibre+maplibre-gl-style-spec@19.3.3/node_modules/@maplibre/maplibre-gl-style-spec/src/feature_filter/feature_filter.test.ts[2m > [22mfilter[2m > [22m!in, number[32m 1[2mms[22m[39m
 [32mΓ£ô[39m node_modules/.pnpm/@maplibre+maplibre-gl-style-spec@19.3.3/node_modules/@maplibre/maplibre-gl-style-spec/src/feature_filter/feature_filter.test.ts[2m > [22mfilter[2m > [22m!in, null[32m 0[2mms[22m[39m
 [32mΓ£ô[39m node_modules/.pnpm/@maplibre+maplibre-gl-style-spec@19.3.3/node_modules/@maplibre/maplibre-gl-style-spec/src/feature_filter/feature_filter.test.ts[2m > [22mfilter[2m > [22m!in, multiple[32m 2[2mms[22m[39m
 [32mΓ£ô[39m node_modules/.pnpm/@maplibre+maplibre-gl-style-spec@19.3.3/node_modules/@maplibre/maplibre-gl-style-spec/src/feature_filter/feature_filter.test.ts[2m > [22mfilter[2m > [22m!in, large_multiple[32m 2[2mms[22m[39m
 [32mΓ£ô[39m node_modules/.pnpm/@maplibre+maplibre-gl-style-spec@19.3.3/node_modules/@maplibre/maplibre-gl-style-spec/src/feature_filter/feature_filter.test.ts[2m > [22mfilter[2m > [22m!in, $type[32m 11[2mms[22m[39m
 [32mΓ£ô[39m node_modules/.pnpm/@maplibre+maplibre-gl-style-spec@19.3.3/node_modules/@maplibre/maplibre-gl-style-spec/src/feature_filter/feature_filter.test.ts[2m > [22mfilter[2m > [22many[32m 2[2mms[22m[39m
 [32mΓ£ô[39m node_modules/.pnpm/@maplibre+maplibre-gl-style-spec@19.3.3/node_modules/@maplibre/maplibre-gl-style-spec/src/feature_filter/feature_filter.test.ts[2m > [22mfilter[2m > [22mall[32m 1[2mms[22m[39m
 [32mΓ£ô[39m node_modules/.pnpm/@maplibre+maplibre-gl-style-spec@19.3.3/node_modules/@maplibre/maplibre-gl-style-spec/src/feature_filter/feature_filter.test.ts[2m > [22mfilter[2m > [22mnone[32m 1[2mms[22m[39m
 [32mΓ£ô[39m node_modules/.pnpm/@maplibre+maplibre-gl-style-spec@19.3.3/node_modules/@maplibre/maplibre-gl-style-spec/src/feature_filter/feature_filter.test.ts[2m > [22mfilter[2m > [22mhas[32m 1[2mms[22m[39m
 [32mΓ£ô[39m node_modules/.pnpm/@maplibre+maplibre-gl-style-spec@19.3.3/node_modules/@maplibre/maplibre-gl-style-spec/src/feature_filter/feature_filter.test.ts[2m > [22mfilter[2m > [22m!has[32m 1[2mms[22m[39m
 [32mΓ£ô[39m node_modules/.pnpm/@maplibre+maplibre-gl-style-spec@19.3.3/node_modules/@maplibre/maplibre-gl-style-spec/src/feature_filter/feature_filter.test.ts[2m > [22mlegacy filter detection[2m > [22mdefinitely legacy filters[32m 0[2mms[22m[39m
 [32mΓ£ô[39m node_modules/.pnpm/@maplibre+maplibre-gl-style-spec@19.3.3/node_modules/@maplibre/maplibre-gl-style-spec/src/feature_filter/feature_filter.test.ts[2m > [22mlegacy filter detection[2m > [22mambiguous value[32m 0[2mms[22m[39m
 [32mΓ£ô[39m node_modules/.pnpm/@maplibre+maplibre-gl-style-spec@19.3.3/node_modules/@maplibre/maplibre-gl-style-spec/src/feature_filter/feature_filter.test.ts[2m > [22mlegacy filter detection[2m > [22mdefinitely expressions[32m 0[2mms[22m[39m
 [31m├ù[39m node_modules/.pnpm/@maplibre+maplibre-gl-style-spec@19.3.3/node_modules/@maplibre/maplibre-gl-style-spec/src/feature_filter/feature_filter.test.ts[2m > [22mconvert legacy filters to expressions[2m > [22mdegenerate[32m 1[2mms[22m[39m
[31m   ΓåÆ jest is not defined[39m
 [31m├ù[39m node_modules/.pnpm/@maplibre+maplibre-gl-style-spec@19.3.3/node_modules/@maplibre/maplibre-gl-style-spec/src/feature_filter/feature_filter.test.ts[2m > [22mconvert legacy filters to expressions[2m > [22m==, string[32m 0[2mms[22m[39m
[31m   ΓåÆ jest is not defined[39m
 [31m├ù[39m node_modules/.pnpm/@maplibre+maplibre-gl-style-spec@19.3.3/node_modules/@maplibre/maplibre-gl-style-spec/src/feature_filter/feature_filter.test.ts[2m > [22mconvert legacy filters to expressions[2m > [22m==, number[32m 1[2mms[22m[39m
[31m   ΓåÆ jest is not defined[39m
 [31m├ù[39m node_modules/.pnpm/@maplibre+maplibre-gl-style-spec@19.3.3/node_modules/@maplibre/maplibre-gl-style-spec/src/feature_filter/feature_filter.test.ts[2m > [22mconvert legacy filters to expressions[2m > [22m==, null[32m 0[2mms[22m[39m
[31m   ΓåÆ jest is not defined[39m
 [31m├ù[39m node_modules/.pnpm/@maplibre+maplibre-gl-style-spec@19.3.3/node_modules/@maplibre/maplibre-gl-style-spec/src/feature_filter/feature_filter.test.ts[2m > [22mconvert legacy filters to expressions[2m > [22m==, $type[32m 0[2mms[22m[39m
[31m   ΓåÆ jest is not defined[39m
 [31m├ù[39m node_modules/.pnpm/@maplibre+maplibre-gl-style-spec@19.3.3/node_modules/@maplibre/maplibre-gl-style-spec/src/feature_filter/feature_filter.test.ts[2m > [22mconvert legacy filters to expressions[2m > [22m==, $id[32m 0[2mms[22m[39m
[31m   ΓåÆ jest is not defined[39m
 [31m├ù[39m node_modules/.pnpm/@maplibre+maplibre-gl-style-spec@19.3.3/node_modules/@maplibre/maplibre-gl-style-spec/src/feature_filter/feature_filter.test.ts[2m > [22mconvert legacy filters to expressions[2m > [22m!=, string[32m 0[2mms[22m[39m
[31m   ΓåÆ jest is not defined[39m
 [31m├ù[39m node_modules/.pnpm/@maplibre+maplibre-gl-style-spec@19.3.3/node_modules/@maplibre/maplibre-gl-style-spec/src/feature_filter/feature_filter.test.ts[2m > [22mconvert legacy filters to expressions[2m > [22m!=, number[32m 0[2mms[22m[39m
[31m   ΓåÆ jest is not defined[39m
 [31m├ù[39m node_modules/.pnpm/@maplibre+maplibre-gl-style-spec@19.3.3/node_modules/@maplibre/maplibre-gl-style-spec/src/feature_filter/feature_filter.test.ts[2m > [22mconvert legacy filters to expressions[2m > [22m!=, null[32m 1[2mms[22m[39m
[31m   ΓåÆ jest is not defined[39m
 [31m├ù[39m node_modules/.pnpm/@maplibre+maplibre-gl-style-spec@19.3.3/node_modules/@maplibre/maplibre-gl-style-spec/src/feature_filter/feature_filter.test.ts[2m > [22mconvert legacy filters to expressions[2m > [22m!=, $type[32m 1[2mms[22m[39m
[31m   ΓåÆ jest is not defined[39m
 [31m├ù[39m node_modules/.pnpm/@maplibre+maplibre-gl-style-spec@19.3.3/node_modules/@maplibre/maplibre-gl-style-spec/src/feature_filter/feature_filter.test.ts[2m > [22mconvert legacy filters to expressions[2m > [22m<, number[32m 0[2mms[22m[39m
[31m   ΓåÆ jest is not defined[39m
 [31m├ù[39m node_modules/.pnpm/@maplibre+maplibre-gl-style-spec@19.3.3/node_modules/@maplibre/maplibre-gl-style-spec/src/feature_filter/feature_filter.test.ts[2m > [22mconvert legacy filters to expressions[2m > [22m<, string[32m 0[2mms[22m[39m
[31m   ΓåÆ jest is not defined[39m
 [31m├ù[39m node_modules/.pnpm/@maplibre+maplibre-gl-style-spec@19.3.3/node_modules/@maplibre/maplibre-gl-style-spec/src/feature_filter/feature_filter.test.ts[2m > [22mconvert legacy filters to expressions[2m > [22m<=, number[32m 0[2mms[22m[39m
[31m   ΓåÆ jest is not defined[39m
 [31m├ù[39m node_modules/.pnpm/@maplibre+maplibre-gl-style-spec@19.3.3/node_modules/@maplibre/maplibre-gl-style-spec/src/feature_filter/feature_filter.test.ts[2m > [22mconvert legacy filters to expressions[2m > [22m<=, string[32m 1[2mms[22m[39m
[31m   ΓåÆ jest is not defined[39m
 [31m├ù[39m node_modules/.pnpm/@maplibre+maplibre-gl-style-spec@19.3.3/node_modules/@maplibre/maplibre-gl-style-spec/src/feature_filter/feature_filter.test.ts[2m > [22mconvert legacy filters to expressions[2m > [22m>, number[32m 0[2mms[22m[39m
[31m   ΓåÆ jest is not defined[39m
 [31m├ù[39m node_modules/.pnpm/@maplibre+maplibre-gl-style-spec@19.3.3/node_modules/@maplibre/maplibre-gl-style-spec/src/feature_filter/feature_filter.test.ts[2m > [22mconvert legacy filters to expressions[2m > [22m>, string[32m 0[2mms[22m[39m
[31m   ΓåÆ jest is not defined[39m
 [31m├ù[39m node_modules/.pnpm/@maplibre+maplibre-gl-style-spec@19.3.3/node_modules/@maplibre/maplibre-gl-style-spec/src/feature_filter/feature_filter.test.ts[2m > [22mconvert legacy filters to expressions[2m > [22m>=, number[32m 0[2mms[22m[39m
[31m   ΓåÆ jest is not defined[39m
 [31m├ù[39m node_modules/.pnpm/@maplibre+maplibre-gl-style-spec@19.3.3/node_modules/@maplibre/maplibre-gl-style-spec/src/feature_filter/feature_filter.test.ts[2m > [22mconvert legacy filters to expressions[2m > [22m>=, string[32m 2[2mms[22m[39m
[31m   ΓåÆ jest is not defined[39m
 [31m├ù[39m node_modules/.pnpm/@maplibre+maplibre-gl-style-spec@19.3.3/node_modules/@maplibre/maplibre-gl-style-spec/src/feature_filter/feature_filter.test.ts[2m > [22mconvert legacy filters to expressions[2m > [22min, degenerate[32m 1[2mms[22m[39m
[31m   ΓåÆ jest is not defined[39m
 [31m├ù[39m node_modules/.pnpm/@maplibre+maplibre-gl-style-spec@19.3.3/node_modules/@maplibre/maplibre-gl-style-spec/src/feature_filter/feature_filter.test.ts[2m > [22mconvert legacy filters to expressions[2m > [22min, string[32m 0[2mms[22m[39m
[31m   ΓåÆ jest is not defined[39m
 [31m├ù[39m node_modules/.pnpm/@maplibre+maplibre-gl-style-spec@19.3.3/node_modules/@maplibre/maplibre-gl-style-spec/src/feature_filter/feature_filter.test.ts[2m > [22mconvert legacy filters to expressions[2m > [22min, number[32m 0[2mms[22m[39m
[31m   ΓåÆ jest is not defined[39m
 [31m├ù[39m node_modules/.pnpm/@maplibre+maplibre-gl-style-spec@19.3.3/node_modules/@maplibre/maplibre-gl-style-spec/src/feature_filter/feature_filter.test.ts[2m > [22mconvert legacy filters to expressions[2m > [22min, null[32m 0[2mms[22m[39m
[31m   ΓåÆ jest is not defined[39m
 [31m├ù[39m node_modules/.pnpm/@maplibre+maplibre-gl-style-spec@19.3.3/node_modules/@maplibre/maplibre-gl-style-spec/src/feature_filter/feature_filter.test.ts[2m > [22mconvert legacy filters to expressions[2m > [22min, multiple[32m 0[2mms[22m[39m
[31m   ΓåÆ jest is not defined[39m
 [31m├ù[39m node_modules/.pnpm/@maplibre+maplibre-gl-style-spec@19.3.3/node_modules/@maplibre/maplibre-gl-style-spec/src/feature_filter/feature_filter.test.ts[2m > [22mconvert legacy filters to expressions[2m > [22min, large_multiple[32m 0[2mms[22m[39m
[31m   ΓåÆ jest is not defined[39m
 [31m├ù[39m node_modules/.pnpm/@maplibre+maplibre-gl-style-spec@19.3.3/node_modules/@maplibre/maplibre-gl-style-spec/src/feature_filter/feature_filter.test.ts[2m > [22mconvert legacy filters to expressions[2m > [22min, large_multiple, heterogeneous[32m 0[2mms[22m[39m
[31m   ΓåÆ jest is not defined[39m
 [31m├ù[39m node_modules/.pnpm/@maplibre+maplibre-gl-style-spec@19.3.3/node_modules/@maplibre/maplibre-gl-style-spec/src/feature_filter/feature_filter.test.ts[2m > [22mconvert legacy filters to expressions[2m > [22min, $type[32m 0[2mms[22m[39m
[31m   ΓåÆ jest is not defined[39m
 [31m├ù[39m node_modules/.pnpm/@maplibre+maplibre-gl-style-spec@19.3.3/node_modules/@maplibre/maplibre-gl-style-spec/src/feature_filter/feature_filter.test.ts[2m > [22mconvert legacy filters to expressions[2m > [22m!in, degenerate[32m 0[2mms[22m[39m
[31m   ΓåÆ jest is not defined[39m
 [31m├ù[39m node_modules/.pnpm/@maplibre+maplibre-gl-style-spec@19.3.3/node_modules/@maplibre/maplibre-gl-style-spec/src/feature_filter/feature_filter.test.ts[2m > [22mconvert legacy filters to expressions[2m > [22m!in, string[32m 0[2mms[22m[39m
[31m   ΓåÆ jest is not defined[39m
 [31m├ù[39m node_modules/.pnpm/@maplibre+maplibre-gl-style-spec@19.3.3/node_modules/@maplibre/maplibre-gl-style-spec/src/feature_filter/feature_filter.test.ts[2m > [22mconvert legacy filters to expressions[2m > [22m!in, number[32m 0[2mms[22m[39m
[31m   ΓåÆ jest is not defined[39m
 [31m├ù[39m node_modules/.pnpm/@maplibre+maplibre-gl-style-spec@19.3.3/node_modules/@maplibre/maplibre-gl-style-spec/src/feature_filter/feature_filter.test.ts[2m > [22mconvert legacy filters to expressions[2m > [22m!in, null[32m 1[2mms[22m[39m
[31m   ΓåÆ jest is not defined[39m
 [31m├ù[39m node_modules/.pnpm/@maplibre+maplibre-gl-style-spec@19.3.3/node_modules/@maplibre/maplibre-gl-style-spec/src/feature_filter/feature_filter.test.ts[2m > [22mconvert legacy filters to expressions[2m > [22m!in, multiple[32m 0[2mms[22m[39m
[31m   ΓåÆ jest is not defined[39m
 [31m├ù[39m node_modules/.pnpm/@maplibre+maplibre-gl-style-spec@19.3.3/node_modules/@maplibre/maplibre-gl-style-spec/src/feature_filter/feature_filter.test.ts[2m > [22mconvert legacy filters to expressions[2m > [22m!in, large_multiple[32m 3[2mms[22m[39m
[31m   ΓåÆ jest is not defined[39m
 [31m├ù[39m node_modules/.pnpm/@maplibre+maplibre-gl-style-spec@19.3.3/node_modules/@maplibre/maplibre-gl-style-spec/src/feature_filter/feature_filter.test.ts[2m > [22mconvert legacy filters to expressions[2m > [22m!in, $type[32m 0[2mms[22m[39m
[31m   ΓåÆ jest is not defined[39m
 [31m├ù[39m node_modules/.pnpm/@maplibre+maplibre-gl-style-spec@19.3.3/node_modules/@maplibre/maplibre-gl-style-spec/src/feature_filter/feature_filter.test.ts[2m > [22mconvert legacy filters to expressions[2m > [22many[32m 0[2mms[22m[39m
[31m   ΓåÆ jest is not defined[39m
 [31m├ù[39m node_modules/.pnpm/@maplibre+maplibre-gl-style-spec@19.3.3/node_modules/@maplibre/maplibre-gl-style-spec/src/feature_filter/feature_filter.test.ts[2m > [22mconvert legacy filters to expressions[2m > [22mall[32m 0[2mms[22m[39m
[31m   ΓåÆ jest is not defined[39m
 [31m├ù[39m node_modules/.pnpm/@maplibre+maplibre-gl-style-spec@19.3.3/node_modules/@maplibre/maplibre-gl-style-spec/src/feature_filter/feature_filter.test.ts[2m > [22mconvert legacy filters to expressions[2m > [22mnone[32m 0[2mms[22m[39m
[31m   ΓåÆ jest is not defined[39m
 [31m├ù[39m node_modules/.pnpm/@maplibre+maplibre-gl-style-spec@19.3.3/node_modules/@maplibre/maplibre-gl-style-spec/src/feature_filter/feature_filter.test.ts[2m > [22mconvert legacy filters to expressions[2m > [22mhas[32m 0[2mms[22m[39m
[31m   ΓåÆ jest is not defined[39m
 [31m├ù[39m node_modules/.pnpm/@maplibre+maplibre-gl-style-spec@19.3.3/node_modules/@maplibre/maplibre-gl-style-spec/src/feature_filter/feature_filter.test.ts[2m > [22mconvert legacy filters to expressions[2m > [22m!has[32m 0[2mms[22m[39m
[31m   ΓåÆ jest is not defined[39m
 [31m├ù[39m node_modules/.pnpm/@maplibre+maplibre-gl-style-spec@19.3.3/node_modules/@maplibre/maplibre-gl-style-spec/src/feature_filter/feature_filter.test.ts[2m > [22mconvert legacy filters to expressions[2m > [22mmimic legacy type mismatch semantics[32m 2[2mms[22m[39m
[31m   ΓåÆ jest is not defined[39m
 [31m├ù[39m node_modules/.pnpm/@maplibre+maplibre-gl-style-spec@19.3.3/node_modules/@maplibre/maplibre-gl-style-spec/src/feature_filter/feature_filter.test.ts[2m > [22mconvert legacy filters to expressions[2m > [22mflattens nested, single child all expressions[32m 1[2mms[22m[39m
[31m   ΓåÆ jest is not defined[39m
 [31m├ù[39m node_modules/.pnpm/@maplibre+maplibre-gl-style-spec@19.3.3/node_modules/@maplibre/maplibre-gl-style-spec/src/feature_filter/feature_filter.test.ts[2m > [22mconvert legacy filters to expressions[2m > [22mremoves duplicates when outputting match expressions[32m 0[2mms[22m[39m
[31m   ΓåÆ jest is not defined[39m
 [31m├ù[39m node_modules/.pnpm/react-map-gl@8.1.0_maplibre_f5b73890850d036840af8db7ab51d30f/node_modules/maplibre-gl/src/source/geojson_source.test.ts[2m > [22mGeoJSONSource.update[2m > [22mupdates _data.geojson when worker returns data from URL load[33m 5040[2mms[22m[39m
[31m   ΓåÆ Test timed out in 5000ms.
If this is a long-running test, pass a timeout value as the last argument or configure it globally with "testTimeout".[39m
 [32mΓ£ô[39m node_modules/.pnpm/react-map-gl@8.1.0_maplibre_f5b73890850d036840af8db7ab51d30f/node_modules/maplibre-gl/src/source/geojson_source.test.ts[2m > [22mGeoJSONSource.update[2m > [22mfires event when metadata loads[32m 1[2mms[22m[39m
 [32mΓ£ô[39m node_modules/.pnpm/react-map-gl@8.1.0_maplibre_f5b73890850d036840af8db7ab51d30f/node_modules/maplibre-gl/src/source/geojson_source.test.ts[2m > [22mGeoJSONSource.update[2m > [22mfires metadata data event even when initial request is aborted[32m 31[2mms[22m[39m
 [32mΓ£ô[39m node_modules/.pnpm/react-map-gl@8.1.0_maplibre_f5b73890850d036840af8db7ab51d30f/node_modules/maplibre-gl/src/source/geojson_source.test.ts[2m > [22mGeoJSONSource.update[2m > [22mfires "error"[32m 1[2mms[22m[39m
 [32mΓ£ô[39m node_modules/.pnpm/@vis.gl+react-maplibre@8.1._02dd8e1c741d0f23c6f18bb60b165618/node_modules/@maplibre/maplibre-gl-style-spec/src/feature_filter/feature_filter.test.ts[2m > [22mfilter[2m > [22m!in, number[32m 1[2mms[22m[39m
 [32mΓ£ô[39m node_modules/.pnpm/@vis.gl+react-maplibre@8.1._02dd8e1c741d0f23c6f18bb60b165618/node_modules/@maplibre/maplibre-gl-style-spec/src/feature_filter/feature_filter.test.ts[2m > [22mfilter[2m > [22m!in, null[32m 1[2mms[22m[39m
 [32mΓ£ô[39m node_modules/.pnpm/@vis.gl+react-maplibre@8.1._02dd8e1c741d0f23c6f18bb60b165618/node_modules/@maplibre/maplibre-gl-style-spec/src/feature_filter/feature_filter.test.ts[2m > [22mfilter[2m > [22m!in, multiple[32m 1[2mms[22m[39m
 [32mΓ£ô[39m node_modules/.pnpm/@vis.gl+react-maplibre@8.1._02dd8e1c741d0f23c6f18bb60b165618/node_modules/@maplibre/maplibre-gl-style-spec/src/feature_filter/feature_filter.test.ts[2m > [22mfilter[2m > [22m!in, large_multiple[32m 11[2mms[22m[39m
 [32mΓ£ô[39m node_modules/.pnpm/@vis.gl+react-maplibre@8.1._02dd8e1c741d0f23c6f18bb60b165618/node_modules/@maplibre/maplibre-gl-style-spec/src/feature_filter/feature_filter.test.ts[2m > [22mfilter[2m > [22m!in, $type[32m 1[2mms[22m[39m
 [32mΓ£ô[39m node_modules/.pnpm/@vis.gl+react-maplibre@8.1._02dd8e1c741d0f23c6f18bb60b165618/node_modules/@maplibre/maplibre-gl-style-spec/src/feature_filter/feature_filter.test.ts[2m > [22mfilter[2m > [22many[32m 1[2mms[22m[39m
 [32mΓ£ô[39m node_modules/.pnpm/@vis.gl+react-maplibre@8.1._02dd8e1c741d0f23c6f18bb60b165618/node_modules/@maplibre/maplibre-gl-style-spec/src/feature_filter/feature_filter.test.ts[2m > [22mfilter[2m > [22mall[32m 1[2mms[22m[39m
 [32mΓ£ô[39m node_modules/.pnpm/@vis.gl+react-maplibre@8.1._02dd8e1c741d0f23c6f18bb60b165618/node_modules/@maplibre/maplibre-gl-style-spec/src/feature_filter/feature_filter.test.ts[2m > [22mfilter[2m > [22mnone[32m 1[2mms[22m[39m
 [32mΓ£ô[39m node_modules/.pnpm/@vis.gl+react-maplibre@8.1._02dd8e1c741d0f23c6f18bb60b165618/node_modules/@maplibre/maplibre-gl-style-spec/src/feature_filter/feature_filter.test.ts[2m > [22mfilter[2m > [22mhas[32m 1[2mms[22m[39m
 [32mΓ£ô[39m node_modules/.pnpm/@vis.gl+react-maplibre@8.1._02dd8e1c741d0f23c6f18bb60b165618/node_modules/@maplibre/maplibre-gl-style-spec/src/feature_filter/feature_filter.test.ts[2m > [22mfilter[2m > [22m!has[32m 1[2mms[22m[39m
 [32mΓ£ô[39m node_modules/.pnpm/@vis.gl+react-maplibre@8.1._02dd8e1c741d0f23c6f18bb60b165618/node_modules/@maplibre/maplibre-gl-style-spec/src/feature_filter/feature_filter.test.ts[2m > [22mlegacy filter detection[2m > [22mdefinitely legacy filters[32m 0[2mms[22m[39m
 [32mΓ£ô[39m node_modules/.pnpm/@vis.gl+react-maplibre@8.1._02dd8e1c741d0f23c6f18bb60b165618/node_modules/@maplibre/maplibre-gl-style-spec/src/feature_filter/feature_filter.test.ts[2m > [22mlegacy filter detection[2m > [22mambiguous value[32m 0[2mms[22m[39m
 [32mΓ£ô[39m node_modules/.pnpm/@vis.gl+react-maplibre@8.1._02dd8e1c741d0f23c6f18bb60b165618/node_modules/@maplibre/maplibre-gl-style-spec/src/feature_filter/feature_filter.test.ts[2m > [22mlegacy filter detection[2m > [22mdefinitely expressions[32m 0[2mms[22m[39m
 [31m├ù[39m node_modules/.pnpm/@vis.gl+react-maplibre@8.1._02dd8e1c741d0f23c6f18bb60b165618/node_modules/@maplibre/maplibre-gl-style-spec/src/feature_filter/feature_filter.test.ts[2m > [22mconvert legacy filters to expressions[2m > [22mdegenerate[32m 1[2mms[22m[39m
[31m   ΓåÆ jest is not defined[39m
 [31m├ù[39m node_modules/.pnpm/@vis.gl+react-maplibre@8.1._02dd8e1c741d0f23c6f18bb60b165618/node_modules/@maplibre/maplibre-gl-style-spec/src/feature_filter/feature_filter.test.ts[2m > [22mconvert legacy filters to expressions[2m > [22m==, string[32m 0[2mms[22m[39m
[31m   ΓåÆ jest is not defined[39m
 [31m├ù[39m node_modules/.pnpm/@vis.gl+react-maplibre@8.1._02dd8e1c741d0f23c6f18bb60b165618/node_modules/@maplibre/maplibre-gl-style-spec/src/feature_filter/feature_filter.test.ts[2m > [22mconvert legacy filters to expressions[2m > [22m==, number[32m 1[2mms[22m[39m
[31m   ΓåÆ jest is not defined[39m
 [31m├ù[39m node_modules/.pnpm/@vis.gl+react-maplibre@8.1._02dd8e1c741d0f23c6f18bb60b165618/node_modules/@maplibre/maplibre-gl-style-spec/src/feature_filter/feature_filter.test.ts[2m > [22mconvert legacy filters to expressions[2m > [22m==, null[32m 0[2mms[22m[39m
[31m   ΓåÆ jest is not defined[39m
 [31m├ù[39m node_modules/.pnpm/@vis.gl+react-maplibre@8.1._02dd8e1c741d0f23c6f18bb60b165618/node_modules/@maplibre/maplibre-gl-style-spec/src/feature_filter/feature_filter.test.ts[2m > [22mconvert legacy filters to expressions[2m > [22m==, $type[32m 0[2mms[22m[39m
[31m   ΓåÆ jest is not defined[39m
 [31m├ù[39m node_modules/.pnpm/@vis.gl+react-maplibre@8.1._02dd8e1c741d0f23c6f18bb60b165618/node_modules/@maplibre/maplibre-gl-style-spec/src/feature_filter/feature_filter.test.ts[2m > [22mconvert legacy filters to expressions[2m > [22m==, $id[32m 0[2mms[22m[39m
[31m   ΓåÆ jest is not defined[39m
 [31m├ù[39m node_modules/.pnpm/@vis.gl+react-maplibre@8.1._02dd8e1c741d0f23c6f18bb60b165618/node_modules/@maplibre/maplibre-gl-style-spec/src/feature_filter/feature_filter.test.ts[2m > [22mconvert legacy filters to expressions[2m > [22m!=, string[32m 1[2mms[22m[39m
[31m   ΓåÆ jest is not defined[39m
 [31m├ù[39m node_modules/.pnpm/@vis.gl+react-maplibre@8.1._02dd8e1c741d0f23c6f18bb60b165618/node_modules/@maplibre/maplibre-gl-style-spec/src/feature_filter/feature_filter.test.ts[2m > [22mconvert legacy filters to expressions[2m > [22m!=, number[32m 1[2mms[22m[39m
[31m   ΓåÆ jest is not defined[39m
 [31m├ù[39m node_modules/.pnpm/@vis.gl+react-maplibre@8.1._02dd8e1c741d0f23c6f18bb60b165618/node_modules/@maplibre/maplibre-gl-style-spec/src/feature_filter/feature_filter.test.ts[2m > [22mconvert legacy filters to expressions[2m > [22m!=, null[32m 0[2mms[22m[39m
[31m   ΓåÆ jest is not defined[39m
 [31m├ù[39m node_modules/.pnpm/@vis.gl+react-maplibre@8.1._02dd8e1c741d0f23c6f18bb60b165618/node_modules/@maplibre/maplibre-gl-style-spec/src/feature_filter/feature_filter.test.ts[2m > [22mconvert legacy filters to expressions[2m > [22m!=, $type[32m 0[2mms[22m[39m
[31m   ΓåÆ jest is not defined[39m
 [31m├ù[39m node_modules/.pnpm/@vis.gl+react-maplibre@8.1._02dd8e1c741d0f23c6f18bb60b165618/node_modules/@maplibre/maplibre-gl-style-spec/src/feature_filter/feature_filter.test.ts[2m > [22mconvert legacy filters to expressions[2m > [22m<, number[32m 1[2mms[22m[39m
[31m   ΓåÆ jest is not defined[39m
 [31m├ù[39m node_modules/.pnpm/@vis.gl+react-maplibre@8.1._02dd8e1c741d0f23c6f18bb60b165618/node_modules/@maplibre/maplibre-gl-style-spec/src/feature_filter/feature_filter.test.ts[2m > [22mconvert legacy filters to expressions[2m > [22m<, string[32m 1[2mms[22m[39m
[31m   ΓåÆ jest is not defined[39m
 [31m├ù[39m node_modules/.pnpm/@vis.gl+react-maplibre@8.1._02dd8e1c741d0f23c6f18bb60b165618/node_modules/@maplibre/maplibre-gl-style-spec/src/feature_filter/feature_filter.test.ts[2m > [22mconvert legacy filters to expressions[2m > [22m<=, number[32m 1[2mms[22m[39m
[31m   ΓåÆ jest is not defined[39m
 [31m├ù[39m node_modules/.pnpm/@vis.gl+react-maplibre@8.1._02dd8e1c741d0f23c6f18bb60b165618/node_modules/@maplibre/maplibre-gl-style-spec/src/feature_filter/feature_filter.test.ts[2m > [22mconvert legacy filters to expressions[2m > [22m<=, string[32m 2[2mms[22m[39m
[31m   ΓåÆ jest is not defined[39m
 [31m├ù[39m node_modules/.pnpm/@vis.gl+react-maplibre@8.1._02dd8e1c741d0f23c6f18bb60b165618/node_modules/@maplibre/maplibre-gl-style-spec/src/feature_filter/feature_filter.test.ts[2m > [22mconvert legacy filters to expressions[2m > [22m>, number[32m 1[2mms[22m[39m
[31m   ΓåÆ jest is not defined[39m
 [31m├ù[39m node_modules/.pnpm/@vis.gl+react-maplibre@8.1._02dd8e1c741d0f23c6f18bb60b165618/node_modules/@maplibre/maplibre-gl-style-spec/src/feature_filter/feature_filter.test.ts[2m > [22mconvert legacy filters to expressions[2m > [22m>, string[32m 0[2mms[22m[39m
[31m   ΓåÆ jest is not defined[39m
 [31m├ù[39m node_modules/.pnpm/@vis.gl+react-maplibre@8.1._02dd8e1c741d0f23c6f18bb60b165618/node_modules/@maplibre/maplibre-gl-style-spec/src/feature_filter/feature_filter.test.ts[2m > [22mconvert legacy filters to expressions[2m > [22m>=, number[32m 0[2mms[22m[39m
[31m   ΓåÆ jest is not defined[39m
 [31m├ù[39m node_modules/.pnpm/@vis.gl+react-maplibre@8.1._02dd8e1c741d0f23c6f18bb60b165618/node_modules/@maplibre/maplibre-gl-style-spec/src/feature_filter/feature_filter.test.ts[2m > [22mconvert legacy filters to expressions[2m > [22m>=, string[32m 0[2mms[22m[39m
[31m   ΓåÆ jest is not defined[39m
 [31m├ù[39m node_modules/.pnpm/@vis.gl+react-maplibre@8.1._02dd8e1c741d0f23c6f18bb60b165618/node_modules/@maplibre/maplibre-gl-style-spec/src/feature_filter/feature_filter.test.ts[2m > [22mconvert legacy filters to expressions[2m > [22min, degenerate[32m 0[2mms[22m[39m
[31m   ΓåÆ jest is not defined[39m
 [31m├ù[39m node_modules/.pnpm/@vis.gl+react-maplibre@8.1._02dd8e1c741d0f23c6f18bb60b165618/node_modules/@maplibre/maplibre-gl-style-spec/src/feature_filter/feature_filter.test.ts[2m > [22mconvert legacy filters to expressions[2m > [22min, string[32m 0[2mms[22m[39m
[31m   ΓåÆ jest is not defined[39m
 [31m├ù[39m node_modules/.pnpm/@vis.gl+react-maplibre@8.1._02dd8e1c741d0f23c6f18bb60b165618/node_modules/@maplibre/maplibre-gl-style-spec/src/feature_filter/feature_filter.test.ts[2m > [22mconvert legacy filters to expressions[2m > [22min, number[32m 0[2mms[22m[39m
[31m   ΓåÆ jest is not defined[39m
 [31m├ù[39m node_modules/.pnpm/@vis.gl+react-maplibre@8.1._02dd8e1c741d0f23c6f18bb60b165618/node_modules/@maplibre/maplibre-gl-style-spec/src/feature_filter/feature_filter.test.ts[2m > [22mconvert legacy filters to expressions[2m > [22min, null[32m 0[2mms[22m[39m
[31m   ΓåÆ jest is not defined[39m
 [31m├ù[39m node_modules/.pnpm/@vis.gl+react-maplibre@8.1._02dd8e1c741d0f23c6f18bb60b165618/node_modules/@maplibre/maplibre-gl-style-spec/src/feature_filter/feature_filter.test.ts[2m > [22mconvert legacy filters to expressions[2m > [22min, multiple[32m 0[2mms[22m[39m
[31m   ΓåÆ jest is not defined[39m
 [31m├ù[39m node_modules/.pnpm/@vis.gl+react-maplibre@8.1._02dd8e1c741d0f23c6f18bb60b165618/node_modules/@maplibre/maplibre-gl-style-spec/src/feature_filter/feature_filter.test.ts[2m > [22mconvert legacy filters to expressions[2m > [22min, large_multiple[32m 0[2mms[22m[39m
[31m   ΓåÆ jest is not defined[39m
 [31m├ù[39m node_modules/.pnpm/@vis.gl+react-maplibre@8.1._02dd8e1c741d0f23c6f18bb60b165618/node_modules/@maplibre/maplibre-gl-style-spec/src/feature_filter/feature_filter.test.ts[2m > [22mconvert legacy filters to expressions[2m > [22min, large_multiple, heterogeneous[32m 0[2mms[22m[39m
[31m   ΓåÆ jest is not defined[39m
 [31m├ù[39m node_modules/.pnpm/@vis.gl+react-maplibre@8.1._02dd8e1c741d0f23c6f18bb60b165618/node_modules/@maplibre/maplibre-gl-style-spec/src/feature_filter/feature_filter.test.ts[2m > [22mconvert legacy filters to expressions[2m > [22min, $type[32m 1[2mms[22m[39m
[31m   ΓåÆ jest is not defined[39m
 [31m├ù[39m node_modules/.pnpm/@vis.gl+react-maplibre@8.1._02dd8e1c741d0f23c6f18bb60b165618/node_modules/@maplibre/maplibre-gl-style-spec/src/feature_filter/feature_filter.test.ts[2m > [22mconvert legacy filters to expressions[2m > [22m!in, degenerate[32m 0[2mms[22m[39m
[31m   ΓåÆ jest is not defined[39m
 [31m├ù[39m node_modules/.pnpm/@vis.gl+react-maplibre@8.1._02dd8e1c741d0f23c6f18bb60b165618/node_modules/@maplibre/maplibre-gl-style-spec/src/feature_filter/feature_filter.test.ts[2m > [22mconvert legacy filters to expressions[2m > [22m!in, string[32m 2[2mms[22m[39m
[31m   ΓåÆ jest is not defined[39m
 [31m├ù[39m node_modules/.pnpm/@vis.gl+react-maplibre@8.1._02dd8e1c741d0f23c6f18bb60b165618/node_modules/@maplibre/maplibre-gl-style-spec/src/feature_filter/feature_filter.test.ts[2m > [22mconvert legacy filters to expressions[2m > [22m!in, number[32m 0[2mms[22m[39m
[31m   ΓåÆ jest is not defined[39m
 [31m├ù[39m node_modules/.pnpm/@vis.gl+react-maplibre@8.1._02dd8e1c741d0f23c6f18bb60b165618/node_modules/@maplibre/maplibre-gl-style-spec/src/feature_filter/feature_filter.test.ts[2m > [22mconvert legacy filters to expressions[2m > [22m!in, null[32m 0[2mms[22m[39m
[31m   ΓåÆ jest is not defined[39m
 [31m├ù[39m node_modules/.pnpm/@vis.gl+react-maplibre@8.1._02dd8e1c741d0f23c6f18bb60b165618/node_modules/@maplibre/maplibre-gl-style-spec/src/feature_filter/feature_filter.test.ts[2m > [22mconvert legacy filters to expressions[2m > [22m!in, multiple[32m 0[2mms[22m[39m
[31m   ΓåÆ jest is not defined[39m
 [31m├ù[39m node_modules/.pnpm/@vis.gl+react-maplibre@8.1._02dd8e1c741d0f23c6f18bb60b165618/node_modules/@maplibre/maplibre-gl-style-spec/src/feature_filter/feature_filter.test.ts[2m > [22mconvert legacy filters to expressions[2m > [22m!in, large_multiple[32m 0[2mms[22m[39m
[31m   ΓåÆ jest is not defined[39m
 [31m├ù[39m node_modules/.pnpm/@vis.gl+react-maplibre@8.1._02dd8e1c741d0f23c6f18bb60b165618/node_modules/@maplibre/maplibre-gl-style-spec/src/feature_filter/feature_filter.test.ts[2m > [22mconvert legacy filters to expressions[2m > [22m!in, $type[32m 4[2mms[22m[39m
[31m   ΓåÆ jest is not defined[39m
 [31m├ù[39m node_modules/.pnpm/@vis.gl+react-maplibre@8.1._02dd8e1c741d0f23c6f18bb60b165618/node_modules/@maplibre/maplibre-gl-style-spec/src/feature_filter/feature_filter.test.ts[2m > [22mconvert legacy filters to expressions[2m > [22many[32m 0[2mms[22m[39m
[31m   ΓåÆ jest is not defined[39m
 [31m├ù[39m node_modules/.pnpm/@vis.gl+react-maplibre@8.1._02dd8e1c741d0f23c6f18bb60b165618/node_modules/@maplibre/maplibre-gl-style-spec/src/feature_filter/feature_filter.test.ts[2m > [22mconvert legacy filters to expressions[2m > [22mall[32m 0[2mms[22m[39m
[31m   ΓåÆ jest is not defined[39m
 [31m├ù[39m node_modules/.pnpm/@vis.gl+react-maplibre@8.1._02dd8e1c741d0f23c6f18bb60b165618/node_modules/@maplibre/maplibre-gl-style-spec/src/feature_filter/feature_filter.test.ts[2m > [22mconvert legacy filters to expressions[2m > [22mnone[32m 0[2mms[22m[39m
[31m   ΓåÆ jest is not defined[39m
 [31m├ù[39m node_modules/.pnpm/@vis.gl+react-maplibre@8.1._02dd8e1c741d0f23c6f18bb60b165618/node_modules/@maplibre/maplibre-gl-style-spec/src/feature_filter/feature_filter.test.ts[2m > [22mconvert legacy filters to expressions[2m > [22mhas[32m 1[2mms[22m[39m
[31m   ΓåÆ jest is not defined[39m
 [31m├ù[39m node_modules/.pnpm/@vis.gl+react-maplibre@8.1._02dd8e1c741d0f23c6f18bb60b165618/node_modules/@maplibre/maplibre-gl-style-spec/src/feature_filter/feature_filter.test.ts[2m > [22mconvert legacy filters to expressions[2m > [22m!has[32m 1[2mms[22m[39m
[31m   ΓåÆ jest is not defined[39m
 [31m├ù[39m node_modules/.pnpm/@vis.gl+react-maplibre@8.1._02dd8e1c741d0f23c6f18bb60b165618/node_modules/@maplibre/maplibre-gl-style-spec/src/feature_filter/feature_filter.test.ts[2m > [22mconvert legacy filters to expressions[2m > [22mmimic legacy type mismatch semantics[32m 1[2mms[22m[39m
[31m   ΓåÆ jest is not defined[39m
 [31m├ù[39m node_modules/.pnpm/@vis.gl+react-maplibre@8.1._02dd8e1c741d0f23c6f18bb60b165618/node_modules/@maplibre/maplibre-gl-style-spec/src/feature_filter/feature_filter.test.ts[2m > [22mconvert legacy filters to expressions[2m > [22mflattens nested, single child all expressions[32m 1[2mms[22m[39m
[31m   ΓåÆ jest is not defined[39m
 [31m├ù[39m node_modules/.pnpm/@vis.gl+react-maplibre@8.1._02dd8e1c741d0f23c6f18bb60b165618/node_modules/@maplibre/maplibre-gl-style-spec/src/feature_filter/feature_filter.test.ts[2m > [22mconvert legacy filters to expressions[2m > [22mremoves duplicates when outputting match expressions[32m 0[2mms[22m[39m
[31m   ΓåÆ jest is not defined[39m
 [32mΓ£ô[39m node_modules/.pnpm/react-map-gl@8.1.0_maplibre_f5b73890850d036840af8db7ab51d30f/node_modules/maplibre-gl/src/source/geojson_source.test.ts[2m > [22mGeoJSONSource.update[2m > [22msends loadData request to dispatcher after data update[32m 106[2mms[22m[39m
 [32mΓ£ô[39m node_modules/.pnpm/react-map-gl@8.1.0_maplibre_f5b73890850d036840af8db7ab51d30f/node_modules/maplibre-gl/src/source/geojson_source.test.ts[2m > [22mGeoJSONSource.getData[2m > [22msends a message with a correct type to the worker and forwards the data provided returned by it[32m 1[2mms[22m[39m
 [32mΓ£ô[39m node_modules/.pnpm/react-map-gl@8.1.0_maplibre_f5b73890850d036840af8db7ab51d30f/node_modules/maplibre-gl/src/source/geojson_source.test.ts[2m > [22mGeoJSONSource.updateData[2m > [22mqueues a second call to updateData[32m 33[2mms[22m[39m
 [32mΓ£ô[39m node_modules/.pnpm/react-map-gl@8.1.0_maplibre_f5b73890850d036840af8db7ab51d30f/node_modules/maplibre-gl/src/source/geojson_source.test.ts[2m > [22mGeoJSONSource.updateData[2m > [22mcombines multiple diffs when data is loading[32m 16[2mms[22m[39m
 [32mΓ£ô[39m node_modules/.pnpm/react-map-gl@8.1.0_maplibre_f5b73890850d036840af8db7ab51d30f/node_modules/maplibre-gl/src/source/geojson_source.test.ts[2m > [22mGeoJSONSource.updateData[2m > [22mis overwritten by a subsequent call to setData when data is loading[32m 29[2mms[22m[39m
 [32mΓ£ô[39m node_modules/.pnpm/react-map-gl@8.1.0_maplibre_f5b73890850d036840af8db7ab51d30f/node_modules/maplibre-gl/src/source/geojson_source.test.ts[2m > [22mGeoJSONSource.updateData[2m > [22mis queued after setData when data is loading[32m 32[2mms[22m[39m
 [32mΓ£ô[39m node_modules/.pnpm/react-map-gl@8.1.0_maplibre_f5b73890850d036840af8db7ab51d30f/node_modules/maplibre-gl/src/source/geojson_source.test.ts[2m > [22mGeoJSONSource.updateData[2m > [22mthrows error when updating data that is not compatible with updateData[32m 1[2mms[22m[39m
 [32mΓ£ô[39m node_modules/.pnpm/react-map-gl@8.1.0_maplibre_f5b73890850d036840af8db7ab51d30f/node_modules/maplibre-gl/src/source/geojson_source.test.ts[2m > [22mGeoJSONSource.getBounds[2m > [22mget bounds returns result from getGeoJSONBounds util[32m 1[2mms[22m[39m
 [32mΓ£ô[39m node_modules/.pnpm/react-map-gl@8.1.0_maplibre_f5b73890850d036840af8db7ab51d30f/node_modules/maplibre-gl/src/source/geojson_source.test.ts[2m > [22mGeoJSONSource.serialize[2m > [22mserialize source with inline data[32m 0[2mms[22m[39m
 [32mΓ£ô[39m node_modules/.pnpm/react-map-gl@8.1.0_maplibre_f5b73890850d036840af8db7ab51d30f/node_modules/maplibre-gl/src/source/geojson_source.test.ts[2m > [22mGeoJSONSource.serialize[2m > [22mserialize source with url[32m 0[2mms[22m[39m
 [32mΓ£ô[39m node_modules/.pnpm/react-map-gl@8.1.0_maplibre_f5b73890850d036840af8db7ab51d30f/node_modules/maplibre-gl/src/source/geojson_source.test.ts[2m > [22mGeoJSONSource.serialize[2m > [22mserialize source with updated data[32m 1[2mms[22m[39m
 [32mΓ£ô[39m node_modules/.pnpm/react-map-gl@8.1.0_maplibre_f5b73890850d036840af8db7ab51d30f/node_modules/maplibre-gl/src/source/geojson_source.test.ts[2m > [22mGeoJSONSource.serialize[2m > [22mserialize source with additional options[32m 1[2mms[22m[39m
 [32mΓ£ô[39m node_modules/.pnpm/react-map-gl@8.1.0_maplibre_f5b73890850d036840af8db7ab51d30f/node_modules/maplibre-gl/src/source/geojson_source.test.ts[2m > [22mGeoJSONSource.load[2m > [22mis noop when all data is already loaded[32m 10[2mms[22m[39m
 [32mΓ£ô[39m node_modules/.pnpm/react-map-gl@8.1.0_maplibre_f5b73890850d036840af8db7ab51d30f/node_modules/maplibre-gl/src/source/geojson_source.test.ts[2m > [22mGeoJSONSource.applyDiff[2m > [22mapplies diff[32m 1[2mms[22m[39m
 [32mΓ£ô[39m node_modules/.pnpm/react-map-gl@8.1.0_maplibre_f5b73890850d036840af8db7ab51d30f/node_modules/maplibre-gl/src/source/geojson_source.test.ts[2m > [22mGeoJSONSource.shoudReloadTile[2m > [22mreturns true when tile is still loading[32m 1[2mms[22m[39m
 [32mΓ£ô[39m node_modules/.pnpm/react-map-gl@8.1.0_maplibre_f5b73890850d036840af8db7ab51d30f/node_modules/maplibre-gl/src/source/geojson_source.test.ts[2m > [22mGeoJSONSource.shoudReloadTile[2m > [22mreturns false when tile has been unloaded[32m 1[2mms[22m[39m
 [32mΓ£ô[39m node_modules/.pnpm/react-map-gl@8.1.0_maplibre_f5b73890850d036840af8db7ab51d30f/node_modules/maplibre-gl/src/source/geojson_source.test.ts[2m > [22mGeoJSONSource.shoudReloadTile[2m > [22mfires undefined when diff.removeAll is true[32m 1[2mms[22m[39m
 [32mΓ£ô[39m node_modules/.pnpm/react-map-gl@8.1.0_maplibre_f5b73890850d036840af8db7ab51d30f/node_modules/maplibre-gl/src/source/geojson_source.test.ts[2m > [22mGeoJSONSource.shoudReloadTile[2m > [22mreturns true when tile contains a feature that is being updated[32m 1[2mms[22m[39m
 [32mΓ£ô[39m node_modules/.pnpm/react-map-gl@8.1.0_maplibre_f5b73890850d036840af8db7ab51d30f/node_modules/maplibre-gl/src/source/geojson_source.test.ts[2m > [22mGeoJSONSource.shoudReloadTile[2m > [22mreturns false when tile contains a feature that is being removed but was never added[32m 1[2mms[22m[39m
 [32mΓ£ô[39m node_modules/.pnpm/react-map-gl@8.1.0_maplibre_f5b73890850d036840af8db7ab51d30f/node_modules/maplibre-gl/src/source/geojson_source.test.ts[2m > [22mGeoJSONSource.shoudReloadTile[2m > [22mreturns false when diff has no changes affecting the tile[32m 1[2mms[22m[39m
 [32mΓ£ô[39m node_modules/.pnpm/react-map-gl@8.1.0_maplibre_f5b73890850d036840af8db7ab51d30f/node_modules/maplibre-gl/src/source/geojson_source.test.ts[2m > [22mGeoJSONSource.shoudReloadTile[2m > [22mreturns false when diff is empty[32m 1[2mms[22m[39m
 [32mΓ£ô[39m node_modules/.pnpm/react-map-gl@8.1.0_maplibre_f5b73890850d036840af8db7ab51d30f/node_modules/maplibre-gl/src/source/geojson_source.test.ts[2m > [22mGeoJSONSource.shoudReloadTile[2m > [22mhandles string feature ids and returns no bounds since feature does not exist[32m 2[2mms[22m[39m
 [32mΓ£ô[39m node_modules/.pnpm/react-map-gl@8.1.0_maplibre_f5b73890850d036840af8db7ab51d30f/node_modules/maplibre-gl/src/source/geojson_source.test.ts[2m > [22mGeoJSONSource.shoudReloadTile[2m > [22mhandles cluster[32m 1[2mms[22m[39m
 [32mΓ£ô[39m node_modules/.pnpm/@maplibre+maplibre-gl-style-spec@19.3.3/node_modules/@maplibre/maplibre-gl-style-spec/src/function/index.test.ts[2m > [22mbinary search[2m > [22mwill eventually terminate.[32m 4[2mms[22m[39m
 [32mΓ£ô[39m node_modules/.pnpm/@maplibre+maplibre-gl-style-spec@19.3.3/node_modules/@maplibre/maplibre-gl-style-spec/src/function/index.test.ts[2m > [22mexponential function[2m > [22mis the default for interpolated properties[32m 1[2mms[22m[39m
 [32mΓ£ô[39m node_modules/.pnpm/@maplibre+maplibre-gl-style-spec@19.3.3/node_modules/@maplibre/maplibre-gl-style-spec/src/function/index.test.ts[2m > [22mexponential function[2m > [22mbase[32m 1[2mms[22m[39m
 [32mΓ£ô[39m node_modules/.pnpm/@maplibre+maplibre-gl-style-spec@19.3.3/node_modules/@maplibre/maplibre-gl-style-spec/src/function/index.test.ts[2m > [22mexponential function[2m > [22mone stop[32m 1[2mms[22m[39m
 [32mΓ£ô[39m node_modules/.pnpm/@maplibre+maplibre-gl-style-spec@19.3.3/node_modules/@maplibre/maplibre-gl-style-spec/src/function/index.test.ts[2m > [22mexponential function[2m > [22mtwo stops[32m 1[2mms[22m[39m
 [32mΓ£ô[39m node_modules/.pnpm/@maplibre+maplibre-gl-style-spec@19.3.3/node_modules/@maplibre/maplibre-gl-style-spec/src/function/index.test.ts[2m > [22mexponential function[2m > [22mthree stops[32m 1[2mms[22m[39m
 [32mΓ£ô[39m node_modules/.pnpm/@maplibre+maplibre-gl-style-spec@19.3.3/node_modules/@maplibre/maplibre-gl-style-spec/src/function/index.test.ts[2m > [22mexponential function[2m > [22mfour stops[32m 1[2mms[22m[39m
 [32mΓ£ô[39m node_modules/.pnpm/@maplibre+maplibre-gl-style-spec@19.3.3/node_modules/@maplibre/maplibre-gl-style-spec/src/function/index.test.ts[2m > [22mexponential function[2m > [22mmany stops[32m 1[2mms[22m[39m
 [32mΓ£ô[39m node_modules/.pnpm/@maplibre+maplibre-gl-style-spec@19.3.3/node_modules/@maplibre/maplibre-gl-style-spec/src/function/index.test.ts[2m > [22mexponential function[2m > [22mcolor[32m 4[2mms[22m[39m
 [32mΓ£ô[39m node_modules/.pnpm/@maplibre+maplibre-gl-style-spec@19.3.3/node_modules/@maplibre/maplibre-gl-style-spec/src/function/index.test.ts[2m > [22mexponential function[2m > [22mcolor hcl colorspace[32m 4[2mms[22m[39m
 [32mΓ£ô[39m node_modules/.pnpm/@maplibre+maplibre-gl-style-spec@19.3.3/node_modules/@maplibre/maplibre-gl-style-spec/src/function/index.test.ts[2m > [22mexponential function[2m > [22mcolor lab colorspace[32m 2[2mms[22m[39m
 [32mΓ£ô[39m node_modules/.pnpm/@maplibre+maplibre-gl-style-spec@19.3.3/node_modules/@maplibre/maplibre-gl-style-spec/src/function/index.test.ts[2m > [22mexponential function[2m > [22mcolor invalid colorspace[32m 1[2mms[22m[39m
 [32mΓ£ô[39m node_modules/.pnpm/@maplibre+maplibre-gl-style-spec@19.3.3/node_modules/@maplibre/maplibre-gl-style-spec/src/function/index.test.ts[2m > [22mexponential function[2m > [22minterpolation mutation avoidance[32m 1[2mms[22m[39m
 [32mΓ£ô[39m node_modules/.pnpm/@maplibre+maplibre-gl-style-spec@19.3.3/node_modules/@maplibre/maplibre-gl-style-spec/src/function/index.test.ts[2m > [22mexponential function[2m > [22mpadding[32m 1[2mms[22m[39m
 [32mΓ£ô[39m node_modules/.pnpm/@maplibre+maplibre-gl-style-spec@19.3.3/node_modules/@maplibre/maplibre-gl-style-spec/src/function/index.test.ts[2m > [22mexponential function[2m > [22mproperty present[32m 0[2mms[22m[39m
 [32mΓ£ô[39m node_modules/.pnpm/@maplibre+maplibre-gl-style-spec@19.3.3/node_modules/@maplibre/maplibre-gl-style-spec/src/function/index.test.ts[2m > [22mexponential function[2m > [22mproperty absent, function default[32m 0[2mms[22m[39m
 [32mΓ£ô[39m node_modules/.pnpm/@maplibre+maplibre-gl-style-spec@19.3.3/node_modules/@maplibre/maplibre-gl-style-spec/src/function/index.test.ts[2m > [22mexponential function[2m > [22mproperty absent, spec default[32m 0[2mms[22m[39m
 [32mΓ£ô[39m node_modules/.pnpm/@maplibre+maplibre-gl-style-spec@19.3.3/node_modules/@maplibre/maplibre-gl-style-spec/src/function/index.test.ts[2m > [22mexponential function[2m > [22mproperty type mismatch, function default[32m 0[2mms[22m[39m
 [32mΓ£ô[39m node_modules/.pnpm/@maplibre+maplibre-gl-style-spec@19.3.3/node_modules/@maplibre/maplibre-gl-style-spec/src/function/index.test.ts[2m > [22mexponential function[2m > [22mproperty type mismatch, spec default[32m 0[2mms[22m[39m
 [32mΓ£ô[39m node_modules/.pnpm/@maplibre+maplibre-gl-style-spec@19.3.3/node_modules/@maplibre/maplibre-gl-style-spec/src/function/index.test.ts[2m > [22mexponential function[2m > [22mzoom-and-property function, one stop[32m 1[2mms[22m[39m
 [32mΓ£ô[39m node_modules/.pnpm/@maplibre+maplibre-gl-style-spec@19.3.3/node_modules/@maplibre/maplibre-gl-style-spec/src/function/index.test.ts[2m > [22mexponential function[2m > [22mzoom-and-property function, two stops[32m 1[2mms[22m[39m
 [32mΓ£ô[39m node_modules/.pnpm/@maplibre+maplibre-gl-style-spec@19.3.3/node_modules/@maplibre/maplibre-gl-style-spec/src/function/index.test.ts[2m > [22mexponential function[2m > [22mzoom-and-property function, three stops[32m 0[2mms[22m[39m
 [32mΓ£ô[39m node_modules/.pnpm/@maplibre+maplibre-gl-style-spec@19.3.3/node_modules/@maplibre/maplibre-gl-style-spec/src/function/index.test.ts[2m > [22mexponential function[2m > [22mzoom-and-property function, two stops, fractional zoom[32m 0[2mms[22m[39m
 [32mΓ£ô[39m node_modules/.pnpm/@maplibre+maplibre-gl-style-spec@19.3.3/node_modules/@maplibre/maplibre-gl-style-spec/src/function/index.test.ts[2m > [22mexponential function[2m > [22mzoom-and-property function, four stops, integer and fractional zooms[32m 1[2mms[22m[39m
 [32mΓ£ô[39m node_modules/.pnpm/@maplibre+maplibre-gl-style-spec@19.3.3/node_modules/@maplibre/maplibre-gl-style-spec/src/function/index.test.ts[2m > [22mexponential function[2m > [22mzoom-and-property function, no default[32m 0[2mms[22m[39m
 [32mΓ£ô[39m node_modules/.pnpm/@maplibre+maplibre-gl-style-spec@19.3.3/node_modules/@maplibre/maplibre-gl-style-spec/src/function/index.test.ts[2m > [22mexponential function[2m > [22mzoom-and-property function, color[32m 0[2mms[22m[39m
 [32mΓ£ô[39m node_modules/.pnpm/@maplibre+maplibre-gl-style-spec@19.3.3/node_modules/@maplibre/maplibre-gl-style-spec/src/function/index.test.ts[2m > [22mexponential function[2m > [22mzoom-and-property function, padding[32m 0[2mms[22m[39m
 [32mΓ£ô[39m node_modules/.pnpm/@maplibre+maplibre-gl-style-spec@19.3.3/node_modules/@maplibre/maplibre-gl-style-spec/src/function/index.test.ts[2m > [22minterval function[2m > [22mis the default for non-interpolated properties[32m 0[2mms[22m[39m
 [32mΓ£ô[39m node_modules/.pnpm/@maplibre+maplibre-gl-style-spec@19.3.3/node_modules/@maplibre/maplibre-gl-style-spec/src/function/index.test.ts[2m > [22minterval function[2m > [22mone stop[32m 0[2mms[22m[39m
 [32mΓ£ô[39m node_modules/.pnpm/@maplibre+maplibre-gl-style-spec@19.3.3/node_modules/@maplibre/maplibre-gl-style-spec/src/function/index.test.ts[2m > [22minterval function[2m > [22mtwo stops[32m 1[2mms[22m[39m
 [32mΓ£ô[39m node_modules/.pnpm/@maplibre+maplibre-gl-style-spec@19.3.3/node_modules/@maplibre/maplibre-gl-style-spec/src/function/index.test.ts[2m > [22minterval function[2m > [22mthree stops[32m 1[2mms[22m[39m
 [32mΓ£ô[39m node_modules/.pnpm/@maplibre+maplibre-gl-style-spec@19.3.3/node_modules/@maplibre/maplibre-gl-style-spec/src/function/index.test.ts[2m > [22minterval function[2m > [22mfour stops[32m 1[2mms[22m[39m
 [32mΓ£ô[39m node_modules/.pnpm/@maplibre+maplibre-gl-style-spec@19.3.3/node_modules/@maplibre/maplibre-gl-style-spec/src/function/index.test.ts[2m > [22minterval function[2m > [22mcolor[32m 1[2mms[22m[39m
 [32mΓ£ô[39m node_modules/.pnpm/@maplibre+maplibre-gl-style-spec@19.3.3/node_modules/@maplibre/maplibre-gl-style-spec/src/function/index.test.ts[2m > [22minterval function[2m > [22mpadding[32m 1[2mms[22m[39m
 [32mΓ£ô[39m node_modules/.pnpm/@maplibre+maplibre-gl-style-spec@19.3.3/node_modules/@maplibre/maplibre-gl-style-spec/src/function/index.test.ts[2m > [22minterval function[2m > [22mproperty present[32m 0[2mms[22m[39m
 [32mΓ£ô[39m node_modules/.pnpm/@maplibre+maplibre-gl-style-spec@19.3.3/node_modules/@maplibre/maplibre-gl-style-spec/src/function/index.test.ts[2m > [22minterval function[2m > [22mproperty absent, function default[32m 0[2mms[22m[39m
 [32mΓ£ô[39m node_modules/.pnpm/@maplibre+maplibre-gl-style-spec@19.3.3/node_modules/@maplibre/maplibre-gl-style-spec/src/function/index.test.ts[2m > [22minterval function[2m > [22mproperty absent, spec default[32m 0[2mms[22m[39m
 [32mΓ£ô[39m node_modules/.pnpm/@maplibre+maplibre-gl-style-spec@19.3.3/node_modules/@maplibre/maplibre-gl-style-spec/src/function/index.test.ts[2m > [22minterval function[2m > [22mproperty type mismatch, function default[32m 1[2mms[22m[39m
 [32mΓ£ô[39m node_modules/.pnpm/@maplibre+maplibre-gl-style-spec@19.3.3/node_modules/@maplibre/maplibre-gl-style-spec/src/function/index.test.ts[2m > [22minterval function[2m > [22mproperty type mismatch, spec default[32m 0[2mms[22m[39m
 [32mΓ£ô[39m node_modules/.pnpm/@maplibre+maplibre-gl-style-spec@19.3.3/node_modules/@maplibre/maplibre-gl-style-spec/src/function/index.test.ts[2m > [22mcategorical function[2m > [22mstring[32m 0[2mms[22m[39m
 [32mΓ£ô[39m node_modules/.pnpm/@maplibre+maplibre-gl-style-spec@19.3.3/node_modules/@maplibre/maplibre-gl-style-spec/src/function/index.test.ts[2m > [22mcategorical function[2m > [22mstring function default[32m 0[2mms[22m[39m
 [32mΓ£ô[39m node_modules/.pnpm/@maplibre+maplibre-gl-style-spec@19.3.3/node_modules/@maplibre/maplibre-gl-style-spec/src/function/index.test.ts[2m > [22mcategorical function[2m > [22mstring zoom-and-property function default[32m 0[2mms[22m[39m
 [32mΓ£ô[39m node_modules/.pnpm/@maplibre+maplibre-gl-style-spec@19.3.3/node_modules/@maplibre/maplibre-gl-style-spec/src/function/index.test.ts[2m > [22mcategorical function[2m > [22mstrict type checking[32m 0[2mms[22m[39m
 [32mΓ£ô[39m node_modules/.pnpm/@maplibre+maplibre-gl-style-spec@19.3.3/node_modules/@maplibre/maplibre-gl-style-spec/src/function/index.test.ts[2m > [22mcategorical function[2m > [22mstring spec default[32m 0[2mms[22m[39m
 [32mΓ£ô[39m node_modules/.pnpm/@maplibre+maplibre-gl-style-spec@19.3.3/node_modules/@maplibre/maplibre-gl-style-spec/src/function/index.test.ts[2m > [22mcategorical function[2m > [22mcolor[32m 0[2mms[22m[39m
 [32mΓ£ô[39m node_modules/.pnpm/@maplibre+maplibre-gl-style-spec@19.3.3/node_modules/@maplibre/maplibre-gl-style-spec/src/function/index.test.ts[2m > [22mcategorical function[2m > [22mcolor function default[32m 0[2mms[22m[39m
 [32mΓ£ô[39m node_modules/.pnpm/@maplibre+maplibre-gl-style-spec@19.3.3/node_modules/@maplibre/maplibre-gl-style-spec/src/function/index.test.ts[2m > [22mcategorical function[2m > [22mcolor spec default[32m 0[2mms[22m[39m
 [32mΓ£ô[39m node_modules/.pnpm/@maplibre+maplibre-gl-style-spec@19.3.3/node_modules/@maplibre/maplibre-gl-style-spec/src/function/index.test.ts[2m > [22mcategorical function[2m > [22mpadding[32m 0[2mms[22m[39m
 [32mΓ£ô[39m node_modules/.pnpm/@maplibre+maplibre-gl-style-spec@19.3.3/node_modules/@maplibre/maplibre-gl-style-spec/src/function/index.test.ts[2m > [22mcategorical function[2m > [22mpadding function default[32m 0[2mms[22m[39m
 [32mΓ£ô[39m node_modules/.pnpm/@maplibre+maplibre-gl-style-spec@19.3.3/node_modules/@maplibre/maplibre-gl-style-spec/src/function/index.test.ts[2m > [22mcategorical function[2m > [22mpadding spec default[32m 0[2mms[22m[39m
 [32mΓ£ô[39m node_modules/.pnpm/@maplibre+maplibre-gl-style-spec@19.3.3/node_modules/@maplibre/maplibre-gl-style-spec/src/function/index.test.ts[2m > [22mcategorical function[2m > [22mboolean[32m 0[2mms[22m[39m
 [32mΓ£ô[39m node_modules/.pnpm/@maplibre+maplibre-gl-style-spec@19.3.3/node_modules/@maplibre/maplibre-gl-style-spec/src/function/index.test.ts[2m > [22midentity function[2m > [22mnumber[32m 0[2mms[22m[39m
 [32mΓ£ô[39m node_modules/.pnpm/@maplibre+maplibre-gl-style-spec@19.3.3/node_modules/@maplibre/maplibre-gl-style-spec/src/function/index.test.ts[2m > [22midentity function[2m > [22mnumber function default[32m 0[2mms[22m[39m
 [32mΓ£ô[39m node_modules/.pnpm/@maplibre+maplibre-gl-style-spec@19.3.3/node_modules/@maplibre/maplibre-gl-style-spec/src/function/index.test.ts[2m > [22midentity function[2m > [22mnumber spec default[32m 0[2mms[22m[39m
 [32mΓ£ô[39m node_modules/.pnpm/@maplibre+maplibre-gl-style-spec@19.3.3/node_modules/@maplibre/maplibre-gl-style-spec/src/function/index.test.ts[2m > [22midentity function[2m > [22mcolor[32m 0[2mms[22m[39m
 [32mΓ£ô[39m node_modules/.pnpm/@maplibre+maplibre-gl-style-spec@19.3.3/node_modules/@maplibre/maplibre-gl-style-spec/src/function/index.test.ts[2m > [22midentity function[2m > [22mcolor function default[32m 0[2mms[22m[39m
 [32mΓ£ô[39m node_modules/.pnpm/@maplibre+maplibre-gl-style-spec@19.3.3/node_modules/@maplibre/maplibre-gl-style-spec/src/function/index.test.ts[2m > [22midentity function[2m > [22mcolor spec default[32m 0[2mms[22m[39m
 [32mΓ£ô[39m node_modules/.pnpm/@maplibre+maplibre-gl-style-spec@19.3.3/node_modules/@maplibre/maplibre-gl-style-spec/src/function/index.test.ts[2m > [22midentity function[2m > [22mcolor invalid[32m 1[2mms[22m[39m
 [32mΓ£ô[39m node_modules/.pnpm/@maplibre+maplibre-gl-style-spec@19.3.3/node_modules/@maplibre/maplibre-gl-style-spec/src/function/index.test.ts[2m > [22midentity function[2m > [22mpadding[32m 1[2mms[22m[39m
 [32mΓ£ô[39m node_modules/.pnpm/@maplibre+maplibre-gl-style-spec@19.3.3/node_modules/@maplibre/maplibre-gl-style-spec/src/function/index.test.ts[2m > [22midentity function[2m > [22mpadding function default[32m 0[2mms[22m[39m
 [32mΓ£ô[39m node_modules/.pnpm/@maplibre+maplibre-gl-style-spec@19.3.3/node_modules/@maplibre/maplibre-gl-style-spec/src/function/index.test.ts[2m > [22midentity function[2m > [22mpadding spec default[32m 0[2mms[22m[39m
 [32mΓ£ô[39m node_modules/.pnpm/@maplibre+maplibre-gl-style-spec@19.3.3/node_modules/@maplibre/maplibre-gl-style-spec/src/function/index.test.ts[2m > [22midentity function[2m > [22mpadding invalid[32m 0[2mms[22m[39m
 [32mΓ£ô[39m node_modules/.pnpm/@maplibre+maplibre-gl-style-spec@19.3.3/node_modules/@maplibre/maplibre-gl-style-spec/src/function/index.test.ts[2m > [22midentity function[2m > [22mproperty type mismatch, function default[32m 1[2mms[22m[39m
 [32mΓ£ô[39m node_modules/.pnpm/@maplibre+maplibre-gl-style-spec@19.3.3/node_modules/@maplibre/maplibre-gl-style-spec/src/function/index.test.ts[2m > [22midentity function[2m > [22mproperty type mismatch, spec default[32m 0[2mms[22m[39m
 [32mΓ£ô[39m node_modules/.pnpm/@maplibre+maplibre-gl-style-spec@19.3.3/node_modules/@maplibre/maplibre-gl-style-spec/src/function/index.test.ts[2m > [22midentity function[2m > [22mvalid enum[32m 1[2mms[22m[39m
 [32mΓ£ô[39m node_modules/.pnpm/@maplibre+maplibre-gl-style-spec@19.3.3/node_modules/@maplibre/maplibre-gl-style-spec/src/function/index.test.ts[2m > [22midentity function[2m > [22minvalid enum, spec default[32m 1[2mms[22m[39m
 [32mΓ£ô[39m node_modules/.pnpm/@maplibre+maplibre-gl-style-spec@19.3.3/node_modules/@maplibre/maplibre-gl-style-spec/src/function/index.test.ts[2m > [22midentity function[2m > [22minvalid type for enum, spec default[32m 0[2mms[22m[39m
 [32mΓ£ô[39m node_modules/.pnpm/@maplibre+maplibre-gl-style-spec@19.3.3/node_modules/@maplibre/maplibre-gl-style-spec/src/function/index.test.ts[2m > [22midentity function[2m > [22mformatted[32m 1[2mms[22m[39m
 [32mΓ£ô[39m node_modules/.pnpm/@maplibre+maplibre-gl-style-spec@19.3.3/node_modules/@maplibre/maplibre-gl-style-spec/src/function/index.test.ts[2m > [22mkind[2m > [22mcamera[32m 0[2mms[22m[39m
 [32mΓ£ô[39m node_modules/.pnpm/@maplibre+maplibre-gl-style-spec@19.3.3/node_modules/@maplibre/maplibre-gl-style-spec/src/function/index.test.ts[2m > [22mkind[2m > [22msource[32m 0[2mms[22m[39m
 [32mΓ£ô[39m node_modules/.pnpm/@maplibre+maplibre-gl-style-spec@19.3.3/node_modules/@maplibre/maplibre-gl-style-spec/src/function/index.test.ts[2m > [22mkind[2m > [22mcomposite[32m 0[2mms[22m[39m
 [32mΓ£ô[39m node_modules/.pnpm/@vis.gl+react-maplibre@8.1._02dd8e1c741d0f23c6f18bb60b165618/node_modules/@maplibre/maplibre-gl-style-spec/src/function/index.test.ts[2m > [22mbinary search[2m > [22mwill eventually terminate.[32m 4[2mms[22m[39m
 [32mΓ£ô[39m node_modules/.pnpm/@vis.gl+react-maplibre@8.1._02dd8e1c741d0f23c6f18bb60b165618/node_modules/@maplibre/maplibre-gl-style-spec/src/function/index.test.ts[2m > [22mexponential function[2m > [22mis the default for interpolated properties[32m 1[2mms[22m[39m
 [32mΓ£ô[39m node_modules/.pnpm/@vis.gl+react-maplibre@8.1._02dd8e1c741d0f23c6f18bb60b165618/node_modules/@maplibre/maplibre-gl-style-spec/src/function/index.test.ts[2m > [22mexponential function[2m > [22mbase[32m 1[2mms[22m[39m
 [32mΓ£ô[39m node_modules/.pnpm/@vis.gl+react-maplibre@8.1._02dd8e1c741d0f23c6f18bb60b165618/node_modules/@maplibre/maplibre-gl-style-spec/src/function/index.test.ts[2m > [22mexponential function[2m > [22mone stop[32m 1[2mms[22m[39m
 [32mΓ£ô[39m node_modules/.pnpm/@vis.gl+react-maplibre@8.1._02dd8e1c741d0f23c6f18bb60b165618/node_modules/@maplibre/maplibre-gl-style-spec/src/function/index.test.ts[2m > [22mexponential function[2m > [22mtwo stops[32m 1[2mms[22m[39m
 [32mΓ£ô[39m node_modules/.pnpm/@vis.gl+react-maplibre@8.1._02dd8e1c741d0f23c6f18bb60b165618/node_modules/@maplibre/maplibre-gl-style-spec/src/function/index.test.ts[2m > [22mexponential function[2m > [22mthree stops[32m 1[2mms[22m[39m
 [32mΓ£ô[39m node_modules/.pnpm/@vis.gl+react-maplibre@8.1._02dd8e1c741d0f23c6f18bb60b165618/node_modules/@maplibre/maplibre-gl-style-spec/src/function/index.test.ts[2m > [22mexponential function[2m > [22mfour stops[32m 2[2mms[22m[39m
 [32mΓ£ô[39m node_modules/.pnpm/@vis.gl+react-maplibre@8.1._02dd8e1c741d0f23c6f18bb60b165618/node_modules/@maplibre/maplibre-gl-style-spec/src/function/index.test.ts[2m > [22mexponential function[2m > [22mmany stops[32m 1[2mms[22m[39m
 [32mΓ£ô[39m node_modules/.pnpm/@vis.gl+react-maplibre@8.1._02dd8e1c741d0f23c6f18bb60b165618/node_modules/@maplibre/maplibre-gl-style-spec/src/function/index.test.ts[2m > [22mexponential function[2m > [22mcolor[32m 5[2mms[22m[39m
 [32mΓ£ô[39m node_modules/.pnpm/@vis.gl+react-maplibre@8.1._02dd8e1c741d0f23c6f18bb60b165618/node_modules/@maplibre/maplibre-gl-style-spec/src/function/index.test.ts[2m > [22mexponential function[2m > [22mcolor hcl colorspace[32m 3[2mms[22m[39m
 [32mΓ£ô[39m node_modules/.pnpm/@vis.gl+react-maplibre@8.1._02dd8e1c741d0f23c6f18bb60b165618/node_modules/@maplibre/maplibre-gl-style-spec/src/function/index.test.ts[2m > [22mexponential function[2m > [22mcolor lab colorspace[32m 2[2mms[22m[39m
 [32mΓ£ô[39m node_modules/.pnpm/@vis.gl+react-maplibre@8.1._02dd8e1c741d0f23c6f18bb60b165618/node_modules/@maplibre/maplibre-gl-style-spec/src/function/index.test.ts[2m > [22mexponential function[2m > [22mcolor invalid colorspace[32m 1[2mms[22m[39m
 [32mΓ£ô[39m node_modules/.pnpm/@vis.gl+react-maplibre@8.1._02dd8e1c741d0f23c6f18bb60b165618/node_modules/@maplibre/maplibre-gl-style-spec/src/function/index.test.ts[2m > [22mexponential function[2m > [22minterpolation mutation avoidance[32m 1[2mms[22m[39m
 [32mΓ£ô[39m node_modules/.pnpm/@vis.gl+react-maplibre@8.1._02dd8e1c741d0f23c6f18bb60b165618/node_modules/@maplibre/maplibre-gl-style-spec/src/function/index.test.ts[2m > [22mexponential function[2m > [22mpadding[32m 1[2mms[22m[39m
 [32mΓ£ô[39m node_modules/.pnpm/@vis.gl+react-maplibre@8.1._02dd8e1c741d0f23c6f18bb60b165618/node_modules/@maplibre/maplibre-gl-style-spec/src/function/index.test.ts[2m > [22mexponential function[2m > [22mproperty present[32m 2[2mms[22m[39m
 [32mΓ£ô[39m node_modules/.pnpm/@vis.gl+react-maplibre@8.1._02dd8e1c741d0f23c6f18bb60b165618/node_modules/@maplibre/maplibre-gl-style-spec/src/function/index.test.ts[2m > [22mexponential function[2m > [22mproperty absent, function default[32m 0[2mms[22m[39m
 [32mΓ£ô[39m node_modules/.pnpm/@vis.gl+react-maplibre@8.1._02dd8e1c741d0f23c6f18bb60b165618/node_modules/@maplibre/maplibre-gl-style-spec/src/function/index.test.ts[2m > [22mexponential function[2m > [22mproperty absent, spec default[32m 0[2mms[22m[39m
 [32mΓ£ô[39m node_modules/.pnpm/@vis.gl+react-maplibre@8.1._02dd8e1c741d0f23c6f18bb60b165618/node_modules/@maplibre/maplibre-gl-style-spec/src/function/index.test.ts[2m > [22mexponential function[2m > [22mproperty type mismatch, function default[32m 0[2mms[22m[39m
 [32mΓ£ô[39m node_modules/.pnpm/@vis.gl+react-maplibre@8.1._02dd8e1c741d0f23c6f18bb60b165618/node_modules/@maplibre/maplibre-gl-style-spec/src/function/index.test.ts[2m > [22mexponential function[2m > [22mproperty type mismatch, spec default[32m 0[2mms[22m[39m
 [32mΓ£ô[39m node_modules/.pnpm/@vis.gl+react-maplibre@8.1._02dd8e1c741d0f23c6f18bb60b165618/node_modules/@maplibre/maplibre-gl-style-spec/src/function/index.test.ts[2m > [22mexponential function[2m > [22mzoom-and-property function, one stop[32m 1[2mms[22m[39m
 [32mΓ£ô[39m node_modules/.pnpm/@vis.gl+react-maplibre@8.1._02dd8e1c741d0f23c6f18bb60b165618/node_modules/@maplibre/maplibre-gl-style-spec/src/function/index.test.ts[2m > [22mexponential function[2m > [22mzoom-and-property function, two stops[32m 1[2mms[22m[39m
 [32mΓ£ô[39m node_modules/.pnpm/@vis.gl+react-maplibre@8.1._02dd8e1c741d0f23c6f18bb60b165618/node_modules/@maplibre/maplibre-gl-style-spec/src/function/index.test.ts[2m > [22mexponential function[2m > [22mzoom-and-property function, three stops[32m 1[2mms[22m[39m
 [32mΓ£ô[39m node_modules/.pnpm/@vis.gl+react-maplibre@8.1._02dd8e1c741d0f23c6f18bb60b165618/node_modules/@maplibre/maplibre-gl-style-spec/src/function/index.test.ts[2m > [22mexponential function[2m > [22mzoom-and-property function, two stops, fractional zoom[32m 1[2mms[22m[39m
 [32mΓ£ô[39m node_modules/.pnpm/@vis.gl+react-maplibre@8.1._02dd8e1c741d0f23c6f18bb60b165618/node_modules/@maplibre/maplibre-gl-style-spec/src/function/index.test.ts[2m > [22mexponential function[2m > [22mzoom-and-property function, four stops, integer and fractional zooms[32m 1[2mms[22m[39m
 [32mΓ£ô[39m node_modules/.pnpm/@vis.gl+react-maplibre@8.1._02dd8e1c741d0f23c6f18bb60b165618/node_modules/@maplibre/maplibre-gl-style-spec/src/function/index.test.ts[2m > [22mexponential function[2m > [22mzoom-and-property function, no default[32m 1[2mms[22m[39m
 [32mΓ£ô[39m node_modules/.pnpm/@vis.gl+react-maplibre@8.1._02dd8e1c741d0f23c6f18bb60b165618/node_modules/@maplibre/maplibre-gl-style-spec/src/function/index.test.ts[2m > [22mexponential function[2m > [22mzoom-and-property function, color[32m 1[2mms[22m[39m
 [32mΓ£ô[39m node_modules/.pnpm/@vis.gl+react-maplibre@8.1._02dd8e1c741d0f23c6f18bb60b165618/node_modules/@maplibre/maplibre-gl-style-spec/src/function/index.test.ts[2m > [22mexponential function[2m > [22mzoom-and-property function, padding[32m 1[2mms[22m[39m
 [32mΓ£ô[39m node_modules/.pnpm/@vis.gl+react-maplibre@8.1._02dd8e1c741d0f23c6f18bb60b165618/node_modules/@maplibre/maplibre-gl-style-spec/src/function/index.test.ts[2m > [22minterval function[2m > [22mis the default for non-interpolated properties[32m 1[2mms[22m[39m
 [32mΓ£ô[39m node_modules/.pnpm/@vis.gl+react-maplibre@8.1._02dd8e1c741d0f23c6f18bb60b165618/node_modules/@maplibre/maplibre-gl-style-spec/src/function/index.test.ts[2m > [22minterval function[2m > [22mone stop[32m 1[2mms[22m[39m
 [32mΓ£ô[39m node_modules/.pnpm/@vis.gl+react-maplibre@8.1._02dd8e1c741d0f23c6f18bb60b165618/node_modules/@maplibre/maplibre-gl-style-spec/src/function/index.test.ts[2m > [22minterval function[2m > [22mtwo stops[32m 1[2mms[22m[39m
 [32mΓ£ô[39m node_modules/.pnpm/@vis.gl+react-maplibre@8.1._02dd8e1c741d0f23c6f18bb60b165618/node_modules/@maplibre/maplibre-gl-style-spec/src/function/index.test.ts[2m > [22minterval function[2m > [22mthree stops[32m 1[2mms[22m[39m
 [32mΓ£ô[39m node_modules/.pnpm/@vis.gl+react-maplibre@8.1._02dd8e1c741d0f23c6f18bb60b165618/node_modules/@maplibre/maplibre-gl-style-spec/src/function/index.test.ts[2m > [22minterval function[2m > [22mfour stops[32m 1[2mms[22m[39m
 [32mΓ£ô[39m node_modules/.pnpm/@vis.gl+react-maplibre@8.1._02dd8e1c741d0f23c6f18bb60b165618/node_modules/@maplibre/maplibre-gl-style-spec/src/function/index.test.ts[2m > [22minterval function[2m > [22mcolor[32m 1[2mms[22m[39m
 [32mΓ£ô[39m node_modules/.pnpm/@vis.gl+react-maplibre@8.1._02dd8e1c741d0f23c6f18bb60b165618/node_modules/@maplibre/maplibre-gl-style-spec/src/function/index.test.ts[2m > [22minterval function[2m > [22mpadding[32m 1[2mms[22m[39m
 [32mΓ£ô[39m node_modules/.pnpm/@vis.gl+react-maplibre@8.1._02dd8e1c741d0f23c6f18bb60b165618/node_modules/@maplibre/maplibre-gl-style-spec/src/function/index.test.ts[2m > [22minterval function[2m > [22mproperty present[32m 1[2mms[22m[39m
 [32mΓ£ô[39m node_modules/.pnpm/@vis.gl+react-maplibre@8.1._02dd8e1c741d0f23c6f18bb60b165618/node_modules/@maplibre/maplibre-gl-style-spec/src/function/index.test.ts[2m > [22minterval function[2m > [22mproperty absent, function default[32m 0[2mms[22m[39m
 [32mΓ£ô[39m node_modules/.pnpm/@vis.gl+react-maplibre@8.1._02dd8e1c741d0f23c6f18bb60b165618/node_modules/@maplibre/maplibre-gl-style-spec/src/function/index.test.ts[2m > [22minterval function[2m > [22mproperty absent, spec default[32m 1[2mms[22m[39m
 [32mΓ£ô[39m node_modules/.pnpm/@vis.gl+react-maplibre@8.1._02dd8e1c741d0f23c6f18bb60b165618/node_modules/@maplibre/maplibre-gl-style-spec/src/function/index.test.ts[2m > [22minterval function[2m > [22mproperty type mismatch, function default[32m 1[2mms[22m[39m
 [32mΓ£ô[39m node_modules/.pnpm/@vis.gl+react-maplibre@8.1._02dd8e1c741d0f23c6f18bb60b165618/node_modules/@maplibre/maplibre-gl-style-spec/src/function/index.test.ts[2m > [22minterval function[2m > [22mproperty type mismatch, spec default[32m 1[2mms[22m[39m
 [32mΓ£ô[39m node_modules/.pnpm/@vis.gl+react-maplibre@8.1._02dd8e1c741d0f23c6f18bb60b165618/node_modules/@maplibre/maplibre-gl-style-spec/src/function/index.test.ts[2m > [22mcategorical function[2m > [22mstring[32m 1[2mms[22m[39m
 [32mΓ£ô[39m node_modules/.pnpm/@vis.gl+react-maplibre@8.1._02dd8e1c741d0f23c6f18bb60b165618/node_modules/@maplibre/maplibre-gl-style-spec/src/function/index.test.ts[2m > [22mcategorical function[2m > [22mstring function default[32m 0[2mms[22m[39m
 [32mΓ£ô[39m node_modules/.pnpm/@vis.gl+react-maplibre@8.1._02dd8e1c741d0f23c6f18bb60b165618/node_modules/@maplibre/maplibre-gl-style-spec/src/function/index.test.ts[2m > [22mcategorical function[2m > [22mstring zoom-and-property function default[32m 0[2mms[22m[39m
 [32mΓ£ô[39m node_modules/.pnpm/@vis.gl+react-maplibre@8.1._02dd8e1c741d0f23c6f18bb60b165618/node_modules/@maplibre/maplibre-gl-style-spec/src/function/index.test.ts[2m > [22mcategorical function[2m > [22mstrict type checking[32m 1[2mms[22m[39m
 [32mΓ£ô[39m node_modules/.pnpm/@vis.gl+react-maplibre@8.1._02dd8e1c741d0f23c6f18bb60b165618/node_modules/@maplibre/maplibre-gl-style-spec/src/function/index.test.ts[2m > [22mcategorical function[2m > [22mstring spec default[32m 0[2mms[22m[39m
 [32mΓ£ô[39m node_modules/.pnpm/@vis.gl+react-maplibre@8.1._02dd8e1c741d0f23c6f18bb60b165618/node_modules/@maplibre/maplibre-gl-style-spec/src/function/index.test.ts[2m > [22mcategorical function[2m > [22mcolor[32m 0[2mms[22m[39m
 [32mΓ£ô[39m node_modules/.pnpm/@vis.gl+react-maplibre@8.1._02dd8e1c741d0f23c6f18bb60b165618/node_modules/@maplibre/maplibre-gl-style-spec/src/function/index.test.ts[2m > [22mcategorical function[2m > [22mcolor function default[32m 0[2mms[22m[39m
 [32mΓ£ô[39m node_modules/.pnpm/@vis.gl+react-maplibre@8.1._02dd8e1c741d0f23c6f18bb60b165618/node_modules/@maplibre/maplibre-gl-style-spec/src/function/index.test.ts[2m > [22mcategorical function[2m > [22mcolor spec default[32m 0[2mms[22m[39m
 [32mΓ£ô[39m node_modules/.pnpm/@vis.gl+react-maplibre@8.1._02dd8e1c741d0f23c6f18bb60b165618/node_modules/@maplibre/maplibre-gl-style-spec/src/function/index.test.ts[2m > [22mcategorical function[2m > [22mpadding[32m 0[2mms[22m[39m
 [32mΓ£ô[39m node_modules/.pnpm/@vis.gl+react-maplibre@8.1._02dd8e1c741d0f23c6f18bb60b165618/node_modules/@maplibre/maplibre-gl-style-spec/src/function/index.test.ts[2m > [22mcategorical function[2m > [22mpadding function default[32m 0[2mms[22m[39m
 [32mΓ£ô[39m node_modules/.pnpm/@vis.gl+react-maplibre@8.1._02dd8e1c741d0f23c6f18bb60b165618/node_modules/@maplibre/maplibre-gl-style-spec/src/function/index.test.ts[2m > [22mcategorical function[2m > [22mpadding spec default[32m 0[2mms[22m[39m
 [32mΓ£ô[39m node_modules/.pnpm/@vis.gl+react-maplibre@8.1._02dd8e1c741d0f23c6f18bb60b165618/node_modules/@maplibre/maplibre-gl-style-spec/src/function/index.test.ts[2m > [22mcategorical function[2m > [22mboolean[32m 0[2mms[22m[39m
 [32mΓ£ô[39m node_modules/.pnpm/@vis.gl+react-maplibre@8.1._02dd8e1c741d0f23c6f18bb60b165618/node_modules/@maplibre/maplibre-gl-style-spec/src/function/index.test.ts[2m > [22midentity function[2m > [22mnumber[32m 0[2mms[22m[39m
 [32mΓ£ô[39m node_modules/.pnpm/@vis.gl+react-maplibre@8.1._02dd8e1c741d0f23c6f18bb60b165618/node_modules/@maplibre/maplibre-gl-style-spec/src/function/index.test.ts[2m > [22midentity function[2m > [22mnumber function default[32m 0[2mms[22m[39m
 [32mΓ£ô[39m node_modules/.pnpm/@vis.gl+react-maplibre@8.1._02dd8e1c741d0f23c6f18bb60b165618/node_modules/@maplibre/maplibre-gl-style-spec/src/function/index.test.ts[2m > [22midentity function[2m > [22mnumber spec default[32m 1[2mms[22m[39m
 [32mΓ£ô[39m node_modules/.pnpm/@vis.gl+react-maplibre@8.1._02dd8e1c741d0f23c6f18bb60b165618/node_modules/@maplibre/maplibre-gl-style-spec/src/function/index.test.ts[2m > [22midentity function[2m > [22mcolor[32m 0[2mms[22m[39m
 [32mΓ£ô[39m node_modules/.pnpm/@vis.gl+react-maplibre@8.1._02dd8e1c741d0f23c6f18bb60b165618/node_modules/@maplibre/maplibre-gl-style-spec/src/function/index.test.ts[2m > [22midentity function[2m > [22mcolor function default[32m 0[2mms[22m[39m
 [32mΓ£ô[39m node_modules/.pnpm/@vis.gl+react-maplibre@8.1._02dd8e1c741d0f23c6f18bb60b165618/node_modules/@maplibre/maplibre-gl-style-spec/src/function/index.test.ts[2m > [22midentity function[2m > [22mcolor spec default[32m 0[2mms[22m[39m
 [32mΓ£ô[39m node_modules/.pnpm/@vis.gl+react-maplibre@8.1._02dd8e1c741d0f23c6f18bb60b165618/node_modules/@maplibre/maplibre-gl-style-spec/src/function/index.test.ts[2m > [22midentity function[2m > [22mcolor invalid[32m 1[2mms[22m[39m
 [32mΓ£ô[39m node_modules/.pnpm/@vis.gl+react-maplibre@8.1._02dd8e1c741d0f23c6f18bb60b165618/node_modules/@maplibre/maplibre-gl-style-spec/src/function/index.test.ts[2m > [22midentity function[2m > [22mpadding[32m 1[2mms[22m[39m
 [32mΓ£ô[39m node_modules/.pnpm/@vis.gl+react-maplibre@8.1._02dd8e1c741d0f23c6f18bb60b165618/node_modules/@maplibre/maplibre-gl-style-spec/src/function/index.test.ts[2m > [22midentity function[2m > [22mpadding function default[32m 0[2mms[22m[39m
 [32mΓ£ô[39m node_modules/.pnpm/@vis.gl+react-maplibre@8.1._02dd8e1c741d0f23c6f18bb60b165618/node_modules/@maplibre/maplibre-gl-style-spec/src/function/index.test.ts[2m > [22midentity function[2m > [22mpadding spec default[32m 0[2mms[22m[39m
 [32mΓ£ô[39m node_modules/.pnpm/@vis.gl+react-maplibre@8.1._02dd8e1c741d0f23c6f18bb60b165618/node_modules/@maplibre/maplibre-gl-style-spec/src/function/index.test.ts[2m > [22midentity function[2m > [22mpadding invalid[32m 0[2mms[22m[39m
 [32mΓ£ô[39m node_modules/.pnpm/@vis.gl+react-maplibre@8.1._02dd8e1c741d0f23c6f18bb60b165618/node_modules/@maplibre/maplibre-gl-style-spec/src/function/index.test.ts[2m > [22midentity function[2m > [22mproperty type mismatch, function default[32m 0[2mms[22m[39m
 [32mΓ£ô[39m node_modules/.pnpm/@vis.gl+react-maplibre@8.1._02dd8e1c741d0f23c6f18bb60b165618/node_modules/@maplibre/maplibre-gl-style-spec/src/function/index.test.ts[2m > [22midentity function[2m > [22mproperty type mismatch, spec default[32m 1[2mms[22m[39m
 [32mΓ£ô[39m node_modules/.pnpm/@vis.gl+react-maplibre@8.1._02dd8e1c741d0f23c6f18bb60b165618/node_modules/@maplibre/maplibre-gl-style-spec/src/function/index.test.ts[2m > [22midentity function[2m > [22mvalid enum[32m 0[2mms[22m[39m
 [32mΓ£ô[39m node_modules/.pnpm/@vis.gl+react-maplibre@8.1._02dd8e1c741d0f23c6f18bb60b165618/node_modules/@maplibre/maplibre-gl-style-spec/src/function/index.test.ts[2m > [22midentity function[2m > [22minvalid enum, spec default[32m 2[2mms[22m[39m
 [32mΓ£ô[39m node_modules/.pnpm/@vis.gl+react-maplibre@8.1._02dd8e1c741d0f23c6f18bb60b165618/node_modules/@maplibre/maplibre-gl-style-spec/src/function/index.test.ts[2m > [22midentity function[2m > [22minvalid type for enum, spec default[32m 1[2mms[22m[39m
 [32mΓ£ô[39m node_modules/.pnpm/@vis.gl+react-maplibre@8.1._02dd8e1c741d0f23c6f18bb60b165618/node_modules/@maplibre/maplibre-gl-style-spec/src/function/index.test.ts[2m > [22midentity function[2m > [22mformatted[32m 3[2mms[22m[39m
 [32mΓ£ô[39m node_modules/.pnpm/@vis.gl+react-maplibre@8.1._02dd8e1c741d0f23c6f18bb60b165618/node_modules/@maplibre/maplibre-gl-style-spec/src/function/index.test.ts[2m > [22mkind[2m > [22mcamera[32m 0[2mms[22m[39m
 [32mΓ£ô[39m node_modules/.pnpm/@vis.gl+react-maplibre@8.1._02dd8e1c741d0f23c6f18bb60b165618/node_modules/@maplibre/maplibre-gl-style-spec/src/function/index.test.ts[2m > [22mkind[2m > [22msource[32m 0[2mms[22m[39m
 [32mΓ£ô[39m node_modules/.pnpm/@vis.gl+react-maplibre@8.1._02dd8e1c741d0f23c6f18bb60b165618/node_modules/@maplibre/maplibre-gl-style-spec/src/function/index.test.ts[2m > [22mkind[2m > [22mcomposite[32m 0[2mms[22m[39m
 [32mΓ£ô[39m node_modules/maplibre-gl/src/geo/projection/globe_transform.test.ts[2m > [22mGlobeTransform[2m > [22mgetProjectionData[2m > [22mmercator tile extents are set[32m 13[2mms[22m[39m
 [32mΓ£ô[39m node_modules/maplibre-gl/src/geo/projection/globe_transform.test.ts[2m > [22mGlobeTransform[2m > [22mgetProjectionData[2m > [22mGlobe transition is 0 when not applying the globe matrix[32m 1[2mms[22m[39m
 [32mΓ£ô[39m node_modules/maplibre-gl/src/geo/projection/globe_transform.test.ts[2m > [22mGlobeTransform[2m > [22mgetProjectionData[2m > [22mApplying the globe matrix sets transition to something different than 0[32m 2[2mms[22m[39m
 [32mΓ£ô[39m node_modules/maplibre-gl/src/geo/projection/globe_transform.test.ts[2m > [22mGlobeTransform[2m > [22mclipping plane[2m > [22mgeneral plane properties[2m > [22mplane vector length <= 1 so they are not clipped by the near plane.[32m 1[2mms[22m[39m
 [32mΓ£ô[39m node_modules/maplibre-gl/src/geo/projection/globe_transform.test.ts[2m > [22mGlobeTransform[2m > [22mclipping plane[2m > [22mgeneral plane properties[2m > [22mcamera is in positive halfspace[32m 1[2mms[22m[39m
 [32mΓ£ô[39m node_modules/maplibre-gl/src/geo/projection/globe_transform.test.ts[2m > [22mGlobeTransform[2m > [22mclipping plane[2m > [22mgeneral plane properties[2m > [22mcoordinates 0E,0N are in positive halfspace[32m 3[2mms[22m[39m
 [32mΓ£ô[39m node_modules/maplibre-gl/src/geo/projection/globe_transform.test.ts[2m > [22mGlobeTransform[2m > [22mclipping plane[2m > [22mgeneral plane properties[2m > [22mcoordinates 40E,0N are in positive halfspace[32m 1[2mms[22m[39m
 [32mΓ£ô[39m node_modules/maplibre-gl/src/geo/projection/globe_transform.test.ts[2m > [22mGlobeTransform[2m > [22mclipping plane[2m > [22mgeneral plane properties[2m > [22mcoordinates 0E,90N are in negative halfspace[32m 1[2mms[22m[39m
 [32mΓ£ô[39m node_modules/maplibre-gl/src/geo/projection/globe_transform.test.ts[2m > [22mGlobeTransform[2m > [22mclipping plane[2m > [22mgeneral plane properties[2m > [22mcoordinates 90E,0N are in negative halfspace[32m 1[2mms[22m[39m
 [32mΓ£ô[39m node_modules/maplibre-gl/src/geo/projection/globe_transform.test.ts[2m > [22mGlobeTransform[2m > [22mclipping plane[2m > [22mgeneral plane properties[2m > [22mcoordinates 180E,0N are in negative halfspace[32m 1[2mms[22m[39m
 [32mΓ£ô[39m node_modules/maplibre-gl/src/geo/projection/globe_transform.test.ts[2m > [22mGlobeTransform[2m > [22mprojection[2m > [22mmercator coordinate to sphere point[32m 4[2mms[22m[39m
 [32mΓ£ô[39m node_modules/maplibre-gl/src/geo/projection/globe_transform.test.ts[2m > [22mGlobeTransform[2m > [22mprojection[2m > [22mcamera position[32m 12[2mms[22m[39m
 [32mΓ£ô[39m node_modules/maplibre-gl/src/geo/projection/globe_transform.test.ts[2m > [22mGlobeTransform[2m > [22mprojection[2m > [22msphere point to coordinate[32m 0[2mms[22m[39m
 [32mΓ£ô[39m node_modules/maplibre-gl/src/geo/projection/globe_transform.test.ts[2m > [22mGlobeTransform[2m > [22mprojection[2m > [22mproject location to coordinates[2m > [22mbasic test[32m 2[2mms[22m[39m
 [32mΓ£ô[39m node_modules/maplibre-gl/src/geo/projection/globe_transform.test.ts[2m > [22mGlobeTransform[2m > [22mprojection[2m > [22mproject location to coordinates[2m > [22mproject a location that is slightly above and below map's center point[32m 1[2mms[22m[39m
 [32mΓ£ô[39m node_modules/maplibre-gl/src/geo/projection/globe_transform.test.ts[2m > [22mGlobeTransform[2m > [22mprojection[2m > [22munproject[2m > [22munproject screen center[32m 3[2mms[22m[39m
 [32mΓ£ô[39m node_modules/maplibre-gl/src/geo/projection/globe_transform.test.ts[2m > [22mGlobeTransform[2m > [22mprojection[2m > [22munproject[2m > [22munproject point to the side[32m 1[2mms[22m[39m
 [32mΓ£ô[39m node_modules/maplibre-gl/src/geo/projection/globe_transform.test.ts[2m > [22mGlobeTransform[2m > [22mprojection[2m > [22munproject[2m > [22munproject behind the pole[32m 4[2mms[22m[39m
 [32mΓ£ô[39m node_modules/maplibre-gl/src/geo/projection/globe_transform.test.ts[2m > [22mGlobeTransform[2m > [22mprojection[2m > [22munproject[2m > [22munproject outside of sphere[32m 6[2mms[22m[39m
 [32mΓ£ô[39m node_modules/maplibre-gl/src/geo/projection/globe_transform.test.ts[2m > [22mGlobeTransform[2m > [22mprojection[2m > [22munproject[2m > [22munproject further outside of sphere clamps to horizon[32m 4[2mms[22m[39m
 [32mΓ£ô[39m node_modules/maplibre-gl/src/geo/projection/globe_transform.test.ts[2m > [22mGlobeTransform[2m > [22mprojection[2m > [22msetLocationAtPoint[2m > [22midentity[32m 4[2mms[22m[39m
 [32mΓ£ô[39m node_modules/maplibre-gl/src/geo/projection/globe_transform.test.ts[2m > [22mGlobeTransform[2m > [22mprojection[2m > [22msetLocationAtPoint[2m > [22moffset lnglat[32m 3[2mms[22m[39m
 [32mΓ£ô[39m node_modules/maplibre-gl/src/geo/projection/globe_transform.test.ts[2m > [22mGlobeTransform[2m > [22mprojection[2m > [22msetLocationAtPoint[2m > [22moffset pixel + lnglat[32m 4[2mms[22m[39m
 [32mΓ£ô[39m node_modules/maplibre-gl/src/geo/projection/globe_transform.test.ts[2m > [22mGlobeTransform[2m > [22mprojection[2m > [22msetLocationAtPoint[2m > [22mlarger offset[32m 2[2mms[22m[39m
 [32mΓ£ô[39m node_modules/maplibre-gl/src/geo/projection/globe_transform.test.ts[2m > [22mGlobeTransform[2m > [22mprojection[2m > [22msetLocationAtPoint[2m > [22mrotated[2m > [22midentity[32m 2[2mms[22m[39m
 [32mΓ£ô[39m node_modules/maplibre-gl/src/geo/projection/globe_transform.test.ts[2m > [22mGlobeTransform[2m > [22mprojection[2m > [22msetLocationAtPoint[2m > [22mrotated[2m > [22moffset lnglat[32m 2[2mms[22m[39m
 [32mΓ£ô[39m node_modules/maplibre-gl/src/geo/projection/globe_transform.test.ts[2m > [22mGlobeTransform[2m > [22mprojection[2m > [22msetLocationAtPoint[2m > [22mrotated[2m > [22moffset pixel + lnglat[32m 2[2mms[22m[39m
 [32mΓ£ô[39m node_modules/maplibre-gl/src/geo/projection/globe_transform.test.ts[2m > [22mGlobeTransform[2m > [22misPointOnMapSurface[2m > [22mTop screen edge[32m 0[2mms[22m[39m
 [32mΓ£ô[39m node_modules/maplibre-gl/src/geo/projection/globe_transform.test.ts[2m > [22mGlobeTransform[2m > [22misPointOnMapSurface[2m > [22mScreen center[32m 0[2mms[22m[39m
 [32mΓ£ô[39m node_modules/maplibre-gl/src/geo/projection/globe_transform.test.ts[2m > [22mGlobeTransform[2m > [22misPointOnMapSurface[2m > [22mTop[32m 0[2mms[22m[39m
 [32mΓ£ô[39m node_modules/maplibre-gl/src/geo/projection/globe_transform.test.ts[2m > [22mGlobeTransform[2m > [22misPointOnMapSurface[2m > [22mBottom[32m 0[2mms[22m[39m
 [32mΓ£ô[39m node_modules/maplibre-gl/src/geo/projection/globe_transform.test.ts[2m > [22mGlobeTransform[2m > [22misPointOnMapSurface[2m > [22mLeft[32m 0[2mms[22m[39m
 [32mΓ£ô[39m node_modules/maplibre-gl/src/geo/projection/globe_transform.test.ts[2m > [22mGlobeTransform[2m > [22misPointOnMapSurface[2m > [22mRight[32m 0[2mms[22m[39m
 [32mΓ£ô[39m node_modules/maplibre-gl/src/geo/projection/globe_transform.test.ts[2m > [22mGlobeTransform[2m > [22misPointOnMapSurface[2m > [22mDiagonal[32m 0[2mms[22m[39m
 [32mΓ£ô[39m node_modules/maplibre-gl/src/geo/projection/globe_transform.test.ts[2m > [22mGlobeTransform[2m > [22mpointCoordinate[32m 3[2mms[22m[39m
 [32mΓ£ô[39m node_modules/maplibre-gl/src/geo/projection/globe_transform.test.ts[2m > [22mGlobeTransform[2m > [22mgetBounds[2m > [22mbasic[32m 3[2mms[22m[39m
 [32mΓ£ô[39m node_modules/maplibre-gl/src/geo/projection/globe_transform.test.ts[2m > [22mGlobeTransform[2m > [22mgetBounds[2m > [22mzoomed in[32m 1[2mms[22m[39m
 [32mΓ£ô[39m node_modules/maplibre-gl/src/geo/projection/globe_transform.test.ts[2m > [22mGlobeTransform[2m > [22mgetBounds[2m > [22mlooking at south pole[32m 2[2mms[22m[39m
 [32mΓ£ô[39m node_modules/maplibre-gl/src/geo/projection/globe_transform.test.ts[2m > [22mGlobeTransform[2m > [22mgetBounds[2m > [22mlooking at south edge of mercator[32m 2[2mms[22m[39m
 [32mΓ£ô[39m node_modules/maplibre-gl/src/geo/projection/globe_transform.test.ts[2m > [22mGlobeTransform[2m > [22mprojectTileCoordinates[2m > [22mbasic[32m 1[2mms[22m[39m
 [32mΓ£ô[39m node_modules/maplibre-gl/src/geo/projection/globe_transform.test.ts[2m > [22mGlobeTransform[2m > [22mprojectTileCoordinates[2m > [22mrotated[32m 2[2mms[22m[39m
 [32mΓ£ô[39m node_modules/.pnpm/maplibre-gl@5.15.0/node_modules/maplibre-gl/src/geo/projection/globe_transform.test.ts[2m > [22mGlobeTransform[2m > [22mgetProjectionData[2m > [22mmercator tile extents are set[32m 6[2mms[22m[39m
 [32mΓ£ô[39m node_modules/.pnpm/maplibre-gl@5.15.0/node_modules/maplibre-gl/src/geo/projection/globe_transform.test.ts[2m > [22mGlobeTransform[2m > [22mgetProjectionData[2m > [22mGlobe transition is 0 when not applying the globe matrix[32m 3[2mms[22m[39m
 [32mΓ£ô[39m node_modules/.pnpm/maplibre-gl@5.15.0/node_modules/maplibre-gl/src/geo/projection/globe_transform.test.ts[2m > [22mGlobeTransform[2m > [22mgetProjectionData[2m > [22mApplying the globe matrix sets transition to something different than 0[32m 1[2mms[22m[39m
 [32mΓ£ô[39m node_modules/.pnpm/maplibre-gl@5.15.0/node_modules/maplibre-gl/src/geo/projection/globe_transform.test.ts[2m > [22mGlobeTransform[2m > [22mclipping plane[2m > [22mgeneral plane properties[2m > [22mplane vector length <= 1 so they are not clipped by the near plane.[32m 1[2mms[22m[39m
 [32mΓ£ô[39m node_modules/.pnpm/maplibre-gl@5.15.0/node_modules/maplibre-gl/src/geo/projection/globe_transform.test.ts[2m > [22mGlobeTransform[2m > [22mclipping plane[2m > [22mgeneral plane properties[2m > [22mcamera is in positive halfspace[32m 1[2mms[22m[39m
 [32mΓ£ô[39m node_modules/.pnpm/maplibre-gl@5.15.0/node_modules/maplibre-gl/src/geo/projection/globe_transform.test.ts[2m > [22mGlobeTransform[2m > [22mclipping plane[2m > [22mgeneral plane properties[2m > [22mcoordinates 0E,0N are in positive halfspace[32m 0[2mms[22m[39m
 [32mΓ£ô[39m node_modules/.pnpm/maplibre-gl@5.15.0/node_modules/maplibre-gl/src/geo/projection/globe_transform.test.ts[2m > [22mGlobeTransform[2m > [22mclipping plane[2m > [22mgeneral plane properties[2m > [22mcoordinates 40E,0N are in positive halfspace[32m 0[2mms[22m[39m
 [32mΓ£ô[39m node_modules/.pnpm/maplibre-gl@5.15.0/node_modules/maplibre-gl/src/geo/projection/globe_transform.test.ts[2m > [22mGlobeTransform[2m > [22mclipping plane[2m > [22mgeneral plane properties[2m > [22mcoordinates 0E,90N are in negative halfspace[32m 0[2mms[22m[39m
 [32mΓ£ô[39m node_modules/.pnpm/maplibre-gl@5.15.0/node_modules/maplibre-gl/src/geo/projection/globe_transform.test.ts[2m > [22mGlobeTransform[2m > [22mclipping plane[2m > [22mgeneral plane properties[2m > [22mcoordinates 90E,0N are in negative halfspace[32m 1[2mms[22m[39m
 [32mΓ£ô[39m node_modules/.pnpm/maplibre-gl@5.15.0/node_modules/maplibre-gl/src/geo/projection/globe_transform.test.ts[2m > [22mGlobeTransform[2m > [22mclipping plane[2m > [22mgeneral plane properties[2m > [22mcoordinates 180E,0N are in negative halfspace[32m 0[2mms[22m[39m
 [32mΓ£ô[39m node_modules/.pnpm/maplibre-gl@5.15.0/node_modules/maplibre-gl/src/geo/projection/globe_transform.test.ts[2m > [22mGlobeTransform[2m > [22mprojection[2m > [22mmercator coordinate to sphere point[32m 3[2mms[22m[39m
 [32mΓ£ô[39m node_modules/.pnpm/maplibre-gl@5.15.0/node_modules/maplibre-gl/src/geo/projection/globe_transform.test.ts[2m > [22mGlobeTransform[2m > [22mprojection[2m > [22mcamera position[32m 10[2mms[22m[39m
 [32mΓ£ô[39m node_modules/.pnpm/maplibre-gl@5.15.0/node_modules/maplibre-gl/src/geo/projection/globe_transform.test.ts[2m > [22mGlobeTransform[2m > [22mprojection[2m > [22msphere point to coordinate[32m 1[2mms[22m[39m
 [32mΓ£ô[39m node_modules/.pnpm/maplibre-gl@5.15.0/node_modules/maplibre-gl/src/geo/projection/globe_transform.test.ts[2m > [22mGlobeTransform[2m > [22mprojection[2m > [22mproject location to coordinates[2m > [22mbasic test[32m 3[2mms[22m[39m
 [32mΓ£ô[39m node_modules/.pnpm/maplibre-gl@5.15.0/node_modules/maplibre-gl/src/geo/projection/globe_transform.test.ts[2m > [22mGlobeTransform[2m > [22mprojection[2m > [22mproject location to coordinates[2m > [22mproject a location that is slightly above and below map's center point[32m 1[2mms[22m[39m
 [32mΓ£ô[39m node_modules/.pnpm/maplibre-gl@5.15.0/node_modules/maplibre-gl/src/geo/projection/globe_transform.test.ts[2m > [22mGlobeTransform[2m > [22mprojection[2m > [22munproject[2m > [22munproject screen center[32m 5[2mms[22m[39m
 [32mΓ£ô[39m node_modules/.pnpm/maplibre-gl@5.15.0/node_modules/maplibre-gl/src/geo/projection/globe_transform.test.ts[2m > [22mGlobeTransform[2m > [22mprojection[2m > [22munproject[2m > [22munproject point to the side[32m 2[2mms[22m[39m
 [32mΓ£ô[39m node_modules/.pnpm/maplibre-gl@5.15.0/node_modules/maplibre-gl/src/geo/projection/globe_transform.test.ts[2m > [22mGlobeTransform[2m > [22mprojection[2m > [22munproject[2m > [22munproject behind the pole[32m 5[2mms[22m[39m
 [32mΓ£ô[39m node_modules/.pnpm/maplibre-gl@5.15.0/node_modules/maplibre-gl/src/geo/projection/globe_transform.test.ts[2m > [22mGlobeTransform[2m > [22mprojection[2m > [22munproject[2m > [22munproject outside of sphere[32m 4[2mms[22m[39m
 [32mΓ£ô[39m node_modules/.pnpm/maplibre-gl@5.15.0/node_modules/maplibre-gl/src/geo/projection/globe_transform.test.ts[2m > [22mGlobeTransform[2m > [22mprojection[2m > [22munproject[2m > [22munproject further outside of sphere clamps to horizon[32m 3[2mms[22m[39m
 [32mΓ£ô[39m node_modules/.pnpm/maplibre-gl@5.15.0/node_modules/maplibre-gl/src/geo/projection/globe_transform.test.ts[2m > [22mGlobeTransform[2m > [22mprojection[2m > [22msetLocationAtPoint[2m > [22midentity[32m 2[2mms[22m[39m
 [32mΓ£ô[39m node_modules/.pnpm/maplibre-gl@5.15.0/node_modules/maplibre-gl/src/geo/projection/globe_transform.test.ts[2m > [22mGlobeTransform[2m > [22mprojection[2m > [22msetLocationAtPoint[2m > [22moffset lnglat[32m 2[2mms[22m[39m
 [32mΓ£ô[39m node_modules/.pnpm/maplibre-gl@5.15.0/node_modules/maplibre-gl/src/geo/projection/globe_transform.test.ts[2m > [22mGlobeTransform[2m > [22mprojection[2m > [22msetLocationAtPoint[2m > [22moffset pixel + lnglat[32m 4[2mms[22m[39m
 [32mΓ£ô[39m node_modules/.pnpm/maplibre-gl@5.15.0/node_modules/maplibre-gl/src/geo/projection/globe_transform.test.ts[2m > [22mGlobeTransform[2m > [22mprojection[2m > [22msetLocationAtPoint[2m > [22mlarger offset[32m 1[2mms[22m[39m
 [32mΓ£ô[39m node_modules/.pnpm/maplibre-gl@5.15.0/node_modules/maplibre-gl/src/geo/projection/globe_transform.test.ts[2m > [22mGlobeTransform[2m > [22mprojection[2m > [22msetLocationAtPoint[2m > [22mrotated[2m > [22midentity[32m 2[2mms[22m[39m
 [32mΓ£ô[39m node_modules/.pnpm/maplibre-gl@5.15.0/node_modules/maplibre-gl/src/geo/projection/globe_transform.test.ts[2m > [22mGlobeTransform[2m > [22mprojection[2m > [22msetLocationAtPoint[2m > [22mrotated[2m > [22moffset lnglat[32m 1[2mms[22m[39m
 [32mΓ£ô[39m node_modules/.pnpm/maplibre-gl@5.15.0/node_modules/maplibre-gl/src/geo/projection/globe_transform.test.ts[2m > [22mGlobeTransform[2m > [22mprojection[2m > [22msetLocationAtPoint[2m > [22mrotated[2m > [22moffset pixel + lnglat[32m 2[2mms[22m[39m
 [32mΓ£ô[39m node_modules/.pnpm/maplibre-gl@5.15.0/node_modules/maplibre-gl/src/geo/projection/globe_transform.test.ts[2m > [22mGlobeTransform[2m > [22misPointOnMapSurface[2m > [22mTop screen edge[32m 0[2mms[22m[39m
 [32mΓ£ô[39m node_modules/.pnpm/maplibre-gl@5.15.0/node_modules/maplibre-gl/src/geo/projection/globe_transform.test.ts[2m > [22mGlobeTransform[2m > [22misPointOnMapSurface[2m > [22mScreen center[32m 0[2mms[22m[39m
 [32mΓ£ô[39m node_modules/.pnpm/maplibre-gl@5.15.0/node_modules/maplibre-gl/src/geo/projection/globe_transform.test.ts[2m > [22mGlobeTransform[2m > [22misPointOnMapSurface[2m > [22mTop[32m 0[2mms[22m[39m
 [32mΓ£ô[39m node_modules/.pnpm/maplibre-gl@5.15.0/node_modules/maplibre-gl/src/geo/projection/globe_transform.test.ts[2m > [22mGlobeTransform[2m > [22misPointOnMapSurface[2m > [22mBottom[32m 0[2mms[22m[39m
 [32mΓ£ô[39m node_modules/.pnpm/maplibre-gl@5.15.0/node_modules/maplibre-gl/src/geo/projection/globe_transform.test.ts[2m > [22mGlobeTransform[2m > [22misPointOnMapSurface[2m > [22mLeft[32m 0[2mms[22m[39m
 [32mΓ£ô[39m node_modules/.pnpm/maplibre-gl@5.15.0/node_modules/maplibre-gl/src/geo/projection/globe_transform.test.ts[2m > [22mGlobeTransform[2m > [22misPointOnMapSurface[2m > [22mRight[32m 0[2mms[22m[39m
 [32mΓ£ô[39m node_modules/.pnpm/maplibre-gl@5.15.0/node_modules/maplibre-gl/src/geo/projection/globe_transform.test.ts[2m > [22mGlobeTransform[2m > [22misPointOnMapSurface[2m > [22mDiagonal[32m 0[2mms[22m[39m
 [32mΓ£ô[39m node_modules/.pnpm/maplibre-gl@5.15.0/node_modules/maplibre-gl/src/geo/projection/globe_transform.test.ts[2m > [22mGlobeTransform[2m > [22mpointCoordinate[32m 2[2mms[22m[39m
 [32mΓ£ô[39m node_modules/.pnpm/maplibre-gl@5.15.0/node_modules/maplibre-gl/src/geo/projection/globe_transform.test.ts[2m > [22mGlobeTransform[2m > [22mgetBounds[2m > [22mbasic[32m 3[2mms[22m[39m
 [32mΓ£ô[39m node_modules/.pnpm/maplibre-gl@5.15.0/node_modules/maplibre-gl/src/geo/projection/globe_transform.test.ts[2m > [22mGlobeTransform[2m > [22mgetBounds[2m > [22mzoomed in[32m 2[2mms[22m[39m
 [32mΓ£ô[39m node_modules/.pnpm/maplibre-gl@5.15.0/node_modules/maplibre-gl/src/geo/projection/globe_transform.test.ts[2m > [22mGlobeTransform[2m > [22mgetBounds[2m > [22mlooking at south pole[32m 2[2mms[22m[39m
 [32mΓ£ô[39m node_modules/.pnpm/maplibre-gl@5.15.0/node_modules/maplibre-gl/src/geo/projection/globe_transform.test.ts[2m > [22mGlobeTransform[2m > [22mgetBounds[2m > [22mlooking at south edge of mercator[32m 2[2mms[22m[39m
 [32mΓ£ô[39m node_modules/.pnpm/maplibre-gl@5.15.0/node_modules/maplibre-gl/src/geo/projection/globe_transform.test.ts[2m > [22mGlobeTransform[2m > [22mprojectTileCoordinates[2m > [22mbasic[32m 1[2mms[22m[39m
 [32mΓ£ô[39m node_modules/.pnpm/maplibre-gl@5.15.0/node_modules/maplibre-gl/src/geo/projection/globe_transform.test.ts[2m > [22mGlobeTransform[2m > [22mprojectTileCoordinates[2m > [22mrotated[32m 2[2mms[22m[39m
 [32mΓ£ô[39m node_modules/.pnpm/maplibre-gl@5.15.0/node_modules/maplibre-gl/src/geo/projection/globe_transform.test.ts[2m > [22mGlobeTransform[2m > [22mprojectTileCoordinates[2m > [22moccluded by planet[32m 2[2mms[22m[39m
 [32mΓ£ô[39m node_modules/.pnpm/maplibre-gl@5.15.0/node_modules/maplibre-gl/src/geo/projection/globe_transform.test.ts[2m > [22mGlobeTransform[2m > [22misLocationOccluded[2m > [22mcenter[32m 0[2mms[22m[39m
 [32mΓ£ô[39m node_modules/.pnpm/maplibre-gl@5.15.0/node_modules/maplibre-gl/src/geo/projection/globe_transform.test.ts[2m > [22mGlobeTransform[2m > [22misLocationOccluded[2m > [22mcenter from tile[32m 0[2mms[22m[39m
 [32mΓ£ô[39m node_modules/.pnpm/maplibre-gl@5.15.0/node_modules/maplibre-gl/src/geo/projection/globe_transform.test.ts[2m > [22mGlobeTransform[2m > [22misLocationOccluded[2m > [22mbackside[32m 8[2mms[22m[39m
 [32mΓ£ô[39m node_modules/.pnpm/maplibre-gl@5.15.0/node_modules/maplibre-gl/src/geo/projection/globe_transform.test.ts[2m > [22mGlobeTransform[2m > [22misLocationOccluded[2m > [22mbackside from tile[32m 0[2mms[22m[39m
 [32mΓ£ô[39m node_modules/.pnpm/maplibre-gl@5.15.0/node_modules/maplibre-gl/src/geo/projection/globe_transform.test.ts[2m > [22mGlobeTransform[2m > [22misLocationOccluded[2m > [22mbarely visible[32m 0[2mms[22m[39m
 [32mΓ£ô[39m node_modules/.pnpm/maplibre-gl@5.15.0/node_modules/maplibre-gl/src/geo/projection/globe_transform.test.ts[2m > [22mGlobeTransform[2m > [22misLocationOccluded[2m > [22mbarely hidden[32m 0[2mms[22m[39m
 [32mΓ£ô[39m node_modules/.pnpm/maplibre-gl@5.15.0/node_modules/maplibre-gl/src/geo/projection/globe_transform.test.ts[2m > [22mGlobeTransform[2m > [22mrender world copies[2m > [22mchange projection and make sure render world copies is kept[32m 2[2mms[22m[39m
 [32mΓ£ô[39m node_modules/maplibre-gl/src/geo/projection/globe_transform.test.ts[2m > [22mGlobeTransform[2m > [22mprojectTileCoordinates[2m > [22moccluded by planet[32m 10[2mms[22m[39m
 [32mΓ£ô[39m node_modules/maplibre-gl/src/geo/projection/globe_transform.test.ts[2m > [22mGlobeTransform[2m > [22misLocationOccluded[2m > [22mcenter[32m 0[2mms[22m[39m
 [32mΓ£ô[39m node_modules/maplibre-gl/src/geo/projection/globe_transform.test.ts[2m > [22mGlobeTransform[2m > [22misLocationOccluded[2m > [22mcenter from tile[32m 1[2mms[22m[39m
 [32mΓ£ô[39m node_modules/maplibre-gl/src/geo/projection/globe_transform.test.ts[2m > [22mGlobeTransform[2m > [22misLocationOccluded[2m > [22mbackside[32m 0[2mms[22m[39m
 [32mΓ£ô[39m node_modules/maplibre-gl/src/geo/projection/globe_transform.test.ts[2m > [22mGlobeTransform[2m > [22misLocationOccluded[2m > [22mbackside from tile[32m 1[2mms[22m[39m
 [32mΓ£ô[39m node_modules/maplibre-gl/src/geo/projection/globe_transform.test.ts[2m > [22mGlobeTransform[2m > [22misLocationOccluded[2m > [22mbarely visible[32m 0[2mms[22m[39m
 [32mΓ£ô[39m node_modules/maplibre-gl/src/geo/projection/globe_transform.test.ts[2m > [22mGlobeTransform[2m > [22misLocationOccluded[2m > [22mbarely hidden[32m 0[2mms[22m[39m
 [32mΓ£ô[39m node_modules/maplibre-gl/src/geo/projection/globe_transform.test.ts[2m > [22mGlobeTransform[2m > [22mrender world copies[2m > [22mchange projection and make sure render world copies is kept[32m 3[2mms[22m[39m
 [32mΓ£ô[39m node_modules/maplibre-gl/src/geo/projection/globe_transform.test.ts[2m > [22mGlobeTransform[2m > [22mrender world copies[2m > [22mchange transform and make sure render world copies is kept[32m 2[2mms[22m[39m
 [32mΓ£ô[39m node_modules/.pnpm/maplibre-gl@5.15.0/node_modules/maplibre-gl/src/geo/projection/globe_transform.test.ts[2m > [22mGlobeTransform[2m > [22mrender world copies[2m > [22mchange transform and make sure render world copies is kept[32m 4[2mms[22m[39m
 [32mΓ£ô[39m node_modules/.pnpm/@vis.gl+react-maplibre@8.1._02dd8e1c741d0f23c6f18bb60b165618/node_modules/maplibre-gl/src/geo/projection/globe_transform.test.ts[2m > [22mGlobeTransform[2m > [22mgetProjectionData[2m > [22mmercator tile extents are set[32m 14[2mms[22m[39m
 [32mΓ£ô[39m node_modules/.pnpm/@vis.gl+react-maplibre@8.1._02dd8e1c741d0f23c6f18bb60b165618/node_modules/maplibre-gl/src/geo/projection/globe_transform.test.ts[2m > [22mGlobeTransform[2m > [22mgetProjectionData[2m > [22mGlobe transition is 0 when not applying the globe matrix[32m 1[2mms[22m[39m
 [32mΓ£ô[39m node_modules/.pnpm/@vis.gl+react-maplibre@8.1._02dd8e1c741d0f23c6f18bb60b165618/node_modules/maplibre-gl/src/geo/projection/globe_transform.test.ts[2m > [22mGlobeTransform[2m > [22mgetProjectionData[2m > [22mApplying the globe matrix sets transition to something different than 0[32m 2[2mms[22m[39m
 [32mΓ£ô[39m node_modules/.pnpm/@vis.gl+react-maplibre@8.1._02dd8e1c741d0f23c6f18bb60b165618/node_modules/maplibre-gl/src/geo/projection/globe_transform.test.ts[2m > [22mGlobeTransform[2m > [22mclipping plane[2m > [22mgeneral plane properties[2m > [22mplane vector length <= 1 so they are not clipped by the near plane.[32m 1[2mms[22m[39m
 [32mΓ£ô[39m node_modules/.pnpm/@vis.gl+react-maplibre@8.1._02dd8e1c741d0f23c6f18bb60b165618/node_modules/maplibre-gl/src/geo/projection/globe_transform.test.ts[2m > [22mGlobeTransform[2m > [22mclipping plane[2m > [22mgeneral plane properties[2m > [22mcamera is in positive halfspace[32m 1[2mms[22m[39m
 [32mΓ£ô[39m node_modules/.pnpm/@vis.gl+react-maplibre@8.1._02dd8e1c741d0f23c6f18bb60b165618/node_modules/maplibre-gl/src/geo/projection/globe_transform.test.ts[2m > [22mGlobeTransform[2m > [22mclipping plane[2m > [22mgeneral plane properties[2m > [22mcoordinates 0E,0N are in positive halfspace[32m 1[2mms[22m[39m
 [32mΓ£ô[39m node_modules/.pnpm/@vis.gl+react-maplibre@8.1._02dd8e1c741d0f23c6f18bb60b165618/node_modules/maplibre-gl/src/geo/projection/globe_transform.test.ts[2m > [22mGlobeTransform[2m > [22mclipping plane[2m > [22mgeneral plane properties[2m > [22mcoordinates 40E,0N are in positive halfspace[32m 1[2mms[22m[39m
 [32mΓ£ô[39m node_modules/.pnpm/@vis.gl+react-maplibre@8.1._02dd8e1c741d0f23c6f18bb60b165618/node_modules/maplibre-gl/src/geo/projection/globe_transform.test.ts[2m > [22mGlobeTransform[2m > [22mclipping plane[2m > [22mgeneral plane properties[2m > [22mcoordinates 0E,90N are in negative halfspace[32m 1[2mms[22m[39m
 [32mΓ£ô[39m node_modules/.pnpm/@vis.gl+react-maplibre@8.1._02dd8e1c741d0f23c6f18bb60b165618/node_modules/maplibre-gl/src/geo/projection/globe_transform.test.ts[2m > [22mGlobeTransform[2m > [22mclipping plane[2m > [22mgeneral plane properties[2m > [22mcoordinates 90E,0N are in negative halfspace[32m 1[2mms[22m[39m
 [32mΓ£ô[39m node_modules/.pnpm/@vis.gl+react-maplibre@8.1._02dd8e1c741d0f23c6f18bb60b165618/node_modules/maplibre-gl/src/geo/projection/globe_transform.test.ts[2m > [22mGlobeTransform[2m > [22mclipping plane[2m > [22mgeneral plane properties[2m > [22mcoordinates 180E,0N are in negative halfspace[32m 1[2mms[22m[39m
 [32mΓ£ô[39m node_modules/.pnpm/@vis.gl+react-maplibre@8.1._02dd8e1c741d0f23c6f18bb60b165618/node_modules/maplibre-gl/src/geo/projection/globe_transform.test.ts[2m > [22mGlobeTransform[2m > [22mprojection[2m > [22mmercator coordinate to sphere point[32m 6[2mms[22m[39m
 [32mΓ£ô[39m node_modules/.pnpm/@vis.gl+react-maplibre@8.1._02dd8e1c741d0f23c6f18bb60b165618/node_modules/maplibre-gl/src/geo/projection/globe_transform.test.ts[2m > [22mGlobeTransform[2m > [22mprojection[2m > [22mcamera position[32m 13[2mms[22m[39m
 [32mΓ£ô[39m node_modules/.pnpm/@vis.gl+react-maplibre@8.1._02dd8e1c741d0f23c6f18bb60b165618/node_modules/maplibre-gl/src/geo/projection/globe_transform.test.ts[2m > [22mGlobeTransform[2m > [22mprojection[2m > [22msphere point to coordinate[32m 1[2mms[22m[39m
 [32mΓ£ô[39m node_modules/.pnpm/@vis.gl+react-maplibre@8.1._02dd8e1c741d0f23c6f18bb60b165618/node_modules/maplibre-gl/src/geo/projection/globe_transform.test.ts[2m > [22mGlobeTransform[2m > [22mprojection[2m > [22mproject location to coordinates[2m > [22mbasic test[32m 6[2mms[22m[39m
 [32mΓ£ô[39m node_modules/.pnpm/@vis.gl+react-maplibre@8.1._02dd8e1c741d0f23c6f18bb60b165618/node_modules/maplibre-gl/src/geo/projection/globe_transform.test.ts[2m > [22mGlobeTransform[2m > [22mprojection[2m > [22mproject location to coordinates[2m > [22mproject a location that is slightly above and below map's center point[32m 1[2mms[22m[39m
 [32mΓ£ô[39m node_modules/.pnpm/@vis.gl+react-maplibre@8.1._02dd8e1c741d0f23c6f18bb60b165618/node_modules/maplibre-gl/src/geo/projection/globe_transform.test.ts[2m > [22mGlobeTransform[2m > [22mprojection[2m > [22munproject[2m > [22munproject screen center[32m 5[2mms[22m[39m
 [32mΓ£ô[39m node_modules/.pnpm/@vis.gl+react-maplibre@8.1._02dd8e1c741d0f23c6f18bb60b165618/node_modules/maplibre-gl/src/geo/projection/globe_transform.test.ts[2m > [22mGlobeTransform[2m > [22mprojection[2m > [22munproject[2m > [22munproject point to the side[32m 2[2mms[22m[39m
 [32mΓ£ô[39m node_modules/.pnpm/@vis.gl+react-maplibre@8.1._02dd8e1c741d0f23c6f18bb60b165618/node_modules/maplibre-gl/src/geo/projection/globe_transform.test.ts[2m > [22mGlobeTransform[2m > [22mprojection[2m > [22munproject[2m > [22munproject behind the pole[32m 5[2mms[22m[39m
 [32mΓ£ô[39m node_modules/.pnpm/@vis.gl+react-maplibre@8.1._02dd8e1c741d0f23c6f18bb60b165618/node_modules/maplibre-gl/src/geo/projection/globe_transform.test.ts[2m > [22mGlobeTransform[2m > [22mprojection[2m > [22munproject[2m > [22munproject outside of sphere[32m 4[2mms[22m[39m
 [32mΓ£ô[39m node_modules/.pnpm/@vis.gl+react-maplibre@8.1._02dd8e1c741d0f23c6f18bb60b165618/node_modules/maplibre-gl/src/geo/projection/globe_transform.test.ts[2m > [22mGlobeTransform[2m > [22mprojection[2m > [22munproject[2m > [22munproject further outside of sphere clamps to horizon[32m 3[2mms[22m[39m
 [32mΓ£ô[39m node_modules/.pnpm/@vis.gl+react-maplibre@8.1._02dd8e1c741d0f23c6f18bb60b165618/node_modules/maplibre-gl/src/geo/projection/globe_transform.test.ts[2m > [22mGlobeTransform[2m > [22mprojection[2m > [22msetLocationAtPoint[2m > [22midentity[32m 4[2mms[22m[39m
 [32mΓ£ô[39m node_modules/.pnpm/@vis.gl+react-maplibre@8.1._02dd8e1c741d0f23c6f18bb60b165618/node_modules/maplibre-gl/src/geo/projection/globe_transform.test.ts[2m > [22mGlobeTransform[2m > [22mprojection[2m > [22msetLocationAtPoint[2m > [22moffset lnglat[32m 4[2mms[22m[39m
 [32mΓ£ô[39m node_modules/.pnpm/@vis.gl+react-maplibre@8.1._02dd8e1c741d0f23c6f18bb60b165618/node_modules/maplibre-gl/src/geo/projection/globe_transform.test.ts[2m > [22mGlobeTransform[2m > [22mprojection[2m > [22msetLocationAtPoint[2m > [22moffset pixel + lnglat[32m 4[2mms[22m[39m
 [32mΓ£ô[39m node_modules/.pnpm/@vis.gl+react-maplibre@8.1._02dd8e1c741d0f23c6f18bb60b165618/node_modules/maplibre-gl/src/geo/projection/globe_transform.test.ts[2m > [22mGlobeTransform[2m > [22mprojection[2m > [22msetLocationAtPoint[2m > [22mlarger offset[32m 3[2mms[22m[39m
 [32mΓ£ô[39m node_modules/.pnpm/@vis.gl+react-maplibre@8.1._02dd8e1c741d0f23c6f18bb60b165618/node_modules/maplibre-gl/src/geo/projection/globe_transform.test.ts[2m > [22mGlobeTransform[2m > [22mprojection[2m > [22msetLocationAtPoint[2m > [22mrotated[2m > [22midentity[32m 3[2mms[22m[39m
 [32mΓ£ô[39m node_modules/.pnpm/@vis.gl+react-maplibre@8.1._02dd8e1c741d0f23c6f18bb60b165618/node_modules/maplibre-gl/src/geo/projection/globe_transform.test.ts[2m > [22mGlobeTransform[2m > [22mprojection[2m > [22msetLocationAtPoint[2m > [22mrotated[2m > [22moffset lnglat[32m 2[2mms[22m[39m
 [32mΓ£ô[39m node_modules/.pnpm/@vis.gl+react-maplibre@8.1._02dd8e1c741d0f23c6f18bb60b165618/node_modules/maplibre-gl/src/geo/projection/globe_transform.test.ts[2m > [22mGlobeTransform[2m > [22mprojection[2m > [22msetLocationAtPoint[2m > [22mrotated[2m > [22moffset pixel + lnglat[32m 3[2mms[22m[39m
 [32mΓ£ô[39m node_modules/.pnpm/@vis.gl+react-maplibre@8.1._02dd8e1c741d0f23c6f18bb60b165618/node_modules/maplibre-gl/src/geo/projection/globe_transform.test.ts[2m > [22mGlobeTransform[2m > [22misPointOnMapSurface[2m > [22mTop screen edge[32m 1[2mms[22m[39m
 [32mΓ£ô[39m node_modules/.pnpm/@vis.gl+react-maplibre@8.1._02dd8e1c741d0f23c6f18bb60b165618/node_modules/maplibre-gl/src/geo/projection/globe_transform.test.ts[2m > [22mGlobeTransform[2m > [22misPointOnMapSurface[2m > [22mScreen center[32m 0[2mms[22m[39m
 [32mΓ£ô[39m node_modules/.pnpm/@vis.gl+react-maplibre@8.1._02dd8e1c741d0f23c6f18bb60b165618/node_modules/maplibre-gl/src/geo/projection/globe_transform.test.ts[2m > [22mGlobeTransform[2m > [22misPointOnMapSurface[2m > [22mTop[32m 0[2mms[22m[39m
 [32mΓ£ô[39m node_modules/.pnpm/@vis.gl+react-maplibre@8.1._02dd8e1c741d0f23c6f18bb60b165618/node_modules/maplibre-gl/src/geo/projection/globe_transform.test.ts[2m > [22mGlobeTransform[2m > [22misPointOnMapSurface[2m > [22mBottom[32m 0[2mms[22m[39m
 [32mΓ£ô[39m node_modules/.pnpm/@vis.gl+react-maplibre@8.1._02dd8e1c741d0f23c6f18bb60b165618/node_modules/maplibre-gl/src/geo/projection/globe_transform.test.ts[2m > [22mGlobeTransform[2m > [22misPointOnMapSurface[2m > [22mLeft[32m 3[2mms[22m[39m
 [32mΓ£ô[39m node_modules/.pnpm/@vis.gl+react-maplibre@8.1._02dd8e1c741d0f23c6f18bb60b165618/node_modules/maplibre-gl/src/geo/projection/globe_transform.test.ts[2m > [22mGlobeTransform[2m > [22misPointOnMapSurface[2m > [22mRight[32m 1[2mms[22m[39m
 [32mΓ£ô[39m node_modules/.pnpm/@vis.gl+react-maplibre@8.1._02dd8e1c741d0f23c6f18bb60b165618/node_modules/maplibre-gl/src/geo/projection/globe_transform.test.ts[2m > [22mGlobeTransform[2m > [22misPointOnMapSurface[2m > [22mDiagonal[32m 0[2mms[22m[39m
 [32mΓ£ô[39m node_modules/.pnpm/@vis.gl+react-maplibre@8.1._02dd8e1c741d0f23c6f18bb60b165618/node_modules/maplibre-gl/src/geo/projection/globe_transform.test.ts[2m > [22mGlobeTransform[2m > [22mpointCoordinate[32m 2[2mms[22m[39m
 [32mΓ£ô[39m node_modules/.pnpm/@vis.gl+react-maplibre@8.1._02dd8e1c741d0f23c6f18bb60b165618/node_modules/maplibre-gl/src/geo/projection/globe_transform.test.ts[2m > [22mGlobeTransform[2m > [22mgetBounds[2m > [22mbasic[32m 2[2mms[22m[39m
 [32mΓ£ô[39m node_modules/.pnpm/@vis.gl+react-maplibre@8.1._02dd8e1c741d0f23c6f18bb60b165618/node_modules/maplibre-gl/src/geo/projection/globe_transform.test.ts[2m > [22mGlobeTransform[2m > [22mgetBounds[2m > [22mzoomed in[32m 1[2mms[22m[39m
 [32mΓ£ô[39m node_modules/.pnpm/@vis.gl+react-maplibre@8.1._02dd8e1c741d0f23c6f18bb60b165618/node_modules/maplibre-gl/src/geo/projection/globe_transform.test.ts[2m > [22mGlobeTransform[2m > [22mgetBounds[2m > [22mlooking at south pole[32m 9[2mms[22m[39m
 [32mΓ£ô[39m node_modules/.pnpm/@vis.gl+react-maplibre@8.1._02dd8e1c741d0f23c6f18bb60b165618/node_modules/maplibre-gl/src/geo/projection/globe_transform.test.ts[2m > [22mGlobeTransform[2m > [22mgetBounds[2m > [22mlooking at south edge of mercator[32m 2[2mms[22m[39m
 [32mΓ£ô[39m node_modules/.pnpm/@vis.gl+react-maplibre@8.1._02dd8e1c741d0f23c6f18bb60b165618/node_modules/maplibre-gl/src/geo/projection/globe_transform.test.ts[2m > [22mGlobeTransform[2m > [22mprojectTileCoordinates[2m > [22mbasic[32m 1[2mms[22m[39m
 [32mΓ£ô[39m node_modules/.pnpm/@vis.gl+react-maplibre@8.1._02dd8e1c741d0f23c6f18bb60b165618/node_modules/maplibre-gl/src/geo/projection/globe_transform.test.ts[2m > [22mGlobeTransform[2m > [22mprojectTileCoordinates[2m > [22mrotated[32m 2[2mms[22m[39m
 [32mΓ£ô[39m node_modules/.pnpm/@vis.gl+react-maplibre@8.1._02dd8e1c741d0f23c6f18bb60b165618/node_modules/maplibre-gl/src/geo/projection/globe_transform.test.ts[2m > [22mGlobeTransform[2m > [22mprojectTileCoordinates[2m > [22moccluded by planet[32m 2[2mms[22m[39m
 [32mΓ£ô[39m node_modules/.pnpm/@vis.gl+react-maplibre@8.1._02dd8e1c741d0f23c6f18bb60b165618/node_modules/maplibre-gl/src/geo/projection/globe_transform.test.ts[2m > [22mGlobeTransform[2m > [22misLocationOccluded[2m > [22mcenter[32m 0[2mms[22m[39m
 [32mΓ£ô[39m node_modules/.pnpm/@vis.gl+react-maplibre@8.1._02dd8e1c741d0f23c6f18bb60b165618/node_modules/maplibre-gl/src/geo/projection/globe_transform.test.ts[2m > [22mGlobeTransform[2m > [22misLocationOccluded[2m > [22mcenter from tile[32m 0[2mms[22m[39m
 [32mΓ£ô[39m node_modules/.pnpm/@vis.gl+react-maplibre@8.1._02dd8e1c741d0f23c6f18bb60b165618/node_modules/maplibre-gl/src/geo/projection/globe_transform.test.ts[2m > [22mGlobeTransform[2m > [22misLocationOccluded[2m > [22mbackside[32m 0[2mms[22m[39m
 [32mΓ£ô[39m node_modules/.pnpm/@vis.gl+react-maplibre@8.1._02dd8e1c741d0f23c6f18bb60b165618/node_modules/maplibre-gl/src/geo/projection/globe_transform.test.ts[2m > [22mGlobeTransform[2m > [22misLocationOccluded[2m > [22mbackside from tile[32m 0[2mms[22m[39m
 [32mΓ£ô[39m node_modules/.pnpm/@vis.gl+react-maplibre@8.1._02dd8e1c741d0f23c6f18bb60b165618/node_modules/maplibre-gl/src/geo/projection/globe_transform.test.ts[2m > [22mGlobeTransform[2m > [22misLocationOccluded[2m > [22mbarely visible[32m 0[2mms[22m[39m
 [32mΓ£ô[39m node_modules/.pnpm/@vis.gl+react-maplibre@8.1._02dd8e1c741d0f23c6f18bb60b165618/node_modules/maplibre-gl/src/geo/projection/globe_transform.test.ts[2m > [22mGlobeTransform[2m > [22misLocationOccluded[2m > [22mbarely hidden[32m 0[2mms[22m[39m
 [32mΓ£ô[39m node_modules/.pnpm/@vis.gl+react-maplibre@8.1._02dd8e1c741d0f23c6f18bb60b165618/node_modules/maplibre-gl/src/geo/projection/globe_transform.test.ts[2m > [22mGlobeTransform[2m > [22mrender world copies[2m > [22mchange projection and make sure render world copies is kept[32m 1[2mms[22m[39m
 [32mΓ£ô[39m node_modules/.pnpm/@vis.gl+react-maplibre@8.1._02dd8e1c741d0f23c6f18bb60b165618/node_modules/maplibre-gl/src/geo/projection/globe_transform.test.ts[2m > [22mGlobeTransform[2m > [22mrender world copies[2m > [22mchange transform and make sure render world copies is kept[32m 3[2mms[22m[39m
 [32mΓ£ô[39m node_modules/.pnpm/react-map-gl@8.1.0_maplibre_f5b73890850d036840af8db7ab51d30f/node_modules/maplibre-gl/src/geo/projection/globe_transform.test.ts[2m > [22mGlobeTransform[2m > [22mgetProjectionData[2m > [22mmercator tile extents are set[32m 10[2mms[22m[39m
 [32mΓ£ô[39m node_modules/.pnpm/react-map-gl@8.1.0_maplibre_f5b73890850d036840af8db7ab51d30f/node_modules/maplibre-gl/src/geo/projection/globe_transform.test.ts[2m > [22mGlobeTransform[2m > [22mgetProjectionData[2m > [22mGlobe transition is 0 when not applying the globe matrix[32m 1[2mms[22m[39m
 [32mΓ£ô[39m node_modules/.pnpm/react-map-gl@8.1.0_maplibre_f5b73890850d036840af8db7ab51d30f/node_modules/maplibre-gl/src/geo/projection/globe_transform.test.ts[2m > [22mGlobeTransform[2m > [22mgetProjectionData[2m > [22mApplying the globe matrix sets transition to something different than 0[32m 9[2mms[22m[39m
 [32mΓ£ô[39m node_modules/.pnpm/react-map-gl@8.1.0_maplibre_f5b73890850d036840af8db7ab51d30f/node_modules/maplibre-gl/src/geo/projection/globe_transform.test.ts[2m > [22mGlobeTransform[2m > [22mclipping plane[2m > [22mgeneral plane properties[2m > [22mplane vector length <= 1 so they are not clipped by the near plane.[32m 1[2mms[22m[39m
 [32mΓ£ô[39m node_modules/.pnpm/react-map-gl@8.1.0_maplibre_f5b73890850d036840af8db7ab51d30f/node_modules/maplibre-gl/src/geo/projection/globe_transform.test.ts[2m > [22mGlobeTransform[2m > [22mclipping plane[2m > [22mgeneral plane properties[2m > [22mcamera is in positive halfspace[32m 2[2mms[22m[39m
 [32mΓ£ô[39m node_modules/.pnpm/react-map-gl@8.1.0_maplibre_f5b73890850d036840af8db7ab51d30f/node_modules/maplibre-gl/src/geo/projection/globe_transform.test.ts[2m > [22mGlobeTransform[2m > [22mclipping plane[2m > [22mgeneral plane properties[2m > [22mcoordinates 0E,0N are in positive halfspace[32m 1[2mms[22m[39m
 [32mΓ£ô[39m node_modules/.pnpm/react-map-gl@8.1.0_maplibre_f5b73890850d036840af8db7ab51d30f/node_modules/maplibre-gl/src/geo/projection/globe_transform.test.ts[2m > [22mGlobeTransform[2m > [22mclipping plane[2m > [22mgeneral plane properties[2m > [22mcoordinates 40E,0N are in positive halfspace[32m 1[2mms[22m[39m
 [32mΓ£ô[39m node_modules/.pnpm/react-map-gl@8.1.0_maplibre_f5b73890850d036840af8db7ab51d30f/node_modules/maplibre-gl/src/geo/projection/globe_transform.test.ts[2m > [22mGlobeTransform[2m > [22mclipping plane[2m > [22mgeneral plane properties[2m > [22mcoordinates 0E,90N are in negative halfspace[32m 1[2mms[22m[39m
 [32mΓ£ô[39m node_modules/.pnpm/react-map-gl@8.1.0_maplibre_f5b73890850d036840af8db7ab51d30f/node_modules/maplibre-gl/src/geo/projection/globe_transform.test.ts[2m > [22mGlobeTransform[2m > [22mclipping plane[2m > [22mgeneral plane properties[2m > [22mcoordinates 90E,0N are in negative halfspace[32m 1[2mms[22m[39m
 [32mΓ£ô[39m node_modules/.pnpm/react-map-gl@8.1.0_maplibre_f5b73890850d036840af8db7ab51d30f/node_modules/maplibre-gl/src/geo/projection/globe_transform.test.ts[2m > [22mGlobeTransform[2m > [22mclipping plane[2m > [22mgeneral plane properties[2m > [22mcoordinates 180E,0N are in negative halfspace[32m 1[2mms[22m[39m
 [32mΓ£ô[39m node_modules/.pnpm/react-map-gl@8.1.0_maplibre_f5b73890850d036840af8db7ab51d30f/node_modules/maplibre-gl/src/geo/projection/globe_transform.test.ts[2m > [22mGlobeTransform[2m > [22mprojection[2m > [22mmercator coordinate to sphere point[32m 4[2mms[22m[39m
 [32mΓ£ô[39m node_modules/.pnpm/react-map-gl@8.1.0_maplibre_f5b73890850d036840af8db7ab51d30f/node_modules/maplibre-gl/src/geo/projection/globe_transform.test.ts[2m > [22mGlobeTransform[2m > [22mprojection[2m > [22mcamera position[32m 14[2mms[22m[39m
 [32mΓ£ô[39m node_modules/.pnpm/react-map-gl@8.1.0_maplibre_f5b73890850d036840af8db7ab51d30f/node_modules/maplibre-gl/src/geo/projection/globe_transform.test.ts[2m > [22mGlobeTransform[2m > [22mprojection[2m > [22msphere point to coordinate[32m 1[2mms[22m[39m
 [32mΓ£ô[39m node_modules/.pnpm/react-map-gl@8.1.0_maplibre_f5b73890850d036840af8db7ab51d30f/node_modules/maplibre-gl/src/geo/projection/globe_transform.test.ts[2m > [22mGlobeTransform[2m > [22mprojection[2m > [22mproject location to coordinates[2m > [22mbasic test[32m 3[2mms[22m[39m
 [32mΓ£ô[39m node_modules/.pnpm/react-map-gl@8.1.0_maplibre_f5b73890850d036840af8db7ab51d30f/node_modules/maplibre-gl/src/geo/projection/globe_transform.test.ts[2m > [22mGlobeTransform[2m > [22mprojection[2m > [22mproject location to coordinates[2m > [22mproject a location that is slightly above and below map's center point[32m 1[2mms[22m[39m
 [32mΓ£ô[39m node_modules/.pnpm/react-map-gl@8.1.0_maplibre_f5b73890850d036840af8db7ab51d30f/node_modules/maplibre-gl/src/geo/projection/globe_transform.test.ts[2m > [22mGlobeTransform[2m > [22mprojection[2m > [22munproject[2m > [22munproject screen center[32m 7[2mms[22m[39m
 [32mΓ£ô[39m node_modules/.pnpm/react-map-gl@8.1.0_maplibre_f5b73890850d036840af8db7ab51d30f/node_modules/maplibre-gl/src/geo/projection/globe_transform.test.ts[2m > [22mGlobeTransform[2m > [22mprojection[2m > [22munproject[2m > [22munproject point to the side[32m 2[2mms[22m[39m
 [32mΓ£ô[39m node_modules/.pnpm/react-map-gl@8.1.0_maplibre_f5b73890850d036840af8db7ab51d30f/node_modules/maplibre-gl/src/geo/projection/globe_transform.test.ts[2m > [22mGlobeTransform[2m > [22mprojection[2m > [22munproject[2m > [22munproject behind the pole[32m 5[2mms[22m[39m
 [32mΓ£ô[39m node_modules/.pnpm/react-map-gl@8.1.0_maplibre_f5b73890850d036840af8db7ab51d30f/node_modules/maplibre-gl/src/geo/projection/globe_transform.test.ts[2m > [22mGlobeTransform[2m > [22mprojection[2m > [22munproject[2m > [22munproject outside of sphere[32m 3[2mms[22m[39m
 [32mΓ£ô[39m node_modules/.pnpm/react-map-gl@8.1.0_maplibre_f5b73890850d036840af8db7ab51d30f/node_modules/maplibre-gl/src/geo/projection/globe_transform.test.ts[2m > [22mGlobeTransform[2m > [22mprojection[2m > [22munproject[2m > [22munproject further outside of sphere clamps to horizon[32m 3[2mms[22m[39m
 [32mΓ£ô[39m node_modules/.pnpm/react-map-gl@8.1.0_maplibre_f5b73890850d036840af8db7ab51d30f/node_modules/maplibre-gl/src/geo/projection/globe_transform.test.ts[2m > [22mGlobeTransform[2m > [22mprojection[2m > [22msetLocationAtPoint[2m > [22midentity[32m 6[2mms[22m[39m
 [32mΓ£ô[39m node_modules/.pnpm/react-map-gl@8.1.0_maplibre_f5b73890850d036840af8db7ab51d30f/node_modules/maplibre-gl/src/geo/projection/globe_transform.test.ts[2m > [22mGlobeTransform[2m > [22mprojection[2m > [22msetLocationAtPoint[2m > [22moffset lnglat[32m 3[2mms[22m[39m
 [32mΓ£ô[39m node_modules/.pnpm/react-map-gl@8.1.0_maplibre_f5b73890850d036840af8db7ab51d30f/node_modules/maplibre-gl/src/geo/projection/globe_transform.test.ts[2m > [22mGlobeTransform[2m > [22mprojection[2m > [22msetLocationAtPoint[2m > [22moffset pixel + lnglat[32m 3[2mms[22m[39m
 [32mΓ£ô[39m node_modules/.pnpm/react-map-gl@8.1.0_maplibre_f5b73890850d036840af8db7ab51d30f/node_modules/maplibre-gl/src/geo/projection/globe_transform.test.ts[2m > [22mGlobeTransform[2m > [22mprojection[2m > [22msetLocationAtPoint[2m > [22mlarger offset[32m 3[2mms[22m[39m
 [32mΓ£ô[39m node_modules/.pnpm/react-map-gl@8.1.0_maplibre_f5b73890850d036840af8db7ab51d30f/node_modules/maplibre-gl/src/geo/projection/globe_transform.test.ts[2m > [22mGlobeTransform[2m > [22mprojection[2m > [22msetLocationAtPoint[2m > [22mrotated[2m > [22midentity[32m 2[2mms[22m[39m
 [32mΓ£ô[39m node_modules/.pnpm/react-map-gl@8.1.0_maplibre_f5b73890850d036840af8db7ab51d30f/node_modules/maplibre-gl/src/geo/projection/globe_transform.test.ts[2m > [22mGlobeTransform[2m > [22mprojection[2m > [22msetLocationAtPoint[2m > [22mrotated[2m > [22moffset lnglat[32m 3[2mms[22m[39m
 [32mΓ£ô[39m node_modules/.pnpm/react-map-gl@8.1.0_maplibre_f5b73890850d036840af8db7ab51d30f/node_modules/maplibre-gl/src/geo/projection/globe_transform.test.ts[2m > [22mGlobeTransform[2m > [22mprojection[2m > [22msetLocationAtPoint[2m > [22mrotated[2m > [22moffset pixel + lnglat[32m 2[2mms[22m[39m
 [32mΓ£ô[39m node_modules/.pnpm/react-map-gl@8.1.0_maplibre_f5b73890850d036840af8db7ab51d30f/node_modules/maplibre-gl/src/geo/projection/globe_transform.test.ts[2m > [22mGlobeTransform[2m > [22misPointOnMapSurface[2m > [22mTop screen edge[32m 0[2mms[22m[39m
 [32mΓ£ô[39m node_modules/.pnpm/react-map-gl@8.1.0_maplibre_f5b73890850d036840af8db7ab51d30f/node_modules/maplibre-gl/src/geo/projection/globe_transform.test.ts[2m > [22mGlobeTransform[2m > [22misPointOnMapSurface[2m > [22mScreen center[32m 0[2mms[22m[39m
 [32mΓ£ô[39m node_modules/.pnpm/react-map-gl@8.1.0_maplibre_f5b73890850d036840af8db7ab51d30f/node_modules/maplibre-gl/src/geo/projection/globe_transform.test.ts[2m > [22mGlobeTransform[2m > [22misPointOnMapSurface[2m > [22mTop[32m 0[2mms[22m[39m
 [32mΓ£ô[39m node_modules/.pnpm/react-map-gl@8.1.0_maplibre_f5b73890850d036840af8db7ab51d30f/node_modules/maplibre-gl/src/geo/projection/globe_transform.test.ts[2m > [22mGlobeTransform[2m > [22misPointOnMapSurface[2m > [22mBottom[32m 0[2mms[22m[39m
 [32mΓ£ô[39m node_modules/.pnpm/react-map-gl@8.1.0_maplibre_f5b73890850d036840af8db7ab51d30f/node_modules/maplibre-gl/src/geo/projection/globe_transform.test.ts[2m > [22mGlobeTransform[2m > [22misPointOnMapSurface[2m > [22mLeft[32m 1[2mms[22m[39m
 [32mΓ£ô[39m node_modules/.pnpm/react-map-gl@8.1.0_maplibre_f5b73890850d036840af8db7ab51d30f/node_modules/maplibre-gl/src/geo/projection/globe_transform.test.ts[2m > [22mGlobeTransform[2m > [22misPointOnMapSurface[2m > [22mRight[32m 0[2mms[22m[39m
 [32mΓ£ô[39m node_modules/.pnpm/react-map-gl@8.1.0_maplibre_f5b73890850d036840af8db7ab51d30f/node_modules/maplibre-gl/src/geo/projection/globe_transform.test.ts[2m > [22mGlobeTransform[2m > [22misPointOnMapSurface[2m > [22mDiagonal[32m 0[2mms[22m[39m
 [32mΓ£ô[39m node_modules/.pnpm/react-map-gl@8.1.0_maplibre_f5b73890850d036840af8db7ab51d30f/node_modules/maplibre-gl/src/geo/projection/globe_transform.test.ts[2m > [22mGlobeTransform[2m > [22mpointCoordinate[32m 4[2mms[22m[39m
 [32mΓ£ô[39m node_modules/.pnpm/react-map-gl@8.1.0_maplibre_f5b73890850d036840af8db7ab51d30f/node_modules/maplibre-gl/src/geo/projection/globe_transform.test.ts[2m > [22mGlobeTransform[2m > [22mgetBounds[2m > [22mbasic[32m 2[2mms[22m[39m
 [32mΓ£ô[39m node_modules/.pnpm/react-map-gl@8.1.0_maplibre_f5b73890850d036840af8db7ab51d30f/node_modules/maplibre-gl/src/geo/projection/globe_transform.test.ts[2m > [22mGlobeTransform[2m > [22mgetBounds[2m > [22mzoomed in[32m 1[2mms[22m[39m
 [32mΓ£ô[39m node_modules/.pnpm/react-map-gl@8.1.0_maplibre_f5b73890850d036840af8db7ab51d30f/node_modules/maplibre-gl/src/geo/projection/globe_transform.test.ts[2m > [22mGlobeTransform[2m > [22mgetBounds[2m > [22mlooking at south pole[32m 2[2mms[22m[39m
 [32mΓ£ô[39m node_modules/.pnpm/react-map-gl@8.1.0_maplibre_f5b73890850d036840af8db7ab51d30f/node_modules/maplibre-gl/src/geo/projection/globe_transform.test.ts[2m > [22mGlobeTransform[2m > [22mgetBounds[2m > [22mlooking at south edge of mercator[32m 1[2mms[22m[39m
 [32mΓ£ô[39m node_modules/.pnpm/react-map-gl@8.1.0_maplibre_f5b73890850d036840af8db7ab51d30f/node_modules/maplibre-gl/src/geo/projection/globe_transform.test.ts[2m > [22mGlobeTransform[2m > [22mprojectTileCoordinates[2m > [22mbasic[32m 1[2mms[22m[39m
 [32mΓ£ô[39m node_modules/.pnpm/react-map-gl@8.1.0_maplibre_f5b73890850d036840af8db7ab51d30f/node_modules/maplibre-gl/src/geo/projection/globe_transform.test.ts[2m > [22mGlobeTransform[2m > [22mprojectTileCoordinates[2m > [22mrotated[32m 2[2mms[22m[39m
 [32mΓ£ô[39m node_modules/.pnpm/react-map-gl@8.1.0_maplibre_f5b73890850d036840af8db7ab51d30f/node_modules/maplibre-gl/src/geo/projection/globe_transform.test.ts[2m > [22mGlobeTransform[2m > [22mprojectTileCoordinates[2m > [22moccluded by planet[32m 2[2mms[22m[39m
 [32mΓ£ô[39m node_modules/.pnpm/react-map-gl@8.1.0_maplibre_f5b73890850d036840af8db7ab51d30f/node_modules/maplibre-gl/src/geo/projection/globe_transform.test.ts[2m > [22mGlobeTransform[2m > [22misLocationOccluded[2m > [22mcenter[32m 0[2mms[22m[39m
 [32mΓ£ô[39m node_modules/.pnpm/react-map-gl@8.1.0_maplibre_f5b73890850d036840af8db7ab51d30f/node_modules/maplibre-gl/src/geo/projection/globe_transform.test.ts[2m > [22mGlobeTransform[2m > [22misLocationOccluded[2m > [22mcenter from tile[32m 0[2mms[22m[39m
 [32mΓ£ô[39m node_modules/.pnpm/react-map-gl@8.1.0_maplibre_f5b73890850d036840af8db7ab51d30f/node_modules/maplibre-gl/src/geo/projection/globe_transform.test.ts[2m > [22mGlobeTransform[2m > [22misLocationOccluded[2m > [22mbackside[32m 0[2mms[22m[39m
 [32mΓ£ô[39m node_modules/.pnpm/react-map-gl@8.1.0_maplibre_f5b73890850d036840af8db7ab51d30f/node_modules/maplibre-gl/src/geo/projection/globe_transform.test.ts[2m > [22mGlobeTransform[2m > [22misLocationOccluded[2m > [22mbackside from tile[32m 0[2mms[22m[39m
 [32mΓ£ô[39m node_modules/.pnpm/react-map-gl@8.1.0_maplibre_f5b73890850d036840af8db7ab51d30f/node_modules/maplibre-gl/src/geo/projection/globe_transform.test.ts[2m > [22mGlobeTransform[2m > [22misLocationOccluded[2m > [22mbarely visible[32m 0[2mms[22m[39m
 [32mΓ£ô[39m node_modules/.pnpm/react-map-gl@8.1.0_maplibre_f5b73890850d036840af8db7ab51d30f/node_modules/maplibre-gl/src/geo/projection/globe_transform.test.ts[2m > [22mGlobeTransform[2m > [22misLocationOccluded[2m > [22mbarely hidden[32m 0[2mms[22m[39m
 [32mΓ£ô[39m node_modules/.pnpm/react-map-gl@8.1.0_maplibre_f5b73890850d036840af8db7ab51d30f/node_modules/maplibre-gl/src/geo/projection/globe_transform.test.ts[2m > [22mGlobeTransform[2m > [22mrender world copies[2m > [22mchange projection and make sure render world copies is kept[32m 4[2mms[22m[39m
 [32mΓ£ô[39m node_modules/.pnpm/react-map-gl@8.1.0_maplibre_f5b73890850d036840af8db7ab51d30f/node_modules/maplibre-gl/src/geo/projection/globe_transform.test.ts[2m > [22mGlobeTransform[2m > [22mrender world copies[2m > [22mchange transform and make sure render world copies is kept[32m 2[2mms[22m[39m
 [32mΓ£ô[39m node_modules/.pnpm/@maplibre+mlt@1.1.2/node_modules/@maplibre/mlt/dist/decoding/propertyDecoder.spec.js[2m > [22mdecodePropertyColumn[2m > [22mNumber Columns - Non-Nullable - Signed Types[2m > [22mshould decode 'INT_32' column[32m 10[2mms[22m[39m
 [32mΓ£ô[39m node_modules/.pnpm/@maplibre+mlt@1.1.2/node_modules/@maplibre/mlt/dist/decoding/propertyDecoder.spec.js[2m > [22mdecodePropertyColumn[2m > [22mNumber Columns - Non-Nullable - Signed Types[2m > [22mshould decode 'INT_64' column[32m 2[2mms[22m[39m
 [32mΓ£ô[39m node_modules/.pnpm/@maplibre+mlt@1.1.2/node_modules/@maplibre/mlt/dist/decoding/propertyDecoder.spec.js[2m > [22mdecodePropertyColumn[2m > [22mNumber Columns - Non-Nullable - Unsigned Types[2m > [22mshould decode 'UINT_32' column[32m 2[2mms[22m[39m
 [32mΓ£ô[39m node_modules/.pnpm/@maplibre+mlt@1.1.2/node_modules/@maplibre/mlt/dist/decoding/propertyDecoder.spec.js[2m > [22mdecodePropertyColumn[2m > [22mNumber Columns - Non-Nullable - Unsigned Types[2m > [22mshould decode 'UINT_64' column[32m 2[2mms[22m[39m
 [32mΓ£ô[39m node_modules/.pnpm/@maplibre+mlt@1.1.2/node_modules/@maplibre/mlt/dist/decoding/propertyDecoder.spec.js[2m > [22mdecodePropertyColumn[2m > [22mNumber Columns - Nullable - Signed Types[2m > [22mshould decode nullable 'INT_32' column with null mask[32m 2[2mms[22m[39m
 [32mΓ£ô[39m node_modules/.pnpm/@maplibre+mlt@1.1.2/node_modules/@maplibre/mlt/dist/decoding/propertyDecoder.spec.js[2m > [22mdecodePropertyColumn[2m > [22mNumber Columns - Nullable - Signed Types[2m > [22mshould decode nullable 'INT_64' column with null mask[32m 1[2mms[22m[39m
 [32mΓ£ô[39m node_modules/.pnpm/@maplibre+mlt@1.1.2/node_modules/@maplibre/mlt/dist/decoding/propertyDecoder.spec.js[2m > [22mdecodePropertyColumn[2m > [22mNumber Columns - Nullable - Unsigned Types[2m > [22mshould decode nullable 'UINT_32' column with null mask[32m 1[2mms[22m[39m
 [32mΓ£ô[39m node_modules/.pnpm/@maplibre+mlt@1.1.2/node_modules/@maplibre/mlt/dist/decoding/propertyDecoder.spec.js[2m > [22mdecodePropertyColumn[2m > [22mNumber Columns - Nullable - Unsigned Types[2m > [22mshould decode nullable 'UINT_64' column with null mask[32m 1[2mms[22m[39m
 [32mΓ£ô[39m node_modules/.pnpm/@maplibre+mlt@1.1.2/node_modules/@maplibre/mlt/dist/decoding/propertyDecoder.spec.js[2m > [22mdecodePropertyColumn[2m > [22mInteger Vector Encoding Types - SEQUENCE[2m > [22mshould decode 'INT_32' with SEQUENCE encoding[32m 2[2mms[22m[39m
 [32mΓ£ô[39m node_modules/.pnpm/@maplibre+mlt@1.1.2/node_modules/@maplibre/mlt/dist/decoding/propertyDecoder.spec.js[2m > [22mdecodePropertyColumn[2m > [22mInteger Vector Encoding Types - SEQUENCE[2m > [22mshould decode 'INT_64' with SEQUENCE encoding[32m 1[2mms[22m[39m
 [32mΓ£ô[39m node_modules/.pnpm/@maplibre+mlt@1.1.2/node_modules/@maplibre/mlt/dist/decoding/propertyDecoder.spec.js[2m > [22mdecodePropertyColumn[2m > [22mInteger Vector Encoding Types - CONST[2m > [22mshould decode 'INT_32' with CONST encoding[32m 1[2mms[22m[39m
 [32mΓ£ô[39m node_modules/.pnpm/@maplibre+mlt@1.1.2/node_modules/@maplibre/mlt/dist/decoding/propertyDecoder.spec.js[2m > [22mdecodePropertyColumn[2m > [22mInteger Vector Encoding Types - CONST[2m > [22mshould decode 'INT_64' with CONST encoding[32m 1[2mms[22m[39m
 [32mΓ£ô[39m node_modules/.pnpm/@maplibre+mlt@1.1.2/node_modules/@maplibre/mlt/dist/decoding/propertyDecoder.spec.js[2m > [22mdecodePropertyColumn[2m > [22mFloat Columns - Non-Nullable[2m > [22mshould decode 'FLOAT' column[32m 1[2mms[22m[39m
 [32mΓ£ô[39m node_modules/.pnpm/@maplibre+mlt@1.1.2/node_modules/@maplibre/mlt/dist/decoding/propertyDecoder.spec.js[2m > [22mdecodePropertyColumn[2m > [22mFloat Columns - Non-Nullable[2m > [22mshould decode 'DOUBLE' column[32m 1[2mms[22m[39m
 [32mΓ£ô[39m node_modules/.pnpm/@maplibre+mlt@1.1.2/node_modules/@maplibre/mlt/dist/decoding/propertyDecoder.spec.js[2m > [22mdecodePropertyColumn[2m > [22mFloat Columns - Nullable[2m > [22mshould decode nullable 'FLOAT' column with null mask[32m 1[2mms[22m[39m
 [32mΓ£ô[39m node_modules/.pnpm/@maplibre+mlt@1.1.2/node_modules/@maplibre/mlt/dist/decoding/propertyDecoder.spec.js[2m > [22mdecodePropertyColumn[2m > [22mFloat Columns - Nullable[2m > [22mshould decode nullable 'DOUBLE' column with null mask[32m 1[2mms[22m[39m
 [32mΓ£ô[39m node_modules/.pnpm/@maplibre+mlt@1.1.2/node_modules/@maplibre/mlt/dist/decoding/propertyDecoder.spec.js[2m > [22mdecodePropertyColumn[2m > [22mBoolean Columns[2m > [22mshould decode non-nullable BOOLEAN column[32m 3[2mms[22m[39m
 [32mΓ£ô[39m node_modules/.pnpm/@maplibre+mlt@1.1.2/node_modules/@maplibre/mlt/dist/decoding/propertyDecoder.spec.js[2m > [22mdecodePropertyColumn[2m > [22mBoolean Columns[2m > [22mshould decode nullable BOOLEAN column with null mask[32m 3[2mms[22m[39m
 [32mΓ£ô[39m node_modules/.pnpm/@maplibre+mlt@1.1.2/node_modules/@maplibre/mlt/dist/decoding/propertyDecoder.spec.js[2m > [22mdecodePropertyColumn[2m > [22mString Columns - Nullable[2m > [22mshould decode nullable STRING with 'single data stream'[32m 1[2mms[22m[39m
 [32mΓ£ô[39m node_modules/.pnpm/@maplibre+mlt@1.1.2/node_modules/@maplibre/mlt/dist/decoding/propertyDecoder.spec.js[2m > [22mdecodePropertyColumn[2m > [22mString Columns - Nullable[2m > [22mshould decode nullable STRING with 'multiple data streams'[32m 0[2mms[22m[39m
 [32mΓ£ô[39m node_modules/.pnpm/@maplibre+mlt@1.1.2/node_modules/@maplibre/mlt/dist/decoding/propertyDecoder.spec.js[2m > [22mdecodePropertyColumn[2m > [22mColumn Filtering[2m > [22mshould return null when column NOT in propertyColumnNames filter[32m 6[2mms[22m[39m
 [32mΓ£ô[39m node_modules/.pnpm/@maplibre+mlt@1.1.2/node_modules/@maplibre/mlt/dist/decoding/propertyDecoder.spec.js[2m > [22mdecodePropertyColumn[2m > [22mColumn Filtering[2m > [22mshould decode column when it IS in propertyColumnNames filter[32m 1[2mms[22m[39m
 [32mΓ£ô[39m node_modules/.pnpm/@maplibre+mlt@1.1.2/node_modules/@maplibre/mlt/dist/decoding/propertyDecoder.spec.js[2m > [22mdecodePropertyColumn[2m > [22mColumn Filtering[2m > [22mshould ignore filter when propertyColumnNames is undefined[32m 1[2mms[22m[39m
 [32mΓ£ô[39m node_modules/.pnpm/@maplibre+mlt@1.1.2/node_modules/@maplibre/mlt/dist/decoding/propertyDecoder.spec.js[2m > [22mdecodePropertyColumn[2m > [22mColumn Filtering[2m > [22mshould handle empty filter set[32m 1[2mms[22m[39m
 [32mΓ£ô[39m node_modules/.pnpm/@maplibre+mlt@1.1.2/node_modules/@maplibre/mlt/dist/decoding/propertyDecoder.spec.js[2m > [22mdecodePropertyColumn[2m > [22mEdge Cases[2m > [22mshould handle single value column[32m 1[2mms[22m[39m
 [32mΓ£ô[39m node_modules/.pnpm/@maplibre+mlt@1.1.2/node_modules/@maplibre/mlt/dist/decoding/propertyDecoder.spec.js[2m > [22mdecodePropertyColumn[2m > [22mEdge Cases[2m > [22mshould handle large column with many values[32m 6[2mms[22m[39m
 [32mΓ£ô[39m node_modules/.pnpm/@maplibre+mlt@1.1.2/node_modules/@maplibre/mlt/dist/decoding/propertyDecoder.spec.js[2m > [22mdecodePropertyColumn[2m > [22mEdge Cases[2m > [22mshould handle zero numValues gracefully[32m 2[2mms[22m[39m
 [32mΓ£ô[39m node_modules/.pnpm/@maplibre+mlt@1.1.2/node_modules/@maplibre/mlt/dist/decoding/propertyDecoder.spec.js[2m > [22mdecodePropertyColumn[2m > [22mEdge Cases[2m > [22mshould handle multiple sequential columns with offset advancement[32m 1[2mms[22m[39m
 [32mΓ£ô[39m node_modules/.pnpm/@maplibre+mlt@1.1.2/node_modules/@maplibre/mlt/dist/decoding/propertyDecoder.spec.js[2m > [22mdecodePropertyColumn[2m > [22mEdge Cases[2m > [22mshould handle non-scalar column type returning null[32m 0[2mms[22m[39m
 [32mΓ£ô[39m node_modules/.pnpm/@maplibre+mlt@1.1.2/node_modules/@maplibre/mlt/dist/decoding/propertyDecoder.spec.js[2m > [22mdecodePropertyColumn[2m > [22mOffset Management[2m > [22mshould handle offset at non-zero starting position[32m 1[2mms[22m[39m
 [32mΓ£ô[39m node_modules/.pnpm/@maplibre+mlt@1.1.2/node_modules/@maplibre/mlt/dist/decoding/propertyDecoder.spec.js[2m > [22mdecodePropertyColumn[2m > [22mOffset Management[2m > [22mshould correctly skip columns with filterList and advance offset[32m 3[2mms[22m[39m
 [32mΓ£ô[39m node_modules/.pnpm/@maplibre+mlt@1.1.2/node_modules/@maplibre/mlt/dist/decoding/propertyDecoder.spec.js[2m > [22mdecodePropertyColumn[2m > [22mType Consistency Checks[2m > [22mshould preserve column metadata in returned vector[32m 1[2mms[22m[39m
 [32mΓ£ô[39m node_modules/.pnpm/@maplibre+mlt@1.1.2/node_modules/@maplibre/mlt/dist/decoding/propertyDecoder.spec.js[2m > [22mdecodePropertyColumn[2m > [22mType Consistency Checks[2m > [22mshould handle all signed and unsigned type combinations[32m 1[2mms[22m[39m
 [32mΓ£ô[39m node_modules/.pnpm/@maplibre+mlt@1.1.2/node_modules/@maplibre/mlt/dist/decoding/propertyDecoder.spec.js[2m > [22mdecodePropertyColumn[2m > [22mError Scenarios[2m > [22mshould handle invalid scalar type gracefully[32m 2[2mms[22m[39m
 [32mΓ£ô[39m node_modules/.pnpm/@maplibre+mlt@1.1.2/node_modules/@maplibre/mlt/dist/decoding/propertyDecoder.spec.js[2m > [22mdecodePropertyColumn[2m > [22mError Scenarios[2m > [22mshould handle mismatched numStreams for string type[32m 0[2mms[22m[39m
 [32mΓ£ô[39m node_modules/.pnpm/node_modules/@maplibre/mlt/dist/decoding/propertyDecoder.spec.js[2m > [22mdecodePropertyColumn[2m > [22mNumber Columns - Non-Nullable - Signed Types[2m > [22mshould decode 'INT_32' column[32m 11[2mms[22m[39m
 [32mΓ£ô[39m node_modules/.pnpm/node_modules/@maplibre/mlt/dist/decoding/propertyDecoder.spec.js[2m > [22mdecodePropertyColumn[2m > [22mNumber Columns - Non-Nullable - Signed Types[2m > [22mshould decode 'INT_64' column[32m 2[2mms[22m[39m
 [32mΓ£ô[39m node_modules/.pnpm/node_modules/@maplibre/mlt/dist/decoding/propertyDecoder.spec.js[2m > [22mdecodePropertyColumn[2m > [22mNumber Columns - Non-Nullable - Unsigned Types[2m > [22mshould decode 'UINT_32' column[32m 2[2mms[22m[39m
 [32mΓ£ô[39m node_modules/.pnpm/node_modules/@maplibre/mlt/dist/decoding/propertyDecoder.spec.js[2m > [22mdecodePropertyColumn[2m > [22mNumber Columns - Non-Nullable - Unsigned Types[2m > [22mshould decode 'UINT_64' column[32m 2[2mms[22m[39m
 [32mΓ£ô[39m node_modules/.pnpm/node_modules/@maplibre/mlt/dist/decoding/propertyDecoder.spec.js[2m > [22mdecodePropertyColumn[2m > [22mNumber Columns - Nullable - Signed Types[2m > [22mshould decode nullable 'INT_32' column with null mask[32m 3[2mms[22m[39m
 [32mΓ£ô[39m node_modules/.pnpm/node_modules/@maplibre/mlt/dist/decoding/propertyDecoder.spec.js[2m > [22mdecodePropertyColumn[2m > [22mNumber Columns - Nullable - Signed Types[2m > [22mshould decode nullable 'INT_64' column with null mask[32m 1[2mms[22m[39m
 [32mΓ£ô[39m node_modules/.pnpm/node_modules/@maplibre/mlt/dist/decoding/propertyDecoder.spec.js[2m > [22mdecodePropertyColumn[2m > [22mNumber Columns - Nullable - Unsigned Types[2m > [22mshould decode nullable 'UINT_32' column with null mask[32m 1[2mms[22m[39m
 [32mΓ£ô[39m node_modules/.pnpm/node_modules/@maplibre/mlt/dist/decoding/propertyDecoder.spec.js[2m > [22mdecodePropertyColumn[2m > [22mNumber Columns - Nullable - Unsigned Types[2m > [22mshould decode nullable 'UINT_64' column with null mask[32m 1[2mms[22m[39m
 [32mΓ£ô[39m node_modules/.pnpm/node_modules/@maplibre/mlt/dist/decoding/propertyDecoder.spec.js[2m > [22mdecodePropertyColumn[2m > [22mInteger Vector Encoding Types - SEQUENCE[2m > [22mshould decode 'INT_32' with SEQUENCE encoding[32m 2[2mms[22m[39m
 [32mΓ£ô[39m node_modules/.pnpm/node_modules/@maplibre/mlt/dist/decoding/propertyDecoder.spec.js[2m > [22mdecodePropertyColumn[2m > [22mInteger Vector Encoding Types - SEQUENCE[2m > [22mshould decode 'INT_64' with SEQUENCE encoding[32m 1[2mms[22m[39m
 [32mΓ£ô[39m node_modules/.pnpm/node_modules/@maplibre/mlt/dist/decoding/propertyDecoder.spec.js[2m > [22mdecodePropertyColumn[2m > [22mInteger Vector Encoding Types - CONST[2m > [22mshould decode 'INT_32' with CONST encoding[32m 1[2mms[22m[39m
 [32mΓ£ô[39m node_modules/.pnpm/node_modules/@maplibre/mlt/dist/decoding/propertyDecoder.spec.js[2m > [22mdecodePropertyColumn[2m > [22mInteger Vector Encoding Types - CONST[2m > [22mshould decode 'INT_64' with CONST encoding[32m 1[2mms[22m[39m
 [32mΓ£ô[39m node_modules/.pnpm/node_modules/@maplibre/mlt/dist/decoding/propertyDecoder.spec.js[2m > [22mdecodePropertyColumn[2m > [22mFloat Columns - Non-Nullable[2m > [22mshould decode 'FLOAT' column[32m 2[2mms[22m[39m
 [32mΓ£ô[39m node_modules/.pnpm/node_modules/@maplibre/mlt/dist/decoding/propertyDecoder.spec.js[2m > [22mdecodePropertyColumn[2m > [22mFloat Columns - Non-Nullable[2m > [22mshould decode 'DOUBLE' column[32m 1[2mms[22m[39m
 [32mΓ£ô[39m node_modules/.pnpm/node_modules/@maplibre/mlt/dist/decoding/propertyDecoder.spec.js[2m > [22mdecodePropertyColumn[2m > [22mFloat Columns - Nullable[2m > [22mshould decode nullable 'FLOAT' column with null mask[32m 1[2mms[22m[39m
 [32mΓ£ô[39m node_modules/.pnpm/node_modules/@maplibre/mlt/dist/decoding/propertyDecoder.spec.js[2m > [22mdecodePropertyColumn[2m > [22mFloat Columns - Nullable[2m > [22mshould decode nullable 'DOUBLE' column with null mask[32m 1[2mms[22m[39m
 [32mΓ£ô[39m node_modules/.pnpm/node_modules/@maplibre/mlt/dist/decoding/propertyDecoder.spec.js[2m > [22mdecodePropertyColumn[2m > [22mBoolean Columns[2m > [22mshould decode non-nullable BOOLEAN column[32m 1[2mms[22m[39m
 [32mΓ£ô[39m node_modules/.pnpm/node_modules/@maplibre/mlt/dist/decoding/propertyDecoder.spec.js[2m > [22mdecodePropertyColumn[2m > [22mBoolean Columns[2m > [22mshould decode nullable BOOLEAN column with null mask[32m 0[2mms[22m[39m
 [32mΓ£ô[39m node_modules/.pnpm/node_modules/@maplibre/mlt/dist/decoding/propertyDecoder.spec.js[2m > [22mdecodePropertyColumn[2m > [22mString Columns - Nullable[2m > [22mshould decode nullable STRING with 'single data stream'[32m 0[2mms[22m[39m
 [32mΓ£ô[39m node_modules/.pnpm/node_modules/@maplibre/mlt/dist/decoding/propertyDecoder.spec.js[2m > [22mdecodePropertyColumn[2m > [22mString Columns - Nullable[2m > [22mshould decode nullable STRING with 'multiple data streams'[32m 0[2mms[22m[39m
 [32mΓ£ô[39m node_modules/.pnpm/node_modules/@maplibre/mlt/dist/decoding/propertyDecoder.spec.js[2m > [22mdecodePropertyColumn[2m > [22mColumn Filtering[2m > [22mshould return null when column NOT in propertyColumnNames filter[32m 9[2mms[22m[39m
 [32mΓ£ô[39m node_modules/.pnpm/node_modules/@maplibre/mlt/dist/decoding/propertyDecoder.spec.js[2m > [22mdecodePropertyColumn[2m > [22mColumn Filtering[2m > [22mshould decode column when it IS in propertyColumnNames filter[32m 1[2mms[22m[39m
 [32mΓ£ô[39m node_modules/.pnpm/node_modules/@maplibre/mlt/dist/decoding/propertyDecoder.spec.js[2m > [22mdecodePropertyColumn[2m > [22mColumn Filtering[2m > [22mshould ignore filter when propertyColumnNames is undefined[32m 1[2mms[22m[39m
 [32mΓ£ô[39m node_modules/.pnpm/node_modules/@maplibre/mlt/dist/decoding/propertyDecoder.spec.js[2m > [22mdecodePropertyColumn[2m > [22mColumn Filtering[2m > [22mshould handle empty filter set[32m 1[2mms[22m[39m
 [32mΓ£ô[39m node_modules/.pnpm/node_modules/@maplibre/mlt/dist/decoding/propertyDecoder.spec.js[2m > [22mdecodePropertyColumn[2m > [22mEdge Cases[2m > [22mshould handle single value column[32m 1[2mms[22m[39m
 [32mΓ£ô[39m node_modules/.pnpm/node_modules/@maplibre/mlt/dist/decoding/propertyDecoder.spec.js[2m > [22mdecodePropertyColumn[2m > [22mEdge Cases[2m > [22mshould handle large column with many values[32m 8[2mms[22m[39m
 [32mΓ£ô[39m node_modules/.pnpm/node_modules/@maplibre/mlt/dist/decoding/propertyDecoder.spec.js[2m > [22mdecodePropertyColumn[2m > [22mEdge Cases[2m > [22mshould handle zero numValues gracefully[32m 1[2mms[22m[39m
 [32mΓ£ô[39m node_modules/.pnpm/node_modules/@maplibre/mlt/dist/decoding/propertyDecoder.spec.js[2m > [22mdecodePropertyColumn[2m > [22mEdge Cases[2m > [22mshould handle multiple sequential columns with offset advancement[32m 1[2mms[22m[39m
 [32mΓ£ô[39m node_modules/.pnpm/node_modules/@maplibre/mlt/dist/decoding/propertyDecoder.spec.js[2m > [22mdecodePropertyColumn[2m > [22mEdge Cases[2m > [22mshould handle non-scalar column type returning null[32m 0[2mms[22m[39m
 [32mΓ£ô[39m node_modules/.pnpm/node_modules/@maplibre/mlt/dist/decoding/propertyDecoder.spec.js[2m > [22mdecodePropertyColumn[2m > [22mOffset Management[2m > [22mshould handle offset at non-zero starting position[32m 1[2mms[22m[39m
 [32mΓ£ô[39m node_modules/.pnpm/node_modules/@maplibre/mlt/dist/decoding/propertyDecoder.spec.js[2m > [22mdecodePropertyColumn[2m > [22mOffset Management[2m > [22mshould correctly skip columns with filterList and advance offset[32m 3[2mms[22m[39m
 [32mΓ£ô[39m node_modules/.pnpm/node_modules/@maplibre/mlt/dist/decoding/propertyDecoder.spec.js[2m > [22mdecodePropertyColumn[2m > [22mType Consistency Checks[2m > [22mshould preserve column metadata in returned vector[32m 1[2mms[22m[39m
 [32mΓ£ô[39m node_modules/.pnpm/node_modules/@maplibre/mlt/dist/decoding/propertyDecoder.spec.js[2m > [22mdecodePropertyColumn[2m > [22mType Consistency Checks[2m > [22mshould handle all signed and unsigned type combinations[32m 2[2mms[22m[39m
 [32mΓ£ô[39m node_modules/.pnpm/node_modules/@maplibre/mlt/dist/decoding/propertyDecoder.spec.js[2m > [22mdecodePropertyColumn[2m > [22mError Scenarios[2m > [22mshould handle invalid scalar type gracefully[32m 2[2mms[22m[39m
 [32mΓ£ô[39m node_modules/.pnpm/node_modules/@maplibre/mlt/dist/decoding/propertyDecoder.spec.js[2m > [22mdecodePropertyColumn[2m > [22mError Scenarios[2m > [22mshould handle mismatched numStreams for string type[32m 1[2mms[22m[39m
 [32mΓ£ô[39m node_modules/.pnpm/maplibre-gl@5.15.0/node_modules/@maplibre/mlt/dist/decoding/propertyDecoder.spec.js[2m > [22mdecodePropertyColumn[2m > [22mNumber Columns - Non-Nullable - Signed Types[2m > [22mshould decode 'INT_32' column[32m 12[2mms[22m[39m
 [32mΓ£ô[39m node_modules/.pnpm/maplibre-gl@5.15.0/node_modules/@maplibre/mlt/dist/decoding/propertyDecoder.spec.js[2m > [22mdecodePropertyColumn[2m > [22mNumber Columns - Non-Nullable - Signed Types[2m > [22mshould decode 'INT_64' column[32m 2[2mms[22m[39m
 [32mΓ£ô[39m node_modules/.pnpm/maplibre-gl@5.15.0/node_modules/@maplibre/mlt/dist/decoding/propertyDecoder.spec.js[2m > [22mdecodePropertyColumn[2m > [22mNumber Columns - Non-Nullable - Unsigned Types[2m > [22mshould decode 'UINT_32' column[32m 4[2mms[22m[39m
 [32mΓ£ô[39m node_modules/.pnpm/maplibre-gl@5.15.0/node_modules/@maplibre/mlt/dist/decoding/propertyDecoder.spec.js[2m > [22mdecodePropertyColumn[2m > [22mNumber Columns - Non-Nullable - Unsigned Types[2m > [22mshould decode 'UINT_64' column[32m 2[2mms[22m[39m
 [32mΓ£ô[39m node_modules/.pnpm/maplibre-gl@5.15.0/node_modules/@maplibre/mlt/dist/decoding/propertyDecoder.spec.js[2m > [22mdecodePropertyColumn[2m > [22mNumber Columns - Nullable - Signed Types[2m > [22mshould decode nullable 'INT_32' column with null mask[32m 2[2mms[22m[39m
 [32mΓ£ô[39m node_modules/.pnpm/maplibre-gl@5.15.0/node_modules/@maplibre/mlt/dist/decoding/propertyDecoder.spec.js[2m > [22mdecodePropertyColumn[2m > [22mNumber Columns - Nullable - Signed Types[2m > [22mshould decode nullable 'INT_64' column with null mask[32m 1[2mms[22m[39m
 [32mΓ£ô[39m node_modules/.pnpm/maplibre-gl@5.15.0/node_modules/@maplibre/mlt/dist/decoding/propertyDecoder.spec.js[2m > [22mdecodePropertyColumn[2m > [22mNumber Columns - Nullable - Unsigned Types[2m > [22mshould decode nullable 'UINT_32' column with null mask[32m 1[2mms[22m[39m
 [32mΓ£ô[39m node_modules/.pnpm/maplibre-gl@5.15.0/node_modules/@maplibre/mlt/dist/decoding/propertyDecoder.spec.js[2m > [22mdecodePropertyColumn[2m > [22mNumber Columns - Nullable - Unsigned Types[2m > [22mshould decode nullable 'UINT_64' column with null mask[32m 1[2mms[22m[39m
 [32mΓ£ô[39m node_modules/.pnpm/maplibre-gl@5.15.0/node_modules/@maplibre/mlt/dist/decoding/propertyDecoder.spec.js[2m > [22mdecodePropertyColumn[2m > [22mInteger Vector Encoding Types - SEQUENCE[2m > [22mshould decode 'INT_32' with SEQUENCE encoding[32m 2[2mms[22m[39m
 [32mΓ£ô[39m node_modules/.pnpm/maplibre-gl@5.15.0/node_modules/@maplibre/mlt/dist/decoding/propertyDecoder.spec.js[2m > [22mdecodePropertyColumn[2m > [22mInteger Vector Encoding Types - SEQUENCE[2m > [22mshould decode 'INT_64' with SEQUENCE encoding[32m 1[2mms[22m[39m
 [32mΓ£ô[39m node_modules/.pnpm/maplibre-gl@5.15.0/node_modules/@maplibre/mlt/dist/decoding/propertyDecoder.spec.js[2m > [22mdecodePropertyColumn[2m > [22mInteger Vector Encoding Types - CONST[2m > [22mshould decode 'INT_32' with CONST encoding[32m 3[2mms[22m[39m
 [32mΓ£ô[39m node_modules/.pnpm/maplibre-gl@5.15.0/node_modules/@maplibre/mlt/dist/decoding/propertyDecoder.spec.js[2m > [22mdecodePropertyColumn[2m > [22mInteger Vector Encoding Types - CONST[2m > [22mshould decode 'INT_64' with CONST encoding[32m 2[2mms[22m[39m
 [32mΓ£ô[39m node_modules/.pnpm/maplibre-gl@5.15.0/node_modules/@maplibre/mlt/dist/decoding/propertyDecoder.spec.js[2m > [22mdecodePropertyColumn[2m > [22mFloat Columns - Non-Nullable[2m > [22mshould decode 'FLOAT' column[32m 2[2mms[22m[39m
 [32mΓ£ô[39m node_modules/.pnpm/maplibre-gl@5.15.0/node_modules/@maplibre/mlt/dist/decoding/propertyDecoder.spec.js[2m > [22mdecodePropertyColumn[2m > [22mFloat Columns - Non-Nullable[2m > [22mshould decode 'DOUBLE' column[32m 1[2mms[22m[39m
 [32mΓ£ô[39m node_modules/.pnpm/maplibre-gl@5.15.0/node_modules/@maplibre/mlt/dist/decoding/propertyDecoder.spec.js[2m > [22mdecodePropertyColumn[2m > [22mFloat Columns - Nullable[2m > [22mshould decode nullable 'FLOAT' column with null mask[32m 1[2mms[22m[39m
 [32mΓ£ô[39m node_modules/.pnpm/maplibre-gl@5.15.0/node_modules/@maplibre/mlt/dist/decoding/propertyDecoder.spec.js[2m > [22mdecodePropertyColumn[2m > [22mFloat Columns - Nullable[2m > [22mshould decode nullable 'DOUBLE' column with null mask[32m 1[2mms[22m[39m
 [32mΓ£ô[39m node_modules/.pnpm/maplibre-gl@5.15.0/node_modules/@maplibre/mlt/dist/decoding/propertyDecoder.spec.js[2m > [22mdecodePropertyColumn[2m > [22mBoolean Columns[2m > [22mshould decode non-nullable BOOLEAN column[32m 1[2mms[22m[39m
 [32mΓ£ô[39m node_modules/.pnpm/maplibre-gl@5.15.0/node_modules/@maplibre/mlt/dist/decoding/propertyDecoder.spec.js[2m > [22mdecodePropertyColumn[2m > [22mBoolean Columns[2m > [22mshould decode nullable BOOLEAN column with null mask[32m 1[2mms[22m[39m
 [32mΓ£ô[39m node_modules/.pnpm/maplibre-gl@5.15.0/node_modules/@maplibre/mlt/dist/decoding/propertyDecoder.spec.js[2m > [22mdecodePropertyColumn[2m > [22mString Columns - Nullable[2m > [22mshould decode nullable STRING with 'single data stream'[32m 1[2mms[22m[39m
 [32mΓ£ô[39m node_modules/.pnpm/maplibre-gl@5.15.0/node_modules/@maplibre/mlt/dist/decoding/propertyDecoder.spec.js[2m > [22mdecodePropertyColumn[2m > [22mString Columns - Nullable[2m > [22mshould decode nullable STRING with 'multiple data streams'[32m 1[2mms[22m[39m
 [32mΓ£ô[39m node_modules/.pnpm/maplibre-gl@5.15.0/node_modules/@maplibre/mlt/dist/decoding/propertyDecoder.spec.js[2m > [22mdecodePropertyColumn[2m > [22mColumn Filtering[2m > [22mshould return null when column NOT in propertyColumnNames filter[32m 25[2mms[22m[39m
 [32mΓ£ô[39m node_modules/.pnpm/maplibre-gl@5.15.0/node_modules/@maplibre/mlt/dist/decoding/propertyDecoder.spec.js[2m > [22mdecodePropertyColumn[2m > [22mColumn Filtering[2m > [22mshould decode column when it IS in propertyColumnNames filter[32m 1[2mms[22m[39m
 [32mΓ£ô[39m node_modules/.pnpm/maplibre-gl@5.15.0/node_modules/@maplibre/mlt/dist/decoding/propertyDecoder.spec.js[2m > [22mdecodePropertyColumn[2m > [22mColumn Filtering[2m > [22mshould ignore filter when propertyColumnNames is undefined[32m 0[2mms[22m[39m
 [32mΓ£ô[39m node_modules/.pnpm/maplibre-gl@5.15.0/node_modules/@maplibre/mlt/dist/decoding/propertyDecoder.spec.js[2m > [22mdecodePropertyColumn[2m > [22mColumn Filtering[2m > [22mshould handle empty filter set[32m 1[2mms[22m[39m
 [32mΓ£ô[39m node_modules/.pnpm/maplibre-gl@5.15.0/node_modules/@maplibre/mlt/dist/decoding/propertyDecoder.spec.js[2m > [22mdecodePropertyColumn[2m > [22mEdge Cases[2m > [22mshould handle single value column[32m 1[2mms[22m[39m
 [32mΓ£ô[39m node_modules/.pnpm/maplibre-gl@5.15.0/node_modules/@maplibre/mlt/dist/decoding/propertyDecoder.spec.js[2m > [22mdecodePropertyColumn[2m > [22mEdge Cases[2m > [22mshould handle large column with many values[32m 6[2mms[22m[39m
 [32mΓ£ô[39m node_modules/.pnpm/maplibre-gl@5.15.0/node_modules/@maplibre/mlt/dist/decoding/propertyDecoder.spec.js[2m > [22mdecodePropertyColumn[2m > [22mEdge Cases[2m > [22mshould handle zero numValues gracefully[32m 1[2mms[22m[39m
 [32mΓ£ô[39m node_modules/.pnpm/maplibre-gl@5.15.0/node_modules/@maplibre/mlt/dist/decoding/propertyDecoder.spec.js[2m > [22mdecodePropertyColumn[2m > [22mEdge Cases[2m > [22mshould handle multiple sequential columns with offset advancement[32m 1[2mms[22m[39m
 [32mΓ£ô[39m node_modules/.pnpm/maplibre-gl@5.15.0/node_modules/@maplibre/mlt/dist/decoding/propertyDecoder.spec.js[2m > [22mdecodePropertyColumn[2m > [22mEdge Cases[2m > [22mshould handle non-scalar column type returning null[32m 0[2mms[22m[39m
 [32mΓ£ô[39m node_modules/.pnpm/maplibre-gl@5.15.0/node_modules/@maplibre/mlt/dist/decoding/propertyDecoder.spec.js[2m > [22mdecodePropertyColumn[2m > [22mOffset Management[2m > [22mshould handle offset at non-zero starting position[32m 1[2mms[22m[39m
 [32mΓ£ô[39m node_modules/.pnpm/maplibre-gl@5.15.0/node_modules/@maplibre/mlt/dist/decoding/propertyDecoder.spec.js[2m > [22mdecodePropertyColumn[2m > [22mOffset Management[2m > [22mshould correctly skip columns with filterList and advance offset[32m 4[2mms[22m[39m
 [32mΓ£ô[39m node_modules/.pnpm/maplibre-gl@5.15.0/node_modules/@maplibre/mlt/dist/decoding/propertyDecoder.spec.js[2m > [22mdecodePropertyColumn[2m > [22mType Consistency Checks[2m > [22mshould preserve column metadata in returned vector[32m 1[2mms[22m[39m
 [32mΓ£ô[39m node_modules/.pnpm/maplibre-gl@5.15.0/node_modules/@maplibre/mlt/dist/decoding/propertyDecoder.spec.js[2m > [22mdecodePropertyColumn[2m > [22mType Consistency Checks[2m > [22mshould handle all signed and unsigned type combinations[32m 2[2mms[22m[39m
 [32mΓ£ô[39m node_modules/.pnpm/maplibre-gl@5.15.0/node_modules/@maplibre/mlt/dist/decoding/propertyDecoder.spec.js[2m > [22mdecodePropertyColumn[2m > [22mError Scenarios[2m > [22mshould handle invalid scalar type gracefully[32m 2[2mms[22m[39m
 [32mΓ£ô[39m node_modules/.pnpm/maplibre-gl@5.15.0/node_modules/@maplibre/mlt/dist/decoding/propertyDecoder.spec.js[2m > [22mdecodePropertyColumn[2m > [22mError Scenarios[2m > [22mshould handle mismatched numStreams for string type[32m 0[2mms[22m[39m
 [32mΓ£ô[39m node_modules/.pnpm/maplibre-gl@5.15.0/node_modules/maplibre-gl/src/geo/projection/covering_tiles.test.ts[2m > [22mcoveringTiles[2m > [22mglobe[2m > [22mzoomed out[32m 21[2mms[22m[39m
 [32mΓ£ô[39m node_modules/.pnpm/maplibre-gl@5.15.0/node_modules/maplibre-gl/src/geo/projection/covering_tiles.test.ts[2m > [22mcoveringTiles[2m > [22mglobe[2m > [22mzoomed in[32m 24[2mms[22m[39m
 [32mΓ£ô[39m node_modules/.pnpm/maplibre-gl@5.15.0/node_modules/maplibre-gl/src/geo/projection/covering_tiles.test.ts[2m > [22mcoveringTiles[2m > [22mglobe[2m > [22mzoomed in 512x512[32m 17[2mms[22m[39m
 [32mΓ£ô[39m node_modules/.pnpm/maplibre-gl@5.15.0/node_modules/maplibre-gl/src/geo/projection/covering_tiles.test.ts[2m > [22mcoveringTiles[2m > [22mglobe[2m > [22mpitched[32m 20[2mms[22m[39m
 [32mΓ£ô[39m node_modules/.pnpm/maplibre-gl@5.15.0/node_modules/maplibre-gl/src/geo/projection/covering_tiles.test.ts[2m > [22mcoveringTiles[2m > [22mglobe[2m > [22mpitched+rotated[32m 28[2mms[22m[39m
 [32mΓ£ô[39m node_modules/.pnpm/maplibre-gl@5.15.0/node_modules/maplibre-gl/src/geo/projection/covering_tiles.test.ts[2m > [22mcoveringTiles[2m > [22mglobe[2m > [22mantimeridian1[32m 17[2mms[22m[39m
 [32mΓ£ô[39m node_modules/.pnpm/maplibre-gl@5.15.0/node_modules/maplibre-gl/src/geo/projection/covering_tiles.test.ts[2m > [22mcoveringTiles[2m > [22mglobe[2m > [22mantimeridian2[32m 17[2mms[22m[39m
 [32mΓ£ô[39m node_modules/.pnpm/maplibre-gl@5.15.0/node_modules/maplibre-gl/src/geo/projection/covering_tiles.test.ts[2m > [22mcoveringTiles[2m > [22mglobe[2m > [22mzoom < 0[32m 4[2mms[22m[39m
 [32mΓ£ô[39m node_modules/.pnpm/maplibre-gl@5.15.0/node_modules/maplibre-gl/src/geo/projection/covering_tiles.test.ts[2m > [22mcoveringTiles[2m > [22mglobe[2m > [22mzoom = 11[32m 10[2mms[22m[39m
 [32mΓ£ô[39m node_modules/.pnpm/maplibre-gl@5.15.0/node_modules/maplibre-gl/src/geo/projection/covering_tiles.test.ts[2m > [22mcoveringTiles[2m > [22mglobe[2m > [22mzoom = 11, mid lat[32m 7[2mms[22m[39m
 [32mΓ£ô[39m node_modules/.pnpm/maplibre-gl@5.15.0/node_modules/maplibre-gl/src/geo/projection/covering_tiles.test.ts[2m > [22mcoveringTiles[2m > [22mglobe[2m > [22mzoom = 11, high lat[32m 12[2mms[22m[39m
 [32mΓ£ô[39m node_modules/.pnpm/maplibre-gl@5.15.0/node_modules/maplibre-gl/src/geo/projection/covering_tiles.test.ts[2m > [22mcoveringTiles[2m > [22mglobe[2m > [22mzoom = 11, mid lat, mid lng[32m 4[2mms[22m[39m
 [32mΓ£ô[39m node_modules/.pnpm/maplibre-gl@5.15.0/node_modules/maplibre-gl/src/geo/projection/covering_tiles.test.ts[2m > [22mcoveringTiles[2m > [22mglobe[2m > [22mzoom = 11, mid lng[32m 9[2mms[22m[39m
 [32mΓ£ô[39m node_modules/.pnpm/maplibre-gl@5.15.0/node_modules/maplibre-gl/src/geo/projection/covering_tiles.test.ts[2m > [22mcoveringTiles[2m > [22mglobe[2m > [22mnonzero center elevation[32m 11[2mms[22m[39m
 [32mΓ£ô[39m node_modules/.pnpm/maplibre-gl@5.15.0/node_modules/maplibre-gl/src/geo/projection/covering_tiles.test.ts[2m > [22mcoveringTiles[2m > [22mmercator[2m > [22mgeneral[32m 33[2mms[22m[39m
 [32mΓ£ô[39m node_modules/.pnpm/maplibre-gl@5.15.0/node_modules/maplibre-gl/src/geo/projection/covering_tiles.test.ts[2m > [22mcoveringTiles[2m > [22mmercator[2m > [22mcalculates tile coverage with low number of zoom levels and low tile count[32m 3[2mms[22m[39m
 [32mΓ£ô[39m node_modules/.pnpm/maplibre-gl@5.15.0/node_modules/maplibre-gl/src/geo/projection/covering_tiles.test.ts[2m > [22mcoveringTiles[2m > [22mmercator[2m > [22mcalculates tile coverage with low tile count[32m 1[2mms[22m[39m
 [32mΓ£ô[39m node_modules/.pnpm/maplibre-gl@5.15.0/node_modules/maplibre-gl/src/geo/projection/covering_tiles.test.ts[2m > [22mcoveringTiles[2m > [22mmercator[2m > [22mcalculates tile coverage with low number of zoom levels[32m 1[2mms[22m[39m
 [32mΓ£ô[39m node_modules/.pnpm/maplibre-gl@5.15.0/node_modules/maplibre-gl/src/geo/projection/covering_tiles.test.ts[2m > [22mcoveringTiles[2m > [22mmercator[2m > [22mcalculates tile coverage at w > 0[32m 2[2mms[22m[39m
 [32mΓ£ô[39m node_modules/.pnpm/maplibre-gl@5.15.0/node_modules/maplibre-gl/src/geo/projection/covering_tiles.test.ts[2m > [22mcoveringTiles[2m > [22mmercator[2m > [22mcalculates tile coverage at w = -1[32m 1[2mms[22m[39m
 [32mΓ£ô[39m node_modules/.pnpm/maplibre-gl@5.15.0/node_modules/maplibre-gl/src/geo/projection/covering_tiles.test.ts[2m > [22mcoveringTiles[2m > [22mmercator[2m > [22mcalculates tile coverage across meridian[32m 1[2mms[22m[39m
 [32mΓ£ô[39m node_modules/.pnpm/maplibre-gl@5.15.0/node_modules/maplibre-gl/src/geo/projection/covering_tiles.test.ts[2m > [22mcoveringTiles[2m > [22mmercator[2m > [22monly includes tiles for a single world, if renderWorldCopies is set to false[32m 2[2mms[22m[39m
 [32mΓ£ô[39m node_modules/.pnpm/maplibre-gl@5.15.0/node_modules/maplibre-gl/src/geo/projection/covering_tiles.test.ts[2m > [22mcoveringTiles[2m > [22mmercator[2m > [22moverscaledZ[32m 4[2mms[22m[39m
 [32mΓ£ô[39m node_modules/.pnpm/maplibre-gl@5.15.0/node_modules/maplibre-gl/src/geo/projection/covering_tiles.test.ts[2m > [22mcoveringTiles[2m > [22mmercator[2m > [22mmaxzoom-0[32m 1[2mms[22m[39m
 [32mΓ£ô[39m node_modules/.pnpm/maplibre-gl@5.15.0/node_modules/maplibre-gl/src/geo/projection/covering_tiles.test.ts[2m > [22mcoveringTiles[2m > [22mmercator[2m > [22mz11[32m 3[2mms[22m[39m
 [32mΓ£ô[39m node_modules/.pnpm/maplibre-gl@5.15.0/node_modules/maplibre-gl/src/geo/projection/covering_tiles.test.ts[2m > [22mcoveringTiles[2m > [22mmercator[2m > [22mz11, mid lat[32m 2[2mms[22m[39m
 [32mΓ£ô[39m node_modules/.pnpm/maplibre-gl@5.15.0/node_modules/maplibre-gl/src/geo/projection/covering_tiles.test.ts[2m > [22mcoveringTiles[2m > [22mmercator[2m > [22mz11, high lat[32m 1[2mms[22m[39m
 [32mΓ£ô[39m node_modules/.pnpm/maplibre-gl@5.15.0/node_modules/maplibre-gl/src/geo/projection/covering_tiles.test.ts[2m > [22mcoveringTiles[2m > [22mmercator[2m > [22mz11, mid lat, mid lng[32m 2[2mms[22m[39m
 [32mΓ£ô[39m node_modules/.pnpm/maplibre-gl@5.15.0/node_modules/maplibre-gl/src/geo/projection/covering_tiles.test.ts[2m > [22mcoveringTiles[2m > [22mmercator[2m > [22mz11, low lat, mid lng[32m 2[2mms[22m[39m
 [32mΓ£ô[39m node_modules/.pnpm/maplibre-gl@5.15.0/node_modules/maplibre-gl/src/geo/projection/covering_tiles.test.ts[2m > [22mcoveringTiles[2m > [22mmercator[2m > [22mnonzero center elevation[32m 3[2mms[22m[39m
 [32mΓ£ô[39m node_modules/.pnpm/maplibre-gl@5.15.0/node_modules/maplibre-gl/src/geo/projection/covering_tiles.test.ts[2m > [22mcoveringZoomLevel[2m > [22mzoom 0[32m 1[2mms[22m[39m
 [32mΓ£ô[39m node_modules/.pnpm/maplibre-gl@5.15.0/node_modules/maplibre-gl/src/geo/projection/covering_tiles.test.ts[2m > [22mcoveringZoomLevel[2m > [22msmall zoom should be floored to 0[32m 1[2mms[22m[39m
 [32mΓ£ô[39m node_modules/.pnpm/maplibre-gl@5.15.0/node_modules/maplibre-gl/src/geo/projection/covering_tiles.test.ts[2m > [22mcoveringZoomLevel[2m > [22mzoom 2.7 should be floored to 2[32m 0[2mms[22m[39m
 [32mΓ£ô[39m node_modules/.pnpm/maplibre-gl@5.15.0/node_modules/maplibre-gl/src/geo/projection/covering_tiles.test.ts[2m > [22mcoveringZoomLevel[2m > [22mzoom 0 for small tile size[32m 0[2mms[22m[39m
 [32mΓ£ô[39m node_modules/.pnpm/maplibre-gl@5.15.0/node_modules/maplibre-gl/src/geo/projection/covering_tiles.test.ts[2m > [22mcoveringZoomLevel[2m > [22mzoom 0.1 for small tile size[32m 6[2mms[22m[39m
 [32mΓ£ô[39m node_modules/.pnpm/maplibre-gl@5.15.0/node_modules/maplibre-gl/src/geo/projection/covering_tiles.test.ts[2m > [22mcoveringZoomLevel[2m > [22mzoom 1 for small tile size[32m 0[2mms[22m[39m
 [32mΓ£ô[39m node_modules/.pnpm/maplibre-gl@5.15.0/node_modules/maplibre-gl/src/geo/projection/covering_tiles.test.ts[2m > [22mcoveringZoomLevel[2m > [22mzoom 2.4 for small tile size[32m 1[2mms[22m[39m
 [32mΓ£ô[39m node_modules/.pnpm/maplibre-gl@5.15.0/node_modules/maplibre-gl/src/geo/projection/covering_tiles.test.ts[2m > [22mcoveringZoomLevel[2m > [22mzoom 11.5 with rounded setting and small tile size[32m 1[2mms[22m[39m
 [32mΓ£ô[39m node_modules/maplibre-gl/src/geo/projection/covering_tiles.test.ts[2m > [22mcoveringTiles[2m > [22mglobe[2m > [22mzoomed out[32m 18[2mms[22m[39m
 [32mΓ£ô[39m node_modules/maplibre-gl/src/geo/projection/covering_tiles.test.ts[2m > [22mcoveringTiles[2m > [22mglobe[2m > [22mzoomed in[32m 21[2mms[22m[39m
 [32mΓ£ô[39m node_modules/maplibre-gl/src/geo/projection/covering_tiles.test.ts[2m > [22mcoveringTiles[2m > [22mglobe[2m > [22mzoomed in 512x512[32m 18[2mms[22m[39m
 [32mΓ£ô[39m node_modules/maplibre-gl/src/geo/projection/covering_tiles.test.ts[2m > [22mcoveringTiles[2m > [22mglobe[2m > [22mpitched[32m 78[2mms[22m[39m
 [32mΓ£ô[39m node_modules/maplibre-gl/src/geo/projection/covering_tiles.test.ts[2m > [22mcoveringTiles[2m > [22mglobe[2m > [22mpitched+rotated[32m 33[2mms[22m[39m
 [32mΓ£ô[39m node_modules/maplibre-gl/src/geo/projection/covering_tiles.test.ts[2m > [22mcoveringTiles[2m > [22mglobe[2m > [22mantimeridian1[32m 14[2mms[22m[39m
 [32mΓ£ô[39m node_modules/maplibre-gl/src/geo/projection/covering_tiles.test.ts[2m > [22mcoveringTiles[2m > [22mglobe[2m > [22mantimeridian2[32m 16[2mms[22m[39m
 [32mΓ£ô[39m node_modules/maplibre-gl/src/geo/projection/covering_tiles.test.ts[2m > [22mcoveringTiles[2m > [22mglobe[2m > [22mzoom < 0[32m 4[2mms[22m[39m
 [32mΓ£ô[39m node_modules/maplibre-gl/src/geo/projection/covering_tiles.test.ts[2m > [22mcoveringTiles[2m > [22mglobe[2m > [22mzoom = 11[32m 12[2mms[22m[39m
 [32mΓ£ô[39m node_modules/maplibre-gl/src/geo/projection/covering_tiles.test.ts[2m > [22mcoveringTiles[2m > [22mglobe[2m > [22mzoom = 11, mid lat[32m 7[2mms[22m[39m
 [32mΓ£ô[39m node_modules/maplibre-gl/src/geo/projection/covering_tiles.test.ts[2m > [22mcoveringTiles[2m > [22mglobe[2m > [22mzoom = 11, high lat[32m 9[2mms[22m[39m
 [32mΓ£ô[39m node_modules/maplibre-gl/src/geo/projection/covering_tiles.test.ts[2m > [22mcoveringTiles[2m > [22mglobe[2m > [22mzoom = 11, mid lat, mid lng[32m 6[2mms[22m[39m
 [32mΓ£ô[39m node_modules/maplibre-gl/src/geo/projection/covering_tiles.test.ts[2m > [22mcoveringTiles[2m > [22mglobe[2m > [22mzoom = 11, mid lng[32m 8[2mms[22m[39m
 [32mΓ£ô[39m node_modules/maplibre-gl/src/geo/projection/covering_tiles.test.ts[2m > [22mcoveringTiles[2m > [22mglobe[2m > [22mnonzero center elevation[32m 13[2mms[22m[39m
 [32mΓ£ô[39m node_modules/maplibre-gl/src/geo/projection/covering_tiles.test.ts[2m > [22mcoveringTiles[2m > [22mmercator[2m > [22mgeneral[32m 30[2mms[22m[39m
 [32mΓ£ô[39m node_modules/maplibre-gl/src/geo/projection/covering_tiles.test.ts[2m > [22mcoveringTiles[2m > [22mmercator[2m > [22mcalculates tile coverage with low number of zoom levels and low tile count[32m 1[2mms[22m[39m
 [32mΓ£ô[39m node_modules/maplibre-gl/src/geo/projection/covering_tiles.test.ts[2m > [22mcoveringTiles[2m > [22mmercator[2m > [22mcalculates tile coverage with low tile count[32m 3[2mms[22m[39m
 [32mΓ£ô[39m node_modules/maplibre-gl/src/geo/projection/covering_tiles.test.ts[2m > [22mcoveringTiles[2m > [22mmercator[2m > [22mcalculates tile coverage with low number of zoom levels[32m 1[2mms[22m[39m
 [32mΓ£ô[39m node_modules/maplibre-gl/src/geo/projection/covering_tiles.test.ts[2m > [22mcoveringTiles[2m > [22mmercator[2m > [22mcalculates tile coverage at w > 0[32m 5[2mms[22m[39m
 [32mΓ£ô[39m node_modules/maplibre-gl/src/geo/projection/covering_tiles.test.ts[2m > [22mcoveringTiles[2m > [22mmercator[2m > [22mcalculates tile coverage at w = -1[32m 1[2mms[22m[39m
 [32mΓ£ô[39m node_modules/maplibre-gl/src/geo/projection/covering_tiles.test.ts[2m > [22mcoveringTiles[2m > [22mmercator[2m > [22mcalculates tile coverage across meridian[32m 1[2mms[22m[39m
 [32mΓ£ô[39m node_modules/maplibre-gl/src/geo/projection/covering_tiles.test.ts[2m > [22mcoveringTiles[2m > [22mmercator[2m > [22monly includes tiles for a single world, if renderWorldCopies is set to false[32m 0[2mms[22m[39m
 [32mΓ£ô[39m node_modules/maplibre-gl/src/geo/projection/covering_tiles.test.ts[2m > [22mcoveringTiles[2m > [22mmercator[2m > [22moverscaledZ[32m 3[2mms[22m[39m
 [32mΓ£ô[39m node_modules/maplibre-gl/src/geo/projection/covering_tiles.test.ts[2m > [22mcoveringTiles[2m > [22mmercator[2m > [22mmaxzoom-0[32m 1[2mms[22m[39m
 [32mΓ£ô[39m node_modules/maplibre-gl/src/geo/projection/covering_tiles.test.ts[2m > [22mcoveringTiles[2m > [22mmercator[2m > [22mz11[32m 3[2mms[22m[39m
 [32mΓ£ô[39m node_modules/maplibre-gl/src/geo/projection/covering_tiles.test.ts[2m > [22mcoveringTiles[2m > [22mmercator[2m > [22mz11, mid lat[32m 2[2mms[22m[39m
 [32mΓ£ô[39m node_modules/maplibre-gl/src/geo/projection/covering_tiles.test.ts[2m > [22mcoveringTiles[2m > [22mmercator[2m > [22mz11, high lat[32m 1[2mms[22m[39m
 [32mΓ£ô[39m node_modules/maplibre-gl/src/geo/projection/covering_tiles.test.ts[2m > [22mcoveringTiles[2m > [22mmercator[2m > [22mz11, mid lat, mid lng[32m 1[2mms[22m[39m
 [32mΓ£ô[39m node_modules/maplibre-gl/src/geo/projection/covering_tiles.test.ts[2m > [22mcoveringTiles[2m > [22mmercator[2m > [22mz11, low lat, mid lng[32m 1[2mms[22m[39m
 [32mΓ£ô[39m node_modules/maplibre-gl/src/geo/projection/covering_tiles.test.ts[2m > [22mcoveringTiles[2m > [22mmercator[2m > [22mnonzero center elevation[32m 2[2mms[22m[39m
 [32mΓ£ô[39m node_modules/maplibre-gl/src/geo/projection/covering_tiles.test.ts[2m > [22mcoveringZoomLevel[2m > [22mzoom 0[32m 1[2mms[22m[39m
 [32mΓ£ô[39m node_modules/maplibre-gl/src/geo/projection/covering_tiles.test.ts[2m > [22mcoveringZoomLevel[2m > [22msmall zoom should be floored to 0[32m 0[2mms[22m[39m
 [32mΓ£ô[39m node_modules/maplibre-gl/src/geo/projection/covering_tiles.test.ts[2m > [22mcoveringZoomLevel[2m > [22mzoom 2.7 should be floored to 2[32m 1[2mms[22m[39m
 [32mΓ£ô[39m node_modules/maplibre-gl/src/geo/projection/covering_tiles.test.ts[2m > [22mcoveringZoomLevel[2m > [22mzoom 0 for small tile size[32m 0[2mms[22m[39m
 [32mΓ£ô[39m node_modules/maplibre-gl/src/geo/projection/covering_tiles.test.ts[2m > [22mcoveringZoomLevel[2m > [22mzoom 0.1 for small tile size[32m 0[2mms[22m[39m
 [32mΓ£ô[39m node_modules/maplibre-gl/src/geo/projection/covering_tiles.test.ts[2m > [22mcoveringZoomLevel[2m > [22mzoom 1 for small tile size[32m 0[2mms[22m[39m
 [32mΓ£ô[39m node_modules/maplibre-gl/src/geo/projection/covering_tiles.test.ts[2m > [22mcoveringZoomLevel[2m > [22mzoom 2.4 for small tile size[32m 0[2mms[22m[39m
 [32mΓ£ô[39m node_modules/maplibre-gl/src/geo/projection/covering_tiles.test.ts[2m > [22mcoveringZoomLevel[2m > [22mzoom 11.5 with rounded setting and small tile size[32m 0[2mms[22m[39m
 [32mΓ£ô[39m node_modules/.pnpm/@vis.gl+react-maplibre@8.1._02dd8e1c741d0f23c6f18bb60b165618/node_modules/maplibre-gl/src/geo/projection/covering_tiles.test.ts[2m > [22mcoveringTiles[2m > [22mglobe[2m > [22mzoomed out[32m 16[2mms[22m[39m
 [32mΓ£ô[39m node_modules/.pnpm/@vis.gl+react-maplibre@8.1._02dd8e1c741d0f23c6f18bb60b165618/node_modules/maplibre-gl/src/geo/projection/covering_tiles.test.ts[2m > [22mcoveringTiles[2m > [22mglobe[2m > [22mzoomed in[32m 18[2mms[22m[39m
 [32mΓ£ô[39m node_modules/.pnpm/@vis.gl+react-maplibre@8.1._02dd8e1c741d0f23c6f18bb60b165618/node_modules/maplibre-gl/src/geo/projection/covering_tiles.test.ts[2m > [22mcoveringTiles[2m > [22mglobe[2m > [22mzoomed in 512x512[32m 24[2mms[22m[39m
 [32mΓ£ô[39m node_modules/.pnpm/@vis.gl+react-maplibre@8.1._02dd8e1c741d0f23c6f18bb60b165618/node_modules/maplibre-gl/src/geo/projection/covering_tiles.test.ts[2m > [22mcoveringTiles[2m > [22mglobe[2m > [22mpitched[32m 31[2mms[22m[39m
 [32mΓ£ô[39m node_modules/.pnpm/@vis.gl+react-maplibre@8.1._02dd8e1c741d0f23c6f18bb60b165618/node_modules/maplibre-gl/src/geo/projection/covering_tiles.test.ts[2m > [22mcoveringTiles[2m > [22mglobe[2m > [22mpitched+rotated[32m 38[2mms[22m[39m
 [32mΓ£ô[39m node_modules/.pnpm/@vis.gl+react-maplibre@8.1._02dd8e1c741d0f23c6f18bb60b165618/node_modules/maplibre-gl/src/geo/projection/covering_tiles.test.ts[2m > [22mcoveringTiles[2m > [22mglobe[2m > [22mantimeridian1[32m 22[2mms[22m[39m
 [32mΓ£ô[39m node_modules/.pnpm/@vis.gl+react-maplibre@8.1._02dd8e1c741d0f23c6f18bb60b165618/node_modules/maplibre-gl/src/geo/projection/covering_tiles.test.ts[2m > [22mcoveringTiles[2m > [22mglobe[2m > [22mantimeridian2[32m 33[2mms[22m[39m
 [32mΓ£ô[39m node_modules/.pnpm/@vis.gl+react-maplibre@8.1._02dd8e1c741d0f23c6f18bb60b165618/node_modules/maplibre-gl/src/geo/projection/covering_tiles.test.ts[2m > [22mcoveringTiles[2m > [22mglobe[2m > [22mzoom < 0[32m 8[2mms[22m[39m
 [32mΓ£ô[39m node_modules/.pnpm/@vis.gl+react-maplibre@8.1._02dd8e1c741d0f23c6f18bb60b165618/node_modules/maplibre-gl/src/geo/projection/covering_tiles.test.ts[2m > [22mcoveringTiles[2m > [22mglobe[2m > [22mzoom = 11[32m 7[2mms[22m[39m
 [32mΓ£ô[39m node_modules/.pnpm/@vis.gl+react-maplibre@8.1._02dd8e1c741d0f23c6f18bb60b165618/node_modules/maplibre-gl/src/geo/projection/covering_tiles.test.ts[2m > [22mcoveringTiles[2m > [22mglobe[2m > [22mzoom = 11, mid lat[32m 6[2mms[22m[39m
 [32mΓ£ô[39m node_modules/.pnpm/@vis.gl+react-maplibre@8.1._02dd8e1c741d0f23c6f18bb60b165618/node_modules/maplibre-gl/src/geo/projection/covering_tiles.test.ts[2m > [22mcoveringTiles[2m > [22mglobe[2m > [22mzoom = 11, high lat[32m 7[2mms[22m[39m
 [32mΓ£ô[39m node_modules/.pnpm/@vis.gl+react-maplibre@8.1._02dd8e1c741d0f23c6f18bb60b165618/node_modules/maplibre-gl/src/geo/projection/covering_tiles.test.ts[2m > [22mcoveringTiles[2m > [22mglobe[2m > [22mzoom = 11, mid lat, mid lng[32m 5[2mms[22m[39m
 [32mΓ£ô[39m node_modules/.pnpm/@vis.gl+react-maplibre@8.1._02dd8e1c741d0f23c6f18bb60b165618/node_modules/maplibre-gl/src/geo/projection/covering_tiles.test.ts[2m > [22mcoveringTiles[2m > [22mglobe[2m > [22mzoom = 11, mid lng[32m 7[2mms[22m[39m
 [32mΓ£ô[39m node_modules/.pnpm/@vis.gl+react-maplibre@8.1._02dd8e1c741d0f23c6f18bb60b165618/node_modules/maplibre-gl/src/geo/projection/covering_tiles.test.ts[2m > [22mcoveringTiles[2m > [22mglobe[2m > [22mnonzero center elevation[32m 15[2mms[22m[39m
 [32mΓ£ô[39m node_modules/.pnpm/@vis.gl+react-maplibre@8.1._02dd8e1c741d0f23c6f18bb60b165618/node_modules/maplibre-gl/src/geo/projection/covering_tiles.test.ts[2m > [22mcoveringTiles[2m > [22mmercator[2m > [22mgeneral[32m 24[2mms[22m[39m
 [32mΓ£ô[39m node_modules/.pnpm/@vis.gl+react-maplibre@8.1._02dd8e1c741d0f23c6f18bb60b165618/node_modules/maplibre-gl/src/geo/projection/covering_tiles.test.ts[2m > [22mcoveringTiles[2m > [22mmercator[2m > [22mcalculates tile coverage with low number of zoom levels and low tile count[32m 1[2mms[22m[39m
 [32mΓ£ô[39m node_modules/.pnpm/@vis.gl+react-maplibre@8.1._02dd8e1c741d0f23c6f18bb60b165618/node_modules/maplibre-gl/src/geo/projection/covering_tiles.test.ts[2m > [22mcoveringTiles[2m > [22mmercator[2m > [22mcalculates tile coverage with low tile count[32m 1[2mms[22m[39m
 [32mΓ£ô[39m node_modules/.pnpm/@vis.gl+react-maplibre@8.1._02dd8e1c741d0f23c6f18bb60b165618/node_modules/maplibre-gl/src/geo/projection/covering_tiles.test.ts[2m > [22mcoveringTiles[2m > [22mmercator[2m > [22mcalculates tile coverage with low number of zoom levels[32m 1[2mms[22m[39m
 [32mΓ£ô[39m node_modules/.pnpm/@vis.gl+react-maplibre@8.1._02dd8e1c741d0f23c6f18bb60b165618/node_modules/maplibre-gl/src/geo/projection/covering_tiles.test.ts[2m > [22mcoveringTiles[2m > [22mmercator[2m > [22mcalculates tile coverage at w > 0[32m 4[2mms[22m[39m
 [32mΓ£ô[39m node_modules/.pnpm/@vis.gl+react-maplibre@8.1._02dd8e1c741d0f23c6f18bb60b165618/node_modules/maplibre-gl/src/geo/projection/covering_tiles.test.ts[2m > [22mcoveringTiles[2m > [22mmercator[2m > [22mcalculates tile coverage at w = -1[32m 1[2mms[22m[39m
 [32mΓ£ô[39m node_modules/.pnpm/@vis.gl+react-maplibre@8.1._02dd8e1c741d0f23c6f18bb60b165618/node_modules/maplibre-gl/src/geo/projection/covering_tiles.test.ts[2m > [22mcoveringTiles[2m > [22mmercator[2m > [22mcalculates tile coverage across meridian[32m 2[2mms[22m[39m
 [32mΓ£ô[39m node_modules/.pnpm/@vis.gl+react-maplibre@8.1._02dd8e1c741d0f23c6f18bb60b165618/node_modules/maplibre-gl/src/geo/projection/covering_tiles.test.ts[2m > [22mcoveringTiles[2m > [22mmercator[2m > [22monly includes tiles for a single world, if renderWorldCopies is set to false[32m 1[2mms[22m[39m
 [32mΓ£ô[39m node_modules/.pnpm/@vis.gl+react-maplibre@8.1._02dd8e1c741d0f23c6f18bb60b165618/node_modules/maplibre-gl/src/geo/projection/covering_tiles.test.ts[2m > [22mcoveringTiles[2m > [22mmercator[2m > [22moverscaledZ[32m 3[2mms[22m[39m
 [32mΓ£ô[39m node_modules/.pnpm/@vis.gl+react-maplibre@8.1._02dd8e1c741d0f23c6f18bb60b165618/node_modules/maplibre-gl/src/geo/projection/covering_tiles.test.ts[2m > [22mcoveringTiles[2m > [22mmercator[2m > [22mmaxzoom-0[32m 4[2mms[22m[39m
 [32mΓ£ô[39m node_modules/.pnpm/@vis.gl+react-maplibre@8.1._02dd8e1c741d0f23c6f18bb60b165618/node_modules/maplibre-gl/src/geo/projection/covering_tiles.test.ts[2m > [22mcoveringTiles[2m > [22mmercator[2m > [22mz11[32m 2[2mms[22m[39m
 [32mΓ£ô[39m node_modules/.pnpm/@vis.gl+react-maplibre@8.1._02dd8e1c741d0f23c6f18bb60b165618/node_modules/maplibre-gl/src/geo/projection/covering_tiles.test.ts[2m > [22mcoveringTiles[2m > [22mmercator[2m > [22mz11, mid lat[32m 3[2mms[22m[39m
 [32mΓ£ô[39m node_modules/.pnpm/@vis.gl+react-maplibre@8.1._02dd8e1c741d0f23c6f18bb60b165618/node_modules/maplibre-gl/src/geo/projection/covering_tiles.test.ts[2m > [22mcoveringTiles[2m > [22mmercator[2m > [22mz11, high lat[32m 1[2mms[22m[39m
 [32mΓ£ô[39m node_modules/.pnpm/@vis.gl+react-maplibre@8.1._02dd8e1c741d0f23c6f18bb60b165618/node_modules/maplibre-gl/src/geo/projection/covering_tiles.test.ts[2m > [22mcoveringTiles[2m > [22mmercator[2m > [22mz11, mid lat, mid lng[32m 1[2mms[22m[39m
 [32mΓ£ô[39m node_modules/.pnpm/@vis.gl+react-maplibre@8.1._02dd8e1c741d0f23c6f18bb60b165618/node_modules/maplibre-gl/src/geo/projection/covering_tiles.test.ts[2m > [22mcoveringTiles[2m > [22mmercator[2m > [22mz11, low lat, mid lng[32m 1[2mms[22m[39m
 [32mΓ£ô[39m node_modules/.pnpm/@vis.gl+react-maplibre@8.1._02dd8e1c741d0f23c6f18bb60b165618/node_modules/maplibre-gl/src/geo/projection/covering_tiles.test.ts[2m > [22mcoveringTiles[2m > [22mmercator[2m > [22mnonzero center elevation[32m 2[2mms[22m[39m
 [32mΓ£ô[39m node_modules/.pnpm/@vis.gl+react-maplibre@8.1._02dd8e1c741d0f23c6f18bb60b165618/node_modules/maplibre-gl/src/geo/projection/covering_tiles.test.ts[2m > [22mcoveringZoomLevel[2m > [22mzoom 0[32m 1[2mms[22m[39m
 [32mΓ£ô[39m node_modules/.pnpm/@vis.gl+react-maplibre@8.1._02dd8e1c741d0f23c6f18bb60b165618/node_modules/maplibre-gl/src/geo/projection/covering_tiles.test.ts[2m > [22mcoveringZoomLevel[2m > [22msmall zoom should be floored to 0[32m 0[2mms[22m[39m
 [32mΓ£ô[39m node_modules/.pnpm/@vis.gl+react-maplibre@8.1._02dd8e1c741d0f23c6f18bb60b165618/node_modules/maplibre-gl/src/geo/projection/covering_tiles.test.ts[2m > [22mcoveringZoomLevel[2m > [22mzoom 2.7 should be floored to 2[32m 1[2mms[22m[39m
 [32mΓ£ô[39m node_modules/.pnpm/@vis.gl+react-maplibre@8.1._02dd8e1c741d0f23c6f18bb60b165618/node_modules/maplibre-gl/src/geo/projection/covering_tiles.test.ts[2m > [22mcoveringZoomLevel[2m > [22mzoom 0 for small tile size[32m 0[2mms[22m[39m
 [32mΓ£ô[39m node_modules/.pnpm/@vis.gl+react-maplibre@8.1._02dd8e1c741d0f23c6f18bb60b165618/node_modules/maplibre-gl/src/geo/projection/covering_tiles.test.ts[2m > [22mcoveringZoomLevel[2m > [22mzoom 0.1 for small tile size[32m 0[2mms[22m[39m
 [32mΓ£ô[39m node_modules/.pnpm/@vis.gl+react-maplibre@8.1._02dd8e1c741d0f23c6f18bb60b165618/node_modules/maplibre-gl/src/geo/projection/covering_tiles.test.ts[2m > [22mcoveringZoomLevel[2m > [22mzoom 1 for small tile size[32m 0[2mms[22m[39m
 [32mΓ£ô[39m node_modules/.pnpm/@vis.gl+react-maplibre@8.1._02dd8e1c741d0f23c6f18bb60b165618/node_modules/maplibre-gl/src/geo/projection/covering_tiles.test.ts[2m > [22mcoveringZoomLevel[2m > [22mzoom 2.4 for small tile size[32m 0[2mms[22m[39m
 [32mΓ£ô[39m node_modules/.pnpm/@vis.gl+react-maplibre@8.1._02dd8e1c741d0f23c6f18bb60b165618/node_modules/maplibre-gl/src/geo/projection/covering_tiles.test.ts[2m > [22mcoveringZoomLevel[2m > [22mzoom 11.5 with rounded setting and small tile size[32m 0[2mms[22m[39m
 [32mΓ£ô[39m node_modules/.pnpm/react-map-gl@8.1.0_maplibre_f5b73890850d036840af8db7ab51d30f/node_modules/maplibre-gl/src/geo/projection/covering_tiles.test.ts[2m > [22mcoveringTiles[2m > [22mglobe[2m > [22mzoomed out[32m 19[2mms[22m[39m
 [32mΓ£ô[39m node_modules/.pnpm/react-map-gl@8.1.0_maplibre_f5b73890850d036840af8db7ab51d30f/node_modules/maplibre-gl/src/geo/projection/covering_tiles.test.ts[2m > [22mcoveringTiles[2m > [22mglobe[2m > [22mzoomed in[32m 18[2mms[22m[39m
 [32mΓ£ô[39m node_modules/.pnpm/react-map-gl@8.1.0_maplibre_f5b73890850d036840af8db7ab51d30f/node_modules/maplibre-gl/src/geo/projection/covering_tiles.test.ts[2m > [22mcoveringTiles[2m > [22mglobe[2m > [22mzoomed in 512x512[32m 12[2mms[22m[39m
 [32mΓ£ô[39m node_modules/.pnpm/react-map-gl@8.1.0_maplibre_f5b73890850d036840af8db7ab51d30f/node_modules/maplibre-gl/src/geo/projection/covering_tiles.test.ts[2m > [22mcoveringTiles[2m > [22mglobe[2m > [22mpitched[32m 31[2mms[22m[39m
 [32mΓ£ô[39m node_modules/.pnpm/react-map-gl@8.1.0_maplibre_f5b73890850d036840af8db7ab51d30f/node_modules/maplibre-gl/src/geo/projection/covering_tiles.test.ts[2m > [22mcoveringTiles[2m > [22mglobe[2m > [22mpitched+rotated[32m 41[2mms[22m[39m
 [32mΓ£ô[39m node_modules/.pnpm/react-map-gl@8.1.0_maplibre_f5b73890850d036840af8db7ab51d30f/node_modules/maplibre-gl/src/geo/projection/covering_tiles.test.ts[2m > [22mcoveringTiles[2m > [22mglobe[2m > [22mantimeridian1[32m 18[2mms[22m[39m
 [32mΓ£ô[39m node_modules/.pnpm/react-map-gl@8.1.0_maplibre_f5b73890850d036840af8db7ab51d30f/node_modules/maplibre-gl/src/geo/projection/covering_tiles.test.ts[2m > [22mcoveringTiles[2m > [22mglobe[2m > [22mantimeridian2[32m 52[2mms[22m[39m
 [32mΓ£ô[39m node_modules/.pnpm/react-map-gl@8.1.0_maplibre_f5b73890850d036840af8db7ab51d30f/node_modules/maplibre-gl/src/geo/projection/covering_tiles.test.ts[2m > [22mcoveringTiles[2m > [22mglobe[2m > [22mzoom < 0[32m 6[2mms[22m[39m
 [32mΓ£ô[39m node_modules/.pnpm/react-map-gl@8.1.0_maplibre_f5b73890850d036840af8db7ab51d30f/node_modules/maplibre-gl/src/geo/projection/covering_tiles.test.ts[2m > [22mcoveringTiles[2m > [22mglobe[2m > [22mzoom = 11[32m 7[2mms[22m[39m
 [32mΓ£ô[39m node_modules/.pnpm/react-map-gl@8.1.0_maplibre_f5b73890850d036840af8db7ab51d30f/node_modules/maplibre-gl/src/geo/projection/covering_tiles.test.ts[2m > [22mcoveringTiles[2m > [22mglobe[2m > [22mzoom = 11, mid lat[32m 7[2mms[22m[39m
 [32mΓ£ô[39m node_modules/.pnpm/react-map-gl@8.1.0_maplibre_f5b73890850d036840af8db7ab51d30f/node_modules/maplibre-gl/src/geo/projection/covering_tiles.test.ts[2m > [22mcoveringTiles[2m > [22mglobe[2m > [22mzoom = 11, high lat[32m 10[2mms[22m[39m
 [32mΓ£ô[39m node_modules/.pnpm/react-map-gl@8.1.0_maplibre_f5b73890850d036840af8db7ab51d30f/node_modules/maplibre-gl/src/geo/projection/covering_tiles.test.ts[2m > [22mcoveringTiles[2m > [22mglobe[2m > [22mzoom = 11, mid lat, mid lng[32m 10[2mms[22m[39m
 [32mΓ£ô[39m node_modules/.pnpm/react-map-gl@8.1.0_maplibre_f5b73890850d036840af8db7ab51d30f/node_modules/maplibre-gl/src/geo/projection/covering_tiles.test.ts[2m > [22mcoveringTiles[2m > [22mglobe[2m > [22mzoom = 11, mid lng[32m 6[2mms[22m[39m
 [32mΓ£ô[39m node_modules/.pnpm/react-map-gl@8.1.0_maplibre_f5b73890850d036840af8db7ab51d30f/node_modules/maplibre-gl/src/geo/projection/covering_tiles.test.ts[2m > [22mcoveringTiles[2m > [22mglobe[2m > [22mnonzero center elevation[32m 15[2mms[22m[39m
 [32mΓ£ô[39m node_modules/.pnpm/react-map-gl@8.1.0_maplibre_f5b73890850d036840af8db7ab51d30f/node_modules/maplibre-gl/src/geo/projection/covering_tiles.test.ts[2m > [22mcoveringTiles[2m > [22mmercator[2m > [22mgeneral[32m 35[2mms[22m[39m
 [32mΓ£ô[39m node_modules/.pnpm/react-map-gl@8.1.0_maplibre_f5b73890850d036840af8db7ab51d30f/node_modules/maplibre-gl/src/geo/projection/covering_tiles.test.ts[2m > [22mcoveringTiles[2m > [22mmercator[2m > [22mcalculates tile coverage with low number of zoom levels and low tile count[32m 1[2mms[22m[39m
 [32mΓ£ô[39m node_modules/.pnpm/react-map-gl@8.1.0_maplibre_f5b73890850d036840af8db7ab51d30f/node_modules/maplibre-gl/src/geo/projection/covering_tiles.test.ts[2m > [22mcoveringTiles[2m > [22mmercator[2m > [22mcalculates tile coverage with low tile count[32m 3[2mms[22m[39m
 [32mΓ£ô[39m node_modules/.pnpm/react-map-gl@8.1.0_maplibre_f5b73890850d036840af8db7ab51d30f/node_modules/maplibre-gl/src/geo/projection/covering_tiles.test.ts[2m > [22mcoveringTiles[2m > [22mmercator[2m > [22mcalculates tile coverage with low number of zoom levels[32m 2[2mms[22m[39m
 [32mΓ£ô[39m node_modules/.pnpm/react-map-gl@8.1.0_maplibre_f5b73890850d036840af8db7ab51d30f/node_modules/maplibre-gl/src/geo/projection/covering_tiles.test.ts[2m > [22mcoveringTiles[2m > [22mmercator[2m > [22mcalculates tile coverage at w > 0[32m 2[2mms[22m[39m
 [32mΓ£ô[39m node_modules/.pnpm/react-map-gl@8.1.0_maplibre_f5b73890850d036840af8db7ab51d30f/node_modules/maplibre-gl/src/geo/projection/covering_tiles.test.ts[2m > [22mcoveringTiles[2m > [22mmercator[2m > [22mcalculates tile coverage at w = -1[32m 1[2mms[22m[39m
 [32mΓ£ô[39m node_modules/.pnpm/react-map-gl@8.1.0_maplibre_f5b73890850d036840af8db7ab51d30f/node_modules/maplibre-gl/src/geo/projection/covering_tiles.test.ts[2m > [22mcoveringTiles[2m > [22mmercator[2m > [22mcalculates tile coverage across meridian[32m 4[2mms[22m[39m
 [32mΓ£ô[39m node_modules/.pnpm/react-map-gl@8.1.0_maplibre_f5b73890850d036840af8db7ab51d30f/node_modules/maplibre-gl/src/geo/projection/covering_tiles.test.ts[2m > [22mcoveringTiles[2m > [22mmercator[2m > [22monly includes tiles for a single world, if renderWorldCopies is set to false[32m 1[2mms[22m[39m
 [32mΓ£ô[39m node_modules/.pnpm/react-map-gl@8.1.0_maplibre_f5b73890850d036840af8db7ab51d30f/node_modules/maplibre-gl/src/geo/projection/covering_tiles.test.ts[2m > [22mcoveringTiles[2m > [22mmercator[2m > [22moverscaledZ[32m 5[2mms[22m[39m
 [32mΓ£ô[39m node_modules/.pnpm/react-map-gl@8.1.0_maplibre_f5b73890850d036840af8db7ab51d30f/node_modules/maplibre-gl/src/geo/projection/covering_tiles.test.ts[2m > [22mcoveringTiles[2m > [22mmercator[2m > [22mmaxzoom-0[32m 2[2mms[22m[39m
 [32mΓ£ô[39m node_modules/.pnpm/react-map-gl@8.1.0_maplibre_f5b73890850d036840af8db7ab51d30f/node_modules/maplibre-gl/src/geo/projection/covering_tiles.test.ts[2m > [22mcoveringTiles[2m > [22mmercator[2m > [22mz11[32m 5[2mms[22m[39m
 [32mΓ£ô[39m node_modules/.pnpm/react-map-gl@8.1.0_maplibre_f5b73890850d036840af8db7ab51d30f/node_modules/maplibre-gl/src/geo/projection/covering_tiles.test.ts[2m > [22mcoveringTiles[2m > [22mmercator[2m > [22mz11, mid lat[32m 2[2mms[22m[39m
 [32mΓ£ô[39m node_modules/.pnpm/react-map-gl@8.1.0_maplibre_f5b73890850d036840af8db7ab51d30f/node_modules/maplibre-gl/src/geo/projection/covering_tiles.test.ts[2m > [22mcoveringTiles[2m > [22mmercator[2m > [22mz11, high lat[32m 2[2mms[22m[39m
 [32mΓ£ô[39m node_modules/.pnpm/react-map-gl@8.1.0_maplibre_f5b73890850d036840af8db7ab51d30f/node_modules/maplibre-gl/src/geo/projection/covering_tiles.test.ts[2m > [22mcoveringTiles[2m > [22mmercator[2m > [22mz11, mid lat, mid lng[32m 2[2mms[22m[39m
 [32mΓ£ô[39m node_modules/.pnpm/react-map-gl@8.1.0_maplibre_f5b73890850d036840af8db7ab51d30f/node_modules/maplibre-gl/src/geo/projection/covering_tiles.test.ts[2m > [22mcoveringTiles[2m > [22mmercator[2m > [22mz11, low lat, mid lng[32m 4[2mms[22m[39m
 [32mΓ£ô[39m node_modules/.pnpm/react-map-gl@8.1.0_maplibre_f5b73890850d036840af8db7ab51d30f/node_modules/maplibre-gl/src/geo/projection/covering_tiles.test.ts[2m > [22mcoveringTiles[2m > [22mmercator[2m > [22mnonzero center elevation[32m 2[2mms[22m[39m
 [32mΓ£ô[39m node_modules/.pnpm/react-map-gl@8.1.0_maplibre_f5b73890850d036840af8db7ab51d30f/node_modules/maplibre-gl/src/geo/projection/covering_tiles.test.ts[2m > [22mcoveringZoomLevel[2m > [22mzoom 0[32m 1[2mms[22m[39m
 [32mΓ£ô[39m node_modules/.pnpm/react-map-gl@8.1.0_maplibre_f5b73890850d036840af8db7ab51d30f/node_modules/maplibre-gl/src/geo/projection/covering_tiles.test.ts[2m > [22mcoveringZoomLevel[2m > [22msmall zoom should be floored to 0[32m 0[2mms[22m[39m
 [32mΓ£ô[39m node_modules/.pnpm/react-map-gl@8.1.0_maplibre_f5b73890850d036840af8db7ab51d30f/node_modules/maplibre-gl/src/geo/projection/covering_tiles.test.ts[2m > [22mcoveringZoomLevel[2m > [22mzoom 2.7 should be floored to 2[32m 0[2mms[22m[39m
 [32mΓ£ô[39m node_modules/.pnpm/react-map-gl@8.1.0_maplibre_f5b73890850d036840af8db7ab51d30f/node_modules/maplibre-gl/src/geo/projection/covering_tiles.test.ts[2m > [22mcoveringZoomLevel[2m > [22mzoom 0 for small tile size[32m 1[2mms[22m[39m
 [32mΓ£ô[39m node_modules/.pnpm/react-map-gl@8.1.0_maplibre_f5b73890850d036840af8db7ab51d30f/node_modules/maplibre-gl/src/geo/projection/covering_tiles.test.ts[2m > [22mcoveringZoomLevel[2m > [22mzoom 0.1 for small tile size[32m 0[2mms[22m[39m
 [32mΓ£ô[39m node_modules/.pnpm/react-map-gl@8.1.0_maplibre_f5b73890850d036840af8db7ab51d30f/node_modules/maplibre-gl/src/geo/projection/covering_tiles.test.ts[2m > [22mcoveringZoomLevel[2m > [22mzoom 1 for small tile size[32m 0[2mms[22m[39m
 [32mΓ£ô[39m node_modules/.pnpm/react-map-gl@8.1.0_maplibre_f5b73890850d036840af8db7ab51d30f/node_modules/maplibre-gl/src/geo/projection/covering_tiles.test.ts[2m > [22mcoveringZoomLevel[2m > [22mzoom 2.4 for small tile size[32m 0[2mms[22m[39m
 [32mΓ£ô[39m node_modules/.pnpm/react-map-gl@8.1.0_maplibre_f5b73890850d036840af8db7ab51d30f/node_modules/maplibre-gl/src/geo/projection/covering_tiles.test.ts[2m > [22mcoveringZoomLevel[2m > [22mzoom 11.5 with rounded setting and small tile size[32m 0[2mms[22m[39m
 [31m├ù[39m node_modules/.pnpm/maplibre-gl@5.15.0/node_modules/maplibre-gl/src/source/geojson_source_diff.test.ts[2m > [22mtoUpdateable[2m > [22mfeature without id is not updateable[32m 17[2mms[22m[39m
[31m   ΓåÆ window is not defined[39m
 [31m├ù[39m node_modules/.pnpm/maplibre-gl@5.15.0/node_modules/maplibre-gl/src/source/geojson_source_diff.test.ts[2m > [22mtoUpdateable[2m > [22mfeature with id is updateable[32m 1[2mms[22m[39m
[31m   ΓåÆ window is not defined[39m
 [31m├ù[39m node_modules/.pnpm/maplibre-gl@5.15.0/node_modules/maplibre-gl/src/source/geojson_source_diff.test.ts[2m > [22mtoUpdateable[2m > [22mpromoteId missing is not updateable[32m 1[2mms[22m[39m
[31m   ΓåÆ window is not defined[39m
 [31m├ù[39m node_modules/.pnpm/maplibre-gl@5.15.0/node_modules/maplibre-gl/src/source/geojson_source_diff.test.ts[2m > [22mtoUpdateable[2m > [22mpromoteId present is updateable[32m 2[2mms[22m[39m
[31m   ΓåÆ window is not defined[39m
 [31m├ù[39m node_modules/.pnpm/maplibre-gl@5.15.0/node_modules/maplibre-gl/src/source/geojson_source_diff.test.ts[2m > [22mtoUpdateable[2m > [22mfeature collection with unique ids is updateable[32m 1[2mms[22m[39m
[31m   ΓåÆ window is not defined[39m
 [31m├ù[39m node_modules/.pnpm/maplibre-gl@5.15.0/node_modules/maplibre-gl/src/source/geojson_source_diff.test.ts[2m > [22mtoUpdateable[2m > [22mfeature collection with unique promoteIds is updateable[32m 1[2mms[22m[39m
[31m   ΓåÆ window is not defined[39m
 [31m├ù[39m node_modules/.pnpm/maplibre-gl@5.15.0/node_modules/maplibre-gl/src/source/geojson_source_diff.test.ts[2m > [22mtoUpdateable[2m > [22mfeature collection without unique ids is not updateable[32m 1[2mms[22m[39m
[31m   ΓåÆ window is not defined[39m
 [31m├ù[39m node_modules/.pnpm/maplibre-gl@5.15.0/node_modules/maplibre-gl/src/source/geojson_source_diff.test.ts[2m > [22mtoUpdateable[2m > [22mfeature collection with duplicate feature ids is not updateable[32m 1[2mms[22m[39m
[31m   ΓåÆ window is not defined[39m
 [31m├ù[39m node_modules/.pnpm/maplibre-gl@5.15.0/node_modules/maplibre-gl/src/source/geojson_source_diff.test.ts[2m > [22mtoUpdateable[2m > [22mgeometries are not updateable[32m 2[2mms[22m[39m
[31m   ΓåÆ window is not defined[39m
 [31m├ù[39m node_modules/.pnpm/maplibre-gl@5.15.0/node_modules/maplibre-gl/src/source/geojson_source_diff.test.ts[2m > [22mtoUpdateable[2m > [22mworks with a single feature - feature id[32m 1[2mms[22m[39m
[31m   ΓåÆ window is not defined[39m
 [31m├ù[39m node_modules/.pnpm/maplibre-gl@5.15.0/node_modules/maplibre-gl/src/source/geojson_source_diff.test.ts[2m > [22mtoUpdateable[2m > [22mworks with a single feature - promoteId[32m 1[2mms[22m[39m
[31m   ΓåÆ window is not defined[39m
 [31m├ù[39m node_modules/.pnpm/maplibre-gl@5.15.0/node_modules/maplibre-gl/src/source/geojson_source_diff.test.ts[2m > [22mtoUpdateable[2m > [22mworks with a FeatureCollection - feature id[32m 1[2mms[22m[39m
[31m   ΓåÆ window is not defined[39m
 [31m├ù[39m node_modules/.pnpm/maplibre-gl@5.15.0/node_modules/maplibre-gl/src/source/geojson_source_diff.test.ts[2m > [22mtoUpdateable[2m > [22mworks with a FeatureCollection - promoteId[32m 0[2mms[22m[39m
[31m   ΓåÆ window is not defined[39m
 [31m├ù[39m node_modules/.pnpm/maplibre-gl@5.15.0/node_modules/maplibre-gl/src/source/geojson_source_diff.test.ts[2m > [22mapplySourceDiff[2m > [22madds a feature using the feature id[32m 0[2mms[22m[39m
[31m   ΓåÆ window is not defined[39m
 [31m├ù[39m node_modules/.pnpm/maplibre-gl@5.15.0/node_modules/maplibre-gl/src/source/geojson_source_diff.test.ts[2m > [22mapplySourceDiff[2m > [22madds a feature using the promoteId[32m 1[2mms[22m[39m
[31m   ΓåÆ window is not defined[39m
 [31m├ù[39m node_modules/.pnpm/maplibre-gl@5.15.0/node_modules/maplibre-gl/src/source/geojson_source_diff.test.ts[2m > [22mapplySourceDiff[2m > [22madds a feature that exist and change its geometry[32m 1[2mms[22m[39m
[31m   ΓåÆ window is not defined[39m
 [31m├ù[39m node_modules/.pnpm/maplibre-gl@5.15.0/node_modules/maplibre-gl/src/source/geojson_source_diff.test.ts[2m > [22mapplySourceDiff[2m > [22mremoves a feature by its id[32m 1[2mms[22m[39m
[31m   ΓåÆ window is not defined[39m
 [31m├ù[39m node_modules/.pnpm/maplibre-gl@5.15.0/node_modules/maplibre-gl/src/source/geojson_source_diff.test.ts[2m > [22mapplySourceDiff[2m > [22mremoves a feature by its id and dont return undefined geometries[32m 1[2mms[22m[39m
[31m   ΓåÆ window is not defined[39m
 [31m├ù[39m node_modules/.pnpm/maplibre-gl@5.15.0/node_modules/maplibre-gl/src/source/geojson_source_diff.test.ts[2m > [22mapplySourceDiff[2m > [22mupdates a feature geometry[32m 0[2mms[22m[39m
[31m   ΓåÆ window is not defined[39m
 [31m├ù[39m node_modules/.pnpm/maplibre-gl@5.15.0/node_modules/maplibre-gl/src/source/geojson_source_diff.test.ts[2m > [22mapplySourceDiff[2m > [22madds properties[32m 0[2mms[22m[39m
[31m   ΓåÆ window is not defined[39m
 [31m├ù[39m node_modules/.pnpm/maplibre-gl@5.15.0/node_modules/maplibre-gl/src/source/geojson_source_diff.test.ts[2m > [22mapplySourceDiff[2m > [22mupdates properties[32m 0[2mms[22m[39m
[31m   ΓåÆ window is not defined[39m
 [31m├ù[39m node_modules/.pnpm/maplibre-gl@5.15.0/node_modules/maplibre-gl/src/source/geojson_source_diff.test.ts[2m > [22mapplySourceDiff[2m > [22mremoves properties[32m 0[2mms[22m[39m
[31m   ΓåÆ window is not defined[39m
 [31m├ù[39m node_modules/.pnpm/maplibre-gl@5.15.0/node_modules/maplibre-gl/src/source/geojson_source_diff.test.ts[2m > [22mapplySourceDiff[2m > [22mremoves all properties[32m 0[2mms[22m[39m
[31m   ΓåÆ window is not defined[39m
 [31m├ù[39m node_modules/.pnpm/maplibre-gl@5.15.0/node_modules/maplibre-gl/src/source/geojson_source_diff.test.ts[2m > [22mapplySourceDiff[2m > [22madds a feature with properties, removes the feature, then adds it back with different geometry and properties[32m 0[2mms[22m[39m
[31m   ΓåÆ window is not defined[39m
 [31m├ù[39m node_modules/.pnpm/maplibre-gl@5.15.0/node_modules/maplibre-gl/src/source/geojson_source_diff.test.ts[2m > [22mmergeSourceDiffs[2m > [22mmerges two diffs with different features ids[32m 0[2mms[22m[39m
[31m   ΓåÆ window is not defined[39m
 [31m├ù[39m node_modules/.pnpm/maplibre-gl@5.15.0/node_modules/maplibre-gl/src/source/geojson_source_diff.test.ts[2m > [22mmergeSourceDiffs[2m > [22mmerges two diffs with equivalent feature ids[32m 0[2mms[22m[39m
[31m   ΓåÆ window is not defined[39m
 [31m├ù[39m node_modules/.pnpm/maplibre-gl@5.15.0/node_modules/maplibre-gl/src/source/geojson_source_diff.test.ts[2m > [22mmergeSourceDiffs[2m > [22mmerges two diffs add then removeAll[32m 2[2mms[22m[39m
[31m   ΓåÆ window is not defined[39m
 [31m├ù[39m node_modules/.pnpm/maplibre-gl@5.15.0/node_modules/maplibre-gl/src/source/geojson_source_diff.test.ts[2m > [22mmergeSourceDiffs[2m > [22mmerges two diffs removeAll then add[32m 1[2mms[22m[39m
[31m   ΓåÆ window is not defined[39m
 [31m├ù[39m node_modules/.pnpm/maplibre-gl@5.15.0/node_modules/maplibre-gl/src/source/geojson_source_diff.test.ts[2m > [22mmergeSourceDiffs[2m > [22mmerges two diffs with removeAll and add in both[32m 0[2mms[22m[39m
[31m   ΓåÆ window is not defined[39m
 [31m├ù[39m node_modules/.pnpm/maplibre-gl@5.15.0/node_modules/maplibre-gl/src/source/geojson_source_diff.test.ts[2m > [22mmergeSourceDiffs[2m > [22mremoveAll in new diff clears explicit remove lists[32m 0[2mms[22m[39m
[31m   ΓåÆ window is not defined[39m
 [31m├ù[39m node_modules/.pnpm/maplibre-gl@5.15.0/node_modules/maplibre-gl/src/source/geojson_source_diff.test.ts[2m > [22mmergeSourceDiffs[2m > [22mremoveAllProperties wipes earlier feature property operations (add/update/remove)[32m 1[2mms[22m[39m
[31m   ΓåÆ window is not defined[39m
 [31m├ù[39m node_modules/.pnpm/maplibre-gl@5.15.0/node_modules/maplibre-gl/src/source/geojson_source_diff.test.ts[2m > [22mmergeSourceDiffs[2m > [22mremove and add same feature using promote id[32m 1[2mms[22m[39m
[31m   ΓåÆ window is not defined[39m
 [31m├ù[39m node_modules/.pnpm/maplibre-gl@5.15.0/node_modules/maplibre-gl/src/source/geojson_source_diff.test.ts[2m > [22mmergeSourceDiffs[2m > [22madd two separate features using promote id[32m 0[2mms[22m[39m
[31m   ΓåÆ window is not defined[39m
 [31m├ù[39m node_modules/.pnpm/maplibre-gl@5.15.0/node_modules/maplibre-gl/src/source/geojson_source_diff.test.ts[2m > [22mmergeSourceDiffs[2m > [22mmerges two diffs update feature then remove[32m 0[2mms[22m[39m
[31m   ΓåÆ window is not defined[39m
 [31m├ù[39m node_modules/.pnpm/maplibre-gl@5.15.0/node_modules/maplibre-gl/src/source/geojson_source_diff.test.ts[2m > [22mmergeSourceDiffs[2m > [22mmerges two diffs update feature properties then remove feature properties - and retains the remove[32m 0[2mms[22m[39m
[31m   ΓåÆ window is not defined[39m
 [31m├ù[39m node_modules/.pnpm/maplibre-gl@5.15.0/node_modules/maplibre-gl/src/source/geojson_source_diff.test.ts[2m > [22mmergeSourceDiffs[2m > [22mmerges two diffs remove feature properties then update feature properties - retains both operations[32m 0[2mms[22m[39m
[31m   ΓåÆ window is not defined[39m
 [31m├ù[39m node_modules/.pnpm/maplibre-gl@5.15.0/node_modules/maplibre-gl/src/source/geojson_source_diff.test.ts[2m > [22mmergeSourceDiffs[2m > [22mmerges two diffs add feature then remove - and retains the remove[32m 1[2mms[22m[39m
[31m   ΓåÆ window is not defined[39m
 [31m├ù[39m node_modules/.pnpm/maplibre-gl@5.15.0/node_modules/maplibre-gl/src/source/geojson_source_diff.test.ts[2m > [22mmergeSourceDiffs[2m > [22mmerges two diffs remove feature then add[32m 1[2mms[22m[39m
[31m   ΓåÆ window is not defined[39m
 [31m├ù[39m node_modules/.pnpm/maplibre-gl@5.15.0/node_modules/maplibre-gl/src/source/geojson_source_diff.test.ts[2m > [22mmergeSourceDiffs[2m > [22mmerges diff with empty[32m 0[2mms[22m[39m
[31m   ΓåÆ window is not defined[39m
 [31m├ù[39m node_modules/.pnpm/maplibre-gl@5.15.0/node_modules/maplibre-gl/src/source/geojson_source_diff.test.ts[2m > [22mmergeSourceDiffs[2m > [22mmerges diff with undefined[32m 0[2mms[22m[39m
[31m   ΓåÆ window is not defined[39m
 [31m├ù[39m node_modules/.pnpm/maplibre-gl@5.15.0/node_modules/maplibre-gl/src/source/geojson_source_diff.test.ts[2m > [22mmergeSourceDiffs[2m > [22mmerges two undefined diffs[32m 1[2mms[22m[39m
[31m   ΓåÆ window is not defined[39m
 [31m├ù[39m node_modules/maplibre-gl/src/source/geojson_source_diff.test.ts[2m > [22mtoUpdateable[2m > [22mfeature without id is not updateable[32m 16[2mms[22m[39m
[31m   ΓåÆ window is not defined[39m
 [31m├ù[39m node_modules/maplibre-gl/src/source/geojson_source_diff.test.ts[2m > [22mtoUpdateable[2m > [22mfeature with id is updateable[32m 1[2mms[22m[39m
[31m   ΓåÆ window is not defined[39m
 [31m├ù[39m node_modules/maplibre-gl/src/source/geojson_source_diff.test.ts[2m > [22mtoUpdateable[2m > [22mpromoteId missing is not updateable[32m 1[2mms[22m[39m
[31m   ΓåÆ window is not defined[39m
 [31m├ù[39m node_modules/maplibre-gl/src/source/geojson_source_diff.test.ts[2m > [22mtoUpdateable[2m > [22mpromoteId present is updateable[32m 1[2mms[22m[39m
[31m   ΓåÆ window is not defined[39m
 [31m├ù[39m node_modules/maplibre-gl/src/source/geojson_source_diff.test.ts[2m > [22mtoUpdateable[2m > [22mfeature collection with unique ids is updateable[32m 1[2mms[22m[39m
[31m   ΓåÆ window is not defined[39m
 [31m├ù[39m node_modules/maplibre-gl/src/source/geojson_source_diff.test.ts[2m > [22mtoUpdateable[2m > [22mfeature collection with unique promoteIds is updateable[32m 1[2mms[22m[39m
[31m   ΓåÆ window is not defined[39m
 [31m├ù[39m node_modules/maplibre-gl/src/source/geojson_source_diff.test.ts[2m > [22mtoUpdateable[2m > [22mfeature collection without unique ids is not updateable[32m 1[2mms[22m[39m
[31m   ΓåÆ window is not defined[39m
 [31m├ù[39m node_modules/maplibre-gl/src/source/geojson_source_diff.test.ts[2m > [22mtoUpdateable[2m > [22mfeature collection with duplicate feature ids is not updateable[32m 1[2mms[22m[39m
[31m   ΓåÆ window is not defined[39m
 [31m├ù[39m node_modules/maplibre-gl/src/source/geojson_source_diff.test.ts[2m > [22mtoUpdateable[2m > [22mgeometries are not updateable[32m 1[2mms[22m[39m
[31m   ΓåÆ window is not defined[39m
 [31m├ù[39m node_modules/maplibre-gl/src/source/geojson_source_diff.test.ts[2m > [22mtoUpdateable[2m > [22mworks with a single feature - feature id[32m 1[2mms[22m[39m
[31m   ΓåÆ window is not defined[39m
 [31m├ù[39m node_modules/maplibre-gl/src/source/geojson_source_diff.test.ts[2m > [22mtoUpdateable[2m > [22mworks with a single feature - promoteId[32m 1[2mms[22m[39m
[31m   ΓåÆ window is not defined[39m
 [31m├ù[39m node_modules/maplibre-gl/src/source/geojson_source_diff.test.ts[2m > [22mtoUpdateable[2m > [22mworks with a FeatureCollection - feature id[32m 1[2mms[22m[39m
[31m   ΓåÆ window is not defined[39m
 [31m├ù[39m node_modules/maplibre-gl/src/source/geojson_source_diff.test.ts[2m > [22mtoUpdateable[2m > [22mworks with a FeatureCollection - promoteId[32m 3[2mms[22m[39m
[31m   ΓåÆ window is not defined[39m
 [31m├ù[39m node_modules/maplibre-gl/src/source/geojson_source_diff.test.ts[2m > [22mapplySourceDiff[2m > [22madds a feature using the feature id[32m 0[2mms[22m[39m
[31m   ΓåÆ window is not defined[39m
 [31m├ù[39m node_modules/maplibre-gl/src/source/geojson_source_diff.test.ts[2m > [22mapplySourceDiff[2m > [22madds a feature using the promoteId[32m 1[2mms[22m[39m
[31m   ΓåÆ window is not defined[39m
 [31m├ù[39m node_modules/maplibre-gl/src/source/geojson_source_diff.test.ts[2m > [22mapplySourceDiff[2m > [22madds a feature that exist and change its geometry[32m 1[2mms[22m[39m
[31m   ΓåÆ window is not defined[39m
 [31m├ù[39m node_modules/maplibre-gl/src/source/geojson_source_diff.test.ts[2m > [22mapplySourceDiff[2m > [22mremoves a feature by its id[32m 1[2mms[22m[39m
[31m   ΓåÆ window is not defined[39m
 [31m├ù[39m node_modules/maplibre-gl/src/source/geojson_source_diff.test.ts[2m > [22mapplySourceDiff[2m > [22mremoves a feature by its id and dont return undefined geometries[32m 1[2mms[22m[39m
[31m   ΓåÆ window is not defined[39m
 [31m├ù[39m node_modules/maplibre-gl/src/source/geojson_source_diff.test.ts[2m > [22mapplySourceDiff[2m > [22mupdates a feature geometry[32m 1[2mms[22m[39m
[31m   ΓåÆ window is not defined[39m
 [31m├ù[39m node_modules/maplibre-gl/src/source/geojson_source_diff.test.ts[2m > [22mapplySourceDiff[2m > [22madds properties[32m 1[2mms[22m[39m
[31m   ΓåÆ window is not defined[39m
 [31m├ù[39m node_modules/maplibre-gl/src/source/geojson_source_diff.test.ts[2m > [22mapplySourceDiff[2m > [22mupdates properties[32m 1[2mms[22m[39m
[31m   ΓåÆ window is not defined[39m
 [31m├ù[39m node_modules/maplibre-gl/src/source/geojson_source_diff.test.ts[2m > [22mapplySourceDiff[2m > [22mremoves properties[32m 1[2mms[22m[39m
[31m   ΓåÆ window is not defined[39m
 [31m├ù[39m node_modules/maplibre-gl/src/source/geojson_source_diff.test.ts[2m > [22mapplySourceDiff[2m > [22mremoves all properties[32m 0[2mms[22m[39m
[31m   ΓåÆ window is not defined[39m
 [31m├ù[39m node_modules/maplibre-gl/src/source/geojson_source_diff.test.ts[2m > [22mapplySourceDiff[2m > [22madds a feature with properties, removes the feature, then adds it back with different geometry and properties[32m 0[2mms[22m[39m
[31m   ΓåÆ window is not defined[39m
 [31m├ù[39m node_modules/maplibre-gl/src/source/geojson_source_diff.test.ts[2m > [22mmergeSourceDiffs[2m > [22mmerges two diffs with different features ids[32m 0[2mms[22m[39m
[31m   ΓåÆ window is not defined[39m
 [31m├ù[39m node_modules/maplibre-gl/src/source/geojson_source_diff.test.ts[2m > [22mmergeSourceDiffs[2m > [22mmerges two diffs with equivalent feature ids[32m 0[2mms[22m[39m
[31m   ΓåÆ window is not defined[39m
 [31m├ù[39m node_modules/maplibre-gl/src/source/geojson_source_diff.test.ts[2m > [22mmergeSourceDiffs[2m > [22mmerges two diffs add then removeAll[32m 1[2mms[22m[39m
[31m   ΓåÆ window is not defined[39m
 [31m├ù[39m node_modules/maplibre-gl/src/source/geojson_source_diff.test.ts[2m > [22mmergeSourceDiffs[2m > [22mmerges two diffs removeAll then add[32m 1[2mms[22m[39m
[31m   ΓåÆ window is not defined[39m
 [31m├ù[39m node_modules/maplibre-gl/src/source/geojson_source_diff.test.ts[2m > [22mmergeSourceDiffs[2m > [22mmerges two diffs with removeAll and add in both[32m 1[2mms[22m[39m
[31m   ΓåÆ window is not defined[39m
 [31m├ù[39m node_modules/maplibre-gl/src/source/geojson_source_diff.test.ts[2m > [22mmergeSourceDiffs[2m > [22mremoveAll in new diff clears explicit remove lists[32m 1[2mms[22m[39m
[31m   ΓåÆ window is not defined[39m
 [31m├ù[39m node_modules/maplibre-gl/src/source/geojson_source_diff.test.ts[2m > [22mmergeSourceDiffs[2m > [22mremoveAllProperties wipes earlier feature property operations (add/update/remove)[32m 1[2mms[22m[39m
[31m   ΓåÆ window is not defined[39m
 [31m├ù[39m node_modules/maplibre-gl/src/source/geojson_source_diff.test.ts[2m > [22mmergeSourceDiffs[2m > [22mremove and add same feature using promote id[32m 0[2mms[22m[39m
[31m   ΓåÆ window is not defined[39m
 [31m├ù[39m node_modules/maplibre-gl/src/source/geojson_source_diff.test.ts[2m > [22mmergeSourceDiffs[2m > [22madd two separate features using promote id[32m 1[2mms[22m[39m
[31m   ΓåÆ window is not defined[39m
 [31m├ù[39m node_modules/maplibre-gl/src/source/geojson_source_diff.test.ts[2m > [22mmergeSourceDiffs[2m > [22mmerges two diffs update feature then remove[32m 1[2mms[22m[39m
[31m   ΓåÆ window is not defined[39m
 [31m├ù[39m node_modules/maplibre-gl/src/source/geojson_source_diff.test.ts[2m > [22mmergeSourceDiffs[2m > [22mmerges two diffs update feature properties then remove feature properties - and retains the remove[32m 1[2mms[22m[39m
[31m   ΓåÆ window is not defined[39m
 [31m├ù[39m node_modules/maplibre-gl/src/source/geojson_source_diff.test.ts[2m > [22mmergeSourceDiffs[2m > [22mmerges two diffs remove feature properties then update feature properties - retains both operations[32m 1[2mms[22m[39m
[31m   ΓåÆ window is not defined[39m
 [31m├ù[39m node_modules/maplibre-gl/src/source/geojson_source_diff.test.ts[2m > [22mmergeSourceDiffs[2m > [22mmerges two diffs add feature then remove - and retains the remove[32m 2[2mms[22m[39m
[31m   ΓåÆ window is not defined[39m
 [31m├ù[39m node_modules/maplibre-gl/src/source/geojson_source_diff.test.ts[2m > [22mmergeSourceDiffs[2m > [22mmerges two diffs remove feature then add[32m 1[2mms[22m[39m
[31m   ΓåÆ window is not defined[39m
 [31m├ù[39m node_modules/maplibre-gl/src/source/geojson_source_diff.test.ts[2m > [22mmergeSourceDiffs[2m > [22mmerges diff with empty[32m 1[2mms[22m[39m
[31m   ΓåÆ window is not defined[39m
 [31m├ù[39m node_modules/maplibre-gl/src/source/geojson_source_diff.test.ts[2m > [22mmergeSourceDiffs[2m > [22mmerges diff with undefined[32m 1[2mms[22m[39m
[31m   ΓåÆ window is not defined[39m
 [31m├ù[39m node_modules/maplibre-gl/src/source/geojson_source_diff.test.ts[2m > [22mmergeSourceDiffs[2m > [22mmerges two undefined diffs[32m 1[2mms[22m[39m
[31m   ΓåÆ window is not defined[39m
 [31m├ù[39m node_modules/.pnpm/@vis.gl+react-maplibre@8.1._02dd8e1c741d0f23c6f18bb60b165618/node_modules/maplibre-gl/src/source/geojson_source_diff.test.ts[2m > [22mtoUpdateable[2m > [22mfeature without id is not updateable[32m 16[2mms[22m[39m
[31m   ΓåÆ window is not defined[39m
 [31m├ù[39m node_modules/.pnpm/@vis.gl+react-maplibre@8.1._02dd8e1c741d0f23c6f18bb60b165618/node_modules/maplibre-gl/src/source/geojson_source_diff.test.ts[2m > [22mtoUpdateable[2m > [22mfeature with id is updateable[32m 1[2mms[22m[39m
[31m   ΓåÆ window is not defined[39m
 [31m├ù[39m node_modules/.pnpm/@vis.gl+react-maplibre@8.1._02dd8e1c741d0f23c6f18bb60b165618/node_modules/maplibre-gl/src/source/geojson_source_diff.test.ts[2m > [22mtoUpdateable[2m > [22mpromoteId missing is not updateable[32m 1[2mms[22m[39m
[31m   ΓåÆ window is not defined[39m
 [31m├ù[39m node_modules/.pnpm/@vis.gl+react-maplibre@8.1._02dd8e1c741d0f23c6f18bb60b165618/node_modules/maplibre-gl/src/source/geojson_source_diff.test.ts[2m > [22mtoUpdateable[2m > [22mpromoteId present is updateable[32m 1[2mms[22m[39m
[31m   ΓåÆ window is not defined[39m
 [31m├ù[39m node_modules/.pnpm/@vis.gl+react-maplibre@8.1._02dd8e1c741d0f23c6f18bb60b165618/node_modules/maplibre-gl/src/source/geojson_source_diff.test.ts[2m > [22mtoUpdateable[2m > [22mfeature collection with unique ids is updateable[32m 1[2mms[22m[39m
[31m   ΓåÆ window is not defined[39m
 [31m├ù[39m node_modules/.pnpm/@vis.gl+react-maplibre@8.1._02dd8e1c741d0f23c6f18bb60b165618/node_modules/maplibre-gl/src/source/geojson_source_diff.test.ts[2m > [22mtoUpdateable[2m > [22mfeature collection with unique promoteIds is updateable[32m 1[2mms[22m[39m
[31m   ΓåÆ window is not defined[39m
 [31m├ù[39m node_modules/.pnpm/@vis.gl+react-maplibre@8.1._02dd8e1c741d0f23c6f18bb60b165618/node_modules/maplibre-gl/src/source/geojson_source_diff.test.ts[2m > [22mtoUpdateable[2m > [22mfeature collection without unique ids is not updateable[32m 1[2mms[22m[39m
[31m   ΓåÆ window is not defined[39m
 [31m├ù[39m node_modules/.pnpm/@vis.gl+react-maplibre@8.1._02dd8e1c741d0f23c6f18bb60b165618/node_modules/maplibre-gl/src/source/geojson_source_diff.test.ts[2m > [22mtoUpdateable[2m > [22mfeature collection with duplicate feature ids is not updateable[32m 1[2mms[22m[39m
[31m   ΓåÆ window is not defined[39m
 [31m├ù[39m node_modules/.pnpm/@vis.gl+react-maplibre@8.1._02dd8e1c741d0f23c6f18bb60b165618/node_modules/maplibre-gl/src/source/geojson_source_diff.test.ts[2m > [22mtoUpdateable[2m > [22mgeometries are not updateable[32m 1[2mms[22m[39m
[31m   ΓåÆ window is not defined[39m
 [31m├ù[39m node_modules/.pnpm/@vis.gl+react-maplibre@8.1._02dd8e1c741d0f23c6f18bb60b165618/node_modules/maplibre-gl/src/source/geojson_source_diff.test.ts[2m > [22mtoUpdateable[2m > [22mworks with a single feature - feature id[32m 3[2mms[22m[39m
[31m   ΓåÆ window is not defined[39m
 [31m├ù[39m node_modules/.pnpm/@vis.gl+react-maplibre@8.1._02dd8e1c741d0f23c6f18bb60b165618/node_modules/maplibre-gl/src/source/geojson_source_diff.test.ts[2m > [22mtoUpdateable[2m > [22mworks with a single feature - promoteId[32m 1[2mms[22m[39m
[31m   ΓåÆ window is not defined[39m
 [31m├ù[39m node_modules/.pnpm/@vis.gl+react-maplibre@8.1._02dd8e1c741d0f23c6f18bb60b165618/node_modules/maplibre-gl/src/source/geojson_source_diff.test.ts[2m > [22mtoUpdateable[2m > [22mworks with a FeatureCollection - feature id[32m 1[2mms[22m[39m
[31m   ΓåÆ window is not defined[39m
 [31m├ù[39m node_modules/.pnpm/@vis.gl+react-maplibre@8.1._02dd8e1c741d0f23c6f18bb60b165618/node_modules/maplibre-gl/src/source/geojson_source_diff.test.ts[2m > [22mtoUpdateable[2m > [22mworks with a FeatureCollection - promoteId[32m 1[2mms[22m[39m
[31m   ΓåÆ window is not defined[39m
 [31m├ù[39m node_modules/.pnpm/@vis.gl+react-maplibre@8.1._02dd8e1c741d0f23c6f18bb60b165618/node_modules/maplibre-gl/src/source/geojson_source_diff.test.ts[2m > [22mapplySourceDiff[2m > [22madds a feature using the feature id[32m 1[2mms[22m[39m
[31m   ΓåÆ window is not defined[39m
 [31m├ù[39m node_modules/.pnpm/@vis.gl+react-maplibre@8.1._02dd8e1c741d0f23c6f18bb60b165618/node_modules/maplibre-gl/src/source/geojson_source_diff.test.ts[2m > [22mapplySourceDiff[2m > [22madds a feature using the promoteId[32m 1[2mms[22m[39m
[31m   ΓåÆ window is not defined[39m
 [31m├ù[39m node_modules/.pnpm/@vis.gl+react-maplibre@8.1._02dd8e1c741d0f23c6f18bb60b165618/node_modules/maplibre-gl/src/source/geojson_source_diff.test.ts[2m > [22mapplySourceDiff[2m > [22madds a feature that exist and change its geometry[32m 1[2mms[22m[39m
[31m   ΓåÆ window is not defined[39m
 [31m├ù[39m node_modules/.pnpm/@vis.gl+react-maplibre@8.1._02dd8e1c741d0f23c6f18bb60b165618/node_modules/maplibre-gl/src/source/geojson_source_diff.test.ts[2m > [22mapplySourceDiff[2m > [22mremoves a feature by its id[32m 1[2mms[22m[39m
[31m   ΓåÆ window is not defined[39m
 [31m├ù[39m node_modules/.pnpm/@vis.gl+react-maplibre@8.1._02dd8e1c741d0f23c6f18bb60b165618/node_modules/maplibre-gl/src/source/geojson_source_diff.test.ts[2m > [22mapplySourceDiff[2m > [22mremoves a feature by its id and dont return undefined geometries[32m 1[2mms[22m[39m
[31m   ΓåÆ window is not defined[39m
 [31m├ù[39m node_modules/.pnpm/@vis.gl+react-maplibre@8.1._02dd8e1c741d0f23c6f18bb60b165618/node_modules/maplibre-gl/src/source/geojson_source_diff.test.ts[2m > [22mapplySourceDiff[2m > [22mupdates a feature geometry[32m 1[2mms[22m[39m
[31m   ΓåÆ window is not defined[39m
 [31m├ù[39m node_modules/.pnpm/@vis.gl+react-maplibre@8.1._02dd8e1c741d0f23c6f18bb60b165618/node_modules/maplibre-gl/src/source/geojson_source_diff.test.ts[2m > [22mapplySourceDiff[2m > [22madds properties[32m 1[2mms[22m[39m
[31m   ΓåÆ window is not defined[39m
 [31m├ù[39m node_modules/.pnpm/@vis.gl+react-maplibre@8.1._02dd8e1c741d0f23c6f18bb60b165618/node_modules/maplibre-gl/src/source/geojson_source_diff.test.ts[2m > [22mapplySourceDiff[2m > [22mupdates properties[32m 1[2mms[22m[39m
[31m   ΓåÆ window is not defined[39m
 [31m├ù[39m node_modules/.pnpm/@vis.gl+react-maplibre@8.1._02dd8e1c741d0f23c6f18bb60b165618/node_modules/maplibre-gl/src/source/geojson_source_diff.test.ts[2m > [22mapplySourceDiff[2m > [22mremoves properties[32m 1[2mms[22m[39m
[31m   ΓåÆ window is not defined[39m
 [31m├ù[39m node_modules/.pnpm/@vis.gl+react-maplibre@8.1._02dd8e1c741d0f23c6f18bb60b165618/node_modules/maplibre-gl/src/source/geojson_source_diff.test.ts[2m > [22mapplySourceDiff[2m > [22mremoves all properties[32m 1[2mms[22m[39m
[31m   ΓåÆ window is not defined[39m
 [31m├ù[39m node_modules/.pnpm/@vis.gl+react-maplibre@8.1._02dd8e1c741d0f23c6f18bb60b165618/node_modules/maplibre-gl/src/source/geojson_source_diff.test.ts[2m > [22mapplySourceDiff[2m > [22madds a feature with properties, removes the feature, then adds it back with different geometry and properties[32m 1[2mms[22m[39m
[31m   ΓåÆ window is not defined[39m
 [31m├ù[39m node_modules/.pnpm/@vis.gl+react-maplibre@8.1._02dd8e1c741d0f23c6f18bb60b165618/node_modules/maplibre-gl/src/source/geojson_source_diff.test.ts[2m > [22mmergeSourceDiffs[2m > [22mmerges two diffs with different features ids[32m 1[2mms[22m[39m
[31m   ΓåÆ window is not defined[39m
 [31m├ù[39m node_modules/.pnpm/@vis.gl+react-maplibre@8.1._02dd8e1c741d0f23c6f18bb60b165618/node_modules/maplibre-gl/src/source/geojson_source_diff.test.ts[2m > [22mmergeSourceDiffs[2m > [22mmerges two diffs with equivalent feature ids[32m 1[2mms[22m[39m
[31m   ΓåÆ window is not defined[39m
 [31m├ù[39m node_modules/.pnpm/@vis.gl+react-maplibre@8.1._02dd8e1c741d0f23c6f18bb60b165618/node_modules/maplibre-gl/src/source/geojson_source_diff.test.ts[2m > [22mmergeSourceDiffs[2m > [22mmerges two diffs add then removeAll[32m 1[2mms[22m[39m
[31m   ΓåÆ window is not defined[39m
 [31m├ù[39m node_modules/.pnpm/@vis.gl+react-maplibre@8.1._02dd8e1c741d0f23c6f18bb60b165618/node_modules/maplibre-gl/src/source/geojson_source_diff.test.ts[2m > [22mmergeSourceDiffs[2m > [22mmerges two diffs removeAll then add[32m 1[2mms[22m[39m
[31m   ΓåÆ window is not defined[39m
 [31m├ù[39m node_modules/.pnpm/@vis.gl+react-maplibre@8.1._02dd8e1c741d0f23c6f18bb60b165618/node_modules/maplibre-gl/src/source/geojson_source_diff.test.ts[2m > [22mmergeSourceDiffs[2m > [22mmerges two diffs with removeAll and add in both[32m 1[2mms[22m[39m
[31m   ΓåÆ window is not defined[39m
 [31m├ù[39m node_modules/.pnpm/@vis.gl+react-maplibre@8.1._02dd8e1c741d0f23c6f18bb60b165618/node_modules/maplibre-gl/src/source/geojson_source_diff.test.ts[2m > [22mmergeSourceDiffs[2m > [22mremoveAll in new diff clears explicit remove lists[32m 1[2mms[22m[39m
[31m   ΓåÆ window is not defined[39m
 [31m├ù[39m node_modules/.pnpm/@vis.gl+react-maplibre@8.1._02dd8e1c741d0f23c6f18bb60b165618/node_modules/maplibre-gl/src/source/geojson_source_diff.test.ts[2m > [22mmergeSourceDiffs[2m > [22mremoveAllProperties wipes earlier feature property operations (add/update/remove)[32m 3[2mms[22m[39m
[31m   ΓåÆ window is not defined[39m
 [31m├ù[39m node_modules/.pnpm/@vis.gl+react-maplibre@8.1._02dd8e1c741d0f23c6f18bb60b165618/node_modules/maplibre-gl/src/source/geojson_source_diff.test.ts[2m > [22mmergeSourceDiffs[2m > [22mremove and add same feature using promote id[32m 1[2mms[22m[39m
[31m   ΓåÆ window is not defined[39m
 [31m├ù[39m node_modules/.pnpm/@vis.gl+react-maplibre@8.1._02dd8e1c741d0f23c6f18bb60b165618/node_modules/maplibre-gl/src/source/geojson_source_diff.test.ts[2m > [22mmergeSourceDiffs[2m > [22madd two separate features using promote id[32m 1[2mms[22m[39m
[31m   ΓåÆ window is not defined[39m
 [31m├ù[39m node_modules/.pnpm/@vis.gl+react-maplibre@8.1._02dd8e1c741d0f23c6f18bb60b165618/node_modules/maplibre-gl/src/source/geojson_source_diff.test.ts[2m > [22mmergeSourceDiffs[2m > [22mmerges two diffs update feature then remove[32m 1[2mms[22m[39m
[31m   ΓåÆ window is not defined[39m
 [31m├ù[39m node_modules/.pnpm/@vis.gl+react-maplibre@8.1._02dd8e1c741d0f23c6f18bb60b165618/node_modules/maplibre-gl/src/source/geojson_source_diff.test.ts[2m > [22mmergeSourceDiffs[2m > [22mmerges two diffs update feature properties then remove feature properties - and retains the remove[32m 1[2mms[22m[39m
[31m   ΓåÆ window is not defined[39m
 [31m├ù[39m node_modules/.pnpm/@vis.gl+react-maplibre@8.1._02dd8e1c741d0f23c6f18bb60b165618/node_modules/maplibre-gl/src/source/geojson_source_diff.test.ts[2m > [22mmergeSourceDiffs[2m > [22mmerges two diffs remove feature properties then update feature properties - retains both operations[32m 1[2mms[22m[39m
[31m   ΓåÆ window is not defined[39m
 [31m├ù[39m node_modules/.pnpm/@vis.gl+react-maplibre@8.1._02dd8e1c741d0f23c6f18bb60b165618/node_modules/maplibre-gl/src/source/geojson_source_diff.test.ts[2m > [22mmergeSourceDiffs[2m > [22mmerges two diffs add feature then remove - and retains the remove[32m 1[2mms[22m[39m
[31m   ΓåÆ window is not defined[39m
 [31m├ù[39m node_modules/.pnpm/@vis.gl+react-maplibre@8.1._02dd8e1c741d0f23c6f18bb60b165618/node_modules/maplibre-gl/src/source/geojson_source_diff.test.ts[2m > [22mmergeSourceDiffs[2m > [22mmerges two diffs remove feature then add[32m 1[2mms[22m[39m
[31m   ΓåÆ window is not defined[39m
 [31m├ù[39m node_modules/.pnpm/@vis.gl+react-maplibre@8.1._02dd8e1c741d0f23c6f18bb60b165618/node_modules/maplibre-gl/src/source/geojson_source_diff.test.ts[2m > [22mmergeSourceDiffs[2m > [22mmerges diff with empty[32m 1[2mms[22m[39m
[31m   ΓåÆ window is not defined[39m
 [31m├ù[39m node_modules/.pnpm/@vis.gl+react-maplibre@8.1._02dd8e1c741d0f23c6f18bb60b165618/node_modules/maplibre-gl/src/source/geojson_source_diff.test.ts[2m > [22mmergeSourceDiffs[2m > [22mmerges diff with undefined[32m 1[2mms[22m[39m
[31m   ΓåÆ window is not defined[39m
 [31m├ù[39m node_modules/.pnpm/@vis.gl+react-maplibre@8.1._02dd8e1c741d0f23c6f18bb60b165618/node_modules/maplibre-gl/src/source/geojson_source_diff.test.ts[2m > [22mmergeSourceDiffs[2m > [22mmerges two undefined diffs[32m 1[2mms[22m[39m
[31m   ΓåÆ window is not defined[39m
 [31m├ù[39m node_modules/.pnpm/react-map-gl@8.1.0_maplibre_f5b73890850d036840af8db7ab51d30f/node_modules/maplibre-gl/src/source/geojson_source_diff.test.ts[2m > [22mtoUpdateable[2m > [22mfeature without id is not updateable[32m 16[2mms[22m[39m
[31m   ΓåÆ window is not defined[39m
 [31m├ù[39m node_modules/.pnpm/react-map-gl@8.1.0_maplibre_f5b73890850d036840af8db7ab51d30f/node_modules/maplibre-gl/src/source/geojson_source_diff.test.ts[2m > [22mtoUpdateable[2m > [22mfeature with id is updateable[32m 1[2mms[22m[39m
[31m   ΓåÆ window is not defined[39m
 [31m├ù[39m node_modules/.pnpm/react-map-gl@8.1.0_maplibre_f5b73890850d036840af8db7ab51d30f/node_modules/maplibre-gl/src/source/geojson_source_diff.test.ts[2m > [22mtoUpdateable[2m > [22mpromoteId missing is not updateable[32m 1[2mms[22m[39m
[31m   ΓåÆ window is not defined[39m
 [31m├ù[39m node_modules/.pnpm/react-map-gl@8.1.0_maplibre_f5b73890850d036840af8db7ab51d30f/node_modules/maplibre-gl/src/source/geojson_source_diff.test.ts[2m > [22mtoUpdateable[2m > [22mpromoteId present is updateable[32m 1[2mms[22m[39m
[31m   ΓåÆ window is not defined[39m
 [31m├ù[39m node_modules/.pnpm/react-map-gl@8.1.0_maplibre_f5b73890850d036840af8db7ab51d30f/node_modules/maplibre-gl/src/source/geojson_source_diff.test.ts[2m > [22mtoUpdateable[2m > [22mfeature collection with unique ids is updateable[32m 1[2mms[22m[39m
[31m   ΓåÆ window is not defined[39m
 [31m├ù[39m node_modules/.pnpm/react-map-gl@8.1.0_maplibre_f5b73890850d036840af8db7ab51d30f/node_modules/maplibre-gl/src/source/geojson_source_diff.test.ts[2m > [22mtoUpdateable[2m > [22mfeature collection with unique promoteIds is updateable[32m 1[2mms[22m[39m
[31m   ΓåÆ window is not defined[39m
 [31m├ù[39m node_modules/.pnpm/react-map-gl@8.1.0_maplibre_f5b73890850d036840af8db7ab51d30f/node_modules/maplibre-gl/src/source/geojson_source_diff.test.ts[2m > [22mtoUpdateable[2m > [22mfeature collection without unique ids is not updateable[32m 1[2mms[22m[39m
[31m   ΓåÆ window is not defined[39m
 [31m├ù[39m node_modules/.pnpm/react-map-gl@8.1.0_maplibre_f5b73890850d036840af8db7ab51d30f/node_modules/maplibre-gl/src/source/geojson_source_diff.test.ts[2m > [22mtoUpdateable[2m > [22mfeature collection with duplicate feature ids is not updateable[32m 1[2mms[22m[39m
[31m   ΓåÆ window is not defined[39m
 [31m├ù[39m node_modules/.pnpm/react-map-gl@8.1.0_maplibre_f5b73890850d036840af8db7ab51d30f/node_modules/maplibre-gl/src/source/geojson_source_diff.test.ts[2m > [22mtoUpdateable[2m > [22mgeometries are not updateable[32m 2[2mms[22m[39m
[31m   ΓåÆ window is not defined[39m
 [31m├ù[39m node_modules/.pnpm/react-map-gl@8.1.0_maplibre_f5b73890850d036840af8db7ab51d30f/node_modules/maplibre-gl/src/source/geojson_source_diff.test.ts[2m > [22mtoUpdateable[2m > [22mworks with a single feature - feature id[32m 1[2mms[22m[39m
[31m   ΓåÆ window is not defined[39m
 [31m├ù[39m node_modules/.pnpm/react-map-gl@8.1.0_maplibre_f5b73890850d036840af8db7ab51d30f/node_modules/maplibre-gl/src/source/geojson_source_diff.test.ts[2m > [22mtoUpdateable[2m > [22mworks with a single feature - promoteId[32m 1[2mms[22m[39m
[31m   ΓåÆ window is not defined[39m
 [31m├ù[39m node_modules/.pnpm/react-map-gl@8.1.0_maplibre_f5b73890850d036840af8db7ab51d30f/node_modules/maplibre-gl/src/source/geojson_source_diff.test.ts[2m > [22mtoUpdateable[2m > [22mworks with a FeatureCollection - feature id[32m 1[2mms[22m[39m
[31m   ΓåÆ window is not defined[39m
 [31m├ù[39m node_modules/.pnpm/react-map-gl@8.1.0_maplibre_f5b73890850d036840af8db7ab51d30f/node_modules/maplibre-gl/src/source/geojson_source_diff.test.ts[2m > [22mtoUpdateable[2m > [22mworks with a FeatureCollection - promoteId[32m 0[2mms[22m[39m
[31m   ΓåÆ window is not defined[39m
 [31m├ù[39m node_modules/.pnpm/react-map-gl@8.1.0_maplibre_f5b73890850d036840af8db7ab51d30f/node_modules/maplibre-gl/src/source/geojson_source_diff.test.ts[2m > [22mapplySourceDiff[2m > [22madds a feature using the feature id[32m 1[2mms[22m[39m
[31m   ΓåÆ window is not defined[39m
 [31m├ù[39m node_modules/.pnpm/react-map-gl@8.1.0_maplibre_f5b73890850d036840af8db7ab51d30f/node_modules/maplibre-gl/src/source/geojson_source_diff.test.ts[2m > [22mapplySourceDiff[2m > [22madds a feature using the promoteId[32m 1[2mms[22m[39m
[31m   ΓåÆ window is not defined[39m
 [31m├ù[39m node_modules/.pnpm/react-map-gl@8.1.0_maplibre_f5b73890850d036840af8db7ab51d30f/node_modules/maplibre-gl/src/source/geojson_source_diff.test.ts[2m > [22mapplySourceDiff[2m > [22madds a feature that exist and change its geometry[32m 1[2mms[22m[39m
[31m   ΓåÆ window is not defined[39m
 [31m├ù[39m node_modules/.pnpm/react-map-gl@8.1.0_maplibre_f5b73890850d036840af8db7ab51d30f/node_modules/maplibre-gl/src/source/geojson_source_diff.test.ts[2m > [22mapplySourceDiff[2m > [22mremoves a feature by its id[32m 1[2mms[22m[39m
[31m   ΓåÆ window is not defined[39m
 [31m├ù[39m node_modules/.pnpm/react-map-gl@8.1.0_maplibre_f5b73890850d036840af8db7ab51d30f/node_modules/maplibre-gl/src/source/geojson_source_diff.test.ts[2m > [22mapplySourceDiff[2m > [22mremoves a feature by its id and dont return undefined geometries[32m 1[2mms[22m[39m
[31m   ΓåÆ window is not defined[39m
 [31m├ù[39m node_modules/.pnpm/react-map-gl@8.1.0_maplibre_f5b73890850d036840af8db7ab51d30f/node_modules/maplibre-gl/src/source/geojson_source_diff.test.ts[2m > [22mapplySourceDiff[2m > [22mupdates a feature geometry[32m 1[2mms[22m[39m
[31m   ΓåÆ window is not defined[39m
 [31m├ù[39m node_modules/.pnpm/react-map-gl@8.1.0_maplibre_f5b73890850d036840af8db7ab51d30f/node_modules/maplibre-gl/src/source/geojson_source_diff.test.ts[2m > [22mapplySourceDiff[2m > [22madds properties[32m 1[2mms[22m[39m
[31m   ΓåÆ window is not defined[39m
 [31m├ù[39m node_modules/.pnpm/react-map-gl@8.1.0_maplibre_f5b73890850d036840af8db7ab51d30f/node_modules/maplibre-gl/src/source/geojson_source_diff.test.ts[2m > [22mapplySourceDiff[2m > [22mupdates properties[32m 1[2mms[22m[39m
[31m   ΓåÆ window is not defined[39m
 [31m├ù[39m node_modules/.pnpm/react-map-gl@8.1.0_maplibre_f5b73890850d036840af8db7ab51d30f/node_modules/maplibre-gl/src/source/geojson_source_diff.test.ts[2m > [22mapplySourceDiff[2m > [22mremoves properties[32m 1[2mms[22m[39m
[31m   ΓåÆ window is not defined[39m
 [31m├ù[39m node_modules/.pnpm/react-map-gl@8.1.0_maplibre_f5b73890850d036840af8db7ab51d30f/node_modules/maplibre-gl/src/source/geojson_source_diff.test.ts[2m > [22mapplySourceDiff[2m > [22mremoves all properties[32m 1[2mms[22m[39m
[31m   ΓåÆ window is not defined[39m
 [31m├ù[39m node_modules/.pnpm/react-map-gl@8.1.0_maplibre_f5b73890850d036840af8db7ab51d30f/node_modules/maplibre-gl/src/source/geojson_source_diff.test.ts[2m > [22mapplySourceDiff[2m > [22madds a feature with properties, removes the feature, then adds it back with different geometry and properties[32m 1[2mms[22m[39m
[31m   ΓåÆ window is not defined[39m
 [31m├ù[39m node_modules/.pnpm/react-map-gl@8.1.0_maplibre_f5b73890850d036840af8db7ab51d30f/node_modules/maplibre-gl/src/source/geojson_source_diff.test.ts[2m > [22mmergeSourceDiffs[2m > [22mmerges two diffs with different features ids[32m 0[2mms[22m[39m
[31m   ΓåÆ window is not defined[39m
 [31m├ù[39m node_modules/.pnpm/react-map-gl@8.1.0_maplibre_f5b73890850d036840af8db7ab51d30f/node_modules/maplibre-gl/src/source/geojson_source_diff.test.ts[2m > [22mmergeSourceDiffs[2m > [22mmerges two diffs with equivalent feature ids[32m 1[2mms[22m[39m
[31m   ΓåÆ window is not defined[39m
 [31m├ù[39m node_modules/.pnpm/react-map-gl@8.1.0_maplibre_f5b73890850d036840af8db7ab51d30f/node_modules/maplibre-gl/src/source/geojson_source_diff.test.ts[2m > [22mmergeSourceDiffs[2m > [22mmerges two diffs add then removeAll[32m 1[2mms[22m[39m
[31m   ΓåÆ window is not defined[39m
 [31m├ù[39m node_modules/.pnpm/react-map-gl@8.1.0_maplibre_f5b73890850d036840af8db7ab51d30f/node_modules/maplibre-gl/src/source/geojson_source_diff.test.ts[2m > [22mmergeSourceDiffs[2m > [22mmerges two diffs removeAll then add[32m 2[2mms[22m[39m
[31m   ΓåÆ window is not defined[39m
 [31m├ù[39m node_modules/.pnpm/react-map-gl@8.1.0_maplibre_f5b73890850d036840af8db7ab51d30f/node_modules/maplibre-gl/src/source/geojson_source_diff.test.ts[2m > [22mmergeSourceDiffs[2m > [22mmerges two diffs with removeAll and add in both[32m 1[2mms[22m[39m
[31m   ΓåÆ window is not defined[39m
 [31m├ù[39m node_modules/.pnpm/react-map-gl@8.1.0_maplibre_f5b73890850d036840af8db7ab51d30f/node_modules/maplibre-gl/src/source/geojson_source_diff.test.ts[2m > [22mmergeSourceDiffs[2m > [22mremoveAll in new diff clears explicit remove lists[32m 1[2mms[22m[39m
[31m   ΓåÆ window is not defined[39m
 [31m├ù[39m node_modules/.pnpm/react-map-gl@8.1.0_maplibre_f5b73890850d036840af8db7ab51d30f/node_modules/maplibre-gl/src/source/geojson_source_diff.test.ts[2m > [22mmergeSourceDiffs[2m > [22mremoveAllProperties wipes earlier feature property operations (add/update/remove)[32m 1[2mms[22m[39m
[31m   ΓåÆ window is not defined[39m
 [31m├ù[39m node_modules/.pnpm/react-map-gl@8.1.0_maplibre_f5b73890850d036840af8db7ab51d30f/node_modules/maplibre-gl/src/source/geojson_source_diff.test.ts[2m > [22mmergeSourceDiffs[2m > [22mremove and add same feature using promote id[32m 1[2mms[22m[39m
[31m   ΓåÆ window is not defined[39m
 [31m├ù[39m node_modules/.pnpm/react-map-gl@8.1.0_maplibre_f5b73890850d036840af8db7ab51d30f/node_modules/maplibre-gl/src/source/geojson_source_diff.test.ts[2m > [22mmergeSourceDiffs[2m > [22madd two separate features using promote id[32m 1[2mms[22m[39m
[31m   ΓåÆ window is not defined[39m
 [31m├ù[39m node_modules/.pnpm/react-map-gl@8.1.0_maplibre_f5b73890850d036840af8db7ab51d30f/node_modules/maplibre-gl/src/source/geojson_source_diff.test.ts[2m > [22mmergeSourceDiffs[2m > [22mmerges two diffs update feature then remove[32m 1[2mms[22m[39m
[31m   ΓåÆ window is not defined[39m
 [31m├ù[39m node_modules/.pnpm/react-map-gl@8.1.0_maplibre_f5b73890850d036840af8db7ab51d30f/node_modules/maplibre-gl/src/source/geojson_source_diff.test.ts[2m > [22mmergeSourceDiffs[2m > [22mmerges two diffs update feature properties then remove feature properties - and retains the remove[32m 1[2mms[22m[39m
[31m   ΓåÆ window is not defined[39m
 [31m├ù[39m node_modules/.pnpm/react-map-gl@8.1.0_maplibre_f5b73890850d036840af8db7ab51d30f/node_modules/maplibre-gl/src/source/geojson_source_diff.test.ts[2m > [22mmergeSourceDiffs[2m > [22mmerges two diffs remove feature properties then update feature properties - retains both operations[32m 1[2mms[22m[39m
[31m   ΓåÆ window is not defined[39m
 [31m├ù[39m node_modules/.pnpm/react-map-gl@8.1.0_maplibre_f5b73890850d036840af8db7ab51d30f/node_modules/maplibre-gl/src/source/geojson_source_diff.test.ts[2m > [22mmergeSourceDiffs[2m > [22mmerges two diffs add feature then remove - and retains the remove[32m 1[2mms[22m[39m
[31m   ΓåÆ window is not defined[39m
 [31m├ù[39m node_modules/.pnpm/react-map-gl@8.1.0_maplibre_f5b73890850d036840af8db7ab51d30f/node_modules/maplibre-gl/src/source/geojson_source_diff.test.ts[2m > [22mmergeSourceDiffs[2m > [22mmerges two diffs remove feature then add[32m 0[2mms[22m[39m
[31m   ΓåÆ window is not defined[39m
 [31m├ù[39m node_modules/.pnpm/react-map-gl@8.1.0_maplibre_f5b73890850d036840af8db7ab51d30f/node_modules/maplibre-gl/src/source/geojson_source_diff.test.ts[2m > [22mmergeSourceDiffs[2m > [22mmerges diff with empty[32m 1[2mms[22m[39m
[31m   ΓåÆ window is not defined[39m
 [31m├ù[39m node_modules/.pnpm/react-map-gl@8.1.0_maplibre_f5b73890850d036840af8db7ab51d30f/node_modules/maplibre-gl/src/source/geojson_source_diff.test.ts[2m > [22mmergeSourceDiffs[2m > [22mmerges diff with undefined[32m 1[2mms[22m[39m
[31m   ΓåÆ window is not defined[39m
 [31m├ù[39m node_modules/.pnpm/react-map-gl@8.1.0_maplibre_f5b73890850d036840af8db7ab51d30f/node_modules/maplibre-gl/src/source/geojson_source_diff.test.ts[2m > [22mmergeSourceDiffs[2m > [22mmerges two undefined diffs[32m 1[2mms[22m[39m
[31m   ΓåÆ window is not defined[39m
 [32mΓ£ô[39m node_modules/.pnpm/@maplibre+maplibre-gl-style-spec@24.4.1/node_modules/@maplibre/maplibre-gl-style-spec/src/diff.test.ts[2m > [22mdiff[2m > [22mlayers id equal[32m 6[2mms[22m[39m
 [32mΓ£ô[39m node_modules/.pnpm/@maplibre+maplibre-gl-style-spec@24.4.1/node_modules/@maplibre/maplibre-gl-style-spec/src/diff.test.ts[2m > [22mdiff[2m > [22mversion not equal[32m 3[2mms[22m[39m
 [32mΓ£ô[39m node_modules/.pnpm/@maplibre+maplibre-gl-style-spec@24.4.1/node_modules/@maplibre/maplibre-gl-style-spec/src/diff.test.ts[2m > [22mdiff[2m > [22madd layer at the end[32m 1[2mms[22m[39m
 [32mΓ£ô[39m node_modules/.pnpm/@maplibre+maplibre-gl-style-spec@24.4.1/node_modules/@maplibre/maplibre-gl-style-spec/src/diff.test.ts[2m > [22mdiff[2m > [22madd layer at the beginning[32m 1[2mms[22m[39m
 [32mΓ£ô[39m node_modules/.pnpm/@maplibre+maplibre-gl-style-spec@24.4.1/node_modules/@maplibre/maplibre-gl-style-spec/src/diff.test.ts[2m > [22mdiff[2m > [22mremove layer[32m 1[2mms[22m[39m
 [32mΓ£ô[39m node_modules/.pnpm/@maplibre+maplibre-gl-style-spec@24.4.1/node_modules/@maplibre/maplibre-gl-style-spec/src/diff.test.ts[2m > [22mdiff[2m > [22mremove and add layer[32m 1[2mms[22m[39m
 [32mΓ£ô[39m node_modules/.pnpm/@maplibre+maplibre-gl-style-spec@24.4.1/node_modules/@maplibre/maplibre-gl-style-spec/src/diff.test.ts[2m > [22mdiff[2m > [22mset paint property[32m 1[2mms[22m[39m
 [32mΓ£ô[39m node_modules/.pnpm/@maplibre+maplibre-gl-style-spec@24.4.1/node_modules/@maplibre/maplibre-gl-style-spec/src/diff.test.ts[2m > [22mdiff[2m > [22mset paint property with light[32m 6[2mms[22m[39m
 [32mΓ£ô[39m node_modules/.pnpm/@maplibre+maplibre-gl-style-spec@24.4.1/node_modules/@maplibre/maplibre-gl-style-spec/src/diff.test.ts[2m > [22mdiff[2m > [22mset paint property with ramp[32m 1[2mms[22m[39m
 [32mΓ£ô[39m node_modules/.pnpm/@maplibre+maplibre-gl-style-spec@24.4.1/node_modules/@maplibre/maplibre-gl-style-spec/src/diff.test.ts[2m > [22mdiff[2m > [22mset layout property[32m 1[2mms[22m[39m
 [32mΓ£ô[39m node_modules/.pnpm/@maplibre+maplibre-gl-style-spec@24.4.1/node_modules/@maplibre/maplibre-gl-style-spec/src/diff.test.ts[2m > [22mdiff[2m > [22mset filter[32m 2[2mms[22m[39m
 [32mΓ£ô[39m node_modules/.pnpm/@maplibre+maplibre-gl-style-spec@24.4.1/node_modules/@maplibre/maplibre-gl-style-spec/src/diff.test.ts[2m > [22mdiff[2m > [22mremove source[32m 1[2mms[22m[39m
 [32mΓ£ô[39m node_modules/.pnpm/@maplibre+maplibre-gl-style-spec@24.4.1/node_modules/@maplibre/maplibre-gl-style-spec/src/diff.test.ts[2m > [22mdiff[2m > [22madd source[32m 1[2mms[22m[39m
 [32mΓ£ô[39m node_modules/.pnpm/@maplibre+maplibre-gl-style-spec@24.4.1/node_modules/@maplibre/maplibre-gl-style-spec/src/diff.test.ts[2m > [22mdiff[2m > [22mset goejson source data[32m 1[2mms[22m[39m
 [32mΓ£ô[39m node_modules/.pnpm/@maplibre+maplibre-gl-style-spec@24.4.1/node_modules/@maplibre/maplibre-gl-style-spec/src/diff.test.ts[2m > [22mdiff[2m > [22mremove and add source[32m 1[2mms[22m[39m
 [32mΓ£ô[39m node_modules/.pnpm/@maplibre+maplibre-gl-style-spec@24.4.1/node_modules/@maplibre/maplibre-gl-style-spec/src/diff.test.ts[2m > [22mdiff[2m > [22mremove and add source with clusterRadius[32m 1[2mms[22m[39m
 [32mΓ£ô[39m node_modules/.pnpm/@maplibre+maplibre-gl-style-spec@24.4.1/node_modules/@maplibre/maplibre-gl-style-spec/src/diff.test.ts[2m > [22mdiff[2m > [22mremove and add source without clusterRadius[32m 1[2mms[22m[39m
 [32mΓ£ô[39m node_modules/.pnpm/@maplibre+maplibre-gl-style-spec@24.4.1/node_modules/@maplibre/maplibre-gl-style-spec/src/diff.test.ts[2m > [22mdiff[2m > [22mglobal metadata[32m 0[2mms[22m[39m
 [32mΓ£ô[39m node_modules/.pnpm/@maplibre+maplibre-gl-style-spec@24.4.1/node_modules/@maplibre/maplibre-gl-style-spec/src/diff.test.ts[2m > [22mdiff[2m > [22mlayer metadata[32m 0[2mms[22m[39m
 [32mΓ£ô[39m node_modules/.pnpm/@maplibre+maplibre-gl-style-spec@24.4.1/node_modules/@maplibre/maplibre-gl-style-spec/src/diff.test.ts[2m > [22mdiff[2m > [22mset state[32m 1[2mms[22m[39m
 [32mΓ£ô[39m node_modules/.pnpm/@maplibre+maplibre-gl-style-spec@24.4.1/node_modules/@maplibre/maplibre-gl-style-spec/src/diff.test.ts[2m > [22mdiff[2m > [22mset center[32m 1[2mms[22m[39m
 [32mΓ£ô[39m node_modules/.pnpm/@maplibre+maplibre-gl-style-spec@24.4.1/node_modules/@maplibre/maplibre-gl-style-spec/src/diff.test.ts[2m > [22mdiff[2m > [22mset centerAltitude to undefined[32m 1[2mms[22m[39m
 [32mΓ£ô[39m node_modules/.pnpm/@maplibre+maplibre-gl-style-spec@24.4.1/node_modules/@maplibre/maplibre-gl-style-spec/src/diff.test.ts[2m > [22mdiff[2m > [22mset centerAltitude[32m 0[2mms[22m[39m
 [32mΓ£ô[39m node_modules/.pnpm/@maplibre+maplibre-gl-style-spec@24.4.1/node_modules/@maplibre/maplibre-gl-style-spec/src/diff.test.ts[2m > [22mdiff[2m > [22mset zoom[32m 0[2mms[22m[39m
 [32mΓ£ô[39m node_modules/.pnpm/@maplibre+maplibre-gl-style-spec@24.4.1/node_modules/@maplibre/maplibre-gl-style-spec/src/diff.test.ts[2m > [22mdiff[2m > [22mset bearing[32m 0[2mms[22m[39m
 [32mΓ£ô[39m node_modules/.pnpm/@maplibre+maplibre-gl-style-spec@24.4.1/node_modules/@maplibre/maplibre-gl-style-spec/src/diff.test.ts[2m > [22mdiff[2m > [22mset pitch[32m 0[2mms[22m[39m
 [32mΓ£ô[39m node_modules/.pnpm/@maplibre+maplibre-gl-style-spec@24.4.1/node_modules/@maplibre/maplibre-gl-style-spec/src/diff.test.ts[2m > [22mdiff[2m > [22mset roll to undefined[32m 0[2mms[22m[39m
 [32mΓ£ô[39m node_modules/.pnpm/@maplibre+maplibre-gl-style-spec@24.4.1/node_modules/@maplibre/maplibre-gl-style-spec/src/diff.test.ts[2m > [22mdiff[2m > [22mset roll[32m 0[2mms[22m[39m
 [32mΓ£ô[39m node_modules/.pnpm/@maplibre+maplibre-gl-style-spec@24.4.1/node_modules/@maplibre/maplibre-gl-style-spec/src/diff.test.ts[2m > [22mdiff[2m > [22mno changes in light[32m 0[2mms[22m[39m
 [32mΓ£ô[39m node_modules/.pnpm/@maplibre+maplibre-gl-style-spec@24.4.1/node_modules/@maplibre/maplibre-gl-style-spec/src/diff.test.ts[2m > [22mdiff[2m > [22mset light anchor[32m 0[2mms[22m[39m
 [32mΓ£ô[39m node_modules/.pnpm/@maplibre+maplibre-gl-style-spec@24.4.1/node_modules/@maplibre/maplibre-gl-style-spec/src/diff.test.ts[2m > [22mdiff[2m > [22mset light color[32m 1[2mms[22m[39m
 [32mΓ£ô[39m node_modules/.pnpm/@maplibre+maplibre-gl-style-spec@24.4.1/node_modules/@maplibre/maplibre-gl-style-spec/src/diff.test.ts[2m > [22mdiff[2m > [22mset light position[32m 0[2mms[22m[39m
 [32mΓ£ô[39m node_modules/.pnpm/@maplibre+maplibre-gl-style-spec@24.4.1/node_modules/@maplibre/maplibre-gl-style-spec/src/diff.test.ts[2m > [22mdiff[2m > [22mset light intensity[32m 1[2mms[22m[39m
 [32mΓ£ô[39m node_modules/.pnpm/@maplibre+maplibre-gl-style-spec@24.4.1/node_modules/@maplibre/maplibre-gl-style-spec/src/diff.test.ts[2m > [22mdiff[2m > [22mset light anchor and color[32m 0[2mms[22m[39m
 [32mΓ£ô[39m node_modules/.pnpm/@maplibre+maplibre-gl-style-spec@24.4.1/node_modules/@maplibre/maplibre-gl-style-spec/src/diff.test.ts[2m > [22mdiff[2m > [22madd and remove layer on source change[32m 1[2mms[22m[39m
 [32mΓ£ô[39m node_modules/.pnpm/@maplibre+maplibre-gl-style-spec@24.4.1/node_modules/@maplibre/maplibre-gl-style-spec/src/diff.test.ts[2m > [22mdiff[2m > [22madd and remove layer on type change[32m 1[2mms[22m[39m
 [32mΓ£ô[39m node_modules/.pnpm/@maplibre+maplibre-gl-style-spec@24.4.1/node_modules/@maplibre/maplibre-gl-style-spec/src/diff.test.ts[2m > [22mdiff[2m > [22madd and remove layer on source-layer change[32m 2[2mms[22m[39m
 [32mΓ£ô[39m node_modules/.pnpm/@maplibre+maplibre-gl-style-spec@24.4.1/node_modules/@maplibre/maplibre-gl-style-spec/src/diff.test.ts[2m > [22mdiff[2m > [22madd and remove layers on different order and type[32m 1[2mms[22m[39m
 [32mΓ£ô[39m node_modules/.pnpm/@maplibre+maplibre-gl-style-spec@24.4.1/node_modules/@maplibre/maplibre-gl-style-spec/src/diff.test.ts[2m > [22mdiff[2m > [22madd and remove layer and source on source data change[32m 1[2mms[22m[39m
 [32mΓ£ô[39m node_modules/.pnpm/@maplibre+maplibre-gl-style-spec@24.4.1/node_modules/@maplibre/maplibre-gl-style-spec/src/diff.test.ts[2m > [22mdiff[2m > [22mset transition[32m 0[2mms[22m[39m
 [32mΓ£ô[39m node_modules/.pnpm/@maplibre+maplibre-gl-style-spec@24.4.1/node_modules/@maplibre/maplibre-gl-style-spec/src/diff.test.ts[2m > [22mdiff[2m > [22mno sprite change[32m 1[2mms[22m[39m
 [32mΓ£ô[39m node_modules/.pnpm/@maplibre+maplibre-gl-style-spec@24.4.1/node_modules/@maplibre/maplibre-gl-style-spec/src/diff.test.ts[2m > [22mdiff[2m > [22mset sprite[32m 1[2mms[22m[39m
 [32mΓ£ô[39m node_modules/.pnpm/@maplibre+maplibre-gl-style-spec@24.4.1/node_modules/@maplibre/maplibre-gl-style-spec/src/diff.test.ts[2m > [22mdiff[2m > [22mset sprite for multiple sprites[32m 7[2mms[22m[39m
 [32mΓ£ô[39m node_modules/.pnpm/@maplibre+maplibre-gl-style-spec@24.4.1/node_modules/@maplibre/maplibre-gl-style-spec/src/diff.test.ts[2m > [22mdiff[2m > [22mno glyphs change[32m 0[2mms[22m[39m
 [32mΓ£ô[39m node_modules/.pnpm/@maplibre+maplibre-gl-style-spec@24.4.1/node_modules/@maplibre/maplibre-gl-style-spec/src/diff.test.ts[2m > [22mdiff[2m > [22mset glyphs[32m 0[2mms[22m[39m
 [32mΓ£ô[39m node_modules/.pnpm/@maplibre+maplibre-gl-style-spec@24.4.1/node_modules/@maplibre/maplibre-gl-style-spec/src/diff.test.ts[2m > [22mdiff[2m > [22mremove terrain[32m 0[2mms[22m[39m
 [32mΓ£ô[39m node_modules/.pnpm/@maplibre+maplibre-gl-style-spec@24.4.1/node_modules/@maplibre/maplibre-gl-style-spec/src/diff.test.ts[2m > [22mdiff[2m > [22madd terrain[32m 0[2mms[22m[39m
 [32mΓ£ô[39m node_modules/.pnpm/@maplibre+maplibre-gl-style-spec@24.4.1/node_modules/@maplibre/maplibre-gl-style-spec/src/diff.test.ts[2m > [22mdiff[2m > [22mset sky[32m 0[2mms[22m[39m
 [32mΓ£ô[39m node_modules/.pnpm/@maplibre+maplibre-gl-style-spec@24.4.1/node_modules/@maplibre/maplibre-gl-style-spec/src/diff.test.ts[2m > [22mdiff[2m > [22mset projection[32m 0[2mms[22m[39m
 [32mΓ£ô[39m node_modules/.pnpm/node_modules/@maplibre/maplibre-gl-style-spec/src/diff.test.ts[2m > [22mdiff[2m > [22mlayers id equal[32m 7[2mms[22m[39m
 [32mΓ£ô[39m node_modules/.pnpm/node_modules/@maplibre/maplibre-gl-style-spec/src/diff.test.ts[2m > [22mdiff[2m > [22mversion not equal[32m 4[2mms[22m[39m
 [32mΓ£ô[39m node_modules/.pnpm/node_modules/@maplibre/maplibre-gl-style-spec/src/diff.test.ts[2m > [22mdiff[2m > [22madd layer at the end[32m 2[2mms[22m[39m
 [32mΓ£ô[39m node_modules/.pnpm/node_modules/@maplibre/maplibre-gl-style-spec/src/diff.test.ts[2m > [22mdiff[2m > [22madd layer at the beginning[32m 1[2mms[22m[39m
 [32mΓ£ô[39m node_modules/.pnpm/node_modules/@maplibre/maplibre-gl-style-spec/src/diff.test.ts[2m > [22mdiff[2m > [22mremove layer[32m 1[2mms[22m[39m
 [32mΓ£ô[39m node_modules/.pnpm/node_modules/@maplibre/maplibre-gl-style-spec/src/diff.test.ts[2m > [22mdiff[2m > [22mremove and add layer[32m 1[2mms[22m[39m
 [32mΓ£ô[39m node_modules/.pnpm/node_modules/@maplibre/maplibre-gl-style-spec/src/diff.test.ts[2m > [22mdiff[2m > [22mset paint property[32m 1[2mms[22m[39m
 [32mΓ£ô[39m node_modules/.pnpm/node_modules/@maplibre/maplibre-gl-style-spec/src/diff.test.ts[2m > [22mdiff[2m > [22mset paint property with light[32m 1[2mms[22m[39m
 [32mΓ£ô[39m node_modules/.pnpm/node_modules/@maplibre/maplibre-gl-style-spec/src/diff.test.ts[2m > [22mdiff[2m > [22mset paint property with ramp[32m 3[2mms[22m[39m
 [32mΓ£ô[39m node_modules/.pnpm/node_modules/@maplibre/maplibre-gl-style-spec/src/diff.test.ts[2m > [22mdiff[2m > [22mset layout property[32m 1[2mms[22m[39m
 [32mΓ£ô[39m node_modules/.pnpm/node_modules/@maplibre/maplibre-gl-style-spec/src/diff.test.ts[2m > [22mdiff[2m > [22mset filter[32m 1[2mms[22m[39m
 [32mΓ£ô[39m node_modules/.pnpm/node_modules/@maplibre/maplibre-gl-style-spec/src/diff.test.ts[2m > [22mdiff[2m > [22mremove source[32m 3[2mms[22m[39m
 [32mΓ£ô[39m node_modules/.pnpm/node_modules/@maplibre/maplibre-gl-style-spec/src/diff.test.ts[2m > [22mdiff[2m > [22madd source[32m 1[2mms[22m[39m
 [32mΓ£ô[39m node_modules/.pnpm/node_modules/@maplibre/maplibre-gl-style-spec/src/diff.test.ts[2m > [22mdiff[2m > [22mset goejson source data[32m 3[2mms[22m[39m
 [32mΓ£ô[39m node_modules/.pnpm/node_modules/@maplibre/maplibre-gl-style-spec/src/diff.test.ts[2m > [22mdiff[2m > [22mremove and add source[32m 1[2mms[22m[39m
 [32mΓ£ô[39m node_modules/.pnpm/node_modules/@maplibre/maplibre-gl-style-spec/src/diff.test.ts[2m > [22mdiff[2m > [22mremove and add source with clusterRadius[32m 1[2mms[22m[39m
 [32mΓ£ô[39m node_modules/.pnpm/node_modules/@maplibre/maplibre-gl-style-spec/src/diff.test.ts[2m > [22mdiff[2m > [22mremove and add source without clusterRadius[32m 2[2mms[22m[39m
 [32mΓ£ô[39m node_modules/.pnpm/node_modules/@maplibre/maplibre-gl-style-spec/src/diff.test.ts[2m > [22mdiff[2m > [22mglobal metadata[32m 1[2mms[22m[39m
 [32mΓ£ô[39m node_modules/.pnpm/node_modules/@maplibre/maplibre-gl-style-spec/src/diff.test.ts[2m > [22mdiff[2m > [22mlayer metadata[32m 1[2mms[22m[39m
 [32mΓ£ô[39m node_modules/.pnpm/node_modules/@maplibre/maplibre-gl-style-spec/src/diff.test.ts[2m > [22mdiff[2m > [22mset state[32m 1[2mms[22m[39m
 [32mΓ£ô[39m node_modules/.pnpm/node_modules/@maplibre/maplibre-gl-style-spec/src/diff.test.ts[2m > [22mdiff[2m > [22mset center[32m 1[2mms[22m[39m
 [32mΓ£ô[39m node_modules/.pnpm/node_modules/@maplibre/maplibre-gl-style-spec/src/diff.test.ts[2m > [22mdiff[2m > [22mset centerAltitude to undefined[32m 0[2mms[22m[39m
 [32mΓ£ô[39m node_modules/.pnpm/node_modules/@maplibre/maplibre-gl-style-spec/src/diff.test.ts[2m > [22mdiff[2m > [22mset centerAltitude[32m 0[2mms[22m[39m
 [32mΓ£ô[39m node_modules/.pnpm/node_modules/@maplibre/maplibre-gl-style-spec/src/diff.test.ts[2m > [22mdiff[2m > [22mset zoom[32m 0[2mms[22m[39m
 [32mΓ£ô[39m node_modules/.pnpm/node_modules/@maplibre/maplibre-gl-style-spec/src/diff.test.ts[2m > [22mdiff[2m > [22mset bearing[32m 0[2mms[22m[39m
 [32mΓ£ô[39m node_modules/.pnpm/node_modules/@maplibre/maplibre-gl-style-spec/src/diff.test.ts[2m > [22mdiff[2m > [22mset pitch[32m 0[2mms[22m[39m
 [32mΓ£ô[39m node_modules/.pnpm/node_modules/@maplibre/maplibre-gl-style-spec/src/diff.test.ts[2m > [22mdiff[2m > [22mset roll to undefined[32m 0[2mms[22m[39m
 [32mΓ£ô[39m node_modules/.pnpm/node_modules/@maplibre/maplibre-gl-style-spec/src/diff.test.ts[2m > [22mdiff[2m > [22mset roll[32m 0[2mms[22m[39m
 [32mΓ£ô[39m node_modules/.pnpm/node_modules/@maplibre/maplibre-gl-style-spec/src/diff.test.ts[2m > [22mdiff[2m > [22mno changes in light[32m 0[2mms[22m[39m
 [32mΓ£ô[39m node_modules/.pnpm/node_modules/@maplibre/maplibre-gl-style-spec/src/diff.test.ts[2m > [22mdiff[2m > [22mset light anchor[32m 0[2mms[22m[39m
 [32mΓ£ô[39m node_modules/.pnpm/node_modules/@maplibre/maplibre-gl-style-spec/src/diff.test.ts[2m > [22mdiff[2m > [22mset light color[32m 4[2mms[22m[39m
 [32mΓ£ô[39m node_modules/.pnpm/node_modules/@maplibre/maplibre-gl-style-spec/src/diff.test.ts[2m > [22mdiff[2m > [22mset light position[32m 1[2mms[22m[39m
 [32mΓ£ô[39m node_modules/.pnpm/node_modules/@maplibre/maplibre-gl-style-spec/src/diff.test.ts[2m > [22mdiff[2m > [22mset light intensity[32m 6[2mms[22m[39m
 [32mΓ£ô[39m node_modules/.pnpm/node_modules/@maplibre/maplibre-gl-style-spec/src/diff.test.ts[2m > [22mdiff[2m > [22mset light anchor and color[32m 1[2mms[22m[39m
 [32mΓ£ô[39m node_modules/.pnpm/node_modules/@maplibre/maplibre-gl-style-spec/src/diff.test.ts[2m > [22mdiff[2m > [22madd and remove layer on source change[32m 0[2mms[22m[39m
 [32mΓ£ô[39m node_modules/.pnpm/node_modules/@maplibre/maplibre-gl-style-spec/src/diff.test.ts[2m > [22mdiff[2m > [22madd and remove layer on type change[32m 0[2mms[22m[39m
 [32mΓ£ô[39m node_modules/.pnpm/node_modules/@maplibre/maplibre-gl-style-spec/src/diff.test.ts[2m > [22mdiff[2m > [22madd and remove layer on source-layer change[32m 0[2mms[22m[39m
 [32mΓ£ô[39m node_modules/.pnpm/node_modules/@maplibre/maplibre-gl-style-spec/src/diff.test.ts[2m > [22mdiff[2m > [22madd and remove layers on different order and type[32m 0[2mms[22m[39m
 [32mΓ£ô[39m node_modules/.pnpm/node_modules/@maplibre/maplibre-gl-style-spec/src/diff.test.ts[2m > [22mdiff[2m > [22madd and remove layer and source on source data change[32m 0[2mms[22m[39m
 [32mΓ£ô[39m node_modules/.pnpm/node_modules/@maplibre/maplibre-gl-style-spec/src/diff.test.ts[2m > [22mdiff[2m > [22mset transition[32m 0[2mms[22m[39m
 [32mΓ£ô[39m node_modules/.pnpm/node_modules/@maplibre/maplibre-gl-style-spec/src/diff.test.ts[2m > [22mdiff[2m > [22mno sprite change[32m 0[2mms[22m[39m
 [32mΓ£ô[39m node_modules/.pnpm/node_modules/@maplibre/maplibre-gl-style-spec/src/diff.test.ts[2m > [22mdiff[2m > [22mset sprite[32m 0[2mms[22m[39m
 [32mΓ£ô[39m node_modules/.pnpm/node_modules/@maplibre/maplibre-gl-style-spec/src/diff.test.ts[2m > [22mdiff[2m > [22mset sprite for multiple sprites[32m 0[2mms[22m[39m
 [32mΓ£ô[39m node_modules/.pnpm/node_modules/@maplibre/maplibre-gl-style-spec/src/diff.test.ts[2m > [22mdiff[2m > [22mno glyphs change[32m 0[2mms[22m[39m
 [32mΓ£ô[39m node_modules/.pnpm/node_modules/@maplibre/maplibre-gl-style-spec/src/diff.test.ts[2m > [22mdiff[2m > [22mset glyphs[32m 0[2mms[22m[39m
 [32mΓ£ô[39m node_modules/.pnpm/node_modules/@maplibre/maplibre-gl-style-spec/src/diff.test.ts[2m > [22mdiff[2m > [22mremove terrain[32m 0[2mms[22m[39m
 [32mΓ£ô[39m node_modules/.pnpm/node_modules/@maplibre/maplibre-gl-style-spec/src/diff.test.ts[2m > [22mdiff[2m > [22madd terrain[32m 0[2mms[22m[39m
 [32mΓ£ô[39m node_modules/.pnpm/node_modules/@maplibre/maplibre-gl-style-spec/src/diff.test.ts[2m > [22mdiff[2m > [22mset sky[32m 0[2mms[22m[39m
 [32mΓ£ô[39m node_modules/.pnpm/node_modules/@maplibre/maplibre-gl-style-spec/src/diff.test.ts[2m > [22mdiff[2m > [22mset projection[32m 0[2mms[22m[39m
 [32mΓ£ô[39m node_modules/.pnpm/maplibre-gl@5.15.0/node_modules/@maplibre/maplibre-gl-style-spec/src/diff.test.ts[2m > [22mdiff[2m > [22mlayers id equal[32m 5[2mms[22m[39m
 [32mΓ£ô[39m node_modules/.pnpm/maplibre-gl@5.15.0/node_modules/@maplibre/maplibre-gl-style-spec/src/diff.test.ts[2m > [22mdiff[2m > [22mversion not equal[32m 2[2mms[22m[39m
 [32mΓ£ô[39m node_modules/.pnpm/maplibre-gl@5.15.0/node_modules/@maplibre/maplibre-gl-style-spec/src/diff.test.ts[2m > [22mdiff[2m > [22madd layer at the end[32m 1[2mms[22m[39m
 [32mΓ£ô[39m node_modules/.pnpm/maplibre-gl@5.15.0/node_modules/@maplibre/maplibre-gl-style-spec/src/diff.test.ts[2m > [22mdiff[2m > [22madd layer at the beginning[32m 5[2mms[22m[39m
 [32mΓ£ô[39m node_modules/.pnpm/maplibre-gl@5.15.0/node_modules/@maplibre/maplibre-gl-style-spec/src/diff.test.ts[2m > [22mdiff[2m > [22mremove layer[32m 1[2mms[22m[39m
 [32mΓ£ô[39m node_modules/.pnpm/maplibre-gl@5.15.0/node_modules/@maplibre/maplibre-gl-style-spec/src/diff.test.ts[2m > [22mdiff[2m > [22mremove and add layer[32m 1[2mms[22m[39m
 [32mΓ£ô[39m node_modules/.pnpm/maplibre-gl@5.15.0/node_modules/@maplibre/maplibre-gl-style-spec/src/diff.test.ts[2m > [22mdiff[2m > [22mset paint property[32m 1[2mms[22m[39m
 [32mΓ£ô[39m node_modules/.pnpm/maplibre-gl@5.15.0/node_modules/@maplibre/maplibre-gl-style-spec/src/diff.test.ts[2m > [22mdiff[2m > [22mset paint property with light[32m 1[2mms[22m[39m
 [32mΓ£ô[39m node_modules/.pnpm/maplibre-gl@5.15.0/node_modules/@maplibre/maplibre-gl-style-spec/src/diff.test.ts[2m > [22mdiff[2m > [22mset paint property with ramp[32m 3[2mms[22m[39m
 [32mΓ£ô[39m node_modules/.pnpm/maplibre-gl@5.15.0/node_modules/@maplibre/maplibre-gl-style-spec/src/diff.test.ts[2m > [22mdiff[2m > [22mset layout property[32m 1[2mms[22m[39m
 [32mΓ£ô[39m node_modules/.pnpm/maplibre-gl@5.15.0/node_modules/@maplibre/maplibre-gl-style-spec/src/diff.test.ts[2m > [22mdiff[2m > [22mset filter[32m 1[2mms[22m[39m
 [32mΓ£ô[39m node_modules/.pnpm/maplibre-gl@5.15.0/node_modules/@maplibre/maplibre-gl-style-spec/src/diff.test.ts[2m > [22mdiff[2m > [22mremove source[32m 1[2mms[22m[39m
 [32mΓ£ô[39m node_modules/.pnpm/maplibre-gl@5.15.0/node_modules/@maplibre/maplibre-gl-style-spec/src/diff.test.ts[2m > [22mdiff[2m > [22madd source[32m 4[2mms[22m[39m
 [32mΓ£ô[39m node_modules/.pnpm/maplibre-gl@5.15.0/node_modules/@maplibre/maplibre-gl-style-spec/src/diff.test.ts[2m > [22mdiff[2m > [22mset goejson source data[32m 1[2mms[22m[39m
 [32mΓ£ô[39m node_modules/.pnpm/maplibre-gl@5.15.0/node_modules/@maplibre/maplibre-gl-style-spec/src/diff.test.ts[2m > [22mdiff[2m > [22mremove and add source[32m 1[2mms[22m[39m
 [32mΓ£ô[39m node_modules/.pnpm/maplibre-gl@5.15.0/node_modules/@maplibre/maplibre-gl-style-spec/src/diff.test.ts[2m > [22mdiff[2m > [22mremove and add source with clusterRadius[32m 1[2mms[22m[39m
 [32mΓ£ô[39m node_modules/.pnpm/maplibre-gl@5.15.0/node_modules/@maplibre/maplibre-gl-style-spec/src/diff.test.ts[2m > [22mdiff[2m > [22mremove and add source without clusterRadius[32m 1[2mms[22m[39m
 [32mΓ£ô[39m node_modules/.pnpm/maplibre-gl@5.15.0/node_modules/@maplibre/maplibre-gl-style-spec/src/diff.test.ts[2m > [22mdiff[2m > [22mglobal metadata[32m 0[2mms[22m[39m
 [32mΓ£ô[39m node_modules/.pnpm/maplibre-gl@5.15.0/node_modules/@maplibre/maplibre-gl-style-spec/src/diff.test.ts[2m > [22mdiff[2m > [22mlayer metadata[32m 0[2mms[22m[39m
 [32mΓ£ô[39m node_modules/.pnpm/maplibre-gl@5.15.0/node_modules/@maplibre/maplibre-gl-style-spec/src/diff.test.ts[2m > [22mdiff[2m > [22mset state[32m 1[2mms[22m[39m
 [32mΓ£ô[39m node_modules/.pnpm/maplibre-gl@5.15.0/node_modules/@maplibre/maplibre-gl-style-spec/src/diff.test.ts[2m > [22mdiff[2m > [22mset center[32m 1[2mms[22m[39m
 [32mΓ£ô[39m node_modules/.pnpm/maplibre-gl@5.15.0/node_modules/@maplibre/maplibre-gl-style-spec/src/diff.test.ts[2m > [22mdiff[2m > [22mset centerAltitude to undefined[32m 2[2mms[22m[39m
 [32mΓ£ô[39m node_modules/.pnpm/maplibre-gl@5.15.0/node_modules/@maplibre/maplibre-gl-style-spec/src/diff.test.ts[2m > [22mdiff[2m > [22mset centerAltitude[32m 0[2mms[22m[39m
 [32mΓ£ô[39m node_modules/.pnpm/maplibre-gl@5.15.0/node_modules/@maplibre/maplibre-gl-style-spec/src/diff.test.ts[2m > [22mdiff[2m > [22mset zoom[32m 0[2mms[22m[39m
 [32mΓ£ô[39m node_modules/.pnpm/maplibre-gl@5.15.0/node_modules/@maplibre/maplibre-gl-style-spec/src/diff.test.ts[2m > [22mdiff[2m > [22mset bearing[32m 0[2mms[22m[39m
 [32mΓ£ô[39m node_modules/.pnpm/maplibre-gl@5.15.0/node_modules/@maplibre/maplibre-gl-style-spec/src/diff.test.ts[2m > [22mdiff[2m > [22mset pitch[32m 0[2mms[22m[39m
 [32mΓ£ô[39m node_modules/.pnpm/maplibre-gl@5.15.0/node_modules/@maplibre/maplibre-gl-style-spec/src/diff.test.ts[2m > [22mdiff[2m > [22mset roll to undefined[32m 0[2mms[22m[39m
 [32mΓ£ô[39m node_modules/.pnpm/maplibre-gl@5.15.0/node_modules/@maplibre/maplibre-gl-style-spec/src/diff.test.ts[2m > [22mdiff[2m > [22mset roll[32m 0[2mms[22m[39m
 [32mΓ£ô[39m node_modules/.pnpm/maplibre-gl@5.15.0/node_modules/@maplibre/maplibre-gl-style-spec/src/diff.test.ts[2m > [22mdiff[2m > [22mno changes in light[32m 0[2mms[22m[39m
 [32mΓ£ô[39m node_modules/.pnpm/maplibre-gl@5.15.0/node_modules/@maplibre/maplibre-gl-style-spec/src/diff.test.ts[2m > [22mdiff[2m > [22mset light anchor[32m 0[2mms[22m[39m
 [32mΓ£ô[39m node_modules/.pnpm/maplibre-gl@5.15.0/node_modules/@maplibre/maplibre-gl-style-spec/src/diff.test.ts[2m > [22mdiff[2m > [22mset light color[32m 1[2mms[22m[39m
 [32mΓ£ô[39m node_modules/.pnpm/maplibre-gl@5.15.0/node_modules/@maplibre/maplibre-gl-style-spec/src/diff.test.ts[2m > [22mdiff[2m > [22mset light position[32m 0[2mms[22m[39m
 [32mΓ£ô[39m node_modules/.pnpm/maplibre-gl@5.15.0/node_modules/@maplibre/maplibre-gl-style-spec/src/diff.test.ts[2m > [22mdiff[2m > [22mset light intensity[32m 9[2mms[22m[39m
 [32mΓ£ô[39m node_modules/.pnpm/maplibre-gl@5.15.0/node_modules/@maplibre/maplibre-gl-style-spec/src/diff.test.ts[2m > [22mdiff[2m > [22mset light anchor and color[32m 1[2mms[22m[39m
 [32mΓ£ô[39m node_modules/.pnpm/maplibre-gl@5.15.0/node_modules/@maplibre/maplibre-gl-style-spec/src/diff.test.ts[2m > [22mdiff[2m > [22madd and remove layer on source change[32m 1[2mms[22m[39m
 [32mΓ£ô[39m node_modules/.pnpm/maplibre-gl@5.15.0/node_modules/@maplibre/maplibre-gl-style-spec/src/diff.test.ts[2m > [22mdiff[2m > [22madd and remove layer on type change[32m 0[2mms[22m[39m
 [32mΓ£ô[39m node_modules/.pnpm/maplibre-gl@5.15.0/node_modules/@maplibre/maplibre-gl-style-spec/src/diff.test.ts[2m > [22mdiff[2m > [22madd and remove layer on source-layer change[32m 0[2mms[22m[39m
 [32mΓ£ô[39m node_modules/.pnpm/maplibre-gl@5.15.0/node_modules/@maplibre/maplibre-gl-style-spec/src/diff.test.ts[2m > [22mdiff[2m > [22madd and remove layers on different order and type[32m 0[2mms[22m[39m
 [32mΓ£ô[39m node_modules/.pnpm/maplibre-gl@5.15.0/node_modules/@maplibre/maplibre-gl-style-spec/src/diff.test.ts[2m > [22mdiff[2m > [22madd and remove layer and source on source data change[32m 1[2mms[22m[39m
 [32mΓ£ô[39m node_modules/.pnpm/maplibre-gl@5.15.0/node_modules/@maplibre/maplibre-gl-style-spec/src/diff.test.ts[2m > [22mdiff[2m > [22mset transition[32m 1[2mms[22m[39m
 [32mΓ£ô[39m node_modules/.pnpm/maplibre-gl@5.15.0/node_modules/@maplibre/maplibre-gl-style-spec/src/diff.test.ts[2m > [22mdiff[2m > [22mno sprite change[32m 0[2mms[22m[39m
 [32mΓ£ô[39m node_modules/.pnpm/maplibre-gl@5.15.0/node_modules/@maplibre/maplibre-gl-style-spec/src/diff.test.ts[2m > [22mdiff[2m > [22mset sprite[32m 0[2mms[22m[39m
 [32mΓ£ô[39m node_modules/.pnpm/maplibre-gl@5.15.0/node_modules/@maplibre/maplibre-gl-style-spec/src/diff.test.ts[2m > [22mdiff[2m > [22mset sprite for multiple sprites[32m 0[2mms[22m[39m
 [32mΓ£ô[39m node_modules/.pnpm/maplibre-gl@5.15.0/node_modules/@maplibre/maplibre-gl-style-spec/src/diff.test.ts[2m > [22mdiff[2m > [22mno glyphs change[32m 0[2mms[22m[39m
 [32mΓ£ô[39m node_modules/.pnpm/maplibre-gl@5.15.0/node_modules/@maplibre/maplibre-gl-style-spec/src/diff.test.ts[2m > [22mdiff[2m > [22mset glyphs[32m 5[2mms[22m[39m
 [32mΓ£ô[39m node_modules/.pnpm/maplibre-gl@5.15.0/node_modules/@maplibre/maplibre-gl-style-spec/src/diff.test.ts[2m > [22mdiff[2m > [22mremove terrain[32m 1[2mms[22m[39m
 [32mΓ£ô[39m node_modules/.pnpm/maplibre-gl@5.15.0/node_modules/@maplibre/maplibre-gl-style-spec/src/diff.test.ts[2m > [22mdiff[2m > [22madd terrain[32m 0[2mms[22m[39m
 [32mΓ£ô[39m node_modules/.pnpm/maplibre-gl@5.15.0/node_modules/@maplibre/maplibre-gl-style-spec/src/diff.test.ts[2m > [22mdiff[2m > [22mset sky[32m 0[2mms[22m[39m
 [32mΓ£ô[39m node_modules/.pnpm/maplibre-gl@5.15.0/node_modules/@maplibre/maplibre-gl-style-spec/src/diff.test.ts[2m > [22mdiff[2m > [22mset projection[32m 0[2mms[22m[39m
 [2m[90mΓåô[39m[22m node_modules/.pnpm/@maplibre+mlt@1.1.2/node_modules/@maplibre/mlt/dist/decoding/stringDecoder.spec.js[2m > [22mdecodePlainStringVector[2m > [22mshould return null when plainLengthStream is null
 [2m[90mΓåô[39m[22m node_modules/.pnpm/@maplibre+mlt@1.1.2/node_modules/@maplibre/mlt/dist/decoding/stringDecoder.spec.js[2m > [22mdecodePlainStringVector[2m > [22mshould return null when plainDataStream is null
 [2m[90mΓåô[39m[22m node_modules/.pnpm/@maplibre+mlt@1.1.2/node_modules/@maplibre/mlt/dist/decoding/stringDecoder.spec.js[2m > [22mdecodePlainStringVector[2m > [22mshould return StringDictionaryVector when offsetStream exists (non-nullable)
 [2m[90mΓåô[39m[22m node_modules/.pnpm/@maplibre+mlt@1.1.2/node_modules/@maplibre/mlt/dist/decoding/stringDecoder.spec.js[2m > [22mdecodePlainStringVector[2m > [22mshould return StringDictionaryVector when offsetStream exists (nullable)
 [2m[90mΓåô[39m[22m node_modules/.pnpm/@maplibre+mlt@1.1.2/node_modules/@maplibre/mlt/dist/decoding/stringDecoder.spec.js[2m > [22mdecodePlainStringVector[2m > [22mshould return StringDictionaryVector with sparse offset when nullability mismatch
 [2m[90mΓåô[39m[22m node_modules/.pnpm/@maplibre+mlt@1.1.2/node_modules/@maplibre/mlt/dist/decoding/stringDecoder.spec.js[2m > [22mdecodePlainStringVector[2m > [22mshould return StringFlatVector (non-nullable)
 [32mΓ£ô[39m node_modules/.pnpm/@maplibre+mlt@1.1.2/node_modules/@maplibre/mlt/dist/decoding/stringDecoder.spec.js[2m > [22mdecodeSharedDictionary[2m > [22mbasic dictionary stream decoding[2m > [22mshould decode LENGTH stream for dictionary offset buffer[32m 39[2mms[22m[39m
 [32mΓ£ô[39m node_modules/.pnpm/@maplibre+mlt@1.1.2/node_modules/@maplibre/mlt/dist/decoding/stringDecoder.spec.js[2m > [22mdecodeSharedDictionary[2m > [22mbasic dictionary stream decoding[2m > [22mshould decode LENGTH stream for symbol offset buffer[32m 3[2mms[22m[39m
 [32mΓ£ô[39m node_modules/.pnpm/@maplibre+mlt@1.1.2/node_modules/@maplibre/mlt/dist/decoding/stringDecoder.spec.js[2m > [22mdecodeSharedDictionary[2m > [22mdictionary buffer decoding[2m > [22mshould decode SINGLE dictionary type DATA stream[32m 1[2mms[22m[39m
 [32mΓ£ô[39m node_modules/.pnpm/@maplibre+mlt@1.1.2/node_modules/@maplibre/mlt/dist/decoding/stringDecoder.spec.js[2m > [22mdecodeSharedDictionary[2m > [22mdictionary buffer decoding[2m > [22mshould advance offset correctly through LENGTH and DATA streams[32m 2[2mms[22m[39m
 [32mΓ£ô[39m node_modules/.pnpm/@maplibre+mlt@1.1.2/node_modules/@maplibre/mlt/dist/decoding/stringDecoder.spec.js[2m > [22mdecodeSharedDictionary[2m > [22msymbol table buffer decoding[2m > [22mshould decode symbol table buffer when dictionary type is not SINGLE or SHARED[32m 1[2mms[22m[39m
 [32mΓ£ô[39m node_modules/.pnpm/@maplibre+mlt@1.1.2/node_modules/@maplibre/mlt/dist/decoding/stringDecoder.spec.js[2m > [22mdecodeSharedDictionary[2m > [22mwith propertyColumnNames filter[2m > [22mshould accept optional propertyColumnNames parameter[32m 1[2mms[22m[39m
 [32mΓ£ô[39m node_modules/.pnpm/@maplibre+mlt@1.1.2/node_modules/@maplibre/mlt/dist/decoding/stringDecoder.spec.js[2m > [22mdecodeSharedDictionary[2m > [22mwith propertyColumnNames filter[2m > [22mshould skip column when propertyColumnNames does not include column[32m 1[2mms[22m[39m
 [32mΓ£ô[39m node_modules/.pnpm/@maplibre+mlt@1.1.2/node_modules/@maplibre/mlt/dist/decoding/stringDecoder.spec.js[2m > [22mdecodeSharedDictionary[2m > [22moffset management[2m > [22mshould correctly advance offset through multiple streams[32m 1[2mms[22m[39m
 [32mΓ£ô[39m node_modules/.pnpm/@maplibre+mlt@1.1.2/node_modules/@maplibre/mlt/dist/decoding/stringDecoder.spec.js[2m > [22mdecodeSharedDictionary[2m > [22medge cases[2m > [22mshould handle minimum feature count[32m 1[2mms[22m[39m
 [32mΓ£ô[39m node_modules/.pnpm/@maplibre+mlt@1.1.2/node_modules/@maplibre/mlt/dist/decoding/stringDecoder.spec.js[2m > [22mdecodeSharedDictionary[2m > [22medge cases[2m > [22mshould handle large feature count[32m 2[2mms[22m[39m
 [32mΓ£ô[39m node_modules/.pnpm/@maplibre+mlt@1.1.2/node_modules/@maplibre/mlt/dist/decoding/stringDecoder.spec.js[2m > [22mdecodeSharedDictionary[2m > [22medge cases[2m > [22mshould handle empty child fields list[32m 4[2mms[22m[39m
 [32mΓ£ô[39m node_modules/.pnpm/@maplibre+mlt@1.1.2/node_modules/@maplibre/mlt/dist/decoding/stringDecoder.spec.js[2m > [22mdecodeSharedDictionary[2m > [22mstream count handling[2m > [22mshould skip columns with 0 streams[32m 1[2mms[22m[39m
 [32mΓ£ô[39m node_modules/.pnpm/@maplibre+mlt@1.1.2/node_modules/@maplibre/mlt/dist/decoding/stringDecoder.spec.js[2m > [22mdecodeSharedDictionary[2m > [22mstream count handling[2m > [22mshould throw error for non-string scalar fields[32m 1[2mms[22m[39m
 [32mΓ£ô[39m node_modules/.pnpm/@maplibre+mlt@1.1.2/node_modules/@maplibre/mlt/dist/decoding/stringDecoder.spec.js[2m > [22mdecodeSharedDictionary[2m > [22mreturn value validation[2m > [22mshould return Vector array[32m 1[2mms[22m[39m
 [32mΓ£ô[39m node_modules/.pnpm/@maplibre+mlt@1.1.2/node_modules/@maplibre/mlt/dist/decoding/stringDecoder.spec.js[2m > [22mdecodeSharedDictionary[2m > [22mreturn value validation[2m > [22mshould not return null or undefined[32m 1[2mms[22m[39m
 [2m[90mΓåô[39m[22m node_modules/.pnpm/maplibre-gl@5.15.0/node_modules/@maplibre/mlt/dist/decoding/stringDecoder.spec.js[2m > [22mdecodePlainStringVector[2m > [22mshould return null when plainLengthStream is null
 [2m[90mΓåô[39m[22m node_modules/.pnpm/maplibre-gl@5.15.0/node_modules/@maplibre/mlt/dist/decoding/stringDecoder.spec.js[2m > [22mdecodePlainStringVector[2m > [22mshould return null when plainDataStream is null
 [2m[90mΓåô[39m[22m node_modules/.pnpm/maplibre-gl@5.15.0/node_modules/@maplibre/mlt/dist/decoding/stringDecoder.spec.js[2m > [22mdecodePlainStringVector[2m > [22mshould return StringDictionaryVector when offsetStream exists (non-nullable)
 [2m[90mΓåô[39m[22m node_modules/.pnpm/maplibre-gl@5.15.0/node_modules/@maplibre/mlt/dist/decoding/stringDecoder.spec.js[2m > [22mdecodePlainStringVector[2m > [22mshould return StringDictionaryVector when offsetStream exists (nullable)
 [2m[90mΓåô[39m[22m node_modules/.pnpm/maplibre-gl@5.15.0/node_modules/@maplibre/mlt/dist/decoding/stringDecoder.spec.js[2m > [22mdecodePlainStringVector[2m > [22mshould return StringDictionaryVector with sparse offset when nullability mismatch
 [2m[90mΓåô[39m[22m node_modules/.pnpm/maplibre-gl@5.15.0/node_modules/@maplibre/mlt/dist/decoding/stringDecoder.spec.js[2m > [22mdecodePlainStringVector[2m > [22mshould return StringFlatVector (non-nullable)
 [32mΓ£ô[39m node_modules/.pnpm/maplibre-gl@5.15.0/node_modules/@maplibre/mlt/dist/decoding/stringDecoder.spec.js[2m > [22mdecodeSharedDictionary[2m > [22mbasic dictionary stream decoding[2m > [22mshould decode LENGTH stream for dictionary offset buffer[32m 11[2mms[22m[39m
 [32mΓ£ô[39m node_modules/.pnpm/maplibre-gl@5.15.0/node_modules/@maplibre/mlt/dist/decoding/stringDecoder.spec.js[2m > [22mdecodeSharedDictionary[2m > [22mbasic dictionary stream decoding[2m > [22mshould decode LENGTH stream for symbol offset buffer[32m 1[2mms[22m[39m
 [32mΓ£ô[39m node_modules/.pnpm/maplibre-gl@5.15.0/node_modules/@maplibre/mlt/dist/decoding/stringDecoder.spec.js[2m > [22mdecodeSharedDictionary[2m > [22mdictionary buffer decoding[2m > [22mshould decode SINGLE dictionary type DATA stream[32m 1[2mms[22m[39m
 [32mΓ£ô[39m node_modules/.pnpm/maplibre-gl@5.15.0/node_modules/@maplibre/mlt/dist/decoding/stringDecoder.spec.js[2m > [22mdecodeSharedDictionary[2m > [22mdictionary buffer decoding[2m > [22mshould advance offset correctly through LENGTH and DATA streams[32m 1[2mms[22m[39m
 [32mΓ£ô[39m node_modules/.pnpm/maplibre-gl@5.15.0/node_modules/@maplibre/mlt/dist/decoding/stringDecoder.spec.js[2m > [22mdecodeSharedDictionary[2m > [22msymbol table buffer decoding[2m > [22mshould decode symbol table buffer when dictionary type is not SINGLE or SHARED[32m 1[2mms[22m[39m
 [32mΓ£ô[39m node_modules/.pnpm/maplibre-gl@5.15.0/node_modules/@maplibre/mlt/dist/decoding/stringDecoder.spec.js[2m > [22mdecodeSharedDictionary[2m > [22mwith propertyColumnNames filter[2m > [22mshould accept optional propertyColumnNames parameter[32m 0[2mms[22m[39m
 [32mΓ£ô[39m node_modules/.pnpm/maplibre-gl@5.15.0/node_modules/@maplibre/mlt/dist/decoding/stringDecoder.spec.js[2m > [22mdecodeSharedDictionary[2m > [22mwith propertyColumnNames filter[2m > [22mshould skip column when propertyColumnNames does not include column[32m 0[2mms[22m[39m
 [32mΓ£ô[39m node_modules/.pnpm/maplibre-gl@5.15.0/node_modules/@maplibre/mlt/dist/decoding/stringDecoder.spec.js[2m > [22mdecodeSharedDictionary[2m > [22moffset management[2m > [22mshould correctly advance offset through multiple streams[32m 0[2mms[22m[39m
 [32mΓ£ô[39m node_modules/.pnpm/maplibre-gl@5.15.0/node_modules/@maplibre/mlt/dist/decoding/stringDecoder.spec.js[2m > [22mdecodeSharedDictionary[2m > [22medge cases[2m > [22mshould handle minimum feature count[32m 1[2mms[22m[39m
 [32mΓ£ô[39m node_modules/.pnpm/maplibre-gl@5.15.0/node_modules/@maplibre/mlt/dist/decoding/stringDecoder.spec.js[2m > [22mdecodeSharedDictionary[2m > [22medge cases[2m > [22mshould handle large feature count[32m 1[2mms[22m[39m
 [32mΓ£ô[39m node_modules/.pnpm/maplibre-gl@5.15.0/node_modules/@maplibre/mlt/dist/decoding/stringDecoder.spec.js[2m > [22mdecodeSharedDictionary[2m > [22medge cases[2m > [22mshould handle empty child fields list[32m 2[2mms[22m[39m
 [32mΓ£ô[39m node_modules/.pnpm/maplibre-gl@5.15.0/node_modules/@maplibre/mlt/dist/decoding/stringDecoder.spec.js[2m > [22mdecodeSharedDictionary[2m > [22mstream count handling[2m > [22mshould skip columns with 0 streams[32m 0[2mms[22m[39m
 [32mΓ£ô[39m node_modules/.pnpm/maplibre-gl@5.15.0/node_modules/@maplibre/mlt/dist/decoding/stringDecoder.spec.js[2m > [22mdecodeSharedDictionary[2m > [22mstream count handling[2m > [22mshould throw error for non-string scalar fields[32m 0[2mms[22m[39m
 [32mΓ£ô[39m node_modules/.pnpm/maplibre-gl@5.15.0/node_modules/@maplibre/mlt/dist/decoding/stringDecoder.spec.js[2m > [22mdecodeSharedDictionary[2m > [22mreturn value validation[2m > [22mshould return Vector array[32m 0[2mms[22m[39m
 [32mΓ£ô[39m node_modules/.pnpm/maplibre-gl@5.15.0/node_modules/@maplibre/mlt/dist/decoding/stringDecoder.spec.js[2m > [22mdecodeSharedDictionary[2m > [22mreturn value validation[2m > [22mshould not return null or undefined[32m 0[2mms[22m[39m
