
> @ test C:\Users\user\Desktop\GitHub2026\geoselect-Telluride-hybrid\saas-starter
> vitest "--run"


[1m[46m RUN [49m[22m [36mv4.0.16 [39m[90mC:/Users/user/Desktop/GitHub2026/geoselect-Telluride-hybrid/saas-starter[39m

[90mstdout[2m | lib/workspace/hardening.integration.test.ts[2m > [22m[2mCCP-05: Secure Sharing Tokens[2m > [22m[2mshould create cryptographically secure share tokens
[22m[39m[INFO] {"timestamp":"2026-01-04T14:28:30.724Z","level":"info","operation":"share_token_create_start","environment":"test","reportId":"report-001","workspaceId":"workspace-001","createdBy":"user-001","accessLevel":"view","expiresIn":"7days","passwordProtected":false}
[INFO] {"timestamp":"2026-01-04T14:28:30.728Z","level":"info","operation":"share_token_created","environment":"test","reportId":"report-001","workspaceId":"workspace-001","createdBy":"user-001","expiresAt":"2026-01-11T14:28:30.724Z","duration":5}

[90mstdout[2m | lib/workspace/hardening.integration.test.ts[2m > [22m[2mCCP-05: Secure Sharing Tokens[2m > [22m[2mshould verify valid share tokens
[22m[39m[INFO] {"timestamp":"2026-01-04T14:28:30.745Z","level":"info","operation":"share_token_create_start","environment":"test","reportId":"report-001","workspaceId":"workspace-001","createdBy":"user-001","accessLevel":"view","passwordProtected":false}
[INFO] {"timestamp":"2026-01-04T14:28:30.745Z","level":"info","operation":"share_token_created","environment":"test","reportId":"report-001","workspaceId":"workspace-001","createdBy":"user-001","duration":0}

[90mstdout[2m | lib/workspace/hardening.integration.test.ts[2m > [22m[2mCCP-05: Secure Sharing Tokens[2m > [22m[2mshould verify valid share tokens
[22m[39m[INFO] {"timestamp":"2026-01-04T14:28:30.746Z","level":"info","operation":"share_token_verified","environment":"test","token":"bef879da..."}

[90mstdout[2m | lib/workspace/hardening.integration.test.ts[2m > [22m[2mCCP-05: Secure Sharing Tokens[2m > [22m[2mshould reject invalid share tokens
[22m[39m[INFO] {"timestamp":"2026-01-04T14:28:30.751Z","level":"info","operation":"share_token_verified","environment":"test","token":"invalid-..."}

[90mstdout[2m | lib/workspace/hardening.integration.test.ts[2m > [22m[2mCCP-05: Secure Sharing Tokens[2m > [22m[2mshould expire share tokens after specified duration
[22m[39m[INFO] {"timestamp":"2026-01-04T14:28:30.754Z","level":"info","operation":"share_token_create_start","environment":"test","reportId":"report-001","workspaceId":"workspace-001","createdBy":"user-001","accessLevel":"view","expiresIn":"1hour","passwordProtected":false}
[INFO] {"timestamp":"2026-01-04T14:28:30.754Z","level":"info","operation":"share_token_created","environment":"test","reportId":"report-001","workspaceId":"workspace-001","createdBy":"user-001","expiresAt":"2026-01-04T15:28:30.754Z","duration":0}

[90mstdout[2m | lib/workspace/hardening.integration.test.ts[2m > [22m[2mCCP-05: Secure Sharing Tokens[2m > [22m[2mshould support optional password protection on tokens
[22m[39m[INFO] {"timestamp":"2026-01-04T14:28:31.013Z","level":"info","operation":"share_token_create_start","environment":"test","reportId":"report-001","workspaceId":"workspace-001","createdBy":"user-001","accessLevel":"edit","passwordProtected":true}
[INFO] {"timestamp":"2026-01-04T14:28:31.013Z","level":"info","operation":"share_token_created","environment":"test","reportId":"report-001","workspaceId":"workspace-001","createdBy":"user-001","duration":257}

[90mstdout[2m | lib/workspace/hardening.integration.test.ts[2m > [22m[2mCCP-05: Secure Sharing Tokens[2m > [22m[2mshould support optional password protection on tokens
[22m[39m[INFO] {"timestamp":"2026-01-04T14:28:31.014Z","level":"info","operation":"share_token_verified","environment":"test","token":"4f561b49..."}

[90mstdout[2m | lib/workspace/hardening.integration.test.ts[2m > [22m[2mCCP-05: Secure Sharing Tokens[2m > [22m[2mshould enforce rate limits on share tokens
[22m[39m[INFO] {"timestamp":"2026-01-04T14:28:31.016Z","level":"info","operation":"share_token_create_start","environment":"test","reportId":"report-001","workspaceId":"workspace-001","createdBy":"user-001","accessLevel":"view","passwordProtected":false,"rateLimit":100}
[INFO] {"timestamp":"2026-01-04T14:28:31.016Z","level":"info","operation":"share_token_created","environment":"test","reportId":"report-001","workspaceId":"workspace-001","createdBy":"user-001","duration":0}

[90mstdout[2m | lib/workspace/hardening.integration.test.ts[2m > [22m[2mCCP-05: Secure Sharing Tokens[2m > [22m[2mshould enforce domain restrictions on share tokens
[22m[39m[INFO] {"timestamp":"2026-01-04T14:28:31.017Z","level":"info","operation":"share_token_create_start","environment":"test","reportId":"report-001","workspaceId":"workspace-001","createdBy":"user-001","accessLevel":"view","passwordProtected":false}
[INFO] {"timestamp":"2026-01-04T14:28:31.017Z","level":"info","operation":"share_token_created","environment":"test","reportId":"report-001","workspaceId":"workspace-001","createdBy":"user-001","duration":0}

[90mstdout[2m | lib/workspace/hardening.integration.test.ts[2m > [22m[2mCCP-05: Secure Sharing Tokens[2m > [22m[2mshould enforce domain restrictions on share tokens
[22m[39m[INFO] {"timestamp":"2026-01-04T14:28:31.018Z","level":"info","operation":"share_token_verified","environment":"test","token":"5d0e10fe..."}

[90mstdout[2m | lib/workspace/hardening.integration.test.ts[2m > [22m[2mCCP-05: Secure Sharing Tokens[2m > [22m[2mshould revoke share tokens immediately
[22m[39m[INFO] {"timestamp":"2026-01-04T14:28:31.019Z","level":"info","operation":"share_token_create_start","environment":"test","reportId":"report-001","workspaceId":"workspace-001","createdBy":"user-001","accessLevel":"view","passwordProtected":false}
[INFO] {"timestamp":"2026-01-04T14:28:31.019Z","level":"info","operation":"share_token_created","environment":"test","reportId":"report-001","workspaceId":"workspace-001","createdBy":"user-001","duration":1}

[90mstdout[2m | lib/workspace/hardening.integration.test.ts[2m > [22m[2mCCP-05: Secure Sharing Tokens[2m > [22m[2mshould revoke share tokens immediately
[22m[39m[INFO] {"timestamp":"2026-01-04T14:28:31.019Z","level":"info","operation":"share_token_revoke_start","environment":"test","tokenId":"d34ab9a4...","revokedBy":"user-001"}
[INFO] {"timestamp":"2026-01-04T14:28:31.019Z","level":"info","operation":"share_token_revoked","environment":"test","tokenId":"d34ab9a4...","revokedBy":"user-001"}

[90mstdout[2m | lib/workspace/hardening.integration.test.ts[2m > [22m[2mCCP-05: Secure Sharing Tokens[2m > [22m[2mshould revoke share tokens immediately
[22m[39m[INFO] {"timestamp":"2026-01-04T14:28:31.020Z","level":"info","operation":"share_token_verified","environment":"test","token":"d34ab9a4..."}

[90mstdout[2m | lib/workspace/hardening.integration.test.ts[2m > [22m[2mCCP-05: Workspace Audit Trail[2m > [22m[2mshould log share token creation events
[22m[39m[INFO] {"timestamp":"2026-01-04T14:28:31.025Z","level":"info","operation":"share_token_create_start","environment":"test","reportId":"report-001","workspaceId":"workspace-001","createdBy":"user-001","accessLevel":"view","passwordProtected":false}
[INFO] {"timestamp":"2026-01-04T14:28:31.026Z","level":"info","operation":"share_token_created","environment":"test","reportId":"report-001","workspaceId":"workspace-001","createdBy":"user-001","duration":3}

[90mstdout[2m | lib/workspace/hardening.integration.test.ts[2m > [22m[2mCCP-05: Workspace Audit Trail[2m > [22m[2mshould log share token access attempts (allowed and denied)
[22m[39m[INFO] {"timestamp":"2026-01-04T14:28:31.027Z","level":"info","operation":"share_token_create_start","environment":"test","reportId":"report-001","workspaceId":"workspace-001","createdBy":"user-001","accessLevel":"view","passwordProtected":false}
[INFO] {"timestamp":"2026-01-04T14:28:31.027Z","level":"info","operation":"share_token_created","environment":"test","reportId":"report-001","workspaceId":"workspace-001","createdBy":"user-001","duration":1}

[90mstdout[2m | lib/workspace/hardening.integration.test.ts[2m > [22m[2mCCP-05: Workspace Audit Trail[2m > [22m[2mshould log share token access attempts (allowed and denied)
[22m[39m[INFO] {"timestamp":"2026-01-04T14:28:31.027Z","level":"info","operation":"share_token_verified","environment":"test","token":"62778ce0..."}

[90mstdout[2m | lib/workspace/hardening.integration.test.ts[2m > [22m[2mCCP-05: Workspace Audit Trail[2m > [22m[2mshould log share token access attempts (allowed and denied)
[22m[39m[INFO] {"timestamp":"2026-01-04T14:28:31.027Z","level":"info","operation":"share_token_verified","environment":"test","token":"invalid-..."}

[90mstdout[2m | lib/workspace/hardening.integration.test.ts[2m > [22m[2mCCP-05: Workspace Audit Trail[2m > [22m[2mshould track share token revocation in audit log
[22m[39m[INFO] {"timestamp":"2026-01-04T14:28:31.029Z","level":"info","operation":"share_token_create_start","environment":"test","reportId":"report-001","workspaceId":"workspace-001","createdBy":"user-001","accessLevel":"view","passwordProtected":false}
[INFO] {"timestamp":"2026-01-04T14:28:31.029Z","level":"info","operation":"share_token_created","environment":"test","reportId":"report-001","workspaceId":"workspace-001","createdBy":"user-001","duration":0}

[90mstdout[2m | lib/workspace/hardening.integration.test.ts[2m > [22m[2mCCP-05: Workspace Audit Trail[2m > [22m[2mshould track share token revocation in audit log
[22m[39m[INFO] {"timestamp":"2026-01-04T14:28:31.030Z","level":"info","operation":"share_token_revoke_start","environment":"test","tokenId":"b3f4ef1b...","revokedBy":"user-001"}
[INFO] {"timestamp":"2026-01-04T14:28:31.031Z","level":"info","operation":"share_token_revoked","environment":"test","tokenId":"b3f4ef1b...","revokedBy":"user-001"}

[90mstdout[2m | lib/workspace/hardening.integration.test.ts[2m > [22m[2mCCP-05: Workspace Hardening - Error Handling[2m > [22m[2mshould not expose sensitive information in errors
[22m[39m[INFO] {"timestamp":"2026-01-04T14:28:31.033Z","level":"info","operation":"share_token_verified","environment":"test","token":"invalid-..."}

[90mstdout[2m | app/api/workspace/[workspace_id]/report/list/route.test.ts[2m > [22m[2mGET /api/workspace/:workspace_id/report/list[2m > [22m[2mContract Validation (Frozen)[2m > [22m[2mshould default page to 1 when omitted
[22m[39m[AUDIT] reports.listed {
  account: [32m'test-account-id'[39m,
  workspace: [32m'550e8400-e29b-41d4-a716-446655440000'[39m,
  resource: [90mundefined[39m
}

[90mstdout[2m | app/api/workspace/[workspace_id]/report/list/route.test.ts[2m > [22m[2mGET /api/workspace/:workspace_id/report/list[2m > [22m[2mContract Validation (Frozen)[2m > [22m[2mshould default limit to 20 when omitted
[22m[39m[AUDIT] reports.listed {
  account: [32m'test-account-id'[39m,
  workspace: [32m'550e8400-e29b-41d4-a716-446655440000'[39m,
  resource: [90mundefined[39m
}

[90mstdout[2m | app/api/workspace/[workspace_id]/report/list/route.test.ts[2m > [22m[2mGET /api/workspace/:workspace_id/report/list[2m > [22m[2mSuccess Path (Stub Implementation)[2m > [22m[2mshould return frozen contract response shape (200)
[22m[39m[AUDIT] reports.listed {
  account: [32m'test-account-id'[39m,
  workspace: [32m'550e8400-e29b-41d4-a716-446655440000'[39m,
  resource: [90mundefined[39m
}

node.exe : [90mstderr[2m | 
app/api/workspace/[workspace_id]/report/create/route.test.ts[2m > 
[22m[2mPOST /api/workspace/:workspace_id/report/create[2m > 
[22m[2mSuccess Path (Stub Implementation)[2m > [22m[2mshould 
return frozen contract response shape (201)
At C:\Users\user\AppData\Roaming\npm\pnpm.ps1:24 char:5
+     & "node$exe"  "$basedir/node_modules/pnpm/bin/pnpm.cjs" $args
+     ~~~~~~~~~~~~~~~~~~~~~~~~~~~~~~~~~~~~~~~~~~~~~~~~~~~~~~~~~~~~~
    + CategoryInfo          : NotSpecified: ([90mstderr[2m...nse sha 
   pe (201):String) [], RemoteException
    + FullyQualifiedErrorId : NativeCommandError
 
[22m[39m[workspace/report/create] Unexpected error: ReferenceError: 
access is not defined
    at POST (C:/Users/user/Desktop/GitHub2026/geoselect-Telluride-hybri
d/saas-starter/app/api/workspace/[workspace_id]/report/create/route.ts:
151:23)
[90m    at processTicksAndRejections 
(node:internal/process/task_queues:105:5)[39m
    at C:/Users/user/Desktop/GitHub2026/geoselect-Telluride-hybrid/saas
-starter/app/api/workspace/[workspace_id]/report/create/route.test.ts:1
54:24
    at [90mfile:///C:/Users/user/Desktop/GitHub2026/geoselect-Tellurid
e-hybrid/saas-starter/[39mnode_modules/[4m.pnpm[24m/@vitest+runner@4
.0.16/node_modules/[4m@vitest[24m/runner/dist/index.js:915:20

[90mstdout[2m | app/api/workspace/[workspace_id]/report/list/route.test.ts[2m > [22m[2mGET /api/workspace/:workspace_id/report/list[2m > [22m[2mSuccess Path (Stub Implementation)[2m > [22m[2mshould respect custom page and limit parameters
[22m[39m[AUDIT] reports.listed {
  account: [32m'test-account-id'[39m,
  workspace: [32m'550e8400-e29b-41d4-a716-446655440000'[39m,
  resource: [90mundefined[39m
}

[90mstderr[2m | 
app/api/workspace/[workspace_id]/report/create/route.test.ts[2m > 
[22m[2mPOST /api/workspace/:workspace_id/report/create[2m > 
[22m[2mSuccess Path (Stub Implementation)[2m > [22m[2mshould 
auto-generate report_name when omitted
[22m[39m[workspace/report/create] Unexpected error: ReferenceError: 
access is not defined
    at POST (C:/Users/user/Desktop/GitHub2026/geoselect-Telluride-hybri
d/saas-starter/app/api/workspace/[workspace_id]/report/create/route.ts:
151:23)
[90m    at processTicksAndRejections 
(node:internal/process/task_queues:105:5)[39m
    at C:/Users/user/Desktop/GitHub2026/geoselect-Telluride-hybrid/saas
-starter/app/api/workspace/[workspace_id]/report/create/route.test.ts:1
90:24
    at [90mfile:///C:/Users/user/Desktop/GitHub2026/geoselect-Tellurid
e-hybrid/saas-starter/[39mnode_modules/[4m.pnpm[24m/@vitest+runner@4
.0.16/node_modules/[4m@vitest[24m/runner/dist/index.js:915:20

[90mstdout[2m | app/api/workspace/[workspace_id]/report/list/route.test.ts[2m > [22m[2mGET /api/workspace/:workspace_id/report/list[2m > [22m[2mAudit Emission (Success-Only)[2m > [22m[2mshould emit reports.listed event on success
[22m[39m[AUDIT] reports.listed {
  account: [32m'test-account-id'[39m,
  workspace: [32m'550e8400-e29b-41d4-a716-446655440000'[39m,
  resource: [90mundefined[39m
}

[90mstderr[2m | 
app/api/workspace/[workspace_id]/report/create/route.test.ts[2m > 
[22m[2mPOST /api/workspace/:workspace_id/report/create[2m > 
[22m[2mDoD: Frozen Response Shapes[2m > [22m[2mshould include all 
required fields in response
[22m[39m[workspace/report/create] Unexpected error: ReferenceError: 
access is not defined
    at POST (C:/Users/user/Desktop/GitHub2026/geoselect-Telluride-hybri
d/saas-starter/app/api/workspace/[workspace_id]/report/create/route.ts:
151:23)
[90m    at processTicksAndRejections 
(node:internal/process/task_queues:105:5)[39m
    at C:/Users/user/Desktop/GitHub2026/geoselect-Telluride-hybrid/saas
-starter/app/api/workspace/[workspace_id]/report/create/route.test.ts:2
08:24
    at [90mfile:///C:/Users/user/Desktop/GitHub2026/geoselect-Tellurid
e-hybrid/saas-starter/[39mnode_modules/[4m.pnpm[24m/@vitest+runner@4
.0.16/node_modules/[4m@vitest[24m/runner/dist/index.js:915:20

[90mstdout[2m | app/api/workspace/[workspace_id]/report/list/route.test.ts[2m > [22m[2mGET /api/workspace/:workspace_id/report/list[2m > [22m[2mMembership Enforcement (Frozen Contract)[2m > [22m[2mshould return 403 forbidden when account is not workspace member
[22m[39m[AUDIT] reports.listed {
  account: [32m'non-member-account-id'[39m,
  workspace: [32m'550e8400-e29b-41d4-a716-446655440000'[39m,
  resource: [90mundefined[39m
}

[90mstdout[2m | app/api/workspace/[workspace_id]/report/list/route.test.ts[2m > [22m[2mGET /api/workspace/:workspace_id/report/list[2m > [22m[2mMembership Enforcement (Frozen Contract)[2m > [22m[2mshould return 404 when workspace does not exist
[22m[39m[AUDIT] reports.listed {
  account: [32m'test-account-id'[39m,
  workspace: [32m'00000000-0000-0000-0000-000000000000'[39m,
  resource: [90mundefined[39m
}

[90mstderr[2m | 
app/api/workspace/[workspace_id]/report/create/route.test.ts[2m > 
[22m[2mPOST /api/workspace/:workspace_id/report/create[2m > 
[22m[2mDoD: Frozen Response Shapes[2m > [22m[2mshould project 
parcel context correctly
[22m[39m[workspace/report/create] Unexpected error: ReferenceError: 
access is not defined
    at POST (C:/Users/user/Desktop/GitHub2026/geoselect-Telluride-hybri
d/saas-starter/app/api/workspace/[workspace_id]/report/create/route.ts:
151:23)
[90m    at processTicksAndRejections 
(node:internal/process/task_queues:105:5)[39m
    at C:/Users/user/Desktop/GitHub2026/geoselect-Telluride-hybrid/saas
-starter/app/api/workspace/[workspace_id]/report/create/route.test.ts:2
31:24
    at [90mfile:///C:/Users/user/Desktop/GitHub2026/geoselect-Tellurid
e-hybrid/saas-starter/[39mnode_modules/[4m.pnpm[24m/@vitest+runner@4
.0.16/node_modules/[4m@vitest[24m/runner/dist/index.js:915:20

 [31mΓ¥»[39m app/api/workspace/[workspace_id]/report/list/route.test.ts [2m([22m[2m13 tests[22m[2m | [22m[31m3 failed[39m[2m)[22m[32m 217[2mms[22m[39m
       [32mΓ£ô[39m should enforce authentication (401 when missing account_id)[32m 17[2mms[22m[39m
       [32mΓ£ô[39m should validate workspace_id format (400 when invalid UUID)[32m 4[2mms[22m[39m
       [32mΓ£ô[39m should validate page parameter (400 when page < 1)[32m 7[2mms[22m[39m
       [32mΓ£ô[39m should validate limit parameter (400 when limit > 100)[32m 3[2mms[22m[39m
       [32mΓ£ô[39m should default page to 1 when omitted[32m 7[2mms[22m[39m
       [32mΓ£ô[39m should default limit to 20 when omitted[32m 2[2mms[22m[39m
[31m       [31m├ù[31m should return frozen contract response shape (200)[39m[32m 147[2mms[22m[39m
       [32mΓ£ô[39m should respect custom page and limit parameters[32m 3[2mms[22m[39m
       [32mΓ£ô[39m should emit reports.listed event on success[32m 5[2mms[22m[39m
       [32mΓ£ô[39m should NOT emit audit event on authentication failure (success-only)[32m 3[2mms[22m[39m
       [32mΓ£ô[39m should NOT emit audit event on validation failure (success-only)[32m 4[2mms[22m[39m
[31m       [31m├ù[31m should return 403 forbidden when account is not workspace member[39m[32m 5[2mms[22m[39m
[31m       [31m├ù[31m should return 404 when workspace does not exist[39m[32m 4[2mms[22m[39m
[90mstderr[2m | 
app/api/workspace/[workspace_id]/report/create/route.test.ts[2m > 
[22m[2mPOST /api/workspace/:workspace_id/report/create[2m > 
[22m[2mAudit Emission (Success-Only)[2m > [22m[2mshould emit 
report.created event on success
[22m[39m[workspace/report/create] Unexpected error: ReferenceError: 
access is not defined
    at POST (C:/Users/user/Desktop/GitHub2026/geoselect-Telluride-hybri
d/saas-starter/app/api/workspace/[workspace_id]/report/create/route.ts:
151:23)
[90m    at processTicksAndRejections 
(node:internal/process/task_queues:105:5)[39m
    at C:/Users/user/Desktop/GitHub2026/geoselect-Telluride-hybrid/saas
-starter/app/api/workspace/[workspace_id]/report/create/route.test.ts:2
59:24
    at [90mfile:///C:/Users/user/Desktop/GitHub2026/geoselect-Tellurid
e-hybrid/saas-starter/[39mnode_modules/[4m.pnpm[24m/@vitest+runner@4
.0.16/node_modules/[4m@vitest[24m/runner/dist/index.js:915:20

[90mstderr[2m | 
app/api/workspace/[workspace_id]/report/create/route.test.ts[2m > 
[22m[2mPOST /api/workspace/:workspace_id/report/create[2m > 
[22m[2mMembership & Role Enforcement (Frozen Contract)[2m > 
[22m[2mshould emit report.created event on success
[22m[39m[workspace/report/create] Unexpected error: ReferenceError: 
access is not defined
    at POST (C:/Users/user/Desktop/GitHub2026/geoselect-Telluride-hybri
d/saas-starter/app/api/workspace/[workspace_id]/report/create/route.ts:
151:23)
[90m    at processTicksAndRejections 
(node:internal/process/task_queues:105:5)[39m
    at C:/Users/user/Desktop/GitHub2026/geoselect-Telluride-hybrid/saas
-starter/app/api/workspace/[workspace_id]/report/create/route.test.ts:3
13:24
    at [90mfile:///C:/Users/user/Desktop/GitHub2026/geoselect-Tellurid
e-hybrid/saas-starter/[39mnode_modules/[4m.pnpm[24m/@vitest+runner@4
.0.16/node_modules/[4m@vitest[24m/runner/dist/index.js:915:20

[90mstderr[2m | 
app/api/workspace/[workspace_id]/report/create/route.test.ts[2m > 
[22m[2mPOST /api/workspace/:workspace_id/report/create[2m > 
[22m[2mMembership & Role Enforcement (Frozen Contract)[2m > 
[22m[2mshould return 404 when workspace does not exist
[22m[39m[workspace/report/create] Unexpected error: ReferenceError: 
access is not defined
    at POST (C:/Users/user/Desktop/GitHub2026/geoselect-Telluride-hybri
d/saas-starter/app/api/workspace/[workspace_id]/report/create/route.ts:
151:23)
[90m    at processTicksAndRejections 
(node:internal/process/task_queues:105:5)[39m
    at C:/Users/user/Desktop/GitHub2026/geoselect-Telluride-hybrid/saas
-starter/app/api/workspace/[workspace_id]/report/create/route.test.ts:3
73:24
    at [90mfile:///C:/Users/user/Desktop/GitHub2026/geoselect-Tellurid
e-hybrid/saas-starter/[39mnode_modules/[4m.pnpm[24m/@vitest+runner@4
.0.16/node_modules/[4m@vitest[24m/runner/dist/index.js:915:20

[90mstderr[2m | 
app/api/workspace/[workspace_id]/report/create/route.test.ts[2m > 
[22m[2mPOST /api/workspace/:workspace_id/report/create[2m > 
[22m[2mMembership & Role Enforcement (Frozen Contract)[2m > 
[22m[2mshould return 409 conflict when report name exists in 
workspace
[22m[39m[workspace/report/create] Unexpected error: ReferenceError: 
access is not defined
    at POST (C:/Users/user/Desktop/GitHub2026/geoselect-Telluride-hybri
d/saas-starter/app/api/workspace/[workspace_id]/report/create/route.ts:
151:23)
[90m    at processTicksAndRejections 
(node:internal/process/task_queues:105:5)[39m
    at C:/Users/user/Desktop/GitHub2026/geoselect-Telluride-hybrid/saas
-starter/app/api/workspace/[workspace_id]/report/create/route.test.ts:3
92:24
    at [90mfile:///C:/Users/user/Desktop/GitHub2026/geoselect-Tellurid
e-hybrid/saas-starter/[39mnode_modules/[4m.pnpm[24m/@vitest+runner@4
.0.16/node_modules/[4m@vitest[24m/runner/dist/index.js:915:20

 [31mΓ¥»[39m app/api/workspace/[workspace_id]/report/create/route.test.ts [2m([22m[2m17 tests[22m[2m | [22m[31m8 failed[39m[2m)[22m[32m 238[2mms[22m[39m
       [32mΓ£ô[39m should enforce authentication (401 when missing account_id)[32m 14[2mms[22m[39m
       [32mΓ£ô[39m should validate workspace_id format (400 when invalid UUID)[32m 3[2mms[22m[39m
       [32mΓ£ô[39m should validate parcel_context (400 when missing)[32m 56[2mms[22m[39m
       [32mΓ£ô[39m should validate parcel_context fields (400 when incomplete)[32m 7[2mms[22m[39m
       [32mΓ£ô[39m should validate report_name max length (400 when > 255 chars)[32m 4[2mms[22m[39m
[31m       [31m├ù[31m should return frozen contract response shape (201)[39m[32m 57[2mms[22m[39m
[31m       [31m├ù[31m should auto-generate report_name when omitted[39m[32m 15[2mms[22m[39m
[31m       [31m├ù[31m should include all required fields in response[39m[32m 4[2mms[22m[39m
[31m       [31m├ù[31m should project parcel context correctly[39m[32m 14[2mms[22m[39m
[31m       [31m├ù[31m should emit report.created event on success[39m[32m 17[2mms[22m[39m
       [32mΓ£ô[39m should NOT emit audit event on validation failure (success-only)[32m 10[2mms[22m[39m
       [32mΓ£ô[39m should NOT emit audit event on authentication failure (success-only)[32m 1[2mms[22m[39m
[31m       [31m├ù[31m should emit report.created event on success[39m[32m 5[2mms[22m[39m
       [32mΓ£ô[39m should return 403 forbidden when account is not workspace member[32m 3[2mms[22m[39m
       [32mΓ£ô[39m should return 403 forbidden when account lacks admin role[32m 4[2mms[22m[39m
[31m       [31m├ù[31m should return 404 when workspace does not exist[39m[32m 3[2mms[22m[39m
[31m       [31m├ù[31m should return 409 conflict when report name exists in workspace[39m[32m 5[2mms[22m[39m
[90mstdout[2m | lib/workspace/hardening.integration.test.ts[2m > [22m[2mCCP-05: Workspace Hardening - Error Handling[2m > [22m[2mshould use timing-safe comparisons for passwords
[22m[39m[INFO] {"timestamp":"2026-01-04T14:28:31.306Z","level":"info","operation":"share_token_create_start","environment":"test","reportId":"report-001","workspaceId":"workspace-001","createdBy":"user-001","accessLevel":"view","passwordProtected":true}
[INFO] {"timestamp":"2026-01-04T14:28:31.306Z","level":"info","operation":"share_token_created","environment":"test","reportId":"report-001","workspaceId":"workspace-001","createdBy":"user-001","duration":272}

 [31mΓ¥»[39m lib/workspace/hardening.integration.test.ts [2m([22m[2m25 tests[22m[2m | [22m[31m15 failed[39m[2m)[22m[33m 634[2mms[22m[39m
     [32mΓ£ô[39m should verify workspace membership with role[32m 5[2mms[22m[39m
[31m     [31m├ù[31m should reject unauthorized workspace access[39m[32m 17[2mms[22m[39m
[31m     [31m├ù[31m should enforce role hierarchy (owner > admin > member)[39m[32m 3[2mms[22m[39m
[31m     [31m├ù[31m should enforce report creation quota[39m[32m 6[2mms[22m[39m
[31m     [31m├ù[31m should enforce collaborator limits[39m[32m 3[2mms[22m[39m
     [32mΓ£ô[39m should verify feature availability by plan[32m 1[2mms[22m[39m
[31m     [31m├ù[31m should return entitlements with storage quota[39m[32m 2[2mms[22m[39m
     [32mΓ£ô[39m should create cryptographically secure share tokens[32m 17[2mms[22m[39m
[31m     [31m├ù[31m should verify valid share tokens[39m[32m 11[2mms[22m[39m
[31m     [31m├ù[31m should reject invalid share tokens[39m[32m 3[2mms[22m[39m
     [32mΓ£ô[39m should expire share tokens after specified duration[32m 2[2mms[22m[39m
[31m     [31m├ù[31m should support optional password protection on tokens[39m[32m 260[2mms[22m[39m
     [32mΓ£ô[39m should enforce rate limits on share tokens[32m 1[2mms[22m[39m
     [32mΓ£ô[39m should enforce domain restrictions on share tokens[32m 1[2mms[22m[39m
[31m     [31m├ù[31m should revoke share tokens immediately[39m[32m 3[2mms[22m[39m
[31m     [31m├ù[31m should log all membership access attempts[39m[32m 1[2mms[22m[39m
     [32mΓ£ô[39m should log share token creation events[32m 4[2mms[22m[39m
[31m     [31m├ù[31m should log share token access attempts (allowed and denied)[39m[32m 3[2mms[22m[39m
     [32mΓ£ô[39m should track share token revocation in audit log[32m 2[2mms[22m[39m
[31m     [31m├ù[31m should return meaningful error messages for membership failures[39m[32m 1[2mms[22m[39m
[31m     [31m├ù[31m should not expose sensitive information in errors[39m[32m 1[2mms[22m[39m
     [32mΓ£ô[39m should use timing-safe comparisons for passwords[32m 277[2mms[22m[39m
[31m     [31m├ù[31m should track workspace member count[39m[32m 1[2mms[22m[39m
[31m     [31m├ù[31m should track storage usage against quota[39m[32m 1[2mms[22m[39m
     [32mΓ£ô[39m should prevent report creation when quota exceeded[32m 0[2mms[22m[39m
 [31mΓ¥»[39m lib/workspace/sources-rules.test.ts [2m([22m[2m32 tests[22m[2m | [22m[31m1 failed[39m[2m)[22m[32m 261[2mms[22m[39m
       [32mΓ£ô[39m should support source types[32m 8[2mms[22m[39m
       [32mΓ£ô[39m should track source confidence levels[32m 0[2mms[22m[39m
       [32mΓ£ô[39m should track verification timestamps[32m 2[2mms[22m[39m
       [32mΓ£ô[39m should allow filtering sources by type and jurisdiction[32m 1[2mms[22m[39m
       [32mΓ£ô[39m should support rule types[32m 124[2mms[22m[39m
       [32mΓ£ô[39m should attach rule details as JSON[32m 8[2mms[22m[39m
       [32mΓ£ô[39m should track rule creator[32m 0[2mms[22m[39m
       [32mΓ£ô[39m should scope rules to workspace and optionally parcel[32m 0[2mms[22m[39m
       [32mΓ£ô[39m should link rules to sources with citations[32m 1[2mms[22m[39m
       [32mΓ£ô[39m should support many-to-many rule-source relationships[32m 1[2mms[22m[39m
       [32mΓ£ô[39m should support detailed citations[32m 1[2mms[22m[39m
       [32mΓ£ô[39m should support gap types[32m 2[2mms[22m[39m
       [32mΓ£ô[39m should support severity levels[32m 1[2mms[22m[39m
       [32mΓ£ô[39m should track resolution status[32m 0[2mms[22m[39m
       [32mΓ£ô[39m should track reporter and resolution timestamp[32m 0[2mms[22m[39m
       [32mΓ£ô[39m should scope gaps to workspace and optionally parcel[32m 0[2mms[22m[39m
       [32mΓ£ô[39m should allow public read of sources[32m 0[2mms[22m[39m
       [32mΓ£ô[39m should restrict rules to workspace members[32m 0[2mms[22m[39m
       [32mΓ£ô[39m should restrict data gaps to workspace members[32m 0[2mms[22m[39m
       [32mΓ£ô[39m should integrate with existing sources in parcels[32m 0[2mms[22m[39m
       [32mΓ£ô[39m should support finding rules by parcel_id[32m 0[2mms[22m[39m
       [32mΓ£ô[39m should track data quality through gaps[32m 0[2mms[22m[39m
       [32mΓ£ô[39m should isolate rules between workspaces[32m 1[2mms[22m[39m
       [32mΓ£ô[39m should isolate data gaps between workspaces[32m 2[2mms[22m[39m
       [32mΓ£ô[39m should track missing information[32m 0[2mms[22m[39m
       [32mΓ£ô[39m should track conflicting information[32m 0[2mms[22m[39m
       [32mΓ£ô[39m should track outdated information[32m 0[2mms[22m[39m
       [32mΓ£ô[39m should track unverified information[32m 0[2mms[22m[39m
[31m       [31m├ù[31m should support precise legal citations[39m[32m 48[2mms[22m[39m
       [32mΓ£ô[39m should track when citations were verified[32m 1[2mms[22m[39m
       [32mΓ£ô[39m should track source verification status[32m 45[2mms[22m[39m
       [32mΓ£ô[39m should update verification status over time[32m 1[2mms[22m[39m
[90mstdout[2m | app/api/workspace/[workspace_id]/report/[report_id]/route.test.ts[2m > [22m[2mGET /api/workspace/:workspace_id/report/:report_id[2m > [22m[2mSuccess Path (Stub Implementation)[2m > [22m[2mshould return frozen contract response shape (200)
[22m[39m[AUDIT] report.retrieved {
  account: [32m'test-account-id'[39m,
  workspace: [32m'550e8400-e29b-41d4-a716-446655440000'[39m,
  resource: [32m'661f9511-f3ac-52e5-b827-557766553333'[39m
}

[90mstdout[2m | app/api/workspace/[workspace_id]/report/[report_id]/route.test.ts[2m > [22m[2mGET /api/workspace/:workspace_id/report/:report_id[2m > [22m[2mSuccess Path (Stub Implementation)[2m > [22m[2mshould include all required fields in response
[22m[39m[AUDIT] report.retrieved {
  account: [32m'test-account-id'[39m,
  workspace: [32m'550e8400-e29b-41d4-a716-446655440000'[39m,
  resource: [32m'661f9511-f3ac-52e5-b827-557766553333'[39m
}

[90mstdout[2m | app/api/workspace/[workspace_id]/report/[report_id]/route.test.ts[2m > [22m[2mGET /api/workspace/:workspace_id/report/:report_id[2m > [22m[2mAudit Emission (Success-Only)[2m > [22m[2mshould emit report.retrieved event on success
[22m[39m[AUDIT] report.retrieved {
  account: [32m'test-account-id'[39m,
  workspace: [32m'550e8400-e29b-41d4-a716-446655440000'[39m,
  resource: [32m'661f9511-f3ac-52e5-b827-557766553333'[39m
}

[90mstdout[2m | app/api/workspace/[workspace_id]/report/[report_id]/route.test.ts[2m > [22m[2mGET /api/workspace/:workspace_id/report/:report_id[2m > [22m[2mMembership Enforcement (404 for Non-Members)[2m > [22m[2mshould return 404 when account is not workspace member (hiding existence)
[22m[39m[AUDIT] report.retrieved {
  account: [32m'non-member-account-id'[39m,
  workspace: [32m'550e8400-e29b-41d4-a716-446655440000'[39m,
  resource: [32m'661f9511-f3ac-52e5-b827-557766553333'[39m
}

[90mstdout[2m | app/api/workspace/[workspace_id]/report/[report_id]/route.test.ts[2m > [22m[2mGET /api/workspace/:workspace_id/report/:report_id[2m > [22m[2mMembership Enforcement (404 for Non-Members)[2m > [22m[2mshould return 404 when workspace does not exist
[22m[39m[AUDIT] report.retrieved {
  account: [32m'test-account-id'[39m,
  workspace: [32m'00000000-0000-0000-0000-000000000000'[39m,
  resource: [32m'661f9511-f3ac-52e5-b827-557766553333'[39m
}

[90mstdout[2m | app/api/workspace/[workspace_id]/report/[report_id]/route.test.ts[2m > [22m[2mGET /api/workspace/:workspace_id/report/:report_id[2m > [22m[2mMembership Enforcement (404 for Non-Members)[2m > [22m[2mshould return 404 when report does not exist
[22m[39m[AUDIT] report.retrieved {
  account: [32m'test-account-id'[39m,
  workspace: [32m'550e8400-e29b-41d4-a716-446655440000'[39m,
  resource: [32m'00000000-0000-0000-0000-000000000000'[39m
}

 [31mΓ¥»[39m app/api/workspace/[workspace_id]/report/[report_id]/route.test.ts [2m([22m[2m11 tests[22m[2m | [22m[31m3 failed[39m[2m)[22m[32m 78[2mms[22m[39m
       [32mΓ£ô[39m should enforce authentication (401 when missing account_id)[32m 17[2mms[22m[39m
       [32mΓ£ô[39m should validate workspace_id format (400 when invalid UUID)[32m 3[2mms[22m[39m
       [32mΓ£ô[39m should validate report_id format (400 when invalid UUID)[32m 2[2mms[22m[39m
       [32mΓ£ô[39m should return frozen contract response shape (200)[32m 10[2mms[22m[39m
       [32mΓ£ô[39m should include all required fields in response[32m 4[2mms[22m[39m
       [32mΓ£ô[39m should emit report.retrieved event on success[32m 2[2mms[22m[39m
       [32mΓ£ô[39m should NOT emit audit event on authentication failure (success-only)[32m 3[2mms[22m[39m
       [32mΓ£ô[39m should NOT emit audit event on validation failure (success-only)[32m 3[2mms[22m[39m
[31m       [31m├ù[31m should return 404 when account is not workspace member (hiding existence)[39m[32m 23[2mms[22m[39m
[31m       [31m├ù[31m should return 404 when workspace does not exist[39m[32m 3[2mms[22m[39m
[31m       [31m├ù[31m should return 404 when report does not exist[39m[32m 4[2mms[22m[39m
 [32mΓ£ô[39m lib/db/helpers/gap-detection.test.ts [2m([22m[2m43 tests[22m[2m)[22m[32m 119[2mms[22m[39m
 [32mΓ£ô[39m app/api/ccp07-integration.test.ts [2m([22m[2m35 tests[22m[2m)[22m[32m 20[2mms[22m[39m
 [32mΓ£ô[39m lib/db/helpers/ccp05-ccp07-integration.test.ts [2m([22m[2m41 tests[22m[2m)[22m[32m 24[2mms[22m[39m
 [32mΓ£ô[39m lib/db/snapshots.integration.test.ts [2m([22m[2m5 tests[22m[2m)[22m[33m 1742[2mms[22m[39m
 [32mΓ£ô[39m app/api/reports/create.integration.test.ts [2m([22m[2m3 tests[22m[2m)[22m[33m 1220[2mms[22m[39m
 [32mΓ£ô[39m lib/db/helpers/rls-enforcement.test.ts [2m([22m[2m38 tests[22m[2m)[22m[32m 38[2mms[22m[39m
 [32mΓ£ô[39m app/api/report/create/route.test.ts [2m([22m[2m2 tests[22m[2m)[22m[32m 32[2mms[22m[39m
 [32mΓ£ô[39m lib/workspace/active-workspace.test.ts [2m([22m[2m20 tests[22m[2m)[22m[32m 57[2mms[22m[39m
 [32mΓ£ô[39m app/api/location/resolve/route.test.ts [2m([22m[2m2 tests[22m[2m)[22m[32m 26[2mms[22m[39m
 [32mΓ£ô[39m lib/db/helpers/provenance.test.ts [2m([22m[2m19 tests[22m[2m)[22m[32m 30[2mms[22m[39m
 [32mΓ£ô[39m __tests__/report.create.test.ts [2m([22m[2m2 tests[22m[2m)[22m[32m 37[2mms[22m[39m
 [32mΓ£ô[39m lib/contacts/contacts.test.ts [2m([22m[2m65 tests[22m[2m)[22m[32m 80[2mms[22m[39m
 [32mΓ£ô[39m __tests__/ccp03.report.test.ts [2m([22m[2m1 test[22m[2m)[22m[32m 7[2mms[22m[39m

[31mΓÄ»ΓÄ»ΓÄ»ΓÄ»ΓÄ»ΓÄ»[39m[1m[41m Failed Suites 2 
[49m[22m[31mΓÄ»ΓÄ»ΓÄ»ΓÄ»ΓÄ»ΓÄ»ΓÄ»[39m

[41m[1m FAIL [22m[49m 
lib/test/workspace-request-helpers.example.test.ts[2m [ 
lib/test/workspace-request-helpers.example.test.ts ][22m
[31m[1mError[22m: Cannot find module '../workspace-request-helpers' 
imported from 'C:/Users/user/Desktop/GitHub2026/geoselect-Telluride-hyb
rid/saas-starter/lib/test/workspace-request-helpers.example.test.ts'[3
9m
[36m [2mΓ¥»[22m 
lib/test/workspace-request-helpers.example.test.ts:[2m9:1[22m[39m
    [90m  7| [39m
    [90m  8| [39m[35mimport[39m { describe[33m,[39m 
it[33m,[39m expect } [35mfrom[39m [32m'vitest'[39m[33m;[39m
    [90m  9| [39m[35mimport[39m {
    [90m   | [39m[31m^[39m
    [90m 10| [39m  createAdminRequest[33m,[39m
    [90m 11| [39m  createMemberRequest[33m,[39m

[31m[2mΓÄ»ΓÄ»ΓÄ»ΓÄ»ΓÄ»ΓÄ»ΓÄ»ΓÄ»ΓÄ»ΓÄ»ΓÄ»ΓÄ»ΓÄ»ΓÄ»ΓÄ»ΓÄ»ΓÄ»ΓÄ»ΓÄ»ΓÄ»ΓÄ
»ΓÄ»ΓÄ»[1/32]ΓÄ»[22m[39m

[41m[1m FAIL [22m[49m app/api/workspace/[workspace_id]/report/creat
e/route.example.test.ts[2m [ 
app/api/workspace/[workspace_id]/report/create/route.example.test.ts 
][22m
[31m[1mError[22m: Cannot find module 
'../../../../../lib/test/workspace-membership-fixture' imported from 'C
:/Users/user/Desktop/GitHub2026/geoselect-Telluride-hybrid/saas-starter
/app/api/workspace/[workspace_id]/report/create/route.example.test.ts'
[39m
[36m [2mΓ¥»[22m app/api/workspace/[workspace_id]/report/create/route
.example.test.ts:[2m13:1[22m[39m
    [90m 11| [39m[35mimport[39m { describe[33m,[39m 
it[33m,[39m expect[33m,[39m beforeEach } [35mfrom[39m 
[32m'vitest'[39m[33m;[39m
    [90m 12| [39m[35mimport[39m { [33mPOST[39m } [35mfrom[39m 
[32m'./route'[39m[33m;[39m
    [90m 13| [39m[35mimport[39m {
    [90m   | [39m[31m^[39m
    [90m 14| [39m  createWorkspaceMembershipFixture[33m,[39m
    [90m 15| [39m  assertNoAuditEvents[33m,[39m

[31m[2mΓÄ»ΓÄ»ΓÄ»ΓÄ»ΓÄ»ΓÄ»ΓÄ»ΓÄ»ΓÄ»ΓÄ»ΓÄ»ΓÄ»ΓÄ»ΓÄ»ΓÄ»ΓÄ»ΓÄ»ΓÄ»ΓÄ»ΓÄ»ΓÄ
»ΓÄ»ΓÄ»[2/32]ΓÄ»[22m[39m


[31mΓÄ»ΓÄ»ΓÄ»ΓÄ»ΓÄ»ΓÄ»[39m[1m[41m Failed Tests 30 
[49m[22m[31mΓÄ»ΓÄ»ΓÄ»ΓÄ»ΓÄ»ΓÄ»ΓÄ»[39m

[41m[1m FAIL [22m[49m 
lib/workspace/hardening.integration.test.ts[2m > [22mCCP-05: 
Workspace Membership Verification[2m > [22mshould reject 
unauthorized workspace access
[31m[1mAssertionError[22m: expected true to be false // Object.is 
equality[39m

[32m- Expected[39m
[31m+ Received[39m

[32m- false[39m
[31m+ true[39m

[36m [2mΓ¥»[22m 
lib/workspace/hardening.integration.test.ts:[2m62:23[22m[39m
    [90m 60| [39m    )[33m;[39m
    [90m 61| [39m
    [90m 62| [39m    [34mexpect[39m(result[33m.[39mok)[33m.[39m
[34mtoBe[39m([35mfalse[39m)[33m;[39m
    [90m   | [39m                      [31m^[39m
    [90m 63| [39m    [34mexpect[39m(result[33m.[39merror)[33m.[
39m[34mtoBe[39m([32m'NOT_MEMBER'[39m)[33m;[39m
    [90m 64| [39m  })[33m;[39m

[31m[2mΓÄ»ΓÄ»ΓÄ»ΓÄ»ΓÄ»ΓÄ»ΓÄ»ΓÄ»ΓÄ»ΓÄ»ΓÄ»ΓÄ»ΓÄ»ΓÄ»ΓÄ»ΓÄ»ΓÄ»ΓÄ»ΓÄ»ΓÄ»ΓÄ
»ΓÄ»ΓÄ»[3/32]ΓÄ»[22m[39m

[41m[1m FAIL [22m[49m 
lib/workspace/hardening.integration.test.ts[2m > [22mCCP-05: 
Workspace Membership Verification[2m > [22mshould enforce role 
hierarchy (owner > admin > member)
[31m[1mAssertionError[22m: expected undefined to be true // 
Object.is equality[39m

[32m- Expected:[39m 
true

[31m+ Received:[39m 
undefined

[36m [2mΓ¥»[22m 
lib/workspace/hardening.integration.test.ts:[2m79:28[22m[39m
    [90m 77| [39m    )[33m;[39m
    [90m 78| [39m
    [90m 79| [39m    [34mexpect[39m(adminResult[33m.[39mok)[33m.
[39m[34mtoBe[39m([35mtrue[39m)[33m;[39m
    [90m   | [39m                           [31m^[39m
    [90m 80| [39m    [34mexpect[39m(memberResult[33m.[39mok)[33m
.[39m[34mtoBe[39m([35mtrue[39m)[33m;[39m
    [90m 81| [39m

[31m[2mΓÄ»ΓÄ»ΓÄ»ΓÄ»ΓÄ»ΓÄ»ΓÄ»ΓÄ»ΓÄ»ΓÄ»ΓÄ»ΓÄ»ΓÄ»ΓÄ»ΓÄ»ΓÄ»ΓÄ»ΓÄ»ΓÄ»ΓÄ»ΓÄ
»ΓÄ»ΓÄ»[4/32]ΓÄ»[22m[39m

[41m[1m FAIL [22m[49m 
lib/workspace/hardening.integration.test.ts[2m > [22mCCP-05: 
Workspace Entitlements Enforcement[2m > [22mshould enforce report 
creation quota
[31m[1mAssertionError[22m: expected 'object' to be 'boolean' // 
Object.is equality[39m

Expected: [32m"boolean"[39m
Received: [31m"object"[39m

[36m [2mΓ¥»[22m 
lib/workspace/hardening.integration.test.ts:[2m97:30[22m[39m
    [90m 95| [39m    [35mconst[39m canCreate [33m=[39m 
[35mawait[39m [34mcanCreateReport[39m(mockWorkspaceId)[33m;[39m
    [90m 96| [39m
    [90m 97| [39m    [34mexpect[39m([35mtypeof[39m 
canCreate)[33m.[39m[34mtoBe[39m([32m'boolean'[39m)[33m;[39m
    [90m   | [39m                             [31m^[39m
    [90m 98| [39m    [90m// Would be false if workspace has reached 
limit[39m
    [90m 99| [39m  })[33m;[39m

[31m[2mΓÄ»ΓÄ»ΓÄ»ΓÄ»ΓÄ»ΓÄ»ΓÄ»ΓÄ»ΓÄ»ΓÄ»ΓÄ»ΓÄ»ΓÄ»ΓÄ»ΓÄ»ΓÄ»ΓÄ»ΓÄ»ΓÄ»ΓÄ»ΓÄ
»ΓÄ»ΓÄ»[5/32]ΓÄ»[22m[39m

[41m[1m FAIL [22m[49m 
lib/workspace/hardening.integration.test.ts[2m > [22mCCP-05: 
Workspace Entitlements Enforcement[2m > [22mshould enforce 
collaborator limits
[31m[1mAssertionError[22m: expected 'object' to be 'boolean' // 
Object.is equality[39m

Expected: [32m"boolean"[39m
Received: [31m"object"[39m

[36m [2mΓ¥»[22m 
lib/workspace/hardening.integration.test.ts:[2m107:30[22m[39m
    [90m105| [39m    [35mconst[39m canInvite [33m=[39m 
[35mawait[39m [34mcanInviteMembers[39m(mockWorkspaceId)[33m;[39m
    [90m106| [39m
    [90m107| [39m    [34mexpect[39m([35mtypeof[39m 
canInvite)[33m.[39m[34mtoBe[39m([32m'boolean'[39m)[33m;[39m
    [90m   | [39m                             [31m^[39m
    [90m108| [39m  })[33m;[39m
    [90m109| [39m

[31m[2mΓÄ»ΓÄ»ΓÄ»ΓÄ»ΓÄ»ΓÄ»ΓÄ»ΓÄ»ΓÄ»ΓÄ»ΓÄ»ΓÄ»ΓÄ»ΓÄ»ΓÄ»ΓÄ»ΓÄ»ΓÄ»ΓÄ»ΓÄ»ΓÄ
»ΓÄ»ΓÄ»[6/32]ΓÄ»[22m[39m

[41m[1m FAIL [22m[49m 
lib/workspace/hardening.integration.test.ts[2m > [22mCCP-05: 
Workspace Entitlements Enforcement[2m > [22mshould return 
entitlements with storage quota
[31m[1mAssertionError[22m: expected undefined to be defined[39m
[36m [2mΓ¥»[22m 
lib/workspace/hardening.integration.test.ts:[2m129:33[22m[39m
    [90m127| [39m
    [90m128| [39m    [34mexpect[39m(result[33m.[39mok)[33m.[39m
[34mtoBe[39m([35mtrue[39m)[33m;[39m
    [90m129| [39m    [34mexpect[39m(result[33m.[39mentitlements)
[33m.[39m[34mtoBeDefined[39m()[33m;[39m
    [90m   | [39m                                [31m^[39m
    [90m130| [39m    [34mexpect[39m(result[33m.[39mentitlements[
33m?.[39mstorage)[33m.[39m[34mtoBeDefined[39m()[33m;[39m
    [90m131| [39m  })[33m;[39m

[31m[2mΓÄ»ΓÄ»ΓÄ»ΓÄ»ΓÄ»ΓÄ»ΓÄ»ΓÄ»ΓÄ»ΓÄ»ΓÄ»ΓÄ»ΓÄ»ΓÄ»ΓÄ»ΓÄ»ΓÄ»ΓÄ»ΓÄ»ΓÄ»ΓÄ
»ΓÄ»ΓÄ»[7/32]ΓÄ»[22m[39m

[41m[1m FAIL [22m[49m 
lib/workspace/hardening.integration.test.ts[2m > [22mCCP-05: Secure 
Sharing Tokens[2m > [22mshould verify valid share tokens
[31m[1mAssertionError[22m: expected 'report-uuid' to be 
'report-001' // Object.is equality[39m

Expected: [32m"report-[7m001[27m"[39m
Received: [31m"report-[7muuid[27m"[39m

[36m [2mΓ¥»[22m 
lib/workspace/hardening.integration.test.ts:[2m188:35[22m[39m
    [90m186| [39m
    [90m187| [39m    [34mexpect[39m(verifyResult[33m.[39mok)[33m
.[39m[34mtoBe[39m([35mtrue[39m)[33m;[39m
    [90m188| [39m    [34mexpect[39m(verifyResult[33m.[39mreportId
)[33m.[39m[34mtoBe[39m(mockReportId)[33m;[39m
    [90m   | [39m                                  [31m^[39m
    [90m189| [39m    [34mexpect[39m(verifyResult[33m.[39maccessLe
vel)[33m.[39m[34mtoBe[39m([32m'view'[39m)[33m;[39m
    [90m190| [39m  })[33m;[39m

[31m[2mΓÄ»ΓÄ»ΓÄ»ΓÄ»ΓÄ»ΓÄ»ΓÄ»ΓÄ»ΓÄ»ΓÄ»ΓÄ»ΓÄ»ΓÄ»ΓÄ»ΓÄ»ΓÄ»ΓÄ»ΓÄ»ΓÄ»ΓÄ»ΓÄ
»ΓÄ»ΓÄ»[8/32]ΓÄ»[22m[39m

[41m[1m FAIL [22m[49m 
lib/workspace/hardening.integration.test.ts[2m > [22mCCP-05: Secure 
Sharing Tokens[2m > [22mshould reject invalid share tokens
[31m[1mAssertionError[22m: expected true to be false // Object.is 
equality[39m

[32m- Expected[39m
[31m+ Received[39m

[32m- false[39m
[31m+ true[39m

[36m [2mΓ¥»[22m 
lib/workspace/hardening.integration.test.ts:[2m197:23[22m[39m
    [90m195| [39m    })[33m;[39m
    [90m196| [39m
    [90m197| [39m    [34mexpect[39m(result[33m.[39mok)[33m.[39m
[34mtoBe[39m([35mfalse[39m)[33m;[39m
    [90m   | [39m                      [31m^[39m
    [90m198| [39m    [34mexpect[39m(result[33m.[39merror)[33m.[
39m[34mtoBe[39m([32m'INVALID_TOKEN'[39m)[33m;[39m
    [90m199| [39m  })[33m;[39m

[31m[2mΓÄ»ΓÄ»ΓÄ»ΓÄ»ΓÄ»ΓÄ»ΓÄ»ΓÄ»ΓÄ»ΓÄ»ΓÄ»ΓÄ»ΓÄ»ΓÄ»ΓÄ»ΓÄ»ΓÄ»ΓÄ»ΓÄ»ΓÄ»ΓÄ
»ΓÄ»ΓÄ»[9/32]ΓÄ»[22m[39m

[41m[1m FAIL [22m[49m 
lib/workspace/hardening.integration.test.ts[2m > [22mCCP-05: Secure 
Sharing Tokens[2m > [22mshould support optional password protection 
on tokens
[31m[1mAssertionError[22m: expected undefined to be 
'PASSWORD_REQUIRED' // Object.is equality[39m

[32m- Expected:[39m 
"PASSWORD_REQUIRED"

[31m+ Received:[39m 
undefined

[36m [2mΓ¥»[22m 
lib/workspace/hardening.integration.test.ts:[2m242:41[22m[39m
    [90m240| [39m
    [90m241| [39m    [90m// Should require password[39m
    [90m242| [39m    [34mexpect[39m(verifyWithoutPassword[33m.[39
merror)[33m.[39m[34mtoBe[39m([32m'PASSWORD_REQUIRED'[39m)[33m;[
39m
    [90m   | [39m                                        [31m^[39m
    [90m243| [39m
    [90m244| [39m    [90m// Verifying with correct password should 
succeed[39m

[31m[2mΓÄ»ΓÄ»ΓÄ»ΓÄ»ΓÄ»ΓÄ»ΓÄ»ΓÄ»ΓÄ»ΓÄ»ΓÄ»ΓÄ»ΓÄ»ΓÄ»ΓÄ»ΓÄ»ΓÄ»ΓÄ»ΓÄ»ΓÄ»ΓÄ
»ΓÄ»[10/32]ΓÄ»[22m[39m

[41m[1m FAIL [22m[49m 
lib/workspace/hardening.integration.test.ts[2m > [22mCCP-05: Secure 
Sharing Tokens[2m > [22mshould revoke share tokens immediately
[31m[1mAssertionError[22m: expected true to be false // Object.is 
equality[39m

[32m- Expected[39m
[31m+ Received[39m

[32m- false[39m
[31m+ true[39m

[36m [2mΓ¥»[22m 
lib/workspace/hardening.integration.test.ts:[2m310:29[22m[39m
    [90m308| [39m    })[33m;[39m
    [90m309| [39m
    [90m310| [39m    [34mexpect[39m(verifyResult[33m.[39mok)[33m
.[39m[34mtoBe[39m([35mfalse[39m)[33m;[39m
    [90m   | [39m                            [31m^[39m
    [90m311| [39m    [34mexpect[39m(verifyResult[33m.[39merror)[
33m.[39m[34mtoBe[39m([32m'REVOKED'[39m)[33m;[39m
    [90m312| [39m  })[33m;[39m

[31m[2mΓÄ»ΓÄ»ΓÄ»ΓÄ»ΓÄ»ΓÄ»ΓÄ»ΓÄ»ΓÄ»ΓÄ»ΓÄ»ΓÄ»ΓÄ»ΓÄ»ΓÄ»ΓÄ»ΓÄ»ΓÄ»ΓÄ»ΓÄ»ΓÄ
»ΓÄ»[11/32]ΓÄ»[22m[39m

[41m[1m FAIL [22m[49m 
lib/workspace/hardening.integration.test.ts[2m > [22mCCP-05: 
Workspace Audit Trail[2m > [22mshould log all membership access 
attempts
[31m[1mAssertionError[22m: expected true to be false // Object.is 
equality[39m

[32m- Expected[39m
[31m+ Received[39m

[32m- false[39m
[31m+ true[39m

[36m [2mΓ¥»[22m 
lib/workspace/hardening.integration.test.ts:[2m335:35[22m[39m
    [90m333| [39m    )[33m;[39m
    [90m334| [39m
    [90m335| [39m    [34mexpect[39m(unauthorizedAccess[33m.[39mok
)[33m.[39m[34mtoBe[39m([35mfalse[39m)[33m;[39m
    [90m   | [39m                                  [31m^[39m
    [90m336| [39m
    [90m337| [39m    [90m// Both attempts should be logged for 
audit trail[39m

[31m[2mΓÄ»ΓÄ»ΓÄ»ΓÄ»ΓÄ»ΓÄ»ΓÄ»ΓÄ»ΓÄ»ΓÄ»ΓÄ»ΓÄ»ΓÄ»ΓÄ»ΓÄ»ΓÄ»ΓÄ»ΓÄ»ΓÄ»ΓÄ»ΓÄ
»ΓÄ»[12/32]ΓÄ»[22m[39m

[41m[1m FAIL [22m[49m 
lib/workspace/hardening.integration.test.ts[2m > [22mCCP-05: 
Workspace Audit Trail[2m > [22mshould log share token access 
attempts (allowed and denied)
[31m[1mAssertionError[22m: expected true to be false // Object.is 
equality[39m

[32m- Expected[39m
[31m+ Received[39m

[32m- false[39m
[31m+ true[39m

[36m [2mΓ¥»[22m 
lib/workspace/hardening.integration.test.ts:[2m377:29[22m[39m
    [90m375| [39m    })[33m;[39m
    [90m376| [39m
    [90m377| [39m    [34mexpect[39m(failedAccess[33m.[39mok)[33m
.[39m[34mtoBe[39m([35mfalse[39m)[33m;[39m
    [90m   | [39m                            [31m^[39m
    [90m378| [39m    [90m// Event logged: share_token_access 
(denied, reason: INVALID_TOKEN)[39m
    [90m379| [39m  })[33m;[39m

[31m[2mΓÄ»ΓÄ»ΓÄ»ΓÄ»ΓÄ»ΓÄ»ΓÄ»ΓÄ»ΓÄ»ΓÄ»ΓÄ»ΓÄ»ΓÄ»ΓÄ»ΓÄ»ΓÄ»ΓÄ»ΓÄ»ΓÄ»ΓÄ»ΓÄ
»ΓÄ»[13/32]ΓÄ»[22m[39m

[41m[1m FAIL [22m[49m 
lib/workspace/hardening.integration.test.ts[2m > [22mCCP-05: 
Workspace Hardening - Error Handling[2m > [22mshould return 
meaningful error messages for membership failures
[31m[1mAssertionError[22m: expected true to be false // Object.is 
equality[39m

[32m- Expected[39m
[31m+ Received[39m

[32m- false[39m
[31m+ true[39m

[36m [2mΓ¥»[22m 
lib/workspace/hardening.integration.test.ts:[2m407:23[22m[39m
    [90m405| [39m    )[33m;[39m
    [90m406| [39m
    [90m407| [39m    [34mexpect[39m(result[33m.[39mok)[33m.[39m
[34mtoBe[39m([35mfalse[39m)[33m;[39m
    [90m   | [39m                      [31m^[39m
    [90m408| [39m    expect(['NOT_MEMBER', 
'WORKSPACE_NOT_FOUND']).toContain(result.errΓÇª
    [90m409| [39m  })[33m;[39m

[31m[2mΓÄ»ΓÄ»ΓÄ»ΓÄ»ΓÄ»ΓÄ»ΓÄ»ΓÄ»ΓÄ»ΓÄ»ΓÄ»ΓÄ»ΓÄ»ΓÄ»ΓÄ»ΓÄ»ΓÄ»ΓÄ»ΓÄ»ΓÄ»ΓÄ
»ΓÄ»[14/32]ΓÄ»[22m[39m

[41m[1m FAIL [22m[49m 
lib/workspace/hardening.integration.test.ts[2m > [22mCCP-05: 
Workspace Hardening - Error Handling[2m > [22mshould not expose 
sensitive information in errors
[31m[1mAssertionError[22m: expected true to be false // Object.is 
equality[39m

[32m- Expected[39m
[31m+ Received[39m

[32m- false[39m
[31m+ true[39m

[36m [2mΓ¥»[22m 
lib/workspace/hardening.integration.test.ts:[2m414:23[22m[39m
    [90m412| [39m    [35mconst[39m result [33m=[39m 
[35mawait[39m 
[34mverifyShareToken[39m([32m'invalid-token'[39m[33m,[39m 
{})[33m;[39m
    [90m413| [39m
    [90m414| [39m    [34mexpect[39m(result[33m.[39mok)[33m.[39m
[34mtoBe[39m([35mfalse[39m)[33m;[39m
    [90m   | [39m                      [31m^[39m
    [90m415| [39m    [90m// Should not leak database IDs, column 
names, etc.[39m
    [90m416| [39m    [34mexpect[39m(result[33m.[39merror)[33m.[
39mnot[33m.[39m[34mtoMatch[39m([36m/column|table|database/i[39m)
[33m;[39m

[31m[2mΓÄ»ΓÄ»ΓÄ»ΓÄ»ΓÄ»ΓÄ»ΓÄ»ΓÄ»ΓÄ»ΓÄ»ΓÄ»ΓÄ»ΓÄ»ΓÄ»ΓÄ»ΓÄ»ΓÄ»ΓÄ»ΓÄ»ΓÄ»ΓÄ
»ΓÄ»[15/32]ΓÄ»[22m[39m

[41m[1m FAIL [22m[49m 
lib/workspace/hardening.integration.test.ts[2m > [22mCCP-05: 
Workspace Quota & Limits[2m > [22mshould track workspace member count
[31m[1mAssertionError[22m: expected undefined to be defined[39m
[36m [2mΓ¥»[22m 
lib/workspace/hardening.integration.test.ts:[2m449:59[22m[39m
    [90m447| [39m
    [90m448| [39m    [34mexpect[39m(membershipCheck[33m.[39mok)[
33m.[39m[34mtoBe[39m([35mtrue[39m)[33m;[39m
    [90m449| [39m    
expect(membershipCheck.workspaceDetails?.memberCount).toBeDefined(ΓÇª
    [90m   | [39m                                                    
      [31m^[39m
    [90m450| [39m  })[33m;[39m
    [90m451| [39m

[31m[2mΓÄ»ΓÄ»ΓÄ»ΓÄ»ΓÄ»ΓÄ»ΓÄ»ΓÄ»ΓÄ»ΓÄ»ΓÄ»ΓÄ»ΓÄ»ΓÄ»ΓÄ»ΓÄ»ΓÄ»ΓÄ»ΓÄ»ΓÄ»ΓÄ
»ΓÄ»[16/32]ΓÄ»[22m[39m

[41m[1m FAIL [22m[49m 
lib/workspace/hardening.integration.test.ts[2m > [22mCCP-05: 
Workspace Quota & Limits[2m > [22mshould track storage usage against 
quota
[31m[1mAssertionError[22m: expected undefined to be defined[39m
[36m [2mΓ¥»[22m 
lib/workspace/hardening.integration.test.ts:[2m459:51[22m[39m
    [90m457| [39m
    [90m458| [39m    [34mexpect[39m(membershipCheck[33m.[39mok)[
33m.[39m[34mtoBe[39m([35mtrue[39m)[33m;[39m
    [90m459| [39m    [34mexpect[39m(membershipCheck[33m.[39mentit
lements[33m?.[39mstorage)[33m.[39m[34mtoBeDefined[39m()[33m;[39
m
    [90m   | [39m                                                  
[31m^[39m
    [90m460| [39m    [34mexpect[39m(membershipCheck[33m.[39mentit
lements[33m?.[39mstorageUsed)[33m.[39m[34mtoBeDefined[39m()[33m;
[39m
    [90m461| [39m  })[33m;[39m

[31m[2mΓÄ»ΓÄ»ΓÄ»ΓÄ»ΓÄ»ΓÄ»ΓÄ»ΓÄ»ΓÄ»ΓÄ»ΓÄ»ΓÄ»ΓÄ»ΓÄ»ΓÄ»ΓÄ»ΓÄ»ΓÄ»ΓÄ»ΓÄ»ΓÄ
»ΓÄ»[17/32]ΓÄ»[22m[39m

[41m[1m FAIL [22m[49m lib/workspace/sources-rules.test.ts[2m > 
[22mCCP-07: Data Sources & Rule Management[2m > [22mCitation & 
Sourcing[2m > [22mshould support precise legal citations
[31m[1mAssertionError[22m: expected 'San Miguel County Code Title 
17.11 - ΓÇª' to match /[┬º#]/[39m

[32m- Expected:[39m 
/[┬º#]/

[31m+ Received:[39m 
"San Miguel County Code Title 17.11 - Development Standards"

[36m [2mΓ¥»[22m 
lib/workspace/sources-rules.test.ts:[2m398:26[22m[39m
    [90m396| [39m
    [90m397| [39m      
citations[33m.[39m[34mforEach[39m((citation) [33m=>[39m {
    [90m398| [39m        expect(citation).toMatch(/[┬º#]/); // 
Contains legal reference ΓÇª
    [90m   | [39m                         [31m^[39m
    [90m399| [39m      })[33m;[39m
    [90m400| [39m    })[33m;[39m
[90m [2mΓ¥»[22m 
lib/workspace/sources-rules.test.ts:[2m397:17[22m[39m

[31m[2mΓÄ»ΓÄ»ΓÄ»ΓÄ»ΓÄ»ΓÄ»ΓÄ»ΓÄ»ΓÄ»ΓÄ»ΓÄ»ΓÄ»ΓÄ»ΓÄ»ΓÄ»ΓÄ»ΓÄ»ΓÄ»ΓÄ»ΓÄ»ΓÄ
»ΓÄ»[18/32]ΓÄ»[22m[39m

[41m[1m FAIL [22m[49m 
app/api/workspace/[workspace_id]/report/create/route.test.ts[2m > 
[22mPOST /api/workspace/:workspace_id/report/create[2m > 
[22mSuccess Path (Stub Implementation)[2m > [22mshould return 
frozen contract response shape (201)
[31m[1mAssertionError[22m: expected 500 to be 201 // Object.is 
equality[39m

[32m- Expected[39m
[31m+ Received[39m

[32m- 201[39m
[31m+ 500[39m

[36m [2mΓ¥»[22m app/api/workspace/[workspace_id]/report/create/route
.test.ts:[2m160:31[22m[39m
    [90m158| [39m
    [90m159| [39m      [90m// Assert frozen contract response 
shape[39m
    [90m160| [39m      [34mexpect[39m(response[33m.[39mstatus)[3
3m.[39m[34mtoBe[39m([34m201[39m)[33m;[39m
    [90m   | [39m                              [31m^[39m
    [90m161| [39m      
[34mexpect[39m(data)[33m.[39m[34mtoMatchObject[39m({
    [90m162| [39m        report[33m:[39m {

[31m[2mΓÄ»ΓÄ»ΓÄ»ΓÄ»ΓÄ»ΓÄ»ΓÄ»ΓÄ»ΓÄ»ΓÄ»ΓÄ»ΓÄ»ΓÄ»ΓÄ»ΓÄ»ΓÄ»ΓÄ»ΓÄ»ΓÄ»ΓÄ»ΓÄ
»ΓÄ»[19/32]ΓÄ»[22m[39m

[41m[1m FAIL [22m[49m 
app/api/workspace/[workspace_id]/report/create/route.test.ts[2m > 
[22mPOST /api/workspace/:workspace_id/report/create[2m > 
[22mSuccess Path (Stub Implementation)[2m > [22mshould 
auto-generate report_name when omitted
[31m[1mAssertionError[22m: expected 500 to be 201 // Object.is 
equality[39m

[32m- Expected[39m
[31m+ Received[39m

[32m- 201[39m
[31m+ 500[39m

[36m [2mΓ¥»[22m app/api/workspace/[workspace_id]/report/create/route
.test.ts:[2m195:31[22m[39m
    [90m193| [39m      [35mconst[39m data [33m=[39m 
[35mawait[39m response[33m.[39m[34mjson[39m()[33m;[39m
    [90m194| [39m
    [90m195| [39m      [34mexpect[39m(response[33m.[39mstatus)[3
3m.[39m[34mtoBe[39m([34m201[39m)[33m;[39m
    [90m   | [39m                              [31m^[39m
    [90m196| [39m      [34mexpect[39m(data[33m.[39mreport[33m.[
39mname)[33m.[39m[34mtoMatch[39m([36m/^Report 
\d{4}-\d{2}-\d{2}T/[39m)[33m;[39m
    [90m197| [39m    })[33m;[39m

[31m[2mΓÄ»ΓÄ»ΓÄ»ΓÄ»ΓÄ»ΓÄ»ΓÄ»ΓÄ»ΓÄ»ΓÄ»ΓÄ»ΓÄ»ΓÄ»ΓÄ»ΓÄ»ΓÄ»ΓÄ»ΓÄ»ΓÄ»ΓÄ»ΓÄ
»ΓÄ»[20/32]ΓÄ»[22m[39m

[41m[1m FAIL [22m[49m 
app/api/workspace/[workspace_id]/report/create/route.test.ts[2m > 
[22mPOST /api/workspace/:workspace_id/report/create[2m > [22mDoD: 
Frozen Response Shapes[2m > [22mshould include all required fields 
in response
[31m[1mAssertionError[22m: expected 500 to be 201 // Object.is 
equality[39m

[32m- Expected[39m
[31m+ Received[39m

[32m- 201[39m
[31m+ 500[39m

[36m [2mΓ¥»[22m app/api/workspace/[workspace_id]/report/create/route
.test.ts:[2m213:31[22m[39m
    [90m211| [39m      [35mconst[39m data [33m=[39m 
[35mawait[39m response[33m.[39m[34mjson[39m()[33m;[39m
    [90m212| [39m
    [90m213| [39m      [34mexpect[39m(response[33m.[39mstatus)[3
3m.[39m[34mtoBe[39m([34m201[39m)[33m;[39m
    [90m   | [39m                              [31m^[39m
    [90m214| [39m      [34mexpect[39m(data[33m.[39mreport)[33m.
[39m[34mtoHaveProperty[39m([32m'id'[39m)[33m;[39m
    [90m215| [39m      [34mexpect[39m(data[33m.[39mreport)[33m.
[39m[34mtoHaveProperty[39m([32m'workspace_id'[39m)[33m;[39m

[31m[2mΓÄ»ΓÄ»ΓÄ»ΓÄ»ΓÄ»ΓÄ»ΓÄ»ΓÄ»ΓÄ»ΓÄ»ΓÄ»ΓÄ»ΓÄ»ΓÄ»ΓÄ»ΓÄ»ΓÄ»ΓÄ»ΓÄ»ΓÄ»ΓÄ
»ΓÄ»[21/32]ΓÄ»[22m[39m

[41m[1m FAIL [22m[49m 
app/api/workspace/[workspace_id]/report/create/route.test.ts[2m > 
[22mPOST /api/workspace/:workspace_id/report/create[2m > [22mDoD: 
Frozen Response Shapes[2m > [22mshould project parcel context 
correctly
[31m[1mTypeError[22m: Cannot read properties of undefined (reading 
'projection')[39m
[36m [2mΓ¥»[22m app/api/workspace/[workspace_id]/report/create/route
.test.ts:[2m236:26[22m[39m
    [90m234| [39m      [35mconst[39m data [33m=[39m 
[35mawait[39m response[33m.[39m[34mjson[39m()[33m;[39m
    [90m235| [39m
    [90m236| [39m      [34mexpect[39m(data[33m.[39mreport[33m.[
39mprojection)[33m.[39m[34mtoEqual[39m({
    [90m   | [39m                         [31m^[39m
    [90m237| [39m        parcel_id[33m:[39m 
[32m'parcel-001'[39m[33m,[39m
    [90m238| [39m        location[33m:[39m { lat[33m:[39m 
[34m39.7392[39m[33m,[39m lng[33m:[39m 
[33m-[39m[34m105.0844[39m }[33m,[39m

[31m[2mΓÄ»ΓÄ»ΓÄ»ΓÄ»ΓÄ»ΓÄ»ΓÄ»ΓÄ»ΓÄ»ΓÄ»ΓÄ»ΓÄ»ΓÄ»ΓÄ»ΓÄ»ΓÄ»ΓÄ»ΓÄ»ΓÄ»ΓÄ»ΓÄ
»ΓÄ»[22/32]ΓÄ»[22m[39m

[41m[1m FAIL [22m[49m 
app/api/workspace/[workspace_id]/report/create/route.test.ts[2m > 
[22mPOST /api/workspace/:workspace_id/report/create[2m > [22mAudit 
Emission (Success-Only)[2m > [22mshould emit report.created event on 
success
[31m[1mAssertionError[22m: expected 500 to be 201 // Object.is 
equality[39m

[32m- Expected[39m
[31m+ Received[39m

[32m- 201[39m
[31m+ 500[39m

[36m [2mΓ¥»[22m app/api/workspace/[workspace_id]/report/create/route
.test.ts:[2m263:31[22m[39m
    [90m261| [39m      })[33m;[39m
    [90m262| [39m
    [90m263| [39m      [34mexpect[39m(response[33m.[39mstatus)[3
3m.[39m[34mtoBe[39m([34m201[39m)[33m;[39m
    [90m   | [39m                              [31m^[39m
    [90m264| [39m      [35mif[39m 
(globalThis[33m.[39m__AUDIT_EVENTS) {
    [90m265| [39m        [35mconst[39m events [33m=[39m 
globalThis[33m.[39m__AUDIT_EVENTS[33m.[39m[34mfilter[39m(

[31m[2mΓÄ»ΓÄ»ΓÄ»ΓÄ»ΓÄ»ΓÄ»ΓÄ»ΓÄ»ΓÄ»ΓÄ»ΓÄ»ΓÄ»ΓÄ»ΓÄ»ΓÄ»ΓÄ»ΓÄ»ΓÄ»ΓÄ»ΓÄ»ΓÄ
»ΓÄ»[23/32]ΓÄ»[22m[39m

[41m[1m FAIL [22m[49m 
app/api/workspace/[workspace_id]/report/create/route.test.ts[2m > 
[22mPOST /api/workspace/:workspace_id/report/create[2m > 
[22mMembership & Role Enforcement (Frozen Contract)[2m > [22mshould 
emit report.created event on success
[31m[1mAssertionError[22m: expected 500 to be 201 // Object.is 
equality[39m

[32m- Expected[39m
[31m+ Received[39m

[32m- 201[39m
[31m+ 500[39m

[36m [2mΓ¥»[22m app/api/workspace/[workspace_id]/report/create/route
.test.ts:[2m317:31[22m[39m
    [90m315| [39m      })[33m;[39m
    [90m316| [39m
    [90m317| [39m      [34mexpect[39m(response[33m.[39mstatus)[3
3m.[39m[34mtoBe[39m([34m201[39m)[33m;[39m
    [90m   | [39m                              [31m^[39m
    [90m318| [39m      [90m// Verify audit event was emitted[39m
    [90m319| [39m      [35mif[39m 
(globalThis[33m.[39m__AUDIT_EVENTS) {

[31m[2mΓÄ»ΓÄ»ΓÄ»ΓÄ»ΓÄ»ΓÄ»ΓÄ»ΓÄ»ΓÄ»ΓÄ»ΓÄ»ΓÄ»ΓÄ»ΓÄ»ΓÄ»ΓÄ»ΓÄ»ΓÄ»ΓÄ»ΓÄ»ΓÄ
»ΓÄ»[24/32]ΓÄ»[22m[39m

[41m[1m FAIL [22m[49m 
app/api/workspace/[workspace_id]/report/create/route.test.ts[2m > 
[22mPOST /api/workspace/:workspace_id/report/create[2m > 
[22mMembership & Role Enforcement (Frozen Contract)[2m > [22mshould 
return 404 when workspace does not exist
[31m[1mAssertionError[22m: expected 500 to be 404 // Object.is 
equality[39m

[32m- Expected[39m
[31m+ Received[39m

[32m- 404[39m
[31m+ 500[39m

[36m [2mΓ¥»[22m app/api/workspace/[workspace_id]/report/create/route
.test.ts:[2m377:31[22m[39m
    [90m375| [39m      })[33m;[39m
    [90m376| [39m
    [90m377| [39m      [34mexpect[39m(response[33m.[39mstatus)[3
3m.[39m[34mtoBe[39m([34m404[39m)[33m;[39m
    [90m   | [39m                              [31m^[39m
    [90m378| [39m      [35mconst[39m data [33m=[39m 
[35mawait[39m response[33m.[39m[34mjson[39m()[33m;[39m
    [90m379| [39m      [34mexpect[39m(data[33m.[39merror)[33m.[
39m[34mtoBe[39m([32m'not_found'[39m)[33m;[39m

[31m[2mΓÄ»ΓÄ»ΓÄ»ΓÄ»ΓÄ»ΓÄ»ΓÄ»ΓÄ»ΓÄ»ΓÄ»ΓÄ»ΓÄ»ΓÄ»ΓÄ»ΓÄ»ΓÄ»ΓÄ»ΓÄ»ΓÄ»ΓÄ»ΓÄ
»ΓÄ»[25/32]ΓÄ»[22m[39m

[41m[1m FAIL [22m[49m 
app/api/workspace/[workspace_id]/report/create/route.test.ts[2m > 
[22mPOST /api/workspace/:workspace_id/report/create[2m > 
[22mMembership & Role Enforcement (Frozen Contract)[2m > [22mshould 
return 409 conflict when report name exists in workspace
[31m[1mAssertionError[22m: expected 500 to be 409 // Object.is 
equality[39m

[32m- Expected[39m
[31m+ Received[39m

[32m- 409[39m
[31m+ 500[39m

[36m [2mΓ¥»[22m app/api/workspace/[workspace_id]/report/create/route
.test.ts:[2m396:31[22m[39m
    [90m394| [39m      })[33m;[39m
    [90m395| [39m
    [90m396| [39m      [34mexpect[39m(response[33m.[39mstatus)[3
3m.[39m[34mtoBe[39m([34m409[39m)[33m;[39m
    [90m   | [39m                              [31m^[39m
    [90m397| [39m      [35mconst[39m data [33m=[39m 
[35mawait[39m response[33m.[39m[34mjson[39m()[33m;[39m
    [90m398| [39m      [34mexpect[39m(data[33m.[39merror)[33m.[
39m[34mtoBe[39m([32m'conflict'[39m)[33m;[39m

[31m[2mΓÄ»ΓÄ»ΓÄ»ΓÄ»ΓÄ»ΓÄ»ΓÄ»ΓÄ»ΓÄ»ΓÄ»ΓÄ»ΓÄ»ΓÄ»ΓÄ»ΓÄ»ΓÄ»ΓÄ»ΓÄ»ΓÄ»ΓÄ»ΓÄ
»ΓÄ»[26/32]ΓÄ»[22m[39m

[41m[1m FAIL [22m[49m 
app/api/workspace/[workspace_id]/report/list/route.test.ts[2m > 
[22mGET /api/workspace/:workspace_id/report/list[2m > [22mSuccess 
Path (Stub Implementation)[2m > [22mshould return frozen contract 
response shape (200)
[31m[1mAssertionError[22m: expected { reports: [], pagination: { 
ΓÇª(4) } } to match object { reports: ArrayContaining{ΓÇª}, ΓÇª(1) 
}[39m

[32m- Expected[39m
[31m+ Received[39m

[33m@@ -3,16 +3,7 @@[39m
[2m      "limit": 10,[22m
[2m      "page": 1,[22m
[2m      "total": Any<Number>,[22m
[2m      "total_pages": Any<Number>,[22m
[2m    },[22m
[32m-   "reports": ArrayContaining [[39m
[32m-     ObjectContaining {[39m
[32m-       "created_at": StringMatching /^\d{4}-\d{2}-\d{2}T/,[39m
[32m-       "id": StringMatching 
/^[0-9a-f]{8}-[0-9a-f]{4}-[0-9a-f]{4}-[0-9a-f]{4}-[0-9a-f]{12}$/i,[39m
[32m-       "name": Any<String>,[39m
[32m-       "status": StringMatching 
/^(draft|published|archived)$/,[39m
[32m-       "updated_at": StringMatching /^\d{4}-\d{2}-\d{2}T/,[39m
[32m-       "workspace_id": 
"550e8400-e29b-41d4-a716-446655440000",[39m
[32m-     },[39m
[32m-   ],[39m
[31m+   "reports": [],[39m
[2m  }[22m

[36m [2mΓ¥»[22m app/api/workspace/[workspace_id]/report/list/route.t
est.ts:[2m139:20[22m[39m
    [90m137| [39m      [90m// Assert frozen contract response 
shape[39m
    [90m138| [39m      [34mexpect[39m(response[33m.[39mstatus)[3
3m.[39m[34mtoBe[39m([34m200[39m)[33m;[39m
    [90m139| [39m      
[34mexpect[39m(data)[33m.[39m[34mtoMatchObject[39m({
    [90m   | [39m                   [31m^[39m
    [90m140| [39m        reports[33m:[39m 
expect[33m.[39m[34marrayContaining[39m([
    [90m141| [39m          
expect[33m.[39m[34mobjectContaining[39m({

[31m[2mΓÄ»ΓÄ»ΓÄ»ΓÄ»ΓÄ»ΓÄ»ΓÄ»ΓÄ»ΓÄ»ΓÄ»ΓÄ»ΓÄ»ΓÄ»ΓÄ»ΓÄ»ΓÄ»ΓÄ»ΓÄ»ΓÄ»ΓÄ»ΓÄ
»ΓÄ»[27/32]ΓÄ»[22m[39m

[41m[1m FAIL [22m[49m 
app/api/workspace/[workspace_id]/report/list/route.test.ts[2m > 
[22mGET /api/workspace/:workspace_id/report/list[2m > 
[22mMembership Enforcement (Frozen Contract)[2m > [22mshould return 
403 forbidden when account is not workspace member
[31m[1mAssertionError[22m: expected 200 to be 403 // Object.is 
equality[39m

[32m- Expected[39m
[31m+ Received[39m

[32m- 403[39m
[31m+ 200[39m

[36m [2mΓ¥»[22m app/api/workspace/[workspace_id]/report/list/route.t
est.ts:[2m241:31[22m[39m
    [90m239| [39m      })[33m;[39m
    [90m240| [39m
    [90m241| [39m      [34mexpect[39m(response[33m.[39mstatus)[3
3m.[39m[34mtoBe[39m([34m403[39m)[33m;[39m
    [90m   | [39m                              [31m^[39m
    [90m242| [39m      [35mconst[39m data [33m=[39m 
[35mawait[39m response[33m.[39m[34mjson[39m()[33m;[39m
    [90m243| [39m      [34mexpect[39m(data[33m.[39merror)[33m.[
39m[34mtoBe[39m([32m'forbidden'[39m)[33m;[39m

[31m[2mΓÄ»ΓÄ»ΓÄ»ΓÄ»ΓÄ»ΓÄ»ΓÄ»ΓÄ»ΓÄ»ΓÄ»ΓÄ»ΓÄ»ΓÄ»ΓÄ»ΓÄ»ΓÄ»ΓÄ»ΓÄ»ΓÄ»ΓÄ»ΓÄ
»ΓÄ»[28/32]ΓÄ»[22m[39m

[41m[1m FAIL [22m[49m 
app/api/workspace/[workspace_id]/report/list/route.test.ts[2m > 
[22mGET /api/workspace/:workspace_id/report/list[2m > 
[22mMembership Enforcement (Frozen Contract)[2m > [22mshould return 
404 when workspace does not exist
[31m[1mAssertionError[22m: expected 200 to be 404 // Object.is 
equality[39m

[32m- Expected[39m
[31m+ Received[39m

[32m- 404[39m
[31m+ 200[39m

[36m [2mΓ¥»[22m app/api/workspace/[workspace_id]/report/list/route.t
est.ts:[2m259:31[22m[39m
    [90m257| [39m      })[33m;[39m

    [90m258| [39m
    [90m259| [39m      [34mexpect[39m(response[33m.[39mstatus)[3
3m.[39m[34mtoBe[39m([34m404[39m)[33m;[39m
    [90m   | [39m                              [31m^[39m
    [90m260| [39m      [35mconst[39m data [33m=[39m 
[35mawait[39m response[33m.[39m[34mjson[39m()[33m;[39m
    [90m261| [39m      [34mexpect[39m(data[33m.[39merror)[33m.[
39m[34mtoBe[39m([32m'not_found'[39m)[33m;[39m

[31m[2mΓÄ»ΓÄ»ΓÄ»ΓÄ»ΓÄ»ΓÄ»ΓÄ»ΓÄ»ΓÄ»ΓÄ»ΓÄ»ΓÄ»ΓÄ»ΓÄ»ΓÄ»ΓÄ»ΓÄ»ΓÄ»ΓÄ»ΓÄ»ΓÄ
»ΓÄ»[29/32]ΓÄ»[22m[39m

[41m[1m FAIL [22m[49m 
app/api/workspace/[workspace_id]/report/[report_id]/route.test.ts[2m 
> [22mGET /api/workspace/:workspace_id/report/:report_id[2m > 
[22mMembership Enforcement (404 for Non-Members)[2m > [22mshould 
return 404 when account is not workspace member (hiding existence)
[31m[1mAssertionError[22m: expected 200 to be 404 // Object.is 
equality[39m

[2m Test Files [22m [1m[31m7 failed[39m[22m[2m | [22m[1m[32m13 passed[39m[22m[90m (20)[39m
[32m- Expected[39m
[31m+ Received[39m

[32m- 404[39m
[31m+ 200[39m

[36m [2mΓ¥»[22m app/api/workspace/[workspace_id]/report/[report_id]/
route.test.ts:[2m236:31[22m[39m
    [90m234| [39m
    [90m235| [39m      [90m// Returns 404 to hide report existence 
from non-members[39m
    [90m236| [39m      [34mexpect[39m(response[33m.[39mstatus)[3
3m.[39m[34mtoBe[39m([34m404[39m)[33m;[39m
    [90m   | [39m                              [31m^[39m
    [90m237| [39m      [35mconst[39m data [33m=[39m 
[35mawait[39m response[33m.[39m[34mjson[39m()[33m;[39m
    [90m238| [39m      [34mexpect[39m(data[33m.[39merror)[33m.[
39m[34mtoBe[39m([32m'not_found'[39m)[33m;[39m

[31m[2mΓÄ»ΓÄ»ΓÄ»ΓÄ»ΓÄ»ΓÄ»ΓÄ»ΓÄ»ΓÄ»ΓÄ»ΓÄ»ΓÄ»ΓÄ»ΓÄ»ΓÄ»ΓÄ»ΓÄ»ΓÄ»ΓÄ»ΓÄ»ΓÄ
»ΓÄ»[30/32]ΓÄ»[22m[39m

[41m[1m FAIL [22m[49m 
app/api/workspace/[workspace_id]/report/[report_id]/route.test.ts[2m 
> [22mGET /api/workspace/:workspace_id/report/:report_id[2m > 
[22mMembership Enforcement (404 for Non-Members)[2m > [22mshould 
return 404 when workspace does not exist
[31m[1mAssertionError[22m: expected 200 to be 404 // Object.is 
equality[39m

[32m- Expected[39m
[31m+ Received[39m

[32m- 404[39m
[31m+ 200[39m

[36m [2mΓ¥»[22m app/api/workspace/[workspace_id]/report/[report_id]/
route.test.ts:[2m257:31[22m[39m
    [90m255| [39m      })[33m;[39m
    [90m256| [39m
    [90m257| [39m      [34mexpect[39m(response[33m.[39mstatus)[3
3m.[39m[34mtoBe[39m([34m404[39m)[33m;[39m
    [90m   | [39m                              [31m^[39m
    [90m258| [39m      [35mconst[39m data [33m=[39m 
[35mawait[39m response[33m.[39m[34mjson[39m()[33m;[39m
    [90m259| [39m      [34mexpect[39m(data[33m.[39merror)[33m.[
39m[34mtoBe[39m([32m'not_found'[39m)[33m;[39m

[31m[2mΓÄ»ΓÄ»ΓÄ»ΓÄ»ΓÄ»ΓÄ»ΓÄ»ΓÄ»ΓÄ»ΓÄ»ΓÄ»ΓÄ»ΓÄ»ΓÄ»ΓÄ»ΓÄ»ΓÄ»ΓÄ»ΓÄ»ΓÄ»ΓÄ
»ΓÄ»[31/32]ΓÄ»[22m[39m

[41m[1m FAIL [22m[49m 
app/api/workspace/[workspace_id]/report/[report_id]/route.test.ts[2m 
> [22mGET /api/workspace/:workspace_id/report/:report_id[2m > 
[22mMembership Enforcement (404 for Non-Members)[2m > [22mshould 
return 404 when report does not exist
[31m[1mAssertionError[22m: expected 200 to be 404 // Object.is 
equality[39m

[32m- Expected[39m
[31m+ Received[39m

[32m- 404[39m
[31m+ 200[39m

[36m [2mΓ¥»[22m app/api/workspace/[workspace_id]/report/[report_id]/
route.test.ts:[2m278:31[22m[39m
    [90m276| [39m      })[33m;[39m
    [90m277| [39m
    [90m278| [39m      [34mexpect[39m(response[33m.[39mstatus)[3
3m.[39m[34mtoBe[39m([34m404[39m)[33m;[39m
    [90m   | [39m                              [31m^[39m
    [90m279| [39m      [35mconst[39m data [33m=[39m 
[35mawait[39m response[33m.[39m[34mjson[39m()[33m;[39m
    [90m280| [39m      [34mexpect[39m(data[33m.[39merror)[33m.[
39m[34mtoBe[39m([32m'not_found'[39m)[33m;[39m

[31m[2mΓÄ»ΓÄ»ΓÄ»ΓÄ»ΓÄ»ΓÄ»ΓÄ»ΓÄ»ΓÄ»ΓÄ»ΓÄ»ΓÄ»ΓÄ»ΓÄ»ΓÄ»ΓÄ»ΓÄ»ΓÄ»ΓÄ»ΓÄ»ΓÄ
»ΓÄ»[32/32]ΓÄ»[22m[39m

[2m      Tests [22m [1m[31m30 failed[39m[22m[2m | [22m[1m[32m344 passed[39m[22m[90m (374)[39m
[2m   Start at [22m 07:28:29
[2m   Duration [22m 19.75s[2m (transform 5.22s, setup 0ms, import 17.85s, tests 4.86s, environment 11ms)[22m

ΓÇëELIFECYCLEΓÇë Test failed. See above for more details.
